%%           0.0 ns  Log    ID_LOG_MSG_CTRL     TB seq.             disable_log_msg(ALL_MESSAGES).
%%           0.0 ns  Log    ID_LOG_MSG_CTRL     TB seq.             enable_log_msg(ID_LOG_HDR_LARGE).
%%           0.0 ns  Log    ID_LOG_MSG_CTRL     TB seq.             enable_log_msg(ID_LOG_HDR).
%%           0.0 ns  Log    ID_LOG_MSG_CTRL     TB seq.             enable_log_msg(ID_SEQUENCER).
%%           0.0 ns  Log    ID_LOG_MSG_CTRL     TB seq.             enable_log_msg(ID_UVVM_ASSERTION).
%% 
%% 
%% ============================================================================================================================================================================
%%         100.0 ns  Log    ID_LOG_HDR_LARGE    TB seq.(uvvm)       Testing the assertion: assert_change_from_min_to_max_cycles_after_trigger
%% ============================================================================================================================================================================
%% 
%% 
%%         140.0 ns  Log    ID_LOG_HDR          TB seq.             Testing Normal Operation (std_logic_vector)
%% ----------------------------------------------------------------------------------------------------------------------------------------------------------------------------
%%         140.0 ns  Log    ID_SEQUENCER        TB seq.             Testing std_logic_vector transitions within the window
%%         140.0 ns  Log    ID_SEQUENCER        TB seq.             Setting min_cycles = 7, max_cycles = 10
%%         190.0 ns  Log    ID_SEQUENCER        TB seq.             Change the value from "HHHH" to "LLLL", window (7-cycles to 10-cycles)
%%         280.0 ns  Log    PASSED              TB seq.(uvvm)       assert_change_from_min_to_max_cycles_after_trigger() => OK (first). tracked_value had a change in window.
%%:                                                                 OK after 90 ns. First change event happened in cycle-9.
%%         330.0 ns  Log    ID_SEQUENCER        TB seq.             Change the value from "HHHH" to "WWWW", window (7-cycles to 10-cycles)
%%         470.0 ns  Log    ID_SEQUENCER        TB seq.             Change the value from "HHHH" to "ZZZZ", window (7-cycles to 10-cycles)
%%         610.0 ns  Log    ID_SEQUENCER        TB seq.             Change the value from "HHHH" to "0000", window (7-cycles to 10-cycles)
%%         750.0 ns  Log    ID_SEQUENCER        TB seq.             Change the value from "HHHH" to "1111", window (7-cycles to 10-cycles)
%%         890.0 ns  Log    ID_SEQUENCER        TB seq.             Change the value from "HHHH" to "XXXX", window (7-cycles to 10-cycles)
%%        1030.0 ns  Log    ID_SEQUENCER        TB seq.             Change the value from "HHHH" to "UUUU", window (7-cycles to 10-cycles)
%%        1170.0 ns  Log    ID_SEQUENCER        TB seq.             Change the value from "LLLL" to "HHHH", window (7-cycles to 10-cycles)
%%        1310.0 ns  Log    ID_SEQUENCER        TB seq.             Change the value from "LLLL" to "WWWW", window (7-cycles to 10-cycles)
%%        1450.0 ns  Log    ID_SEQUENCER        TB seq.             Change the value from "LLLL" to "ZZZZ", window (7-cycles to 10-cycles)
%%        1590.0 ns  Log    ID_SEQUENCER        TB seq.             Change the value from "LLLL" to "0000", window (7-cycles to 10-cycles)
%%        1730.0 ns  Log    ID_SEQUENCER        TB seq.             Change the value from "LLLL" to "1111", window (7-cycles to 10-cycles)
%%        1870.0 ns  Log    ID_SEQUENCER        TB seq.             Change the value from "LLLL" to "XXXX", window (7-cycles to 10-cycles)
%%        2010.0 ns  Log    ID_SEQUENCER        TB seq.             Change the value from "LLLL" to "UUUU", window (7-cycles to 10-cycles)
%%        2150.0 ns  Log    ID_SEQUENCER        TB seq.             Change the value from "WWWW" to "HHHH", window (7-cycles to 10-cycles)
%%        2290.0 ns  Log    ID_SEQUENCER        TB seq.             Change the value from "WWWW" to "LLLL", window (7-cycles to 10-cycles)
%%        2430.0 ns  Log    ID_SEQUENCER        TB seq.             Change the value from "WWWW" to "ZZZZ", window (7-cycles to 10-cycles)
%%        2570.0 ns  Log    ID_SEQUENCER        TB seq.             Change the value from "WWWW" to "0000", window (7-cycles to 10-cycles)
%%        2710.0 ns  Log    ID_SEQUENCER        TB seq.             Change the value from "WWWW" to "1111", window (7-cycles to 10-cycles)
%%        2850.0 ns  Log    ID_SEQUENCER        TB seq.             Change the value from "WWWW" to "XXXX", window (7-cycles to 10-cycles)
%%        2990.0 ns  Log    ID_SEQUENCER        TB seq.             Change the value from "WWWW" to "UUUU", window (7-cycles to 10-cycles)
%%        3130.0 ns  Log    ID_SEQUENCER        TB seq.             Change the value from "ZZZZ" to "HHHH", window (7-cycles to 10-cycles)
%%        3270.0 ns  Log    ID_SEQUENCER        TB seq.             Change the value from "ZZZZ" to "LLLL", window (7-cycles to 10-cycles)
%%        3410.0 ns  Log    ID_SEQUENCER        TB seq.             Change the value from "ZZZZ" to "WWWW", window (7-cycles to 10-cycles)
%%        3550.0 ns  Log    ID_SEQUENCER        TB seq.             Change the value from "ZZZZ" to "0000", window (7-cycles to 10-cycles)
%%        3690.0 ns  Log    ID_SEQUENCER        TB seq.             Change the value from "ZZZZ" to "1111", window (7-cycles to 10-cycles)
%%        3830.0 ns  Log    ID_SEQUENCER        TB seq.             Change the value from "ZZZZ" to "XXXX", window (7-cycles to 10-cycles)
%%        3970.0 ns  Log    ID_SEQUENCER        TB seq.             Change the value from "ZZZZ" to "UUUU", window (7-cycles to 10-cycles)
%%        4110.0 ns  Log    ID_SEQUENCER        TB seq.             Change the value from "0000" to "HHHH", window (7-cycles to 10-cycles)
%%        4250.0 ns  Log    ID_SEQUENCER        TB seq.             Change the value from "0000" to "LLLL", window (7-cycles to 10-cycles)
%%        4390.0 ns  Log    ID_SEQUENCER        TB seq.             Change the value from "0000" to "WWWW", window (7-cycles to 10-cycles)
%%        4530.0 ns  Log    ID_SEQUENCER        TB seq.             Change the value from "0000" to "ZZZZ", window (7-cycles to 10-cycles)
%%        4670.0 ns  Log    ID_SEQUENCER        TB seq.             Change the value from "0000" to "1111", window (7-cycles to 10-cycles)
%%        4810.0 ns  Log    ID_SEQUENCER        TB seq.             Change the value from "0000" to "XXXX", window (7-cycles to 10-cycles)
%%        4950.0 ns  Log    ID_SEQUENCER        TB seq.             Change the value from "0000" to "UUUU", window (7-cycles to 10-cycles)
%%        5090.0 ns  Log    ID_SEQUENCER        TB seq.             Change the value from "1111" to "HHHH", window (7-cycles to 10-cycles)
%%        5230.0 ns  Log    ID_SEQUENCER        TB seq.             Change the value from "1111" to "LLLL", window (7-cycles to 10-cycles)
%%        5370.0 ns  Log    ID_SEQUENCER        TB seq.             Change the value from "1111" to "WWWW", window (7-cycles to 10-cycles)
%%        5510.0 ns  Log    ID_SEQUENCER        TB seq.             Change the value from "1111" to "ZZZZ", window (7-cycles to 10-cycles)
%%        5650.0 ns  Log    ID_SEQUENCER        TB seq.             Change the value from "1111" to "0000", window (7-cycles to 10-cycles)
%%        5790.0 ns  Log    ID_SEQUENCER        TB seq.             Change the value from "1111" to "XXXX", window (7-cycles to 10-cycles)
%%        5930.0 ns  Log    ID_SEQUENCER        TB seq.             Change the value from "1111" to "UUUU", window (7-cycles to 10-cycles)
%%        6070.0 ns  Log    ID_SEQUENCER        TB seq.             Change the value from "XXXX" to "HHHH", window (7-cycles to 10-cycles)
%%        6210.0 ns  Log    ID_SEQUENCER        TB seq.             Change the value from "XXXX" to "LLLL", window (7-cycles to 10-cycles)
%%        6350.0 ns  Log    ID_SEQUENCER        TB seq.             Change the value from "XXXX" to "WWWW", window (7-cycles to 10-cycles)
%%        6490.0 ns  Log    ID_SEQUENCER        TB seq.             Change the value from "XXXX" to "ZZZZ", window (7-cycles to 10-cycles)
%%        6630.0 ns  Log    ID_SEQUENCER        TB seq.             Change the value from "XXXX" to "0000", window (7-cycles to 10-cycles)
%%        6770.0 ns  Log    ID_SEQUENCER        TB seq.             Change the value from "XXXX" to "1111", window (7-cycles to 10-cycles)
%%        6910.0 ns  Log    ID_SEQUENCER        TB seq.             Change the value from "XXXX" to "UUUU", window (7-cycles to 10-cycles)
%%        7050.0 ns  Log    ID_SEQUENCER        TB seq.             Change the value from "UUUU" to "HHHH", window (7-cycles to 10-cycles)
%%        7190.0 ns  Log    ID_SEQUENCER        TB seq.             Change the value from "UUUU" to "LLLL", window (7-cycles to 10-cycles)
%%        7330.0 ns  Log    ID_SEQUENCER        TB seq.             Change the value from "UUUU" to "WWWW", window (7-cycles to 10-cycles)
%%        7470.0 ns  Log    ID_SEQUENCER        TB seq.             Change the value from "UUUU" to "ZZZZ", window (7-cycles to 10-cycles)
%%        7610.0 ns  Log    ID_SEQUENCER        TB seq.             Change the value from "UUUU" to "0000", window (7-cycles to 10-cycles)
%%        7750.0 ns  Log    ID_SEQUENCER        TB seq.             Change the value from "UUUU" to "1111", window (7-cycles to 10-cycles)
%%        7890.0 ns  Log    ID_SEQUENCER        TB seq.             Change the value from "UUUU" to "XXXX", window (7-cycles to 10-cycles)
%%        8030.0 ns  Log    ID_SEQUENCER        TB seq.             Testing std_logic_vector transitions within the window /w min_cycles = 0, max_cycles = 1
%%        8030.0 ns  Log    ID_SEQUENCER        TB seq.             Setting min_cycles = 0, max_cycles = 1
%%        8080.0 ns  Log    ID_SEQUENCER        TB seq.             Change the value from "HHHH" to "LLLL", window (0-cycles to 1-cycles)
%%        8090.0 ns  Log    PASSED              TB seq.(uvvm)       assert_change_from_min_to_max_cycles_after_trigger() => OK (first). tracked_value had a change in window.
%%:                                                                 OK after 10 ns. First change event happened in cycle-1.
%%        8140.0 ns  Log    ID_SEQUENCER        TB seq.             Change the value from "HHHH" to "WWWW", window (0-cycles to 1-cycles)
%%        8200.0 ns  Log    ID_SEQUENCER        TB seq.             Change the value from "HHHH" to "ZZZZ", window (0-cycles to 1-cycles)
%%        8260.0 ns  Log    ID_SEQUENCER        TB seq.             Change the value from "HHHH" to "0000", window (0-cycles to 1-cycles)
%%        8320.0 ns  Log    ID_SEQUENCER        TB seq.             Change the value from "HHHH" to "1111", window (0-cycles to 1-cycles)
%%        8380.0 ns  Log    ID_SEQUENCER        TB seq.             Change the value from "HHHH" to "XXXX", window (0-cycles to 1-cycles)
%%        8440.0 ns  Log    ID_SEQUENCER        TB seq.             Change the value from "HHHH" to "UUUU", window (0-cycles to 1-cycles)
%%        8500.0 ns  Log    ID_SEQUENCER        TB seq.             Change the value from "LLLL" to "HHHH", window (0-cycles to 1-cycles)
%%        8560.0 ns  Log    ID_SEQUENCER        TB seq.             Change the value from "LLLL" to "WWWW", window (0-cycles to 1-cycles)
%%        8620.0 ns  Log    ID_SEQUENCER        TB seq.             Change the value from "LLLL" to "ZZZZ", window (0-cycles to 1-cycles)
%%        8680.0 ns  Log    ID_SEQUENCER        TB seq.             Change the value from "LLLL" to "0000", window (0-cycles to 1-cycles)
%%        8740.0 ns  Log    ID_SEQUENCER        TB seq.             Change the value from "LLLL" to "1111", window (0-cycles to 1-cycles)
%%        8800.0 ns  Log    ID_SEQUENCER        TB seq.             Change the value from "LLLL" to "XXXX", window (0-cycles to 1-cycles)
%%        8860.0 ns  Log    ID_SEQUENCER        TB seq.             Change the value from "LLLL" to "UUUU", window (0-cycles to 1-cycles)
%%        8920.0 ns  Log    ID_SEQUENCER        TB seq.             Change the value from "WWWW" to "HHHH", window (0-cycles to 1-cycles)
%%        8980.0 ns  Log    ID_SEQUENCER        TB seq.             Change the value from "WWWW" to "LLLL", window (0-cycles to 1-cycles)
%%        9040.0 ns  Log    ID_SEQUENCER        TB seq.             Change the value from "WWWW" to "ZZZZ", window (0-cycles to 1-cycles)
%%        9100.0 ns  Log    ID_SEQUENCER        TB seq.             Change the value from "WWWW" to "0000", window (0-cycles to 1-cycles)
%%        9160.0 ns  Log    ID_SEQUENCER        TB seq.             Change the value from "WWWW" to "1111", window (0-cycles to 1-cycles)
%%        9220.0 ns  Log    ID_SEQUENCER        TB seq.             Change the value from "WWWW" to "XXXX", window (0-cycles to 1-cycles)
%%        9280.0 ns  Log    ID_SEQUENCER        TB seq.             Change the value from "WWWW" to "UUUU", window (0-cycles to 1-cycles)
%%        9340.0 ns  Log    ID_SEQUENCER        TB seq.             Change the value from "ZZZZ" to "HHHH", window (0-cycles to 1-cycles)
%%        9400.0 ns  Log    ID_SEQUENCER        TB seq.             Change the value from "ZZZZ" to "LLLL", window (0-cycles to 1-cycles)
%%        9460.0 ns  Log    ID_SEQUENCER        TB seq.             Change the value from "ZZZZ" to "WWWW", window (0-cycles to 1-cycles)
%%        9520.0 ns  Log    ID_SEQUENCER        TB seq.             Change the value from "ZZZZ" to "0000", window (0-cycles to 1-cycles)
%%        9580.0 ns  Log    ID_SEQUENCER        TB seq.             Change the value from "ZZZZ" to "1111", window (0-cycles to 1-cycles)
%%        9640.0 ns  Log    ID_SEQUENCER        TB seq.             Change the value from "ZZZZ" to "XXXX", window (0-cycles to 1-cycles)
%%        9700.0 ns  Log    ID_SEQUENCER        TB seq.             Change the value from "ZZZZ" to "UUUU", window (0-cycles to 1-cycles)
%%        9760.0 ns  Log    ID_SEQUENCER        TB seq.             Change the value from "0000" to "HHHH", window (0-cycles to 1-cycles)
%%        9820.0 ns  Log    ID_SEQUENCER        TB seq.             Change the value from "0000" to "LLLL", window (0-cycles to 1-cycles)
%%        9880.0 ns  Log    ID_SEQUENCER        TB seq.             Change the value from "0000" to "WWWW", window (0-cycles to 1-cycles)
%%        9940.0 ns  Log    ID_SEQUENCER        TB seq.             Change the value from "0000" to "ZZZZ", window (0-cycles to 1-cycles)
%%       10000.0 ns  Log    ID_SEQUENCER        TB seq.             Change the value from "0000" to "1111", window (0-cycles to 1-cycles)
%%       10060.0 ns  Log    ID_SEQUENCER        TB seq.             Change the value from "0000" to "XXXX", window (0-cycles to 1-cycles)
%%       10120.0 ns  Log    ID_SEQUENCER        TB seq.             Change the value from "0000" to "UUUU", window (0-cycles to 1-cycles)
%%       10180.0 ns  Log    ID_SEQUENCER        TB seq.             Change the value from "1111" to "HHHH", window (0-cycles to 1-cycles)
%%       10240.0 ns  Log    ID_SEQUENCER        TB seq.             Change the value from "1111" to "LLLL", window (0-cycles to 1-cycles)
%%       10300.0 ns  Log    ID_SEQUENCER        TB seq.             Change the value from "1111" to "WWWW", window (0-cycles to 1-cycles)
%%       10360.0 ns  Log    ID_SEQUENCER        TB seq.             Change the value from "1111" to "ZZZZ", window (0-cycles to 1-cycles)
%%       10420.0 ns  Log    ID_SEQUENCER        TB seq.             Change the value from "1111" to "0000", window (0-cycles to 1-cycles)
%%       10480.0 ns  Log    ID_SEQUENCER        TB seq.             Change the value from "1111" to "XXXX", window (0-cycles to 1-cycles)
%%       10540.0 ns  Log    ID_SEQUENCER        TB seq.             Change the value from "1111" to "UUUU", window (0-cycles to 1-cycles)
%%       10600.0 ns  Log    ID_SEQUENCER        TB seq.             Change the value from "XXXX" to "HHHH", window (0-cycles to 1-cycles)
%%       10660.0 ns  Log    ID_SEQUENCER        TB seq.             Change the value from "XXXX" to "LLLL", window (0-cycles to 1-cycles)
%%       10720.0 ns  Log    ID_SEQUENCER        TB seq.             Change the value from "XXXX" to "WWWW", window (0-cycles to 1-cycles)
%%       10780.0 ns  Log    ID_SEQUENCER        TB seq.             Change the value from "XXXX" to "ZZZZ", window (0-cycles to 1-cycles)
%%       10840.0 ns  Log    ID_SEQUENCER        TB seq.             Change the value from "XXXX" to "0000", window (0-cycles to 1-cycles)
%%       10900.0 ns  Log    ID_SEQUENCER        TB seq.             Change the value from "XXXX" to "1111", window (0-cycles to 1-cycles)
%%       10960.0 ns  Log    ID_SEQUENCER        TB seq.             Change the value from "XXXX" to "UUUU", window (0-cycles to 1-cycles)
%%       11020.0 ns  Log    ID_SEQUENCER        TB seq.             Change the value from "UUUU" to "HHHH", window (0-cycles to 1-cycles)
%%       11080.0 ns  Log    ID_SEQUENCER        TB seq.             Change the value from "UUUU" to "LLLL", window (0-cycles to 1-cycles)
%%       11140.0 ns  Log    ID_SEQUENCER        TB seq.             Change the value from "UUUU" to "WWWW", window (0-cycles to 1-cycles)
%%       11200.0 ns  Log    ID_SEQUENCER        TB seq.             Change the value from "UUUU" to "ZZZZ", window (0-cycles to 1-cycles)
%%       11260.0 ns  Log    ID_SEQUENCER        TB seq.             Change the value from "UUUU" to "0000", window (0-cycles to 1-cycles)
%%       11320.0 ns  Log    ID_SEQUENCER        TB seq.             Change the value from "UUUU" to "1111", window (0-cycles to 1-cycles)
%%       11380.0 ns  Log    ID_SEQUENCER        TB seq.             Change the value from "UUUU" to "XXXX", window (0-cycles to 1-cycles)
%%       11440.0 ns  Log    ID_SEQUENCER        TB seq.             Testing multiple triggers within the window
%%       11440.0 ns  Log    ID_SEQUENCER        TB seq.             Setting min_cycles = 1, max_cycles = 4
%%       11500.0 ns  Log    PASSED              TB seq.(uvvm)       assert_change_from_min_to_max_cycles_after_trigger() => OK (first). tracked_value had a change in window.
%%:                                                                 OK after 10 ns. First change event happened in cycle-1.
%% 
%% 
%%       11600.0 ns  Log    ID_LOG_HDR          TB seq.             Testing Triggering Assertion (std_logic_vector)
%% ----------------------------------------------------------------------------------------------------------------------------------------------------------------------------
%%       11600.0 ns  Log    ID_SEQUENCER        TB seq.             Testing invalid sequences (no std_logic_vector transitions) within the window
%%       11600.0 ns  Log    ID_SEQUENCER        TB seq.             Setting min_cycles = 7, max_cycles = 10
%%       11650.0 ns  Log    ID_SEQUENCER        TB seq.             Hold "HHHH" from 7-cycles to 10-cycles
%%       11750.0 ns  Alert  ERROR               TB seq.(uvvm)       assert_change_from_min_to_max_cycles_after_trigger() => Failed. tracked_value (HHHH) never changed in window.
%%       11800.0 ns  Log    ID_SEQUENCER        TB seq.             Hold "LLLL" from 7-cycles to 10-cycles
%%       11900.0 ns  Alert  ERROR               TB seq.(uvvm)       assert_change_from_min_to_max_cycles_after_trigger() => Failed. tracked_value (LLLL) never changed in window.
%%       11950.0 ns  Log    ID_SEQUENCER        TB seq.             Hold "WWWW" from 7-cycles to 10-cycles
%%       12050.0 ns  Alert  ERROR               TB seq.(uvvm)       assert_change_from_min_to_max_cycles_after_trigger() => Failed. tracked_value (WWWW) never changed in window.
%%       12100.0 ns  Log    ID_SEQUENCER        TB seq.             Hold "ZZZZ" from 7-cycles to 10-cycles
%%       12200.0 ns  Alert  ERROR               TB seq.(uvvm)       assert_change_from_min_to_max_cycles_after_trigger() => Failed. tracked_value (ZZZZ) never changed in window.
%%       12250.0 ns  Log    ID_SEQUENCER        TB seq.             Hold "0000" from 7-cycles to 10-cycles
%%       12350.0 ns  Alert  ERROR               TB seq.(uvvm)       assert_change_from_min_to_max_cycles_after_trigger() => Failed. tracked_value (0000) never changed in window.
%%       12400.0 ns  Log    ID_SEQUENCER        TB seq.             Hold "1111" from 7-cycles to 10-cycles
%%       12500.0 ns  Alert  ERROR               TB seq.(uvvm)       assert_change_from_min_to_max_cycles_after_trigger() => Failed. tracked_value (1111) never changed in window.
%%       12550.0 ns  Log    ID_SEQUENCER        TB seq.             Hold "XXXX" from 7-cycles to 10-cycles
%%       12650.0 ns  Alert  ERROR               TB seq.(uvvm)       assert_change_from_min_to_max_cycles_after_trigger() => Failed. tracked_value (XXXX) never changed in window.
%%       12700.0 ns  Log    ID_SEQUENCER        TB seq.             Hold "UUUU" from 7-cycles to 10-cycles
%%       12800.0 ns  Alert  ERROR               TB seq.(uvvm)       assert_change_from_min_to_max_cycles_after_trigger() => Failed. tracked_value (UUUU) never changed in window.
%%       12850.0 ns  Log    ID_SEQUENCER        TB seq.             Testing triggering assert /w multiple triggers within the window
%%       12850.0 ns  Log    ID_SEQUENCER        TB seq.             Setting min_cycles = 1, max_cycles = 4
%%       12940.0 ns  Alert  ERROR               TB seq.(uvvm)       assert_change_from_min_to_max_cycles_after_trigger() => Failed. tracked_value (UUUU) never changed in window.
%%       12960.0 ns  Alert  ERROR               TB seq.(uvvm)       assert_change_from_min_to_max_cycles_after_trigger() => Failed. tracked_value (UUUU) never changed in window.
%% 
%% 
%%       13010.0 ns  Log    ID_LOG_HDR          TB seq.             Testing pos_ack_kind: EVERY (std_logic_vector)
%% ----------------------------------------------------------------------------------------------------------------------------------------------------------------------------
%%       13010.0 ns  Log    ID_SEQUENCER        TB seq.             Expecting a positive acknowledge on each successful window sequence
%%       13010.0 ns  Log    ID_SEQUENCER        TB seq.             Setting min_cycles = 10, max_cycles = 20
%%       13060.0 ns  Log    ID_SEQUENCER        TB seq.             Change the value from "UUUU" to "1111", window (10-cycles to 20-cycles)
%%       13250.0 ns  Log    PASSED              TB seq.(uvvm)       assert_change_from_min_to_max_cycles_after_trigger() => OK. tracked_value had a change in window. OK after
%%:                                                                 190 ns. First change event happened in cycle-19.
%%       13300.0 ns  Log    ID_SEQUENCER        TB seq.             Setting min_cycles = 20, max_cycles = 30
%%       13350.0 ns  Log    ID_SEQUENCER        TB seq.             Change the value from "UUUU" to "1111", window (20-cycles to 30-cycles)
%%       13640.0 ns  Log    PASSED              TB seq.(uvvm)       assert_change_from_min_to_max_cycles_after_trigger() => OK. tracked_value had a change in window. OK after
%%:                                                                 290 ns. First change event happened in cycle-29.
%%       13690.0 ns  Log    ID_SEQUENCER        TB seq.             Setting min_cycles = 30, max_cycles = 40
%%       13740.0 ns  Log    ID_SEQUENCER        TB seq.             Change the value from "UUUU" to "1111", window (30-cycles to 40-cycles)
%%       14130.0 ns  Log    PASSED              TB seq.(uvvm)       assert_change_from_min_to_max_cycles_after_trigger() => OK. tracked_value had a change in window. OK after
%%:                                                                 390 ns. First change event happened in cycle-39.
%%       14180.0 ns  Log    ID_SEQUENCER        TB seq.             Setting min_cycles = 40, max_cycles = 50
%%       14230.0 ns  Log    ID_SEQUENCER        TB seq.             Change the value from "UUUU" to "1111", window (40-cycles to 50-cycles)
%%       14720.0 ns  Log    PASSED              TB seq.(uvvm)       assert_change_from_min_to_max_cycles_after_trigger() => OK. tracked_value had a change in window. OK after
%%:                                                                 490 ns. First change event happened in cycle-49.
%% 
%% 
%%       14850.0 ns  Log    ID_LOG_HDR          TB seq.             Testing Normal Operation (std_logic)
%% ----------------------------------------------------------------------------------------------------------------------------------------------------------------------------
%%       14850.0 ns  Log    ID_SEQUENCER        TB seq.             Testing all std_logic transitions within the window
%%       14850.0 ns  Log    ID_SEQUENCER        TB seq.             Setting min_cycles = 7, max_cycles = 10
%%       14900.0 ns  Log    ID_SEQUENCER        TB seq.             Change the value from 'U' to 'X', window (7-cycles to 10-cycles)
%%       14990.0 ns  Log    PASSED              TB seq.(uvvm)       assert_change_from_min_to_max_cycles_after_trigger() => OK (first). tracked_value had a change in window.
%%:                                                                 OK after 90 ns. First change happened in cycle-9.
%%       15040.0 ns  Log    ID_SEQUENCER        TB seq.             Change the value from 'U' to '1', window (7-cycles to 10-cycles)
%%       15180.0 ns  Log    ID_SEQUENCER        TB seq.             Change the value from 'U' to '0', window (7-cycles to 10-cycles)
%%       15320.0 ns  Log    ID_SEQUENCER        TB seq.             Change the value from 'U' to 'Z', window (7-cycles to 10-cycles)
%%       15460.0 ns  Log    ID_SEQUENCER        TB seq.             Change the value from 'U' to 'W', window (7-cycles to 10-cycles)
%%       15600.0 ns  Log    ID_SEQUENCER        TB seq.             Change the value from 'U' to 'L', window (7-cycles to 10-cycles)
%%       15740.0 ns  Log    ID_SEQUENCER        TB seq.             Change the value from 'U' to 'H', window (7-cycles to 10-cycles)
%%       15880.0 ns  Log    ID_SEQUENCER        TB seq.             Change the value from 'X' to 'U', window (7-cycles to 10-cycles)
%%       16020.0 ns  Log    ID_SEQUENCER        TB seq.             Change the value from 'X' to '1', window (7-cycles to 10-cycles)
%%       16160.0 ns  Log    ID_SEQUENCER        TB seq.             Change the value from 'X' to '0', window (7-cycles to 10-cycles)
%%       16300.0 ns  Log    ID_SEQUENCER        TB seq.             Change the value from 'X' to 'Z', window (7-cycles to 10-cycles)
%%       16440.0 ns  Log    ID_SEQUENCER        TB seq.             Change the value from 'X' to 'W', window (7-cycles to 10-cycles)
%%       16580.0 ns  Log    ID_SEQUENCER        TB seq.             Change the value from 'X' to 'L', window (7-cycles to 10-cycles)
%%       16720.0 ns  Log    ID_SEQUENCER        TB seq.             Change the value from 'X' to 'H', window (7-cycles to 10-cycles)
%%       16860.0 ns  Log    ID_SEQUENCER        TB seq.             Change the value from '1' to 'U', window (7-cycles to 10-cycles)
%%       17000.0 ns  Log    ID_SEQUENCER        TB seq.             Change the value from '1' to 'X', window (7-cycles to 10-cycles)
%%       17140.0 ns  Log    ID_SEQUENCER        TB seq.             Change the value from '1' to '0', window (7-cycles to 10-cycles)
%%       17280.0 ns  Log    ID_SEQUENCER        TB seq.             Change the value from '1' to 'Z', window (7-cycles to 10-cycles)
%%       17420.0 ns  Log    ID_SEQUENCER        TB seq.             Change the value from '1' to 'W', window (7-cycles to 10-cycles)
%%       17560.0 ns  Log    ID_SEQUENCER        TB seq.             Change the value from '1' to 'L', window (7-cycles to 10-cycles)
%%       17700.0 ns  Log    ID_SEQUENCER        TB seq.             Change the value from '1' to 'H', window (7-cycles to 10-cycles)
%%       17840.0 ns  Log    ID_SEQUENCER        TB seq.             Change the value from '0' to 'U', window (7-cycles to 10-cycles)
%%       17980.0 ns  Log    ID_SEQUENCER        TB seq.             Change the value from '0' to 'X', window (7-cycles to 10-cycles)
%%       18120.0 ns  Log    ID_SEQUENCER        TB seq.             Change the value from '0' to '1', window (7-cycles to 10-cycles)
%%       18260.0 ns  Log    ID_SEQUENCER        TB seq.             Change the value from '0' to 'Z', window (7-cycles to 10-cycles)
%%       18400.0 ns  Log    ID_SEQUENCER        TB seq.             Change the value from '0' to 'W', window (7-cycles to 10-cycles)
%%       18540.0 ns  Log    ID_SEQUENCER        TB seq.             Change the value from '0' to 'L', window (7-cycles to 10-cycles)
%%       18680.0 ns  Log    ID_SEQUENCER        TB seq.             Change the value from '0' to 'H', window (7-cycles to 10-cycles)
%%       18820.0 ns  Log    ID_SEQUENCER        TB seq.             Change the value from 'Z' to 'U', window (7-cycles to 10-cycles)
%%       18960.0 ns  Log    ID_SEQUENCER        TB seq.             Change the value from 'Z' to 'X', window (7-cycles to 10-cycles)
%%       19100.0 ns  Log    ID_SEQUENCER        TB seq.             Change the value from 'Z' to '1', window (7-cycles to 10-cycles)
%%       19240.0 ns  Log    ID_SEQUENCER        TB seq.             Change the value from 'Z' to '0', window (7-cycles to 10-cycles)
%%       19380.0 ns  Log    ID_SEQUENCER        TB seq.             Change the value from 'Z' to 'W', window (7-cycles to 10-cycles)
%%       19520.0 ns  Log    ID_SEQUENCER        TB seq.             Change the value from 'Z' to 'L', window (7-cycles to 10-cycles)
%%       19660.0 ns  Log    ID_SEQUENCER        TB seq.             Change the value from 'Z' to 'H', window (7-cycles to 10-cycles)
%%       19800.0 ns  Log    ID_SEQUENCER        TB seq.             Change the value from 'W' to 'U', window (7-cycles to 10-cycles)
%%       19940.0 ns  Log    ID_SEQUENCER        TB seq.             Change the value from 'W' to 'X', window (7-cycles to 10-cycles)
%%       20080.0 ns  Log    ID_SEQUENCER        TB seq.             Change the value from 'W' to '1', window (7-cycles to 10-cycles)
%%       20220.0 ns  Log    ID_SEQUENCER        TB seq.             Change the value from 'W' to '0', window (7-cycles to 10-cycles)
%%       20360.0 ns  Log    ID_SEQUENCER        TB seq.             Change the value from 'W' to 'Z', window (7-cycles to 10-cycles)
%%       20500.0 ns  Log    ID_SEQUENCER        TB seq.             Change the value from 'W' to 'L', window (7-cycles to 10-cycles)
%%       20640.0 ns  Log    ID_SEQUENCER        TB seq.             Change the value from 'W' to 'H', window (7-cycles to 10-cycles)
%%       20780.0 ns  Log    ID_SEQUENCER        TB seq.             Change the value from 'L' to 'U', window (7-cycles to 10-cycles)
%%       20920.0 ns  Log    ID_SEQUENCER        TB seq.             Change the value from 'L' to 'X', window (7-cycles to 10-cycles)
%%       21060.0 ns  Log    ID_SEQUENCER        TB seq.             Change the value from 'L' to '1', window (7-cycles to 10-cycles)
%%       21200.0 ns  Log    ID_SEQUENCER        TB seq.             Change the value from 'L' to '0', window (7-cycles to 10-cycles)
%%       21340.0 ns  Log    ID_SEQUENCER        TB seq.             Change the value from 'L' to 'Z', window (7-cycles to 10-cycles)
%%       21480.0 ns  Log    ID_SEQUENCER        TB seq.             Change the value from 'L' to 'W', window (7-cycles to 10-cycles)
%%       21620.0 ns  Log    ID_SEQUENCER        TB seq.             Change the value from 'L' to 'H', window (7-cycles to 10-cycles)
%%       21760.0 ns  Log    ID_SEQUENCER        TB seq.             Change the value from 'H' to 'U', window (7-cycles to 10-cycles)
%%       21900.0 ns  Log    ID_SEQUENCER        TB seq.             Change the value from 'H' to 'X', window (7-cycles to 10-cycles)
%%       22040.0 ns  Log    ID_SEQUENCER        TB seq.             Change the value from 'H' to '1', window (7-cycles to 10-cycles)
%%       22180.0 ns  Log    ID_SEQUENCER        TB seq.             Change the value from 'H' to '0', window (7-cycles to 10-cycles)
%%       22320.0 ns  Log    ID_SEQUENCER        TB seq.             Change the value from 'H' to 'Z', window (7-cycles to 10-cycles)
%%       22460.0 ns  Log    ID_SEQUENCER        TB seq.             Change the value from 'H' to 'W', window (7-cycles to 10-cycles)
%%       22600.0 ns  Log    ID_SEQUENCER        TB seq.             Change the value from 'H' to 'L', window (7-cycles to 10-cycles)
%%       22740.0 ns  Log    ID_SEQUENCER        TB seq.             Testing all std_logic transitions within the window /w min_cycles = 0, max_cycles = 1
%%       22740.0 ns  Log    ID_SEQUENCER        TB seq.             Setting min_cycles = 0, max_cycles = 1
%%       22790.0 ns  Log    ID_SEQUENCER        TB seq.             Change the value from 'U' to 'X', window (0-cycles to 1-cycles)
%%       22800.0 ns  Log    PASSED              TB seq.(uvvm)       assert_change_from_min_to_max_cycles_after_trigger() => OK (first). tracked_value had a change in window.
%%:                                                                 OK after 10 ns. First change happened in cycle-1.
%%       22850.0 ns  Log    ID_SEQUENCER        TB seq.             Change the value from 'U' to '1', window (0-cycles to 1-cycles)
%%       22910.0 ns  Log    ID_SEQUENCER        TB seq.             Change the value from 'U' to '0', window (0-cycles to 1-cycles)
%%       22970.0 ns  Log    ID_SEQUENCER        TB seq.             Change the value from 'U' to 'Z', window (0-cycles to 1-cycles)
%%       23030.0 ns  Log    ID_SEQUENCER        TB seq.             Change the value from 'U' to 'W', window (0-cycles to 1-cycles)
%%       23090.0 ns  Log    ID_SEQUENCER        TB seq.             Change the value from 'U' to 'L', window (0-cycles to 1-cycles)
%%       23150.0 ns  Log    ID_SEQUENCER        TB seq.             Change the value from 'U' to 'H', window (0-cycles to 1-cycles)
%%       23210.0 ns  Log    ID_SEQUENCER        TB seq.             Change the value from 'X' to 'U', window (0-cycles to 1-cycles)
%%       23270.0 ns  Log    ID_SEQUENCER        TB seq.             Change the value from 'X' to '1', window (0-cycles to 1-cycles)
%%       23330.0 ns  Log    ID_SEQUENCER        TB seq.             Change the value from 'X' to '0', window (0-cycles to 1-cycles)
%%       23390.0 ns  Log    ID_SEQUENCER        TB seq.             Change the value from 'X' to 'Z', window (0-cycles to 1-cycles)
%%       23450.0 ns  Log    ID_SEQUENCER        TB seq.             Change the value from 'X' to 'W', window (0-cycles to 1-cycles)
%%       23510.0 ns  Log    ID_SEQUENCER        TB seq.             Change the value from 'X' to 'L', window (0-cycles to 1-cycles)
%%       23570.0 ns  Log    ID_SEQUENCER        TB seq.             Change the value from 'X' to 'H', window (0-cycles to 1-cycles)
%%       23630.0 ns  Log    ID_SEQUENCER        TB seq.             Change the value from '1' to 'U', window (0-cycles to 1-cycles)
%%       23690.0 ns  Log    ID_SEQUENCER        TB seq.             Change the value from '1' to 'X', window (0-cycles to 1-cycles)
%%       23750.0 ns  Log    ID_SEQUENCER        TB seq.             Change the value from '1' to '0', window (0-cycles to 1-cycles)
%%       23810.0 ns  Log    ID_SEQUENCER        TB seq.             Change the value from '1' to 'Z', window (0-cycles to 1-cycles)
%%       23870.0 ns  Log    ID_SEQUENCER        TB seq.             Change the value from '1' to 'W', window (0-cycles to 1-cycles)
%%       23930.0 ns  Log    ID_SEQUENCER        TB seq.             Change the value from '1' to 'L', window (0-cycles to 1-cycles)
%%       23990.0 ns  Log    ID_SEQUENCER        TB seq.             Change the value from '1' to 'H', window (0-cycles to 1-cycles)
%%       24050.0 ns  Log    ID_SEQUENCER        TB seq.             Change the value from '0' to 'U', window (0-cycles to 1-cycles)
%%       24110.0 ns  Log    ID_SEQUENCER        TB seq.             Change the value from '0' to 'X', window (0-cycles to 1-cycles)
%%       24170.0 ns  Log    ID_SEQUENCER        TB seq.             Change the value from '0' to '1', window (0-cycles to 1-cycles)
%%       24230.0 ns  Log    ID_SEQUENCER        TB seq.             Change the value from '0' to 'Z', window (0-cycles to 1-cycles)
%%       24290.0 ns  Log    ID_SEQUENCER        TB seq.             Change the value from '0' to 'W', window (0-cycles to 1-cycles)
%%       24350.0 ns  Log    ID_SEQUENCER        TB seq.             Change the value from '0' to 'L', window (0-cycles to 1-cycles)
%%       24410.0 ns  Log    ID_SEQUENCER        TB seq.             Change the value from '0' to 'H', window (0-cycles to 1-cycles)
%%       24470.0 ns  Log    ID_SEQUENCER        TB seq.             Change the value from 'Z' to 'U', window (0-cycles to 1-cycles)
%%       24530.0 ns  Log    ID_SEQUENCER        TB seq.             Change the value from 'Z' to 'X', window (0-cycles to 1-cycles)
%%       24590.0 ns  Log    ID_SEQUENCER        TB seq.             Change the value from 'Z' to '1', window (0-cycles to 1-cycles)
%%       24650.0 ns  Log    ID_SEQUENCER        TB seq.             Change the value from 'Z' to '0', window (0-cycles to 1-cycles)
%%       24710.0 ns  Log    ID_SEQUENCER        TB seq.             Change the value from 'Z' to 'W', window (0-cycles to 1-cycles)
%%       24770.0 ns  Log    ID_SEQUENCER        TB seq.             Change the value from 'Z' to 'L', window (0-cycles to 1-cycles)
%%       24830.0 ns  Log    ID_SEQUENCER        TB seq.             Change the value from 'Z' to 'H', window (0-cycles to 1-cycles)
%%       24890.0 ns  Log    ID_SEQUENCER        TB seq.             Change the value from 'W' to 'U', window (0-cycles to 1-cycles)
%%       24950.0 ns  Log    ID_SEQUENCER        TB seq.             Change the value from 'W' to 'X', window (0-cycles to 1-cycles)
%%       25010.0 ns  Log    ID_SEQUENCER        TB seq.             Change the value from 'W' to '1', window (0-cycles to 1-cycles)
%%       25070.0 ns  Log    ID_SEQUENCER        TB seq.             Change the value from 'W' to '0', window (0-cycles to 1-cycles)
%%       25130.0 ns  Log    ID_SEQUENCER        TB seq.             Change the value from 'W' to 'Z', window (0-cycles to 1-cycles)
%%       25190.0 ns  Log    ID_SEQUENCER        TB seq.             Change the value from 'W' to 'L', window (0-cycles to 1-cycles)
%%       25250.0 ns  Log    ID_SEQUENCER        TB seq.             Change the value from 'W' to 'H', window (0-cycles to 1-cycles)
%%       25310.0 ns  Log    ID_SEQUENCER        TB seq.             Change the value from 'L' to 'U', window (0-cycles to 1-cycles)
%%       25370.0 ns  Log    ID_SEQUENCER        TB seq.             Change the value from 'L' to 'X', window (0-cycles to 1-cycles)
%%       25430.0 ns  Log    ID_SEQUENCER        TB seq.             Change the value from 'L' to '1', window (0-cycles to 1-cycles)
%%       25490.0 ns  Log    ID_SEQUENCER        TB seq.             Change the value from 'L' to '0', window (0-cycles to 1-cycles)
%%       25550.0 ns  Log    ID_SEQUENCER        TB seq.             Change the value from 'L' to 'Z', window (0-cycles to 1-cycles)
%%       25610.0 ns  Log    ID_SEQUENCER        TB seq.             Change the value from 'L' to 'W', window (0-cycles to 1-cycles)
%%       25670.0 ns  Log    ID_SEQUENCER        TB seq.             Change the value from 'L' to 'H', window (0-cycles to 1-cycles)
%%       25730.0 ns  Log    ID_SEQUENCER        TB seq.             Change the value from 'H' to 'U', window (0-cycles to 1-cycles)
%%       25790.0 ns  Log    ID_SEQUENCER        TB seq.             Change the value from 'H' to 'X', window (0-cycles to 1-cycles)
%%       25850.0 ns  Log    ID_SEQUENCER        TB seq.             Change the value from 'H' to '1', window (0-cycles to 1-cycles)
%%       25910.0 ns  Log    ID_SEQUENCER        TB seq.             Change the value from 'H' to '0', window (0-cycles to 1-cycles)
%%       25970.0 ns  Log    ID_SEQUENCER        TB seq.             Change the value from 'H' to 'Z', window (0-cycles to 1-cycles)
%%       26030.0 ns  Log    ID_SEQUENCER        TB seq.             Change the value from 'H' to 'W', window (0-cycles to 1-cycles)
%%       26090.0 ns  Log    ID_SEQUENCER        TB seq.             Change the value from 'H' to 'L', window (0-cycles to 1-cycles)
%%       26150.0 ns  Log    ID_SEQUENCER        TB seq.             Testing multiple triggers within the window
%%       26150.0 ns  Log    ID_SEQUENCER        TB seq.             Setting min_cycles = 1, max_cycles = 4
%%       26210.0 ns  Log    PASSED              TB seq.(uvvm)       assert_change_from_min_to_max_cycles_after_trigger() => OK (first). tracked_value had a change in window.
%%:                                                                 OK after 10 ns. First change happened in cycle-1.
%% 
%% 
%%       26310.0 ns  Log    ID_LOG_HDR          TB seq.             Testing Triggering Assertion (std_logic)
%% ----------------------------------------------------------------------------------------------------------------------------------------------------------------------------
%%       26310.0 ns  Log    ID_SEQUENCER        TB seq.             Testing all invalid sequences (no std_logic transitions) within the window
%%       26310.0 ns  Log    ID_SEQUENCER        TB seq.             Setting min_cycles = 7, max_cycles = 10
%%       26360.0 ns  Log    ID_SEQUENCER        TB seq.             Hold 'U' from 7-cycles to 10-cycles
%%       26460.0 ns  Alert  ERROR               TB seq.(uvvm)       assert_change_from_min_to_max_cycles_after_trigger() => Failed. tracked_value (U) never changed in window.
%%       26510.0 ns  Log    ID_SEQUENCER        TB seq.             Hold 'X' from 7-cycles to 10-cycles
%%       26610.0 ns  Alert  ERROR               TB seq.(uvvm)       assert_change_from_min_to_max_cycles_after_trigger() => Failed. tracked_value (X) never changed in window.
%%       26660.0 ns  Log    ID_SEQUENCER        TB seq.             Hold '1' from 7-cycles to 10-cycles
%%       26760.0 ns  Alert  ERROR               TB seq.(uvvm)       assert_change_from_min_to_max_cycles_after_trigger() => Failed. tracked_value (1) never changed in window.
%%       26810.0 ns  Log    ID_SEQUENCER        TB seq.             Hold '0' from 7-cycles to 10-cycles
%%       26910.0 ns  Alert  ERROR               TB seq.(uvvm)       assert_change_from_min_to_max_cycles_after_trigger() => Failed. tracked_value (0) never changed in window.
%%       26960.0 ns  Log    ID_SEQUENCER        TB seq.             Hold 'Z' from 7-cycles to 10-cycles
%%       27060.0 ns  Alert  ERROR               TB seq.(uvvm)       assert_change_from_min_to_max_cycles_after_trigger() => Failed. tracked_value (Z) never changed in window.
%%       27110.0 ns  Log    ID_SEQUENCER        TB seq.             Hold 'W' from 7-cycles to 10-cycles
%%       27210.0 ns  Alert  ERROR               TB seq.(uvvm)       assert_change_from_min_to_max_cycles_after_trigger() => Failed. tracked_value (W) never changed in window.
%%       27260.0 ns  Log    ID_SEQUENCER        TB seq.             Hold 'L' from 7-cycles to 10-cycles
%%       27360.0 ns  Alert  ERROR               TB seq.(uvvm)       assert_change_from_min_to_max_cycles_after_trigger() => Failed. tracked_value (L) never changed in window.
%%       27410.0 ns  Log    ID_SEQUENCER        TB seq.             Hold 'H' from 7-cycles to 10-cycles
%%       27510.0 ns  Alert  ERROR               TB seq.(uvvm)       assert_change_from_min_to_max_cycles_after_trigger() => Failed. tracked_value (H) never changed in window.
%%       27560.0 ns  Log    ID_SEQUENCER        TB seq.             Testing triggering assert /w multiple triggers within the window
%%       27560.0 ns  Log    ID_SEQUENCER        TB seq.             Setting min_cycles = 1, max_cycles = 4
%%       27650.0 ns  Alert  ERROR               TB seq.(uvvm)       assert_change_from_min_to_max_cycles_after_trigger() => Failed. tracked_value (U) never changed in window.
%%       27670.0 ns  Alert  ERROR               TB seq.(uvvm)       assert_change_from_min_to_max_cycles_after_trigger() => Failed. tracked_value (U) never changed in window.
%% 
%% 
%%       27720.0 ns  Log    ID_LOG_HDR          TB seq.             Testing pos_ack_kind: EVERY (std_logic)
%% ----------------------------------------------------------------------------------------------------------------------------------------------------------------------------
%%       27720.0 ns  Log    ID_SEQUENCER        TB seq.             Expecting a positive acknowledge on each successful window sequence
%%       27720.0 ns  Log    ID_SEQUENCER        TB seq.             Setting min_cycles = 10, max_cycles = 20
%%       27770.0 ns  Log    ID_SEQUENCER        TB seq.             Change the value from 'U' to '1', window (10-cycles to 20-cycles)
%%       27960.0 ns  Log    PASSED              TB seq.(uvvm)       assert_change_from_min_to_max_cycles_after_trigger() => OK. tracked_value had a change in window. OK after
%%:                                                                 190 ns. First change event happened in cycle-19.
%%       28010.0 ns  Log    ID_SEQUENCER        TB seq.             Setting min_cycles = 20, max_cycles = 30
%%       28060.0 ns  Log    ID_SEQUENCER        TB seq.             Change the value from 'U' to '1', window (20-cycles to 30-cycles)
%%       28350.0 ns  Log    PASSED              TB seq.(uvvm)       assert_change_from_min_to_max_cycles_after_trigger() => OK. tracked_value had a change in window. OK after
%%:                                                                 290 ns. First change event happened in cycle-29.
%%       28400.0 ns  Log    ID_SEQUENCER        TB seq.             Setting min_cycles = 30, max_cycles = 40
%%       28450.0 ns  Log    ID_SEQUENCER        TB seq.             Change the value from 'U' to '1', window (30-cycles to 40-cycles)
%%       28840.0 ns  Log    PASSED              TB seq.(uvvm)       assert_change_from_min_to_max_cycles_after_trigger() => OK. tracked_value had a change in window. OK after
%%:                                                                 390 ns. First change event happened in cycle-39.
%%       28890.0 ns  Log    ID_SEQUENCER        TB seq.             Setting min_cycles = 40, max_cycles = 50
%%       28940.0 ns  Log    ID_SEQUENCER        TB seq.             Change the value from 'U' to '1', window (40-cycles to 50-cycles)
%%       29430.0 ns  Log    PASSED              TB seq.(uvvm)       assert_change_from_min_to_max_cycles_after_trigger() => OK. tracked_value had a change in window. OK after
%%:                                                                 490 ns. First change event happened in cycle-49.
%% 
%% 
%%       29520.0 ns  Log    ID_LOG_HDR          TB seq.             Testing Assertion Enable (std_logic)
%% ----------------------------------------------------------------------------------------------------------------------------------------------------------------------------
%%       29520.0 ns  Log    ID_SEQUENCER        TB seq.             Assertion enabled as trigger is assigned, expecting alert when triggering assert
%%       29520.0 ns  Log    ID_SEQUENCER        TB seq.             Hold 'U' from 40-cycles to 50-cycles
%%       30020.0 ns  Alert  ERROR               TB seq.(uvvm)       assert_change_from_min_to_max_cycles_after_trigger() => Failed. tracked_value (U) never changed in window.
%%       30110.0 ns  Log    ID_SEQUENCER        TB seq.             Assertion enabled prior to trigger, expecting alert when triggering assert
%%       30120.0 ns  Log    ID_SEQUENCER        TB seq.             Hold 'U' from 40-cycles to 50-cycles
%%       30620.0 ns  Alert  ERROR               TB seq.(uvvm)       assert_change_from_min_to_max_cycles_after_trigger() => Failed. tracked_value (U) never changed in window.
%% 
%% 
%%       30670.0 ns  Log    ID_LOG_HDR          TB seq.             Testing CLK Disabled
%% ----------------------------------------------------------------------------------------------------------------------------------------------------------------------------
%%       30670.0 ns  Log    ID_SEQUENCER        TB seq.             Clock deactivated
%%       30710.0 ns  Log    ID_SEQUENCER        TB seq.             Triggering assertion while clk is disabled, expecting no behavior
%%       30750.0 ns  Log    ID_SEQUENCER        TB seq.             Hold 'U' from 40-cycles to 50-cycles
%% 
%% ============================================================================================================================================================================
%%  *** INTERMEDIATE SUMMARY OF ALL ALERTS ***
%% ============================================================================================================================================================================
%%       31310.0 ns  DONE   PASSED  assert_change_from_min_to_max_cycles_after_trigger  Passed: 14  Affirmations Checked: 36
%%    Expected      Failures: 0  Errors: -22  Warnings: 0  Passed: 0
%%    VHDL Asserts  Failures: 0  Errors: 0  Warnings: 0  Passed: 0
%%    Default       Failures: 0  Errors: 22  Warnings: 0  Passed: 0
%%    OSVVM         Failures: 0  Errors: 0  Warnings: 0  Passed: 0
%% ============================================================================================================================================================================
%% 
%% 
%% 
%%       31310.0 ns  Log    ID_LOG_HDR          TB seq.(uvvm)       SIMULATION COMPLETED
%% ----------------------------------------------------------------------------------------------------------------------------------------------------------------------------
