%%           0.0 ns  Log    ID_LOG_MSG_CTRL     TB seq.             disable_log_msg(ALL_MESSAGES).
%%           0.0 ns  Log    ID_LOG_MSG_CTRL     TB seq.             enable_log_msg(ID_LOG_HDR_LARGE).
%%           0.0 ns  Log    ID_LOG_MSG_CTRL     TB seq.             enable_log_msg(ID_LOG_HDR).
%%           0.0 ns  Log    ID_LOG_MSG_CTRL     TB seq.             enable_log_msg(ID_SEQUENCER).
%%           0.0 ns  Log    ID_LOG_MSG_CTRL     TB seq.             enable_log_msg(ID_UVVM_ASSERTION).
%% 
%% 
%% ============================================================================================================================================================================
%%         100.0 ns  Log    ID_LOG_HDR_LARGE    TB seq.(uvvm)       Testing the assertion: assert_change_from_start_to_end_trigger
%% ============================================================================================================================================================================
%% 
%% 
%%         150.0 ns  Log    ID_LOG_HDR          TB seq.             Testing Normal Operation (std_logic_vector)
%% ----------------------------------------------------------------------------------------------------------------------------------------------------------------------------
%%         150.0 ns  Log    ID_SEQUENCER        TB seq.             Testing std_logic_vector transitions within the window
%%         150.0 ns  Log    ID_SEQUENCER        TB seq.             Change the value from "HHHH" to "LLLL", window (0-cycle to 5-cycles)
%%         200.0 ns  Log    PASSED              TB seq.(uvvm)       assert_change_from_start_to_end_trigger() => OK (first). tracked_value had a change in window. OK after 50
%%:                                                                 ns. First change event happened in cycle-5.
%%         250.0 ns  Log    ID_SEQUENCER        TB seq.             Change the value from "HHHH" to "WWWW", window (0-cycle to 5-cycles)
%%         350.0 ns  Log    ID_SEQUENCER        TB seq.             Change the value from "HHHH" to "ZZZZ", window (0-cycle to 5-cycles)
%%         450.0 ns  Log    ID_SEQUENCER        TB seq.             Change the value from "HHHH" to "0000", window (0-cycle to 5-cycles)
%%         550.0 ns  Log    ID_SEQUENCER        TB seq.             Change the value from "HHHH" to "1111", window (0-cycle to 5-cycles)
%%         650.0 ns  Log    ID_SEQUENCER        TB seq.             Change the value from "HHHH" to "XXXX", window (0-cycle to 5-cycles)
%%         750.0 ns  Log    ID_SEQUENCER        TB seq.             Change the value from "HHHH" to "UUUU", window (0-cycle to 5-cycles)
%%         850.0 ns  Log    ID_SEQUENCER        TB seq.             Change the value from "LLLL" to "HHHH", window (0-cycle to 5-cycles)
%%         950.0 ns  Log    ID_SEQUENCER        TB seq.             Change the value from "LLLL" to "WWWW", window (0-cycle to 5-cycles)
%%        1050.0 ns  Log    ID_SEQUENCER        TB seq.             Change the value from "LLLL" to "ZZZZ", window (0-cycle to 5-cycles)
%%        1150.0 ns  Log    ID_SEQUENCER        TB seq.             Change the value from "LLLL" to "0000", window (0-cycle to 5-cycles)
%%        1250.0 ns  Log    ID_SEQUENCER        TB seq.             Change the value from "LLLL" to "1111", window (0-cycle to 5-cycles)
%%        1350.0 ns  Log    ID_SEQUENCER        TB seq.             Change the value from "LLLL" to "XXXX", window (0-cycle to 5-cycles)
%%        1450.0 ns  Log    ID_SEQUENCER        TB seq.             Change the value from "LLLL" to "UUUU", window (0-cycle to 5-cycles)
%%        1550.0 ns  Log    ID_SEQUENCER        TB seq.             Change the value from "WWWW" to "HHHH", window (0-cycle to 5-cycles)
%%        1650.0 ns  Log    ID_SEQUENCER        TB seq.             Change the value from "WWWW" to "LLLL", window (0-cycle to 5-cycles)
%%        1750.0 ns  Log    ID_SEQUENCER        TB seq.             Change the value from "WWWW" to "ZZZZ", window (0-cycle to 5-cycles)
%%        1850.0 ns  Log    ID_SEQUENCER        TB seq.             Change the value from "WWWW" to "0000", window (0-cycle to 5-cycles)
%%        1950.0 ns  Log    ID_SEQUENCER        TB seq.             Change the value from "WWWW" to "1111", window (0-cycle to 5-cycles)
%%        2050.0 ns  Log    ID_SEQUENCER        TB seq.             Change the value from "WWWW" to "XXXX", window (0-cycle to 5-cycles)
%%        2150.0 ns  Log    ID_SEQUENCER        TB seq.             Change the value from "WWWW" to "UUUU", window (0-cycle to 5-cycles)
%%        2250.0 ns  Log    ID_SEQUENCER        TB seq.             Change the value from "ZZZZ" to "HHHH", window (0-cycle to 5-cycles)
%%        2350.0 ns  Log    ID_SEQUENCER        TB seq.             Change the value from "ZZZZ" to "LLLL", window (0-cycle to 5-cycles)
%%        2450.0 ns  Log    ID_SEQUENCER        TB seq.             Change the value from "ZZZZ" to "WWWW", window (0-cycle to 5-cycles)
%%        2550.0 ns  Log    ID_SEQUENCER        TB seq.             Change the value from "ZZZZ" to "0000", window (0-cycle to 5-cycles)
%%        2650.0 ns  Log    ID_SEQUENCER        TB seq.             Change the value from "ZZZZ" to "1111", window (0-cycle to 5-cycles)
%%        2750.0 ns  Log    ID_SEQUENCER        TB seq.             Change the value from "ZZZZ" to "XXXX", window (0-cycle to 5-cycles)
%%        2850.0 ns  Log    ID_SEQUENCER        TB seq.             Change the value from "ZZZZ" to "UUUU", window (0-cycle to 5-cycles)
%%        2950.0 ns  Log    ID_SEQUENCER        TB seq.             Change the value from "0000" to "HHHH", window (0-cycle to 5-cycles)
%%        3050.0 ns  Log    ID_SEQUENCER        TB seq.             Change the value from "0000" to "LLLL", window (0-cycle to 5-cycles)
%%        3150.0 ns  Log    ID_SEQUENCER        TB seq.             Change the value from "0000" to "WWWW", window (0-cycle to 5-cycles)
%%        3250.0 ns  Log    ID_SEQUENCER        TB seq.             Change the value from "0000" to "ZZZZ", window (0-cycle to 5-cycles)
%%        3350.0 ns  Log    ID_SEQUENCER        TB seq.             Change the value from "0000" to "1111", window (0-cycle to 5-cycles)
%%        3450.0 ns  Log    ID_SEQUENCER        TB seq.             Change the value from "0000" to "XXXX", window (0-cycle to 5-cycles)
%%        3550.0 ns  Log    ID_SEQUENCER        TB seq.             Change the value from "0000" to "UUUU", window (0-cycle to 5-cycles)
%%        3650.0 ns  Log    ID_SEQUENCER        TB seq.             Change the value from "1111" to "HHHH", window (0-cycle to 5-cycles)
%%        3750.0 ns  Log    ID_SEQUENCER        TB seq.             Change the value from "1111" to "LLLL", window (0-cycle to 5-cycles)
%%        3850.0 ns  Log    ID_SEQUENCER        TB seq.             Change the value from "1111" to "WWWW", window (0-cycle to 5-cycles)
%%        3950.0 ns  Log    ID_SEQUENCER        TB seq.             Change the value from "1111" to "ZZZZ", window (0-cycle to 5-cycles)
%%        4050.0 ns  Log    ID_SEQUENCER        TB seq.             Change the value from "1111" to "0000", window (0-cycle to 5-cycles)
%%        4150.0 ns  Log    ID_SEQUENCER        TB seq.             Change the value from "1111" to "XXXX", window (0-cycle to 5-cycles)
%%        4250.0 ns  Log    ID_SEQUENCER        TB seq.             Change the value from "1111" to "UUUU", window (0-cycle to 5-cycles)
%%        4350.0 ns  Log    ID_SEQUENCER        TB seq.             Change the value from "XXXX" to "HHHH", window (0-cycle to 5-cycles)
%%        4450.0 ns  Log    ID_SEQUENCER        TB seq.             Change the value from "XXXX" to "LLLL", window (0-cycle to 5-cycles)
%%        4550.0 ns  Log    ID_SEQUENCER        TB seq.             Change the value from "XXXX" to "WWWW", window (0-cycle to 5-cycles)
%%        4650.0 ns  Log    ID_SEQUENCER        TB seq.             Change the value from "XXXX" to "ZZZZ", window (0-cycle to 5-cycles)
%%        4750.0 ns  Log    ID_SEQUENCER        TB seq.             Change the value from "XXXX" to "0000", window (0-cycle to 5-cycles)
%%        4850.0 ns  Log    ID_SEQUENCER        TB seq.             Change the value from "XXXX" to "1111", window (0-cycle to 5-cycles)
%%        4950.0 ns  Log    ID_SEQUENCER        TB seq.             Change the value from "XXXX" to "UUUU", window (0-cycle to 5-cycles)
%%        5050.0 ns  Log    ID_SEQUENCER        TB seq.             Change the value from "UUUU" to "HHHH", window (0-cycle to 5-cycles)
%%        5150.0 ns  Log    ID_SEQUENCER        TB seq.             Change the value from "UUUU" to "LLLL", window (0-cycle to 5-cycles)
%%        5250.0 ns  Log    ID_SEQUENCER        TB seq.             Change the value from "UUUU" to "WWWW", window (0-cycle to 5-cycles)
%%        5350.0 ns  Log    ID_SEQUENCER        TB seq.             Change the value from "UUUU" to "ZZZZ", window (0-cycle to 5-cycles)
%%        5450.0 ns  Log    ID_SEQUENCER        TB seq.             Change the value from "UUUU" to "0000", window (0-cycle to 5-cycles)
%%        5550.0 ns  Log    ID_SEQUENCER        TB seq.             Change the value from "UUUU" to "1111", window (0-cycle to 5-cycles)
%%        5650.0 ns  Log    ID_SEQUENCER        TB seq.             Change the value from "UUUU" to "XXXX", window (0-cycle to 5-cycles)
%%        5750.0 ns  Log    ID_SEQUENCER        TB seq.             Testing std_logic_vector transitions at cycle-1
%%        5750.0 ns  Log    ID_SEQUENCER        TB seq.             Change the value from "HHHH" to "LLLL", window (0-cycle to 1-cycles)
%%        5810.0 ns  Log    ID_SEQUENCER        TB seq.             Change the value from "HHHH" to "WWWW", window (0-cycle to 1-cycles)
%%        5870.0 ns  Log    ID_SEQUENCER        TB seq.             Change the value from "HHHH" to "ZZZZ", window (0-cycle to 1-cycles)
%%        5930.0 ns  Log    ID_SEQUENCER        TB seq.             Change the value from "HHHH" to "0000", window (0-cycle to 1-cycles)
%%        5990.0 ns  Log    ID_SEQUENCER        TB seq.             Change the value from "HHHH" to "1111", window (0-cycle to 1-cycles)
%%        6050.0 ns  Log    ID_SEQUENCER        TB seq.             Change the value from "HHHH" to "XXXX", window (0-cycle to 1-cycles)
%%        6110.0 ns  Log    ID_SEQUENCER        TB seq.             Change the value from "HHHH" to "UUUU", window (0-cycle to 1-cycles)
%%        6170.0 ns  Log    ID_SEQUENCER        TB seq.             Change the value from "LLLL" to "HHHH", window (0-cycle to 1-cycles)
%%        6230.0 ns  Log    ID_SEQUENCER        TB seq.             Change the value from "LLLL" to "WWWW", window (0-cycle to 1-cycles)
%%        6290.0 ns  Log    ID_SEQUENCER        TB seq.             Change the value from "LLLL" to "ZZZZ", window (0-cycle to 1-cycles)
%%        6350.0 ns  Log    ID_SEQUENCER        TB seq.             Change the value from "LLLL" to "0000", window (0-cycle to 1-cycles)
%%        6410.0 ns  Log    ID_SEQUENCER        TB seq.             Change the value from "LLLL" to "1111", window (0-cycle to 1-cycles)
%%        6470.0 ns  Log    ID_SEQUENCER        TB seq.             Change the value from "LLLL" to "XXXX", window (0-cycle to 1-cycles)
%%        6530.0 ns  Log    ID_SEQUENCER        TB seq.             Change the value from "LLLL" to "UUUU", window (0-cycle to 1-cycles)
%%        6590.0 ns  Log    ID_SEQUENCER        TB seq.             Change the value from "WWWW" to "HHHH", window (0-cycle to 1-cycles)
%%        6650.0 ns  Log    ID_SEQUENCER        TB seq.             Change the value from "WWWW" to "LLLL", window (0-cycle to 1-cycles)
%%        6710.0 ns  Log    ID_SEQUENCER        TB seq.             Change the value from "WWWW" to "ZZZZ", window (0-cycle to 1-cycles)
%%        6770.0 ns  Log    ID_SEQUENCER        TB seq.             Change the value from "WWWW" to "0000", window (0-cycle to 1-cycles)
%%        6830.0 ns  Log    ID_SEQUENCER        TB seq.             Change the value from "WWWW" to "1111", window (0-cycle to 1-cycles)
%%        6890.0 ns  Log    ID_SEQUENCER        TB seq.             Change the value from "WWWW" to "XXXX", window (0-cycle to 1-cycles)
%%        6950.0 ns  Log    ID_SEQUENCER        TB seq.             Change the value from "WWWW" to "UUUU", window (0-cycle to 1-cycles)
%%        7010.0 ns  Log    ID_SEQUENCER        TB seq.             Change the value from "ZZZZ" to "HHHH", window (0-cycle to 1-cycles)
%%        7070.0 ns  Log    ID_SEQUENCER        TB seq.             Change the value from "ZZZZ" to "LLLL", window (0-cycle to 1-cycles)
%%        7130.0 ns  Log    ID_SEQUENCER        TB seq.             Change the value from "ZZZZ" to "WWWW", window (0-cycle to 1-cycles)
%%        7190.0 ns  Log    ID_SEQUENCER        TB seq.             Change the value from "ZZZZ" to "0000", window (0-cycle to 1-cycles)
%%        7250.0 ns  Log    ID_SEQUENCER        TB seq.             Change the value from "ZZZZ" to "1111", window (0-cycle to 1-cycles)
%%        7310.0 ns  Log    ID_SEQUENCER        TB seq.             Change the value from "ZZZZ" to "XXXX", window (0-cycle to 1-cycles)
%%        7370.0 ns  Log    ID_SEQUENCER        TB seq.             Change the value from "ZZZZ" to "UUUU", window (0-cycle to 1-cycles)
%%        7430.0 ns  Log    ID_SEQUENCER        TB seq.             Change the value from "0000" to "HHHH", window (0-cycle to 1-cycles)
%%        7490.0 ns  Log    ID_SEQUENCER        TB seq.             Change the value from "0000" to "LLLL", window (0-cycle to 1-cycles)
%%        7550.0 ns  Log    ID_SEQUENCER        TB seq.             Change the value from "0000" to "WWWW", window (0-cycle to 1-cycles)
%%        7610.0 ns  Log    ID_SEQUENCER        TB seq.             Change the value from "0000" to "ZZZZ", window (0-cycle to 1-cycles)
%%        7670.0 ns  Log    ID_SEQUENCER        TB seq.             Change the value from "0000" to "1111", window (0-cycle to 1-cycles)
%%        7730.0 ns  Log    ID_SEQUENCER        TB seq.             Change the value from "0000" to "XXXX", window (0-cycle to 1-cycles)
%%        7790.0 ns  Log    ID_SEQUENCER        TB seq.             Change the value from "0000" to "UUUU", window (0-cycle to 1-cycles)
%%        7850.0 ns  Log    ID_SEQUENCER        TB seq.             Change the value from "1111" to "HHHH", window (0-cycle to 1-cycles)
%%        7910.0 ns  Log    ID_SEQUENCER        TB seq.             Change the value from "1111" to "LLLL", window (0-cycle to 1-cycles)
%%        7970.0 ns  Log    ID_SEQUENCER        TB seq.             Change the value from "1111" to "WWWW", window (0-cycle to 1-cycles)
%%        8030.0 ns  Log    ID_SEQUENCER        TB seq.             Change the value from "1111" to "ZZZZ", window (0-cycle to 1-cycles)
%%        8090.0 ns  Log    ID_SEQUENCER        TB seq.             Change the value from "1111" to "0000", window (0-cycle to 1-cycles)
%%        8150.0 ns  Log    ID_SEQUENCER        TB seq.             Change the value from "1111" to "XXXX", window (0-cycle to 1-cycles)
%%        8210.0 ns  Log    ID_SEQUENCER        TB seq.             Change the value from "1111" to "UUUU", window (0-cycle to 1-cycles)
%%        8270.0 ns  Log    ID_SEQUENCER        TB seq.             Change the value from "XXXX" to "HHHH", window (0-cycle to 1-cycles)
%%        8330.0 ns  Log    ID_SEQUENCER        TB seq.             Change the value from "XXXX" to "LLLL", window (0-cycle to 1-cycles)
%%        8390.0 ns  Log    ID_SEQUENCER        TB seq.             Change the value from "XXXX" to "WWWW", window (0-cycle to 1-cycles)
%%        8450.0 ns  Log    ID_SEQUENCER        TB seq.             Change the value from "XXXX" to "ZZZZ", window (0-cycle to 1-cycles)
%%        8510.0 ns  Log    ID_SEQUENCER        TB seq.             Change the value from "XXXX" to "0000", window (0-cycle to 1-cycles)
%%        8570.0 ns  Log    ID_SEQUENCER        TB seq.             Change the value from "XXXX" to "1111", window (0-cycle to 1-cycles)
%%        8630.0 ns  Log    ID_SEQUENCER        TB seq.             Change the value from "XXXX" to "UUUU", window (0-cycle to 1-cycles)
%%        8690.0 ns  Log    ID_SEQUENCER        TB seq.             Change the value from "UUUU" to "HHHH", window (0-cycle to 1-cycles)
%%        8750.0 ns  Log    ID_SEQUENCER        TB seq.             Change the value from "UUUU" to "LLLL", window (0-cycle to 1-cycles)
%%        8810.0 ns  Log    ID_SEQUENCER        TB seq.             Change the value from "UUUU" to "WWWW", window (0-cycle to 1-cycles)
%%        8870.0 ns  Log    ID_SEQUENCER        TB seq.             Change the value from "UUUU" to "ZZZZ", window (0-cycle to 1-cycles)
%%        8930.0 ns  Log    ID_SEQUENCER        TB seq.             Change the value from "UUUU" to "0000", window (0-cycle to 1-cycles)
%%        8990.0 ns  Log    ID_SEQUENCER        TB seq.             Change the value from "UUUU" to "1111", window (0-cycle to 1-cycles)
%%        9050.0 ns  Log    ID_SEQUENCER        TB seq.             Change the value from "UUUU" to "XXXX", window (0-cycle to 1-cycles)
%%        9110.0 ns  Log    ID_SEQUENCER        TB seq.             Testing multiple triggers within the window
%%        9170.0 ns  Log    PASSED              TB seq.(uvvm)       assert_change_from_start_to_end_trigger() => OK (first). tracked_value had a change in window. OK after 10
%%:                                                                 ns. First change event happened in cycle-1.
%% 
%% 
%%        9270.0 ns  Log    ID_LOG_HDR          TB seq.             Testing Triggering Assertion (std_logic_vector)
%% ----------------------------------------------------------------------------------------------------------------------------------------------------------------------------
%%        9270.0 ns  Log    ID_SEQUENCER        TB seq.             Testing invalid sequences (no std_logic_vector transitions) within the window
%%        9270.0 ns  Log    ID_SEQUENCER        TB seq.             Hold "HHHH" from 0-cycle to 5-cycles
%%        9320.0 ns  Alert  ERROR               TB seq.(uvvm)       assert_change_from_start_to_end_trigger() => Failed. tracked_value (HHHH) never changed in window. pipe: (2).
%%        9370.0 ns  Log    ID_SEQUENCER        TB seq.             Hold "LLLL" from 0-cycle to 5-cycles
%%        9420.0 ns  Alert  ERROR               TB seq.(uvvm)       assert_change_from_start_to_end_trigger() => Failed. tracked_value (LLLL) never changed in window. pipe: (3).
%%        9470.0 ns  Log    ID_SEQUENCER        TB seq.             Hold "WWWW" from 0-cycle to 5-cycles
%%        9520.0 ns  Alert  ERROR               TB seq.(uvvm)       assert_change_from_start_to_end_trigger() => Failed. tracked_value (WWWW) never changed in window. pipe: (4).
%%        9570.0 ns  Log    ID_SEQUENCER        TB seq.             Hold "ZZZZ" from 0-cycle to 5-cycles
%%        9620.0 ns  Alert  ERROR               TB seq.(uvvm)       assert_change_from_start_to_end_trigger() => Failed. tracked_value (ZZZZ) never changed in window. pipe: (5).
%%        9670.0 ns  Log    ID_SEQUENCER        TB seq.             Hold "0000" from 0-cycle to 5-cycles
%%        9720.0 ns  Alert  ERROR               TB seq.(uvvm)       assert_change_from_start_to_end_trigger() => Failed. tracked_value (0000) never changed in window. pipe: (6).
%%        9770.0 ns  Log    ID_SEQUENCER        TB seq.             Hold "1111" from 0-cycle to 5-cycles
%%        9820.0 ns  Alert  ERROR               TB seq.(uvvm)       assert_change_from_start_to_end_trigger() => Failed. tracked_value (1111) never changed in window. pipe: (7).
%%        9870.0 ns  Log    ID_SEQUENCER        TB seq.             Hold "XXXX" from 0-cycle to 5-cycles
%%        9920.0 ns  Alert  ERROR               TB seq.(uvvm)       assert_change_from_start_to_end_trigger() => Failed. tracked_value (XXXX) never changed in window. pipe: (8).
%%        9970.0 ns  Log    ID_SEQUENCER        TB seq.             Hold "UUUU" from 0-cycle to 5-cycles
%%       10020.0 ns  Alert  ERROR               TB seq.(uvvm)       assert_change_from_start_to_end_trigger() => Failed. tracked_value (UUUU) never changed in window. pipe: (9).
%%       10070.0 ns  Log    ID_SEQUENCER        TB seq.             Testing triggering assert /w multiple triggers within the window
%%       10110.0 ns  Alert  ERROR               TB seq.(uvvm)       assert_change_from_start_to_end_trigger() => Failed. tracked_value (UUUU) never changed in window. pipe: (10).
%%       10110.0 ns  Alert  ERROR               TB seq.(uvvm)       assert_change_from_start_to_end_trigger() => Failed. tracked_value (UUUU) never changed in window. pipe: (11).
%% 
%% 
%%       10180.0 ns  Log    ID_LOG_HDR          TB seq.             Testing pos_ack_kind: EVERY (std_logic_vector)
%% ----------------------------------------------------------------------------------------------------------------------------------------------------------------------------
%%       10180.0 ns  Log    ID_SEQUENCER        TB seq.             Expecting a positive acknowledge on each successful window sequence
%%       10230.0 ns  Log    ID_SEQUENCER        TB seq.             Change the value from "UUUU" to "1111", window (0-cycle to 1-cycles)
%%       10240.0 ns  Log    PASSED              TB seq.(uvvm)       assert_change_from_start_to_end_trigger() => OK. tracked_value had a change in window. OK after 10 ns.
%%:                                                                 First change event happened in cycle-1.
%%       10290.0 ns  Log    ID_SEQUENCER        TB seq.             Change the value from "UUUU" to "1111", window (0-cycle to 2-cycles)
%%       10310.0 ns  Log    PASSED              TB seq.(uvvm)       assert_change_from_start_to_end_trigger() => OK. tracked_value had a change in window. OK after 20 ns.
%%:                                                                 First change event happened in cycle-2. pipe: (1).
%%       10360.0 ns  Log    ID_SEQUENCER        TB seq.             Change the value from "UUUU" to "1111", window (0-cycle to 3-cycles)
%%       10390.0 ns  Log    PASSED              TB seq.(uvvm)       assert_change_from_start_to_end_trigger() => OK. tracked_value had a change in window. OK after 30 ns.
%%:                                                                 First change event happened in cycle-3. pipe: (2).
%%       10440.0 ns  Log    ID_SEQUENCER        TB seq.             Change the value from "UUUU" to "1111", window (0-cycle to 4-cycles)
%%       10480.0 ns  Log    PASSED              TB seq.(uvvm)       assert_change_from_start_to_end_trigger() => OK. tracked_value had a change in window. OK after 40 ns.
%%:                                                                 First change event happened in cycle-4. pipe: (3).
%% 
%% 
%%       10620.0 ns  Log    ID_LOG_HDR          TB seq.             Testing Normal Operation (std_logic)
%% ----------------------------------------------------------------------------------------------------------------------------------------------------------------------------
%%       10620.0 ns  Log    ID_SEQUENCER        TB seq.             Testing all std_logic transitions within the window
%%       10620.0 ns  Log    ID_SEQUENCER        TB seq.             Change the value from 'U' to 'X', window (0-cycle to 5-cycles)
%%       10670.0 ns  Log    PASSED              TB seq.(uvvm)       assert_change_from_start_to_end_trigger() => OK (first). tracked_value had a change in window. OK after 50
%%:                                                                 ns. First change event happened in cycle-5.
%%       10720.0 ns  Log    ID_SEQUENCER        TB seq.             Change the value from 'U' to '1', window (0-cycle to 5-cycles)
%%       10820.0 ns  Log    ID_SEQUENCER        TB seq.             Change the value from 'U' to '0', window (0-cycle to 5-cycles)
%%       10920.0 ns  Log    ID_SEQUENCER        TB seq.             Change the value from 'U' to 'Z', window (0-cycle to 5-cycles)
%%       11020.0 ns  Log    ID_SEQUENCER        TB seq.             Change the value from 'U' to 'W', window (0-cycle to 5-cycles)
%%       11120.0 ns  Log    ID_SEQUENCER        TB seq.             Change the value from 'U' to 'L', window (0-cycle to 5-cycles)
%%       11220.0 ns  Log    ID_SEQUENCER        TB seq.             Change the value from 'U' to 'H', window (0-cycle to 5-cycles)
%%       11320.0 ns  Log    ID_SEQUENCER        TB seq.             Change the value from 'X' to 'U', window (0-cycle to 5-cycles)
%%       11420.0 ns  Log    ID_SEQUENCER        TB seq.             Change the value from 'X' to '1', window (0-cycle to 5-cycles)
%%       11520.0 ns  Log    ID_SEQUENCER        TB seq.             Change the value from 'X' to '0', window (0-cycle to 5-cycles)
%%       11620.0 ns  Log    ID_SEQUENCER        TB seq.             Change the value from 'X' to 'Z', window (0-cycle to 5-cycles)
%%       11720.0 ns  Log    ID_SEQUENCER        TB seq.             Change the value from 'X' to 'W', window (0-cycle to 5-cycles)
%%       11820.0 ns  Log    ID_SEQUENCER        TB seq.             Change the value from 'X' to 'L', window (0-cycle to 5-cycles)
%%       11920.0 ns  Log    ID_SEQUENCER        TB seq.             Change the value from 'X' to 'H', window (0-cycle to 5-cycles)
%%       12020.0 ns  Log    ID_SEQUENCER        TB seq.             Change the value from '1' to 'U', window (0-cycle to 5-cycles)
%%       12120.0 ns  Log    ID_SEQUENCER        TB seq.             Change the value from '1' to 'X', window (0-cycle to 5-cycles)
%%       12220.0 ns  Log    ID_SEQUENCER        TB seq.             Change the value from '1' to '0', window (0-cycle to 5-cycles)
%%       12320.0 ns  Log    ID_SEQUENCER        TB seq.             Change the value from '1' to 'Z', window (0-cycle to 5-cycles)
%%       12420.0 ns  Log    ID_SEQUENCER        TB seq.             Change the value from '1' to 'W', window (0-cycle to 5-cycles)
%%       12520.0 ns  Log    ID_SEQUENCER        TB seq.             Change the value from '1' to 'L', window (0-cycle to 5-cycles)
%%       12620.0 ns  Log    ID_SEQUENCER        TB seq.             Change the value from '1' to 'H', window (0-cycle to 5-cycles)
%%       12720.0 ns  Log    ID_SEQUENCER        TB seq.             Change the value from '0' to 'U', window (0-cycle to 5-cycles)
%%       12820.0 ns  Log    ID_SEQUENCER        TB seq.             Change the value from '0' to 'X', window (0-cycle to 5-cycles)
%%       12920.0 ns  Log    ID_SEQUENCER        TB seq.             Change the value from '0' to '1', window (0-cycle to 5-cycles)
%%       13020.0 ns  Log    ID_SEQUENCER        TB seq.             Change the value from '0' to 'Z', window (0-cycle to 5-cycles)
%%       13120.0 ns  Log    ID_SEQUENCER        TB seq.             Change the value from '0' to 'W', window (0-cycle to 5-cycles)
%%       13220.0 ns  Log    ID_SEQUENCER        TB seq.             Change the value from '0' to 'L', window (0-cycle to 5-cycles)
%%       13320.0 ns  Log    ID_SEQUENCER        TB seq.             Change the value from '0' to 'H', window (0-cycle to 5-cycles)
%%       13420.0 ns  Log    ID_SEQUENCER        TB seq.             Change the value from 'Z' to 'U', window (0-cycle to 5-cycles)
%%       13520.0 ns  Log    ID_SEQUENCER        TB seq.             Change the value from 'Z' to 'X', window (0-cycle to 5-cycles)
%%       13620.0 ns  Log    ID_SEQUENCER        TB seq.             Change the value from 'Z' to '1', window (0-cycle to 5-cycles)
%%       13720.0 ns  Log    ID_SEQUENCER        TB seq.             Change the value from 'Z' to '0', window (0-cycle to 5-cycles)
%%       13820.0 ns  Log    ID_SEQUENCER        TB seq.             Change the value from 'Z' to 'W', window (0-cycle to 5-cycles)
%%       13920.0 ns  Log    ID_SEQUENCER        TB seq.             Change the value from 'Z' to 'L', window (0-cycle to 5-cycles)
%%       14020.0 ns  Log    ID_SEQUENCER        TB seq.             Change the value from 'Z' to 'H', window (0-cycle to 5-cycles)
%%       14120.0 ns  Log    ID_SEQUENCER        TB seq.             Change the value from 'W' to 'U', window (0-cycle to 5-cycles)
%%       14220.0 ns  Log    ID_SEQUENCER        TB seq.             Change the value from 'W' to 'X', window (0-cycle to 5-cycles)
%%       14320.0 ns  Log    ID_SEQUENCER        TB seq.             Change the value from 'W' to '1', window (0-cycle to 5-cycles)
%%       14420.0 ns  Log    ID_SEQUENCER        TB seq.             Change the value from 'W' to '0', window (0-cycle to 5-cycles)
%%       14520.0 ns  Log    ID_SEQUENCER        TB seq.             Change the value from 'W' to 'Z', window (0-cycle to 5-cycles)
%%       14620.0 ns  Log    ID_SEQUENCER        TB seq.             Change the value from 'W' to 'L', window (0-cycle to 5-cycles)
%%       14720.0 ns  Log    ID_SEQUENCER        TB seq.             Change the value from 'W' to 'H', window (0-cycle to 5-cycles)
%%       14820.0 ns  Log    ID_SEQUENCER        TB seq.             Change the value from 'L' to 'U', window (0-cycle to 5-cycles)
%%       14920.0 ns  Log    ID_SEQUENCER        TB seq.             Change the value from 'L' to 'X', window (0-cycle to 5-cycles)
%%       15020.0 ns  Log    ID_SEQUENCER        TB seq.             Change the value from 'L' to '1', window (0-cycle to 5-cycles)
%%       15120.0 ns  Log    ID_SEQUENCER        TB seq.             Change the value from 'L' to '0', window (0-cycle to 5-cycles)
%%       15220.0 ns  Log    ID_SEQUENCER        TB seq.             Change the value from 'L' to 'Z', window (0-cycle to 5-cycles)
%%       15320.0 ns  Log    ID_SEQUENCER        TB seq.             Change the value from 'L' to 'W', window (0-cycle to 5-cycles)
%%       15420.0 ns  Log    ID_SEQUENCER        TB seq.             Change the value from 'L' to 'H', window (0-cycle to 5-cycles)
%%       15520.0 ns  Log    ID_SEQUENCER        TB seq.             Change the value from 'H' to 'U', window (0-cycle to 5-cycles)
%%       15620.0 ns  Log    ID_SEQUENCER        TB seq.             Change the value from 'H' to 'X', window (0-cycle to 5-cycles)
%%       15720.0 ns  Log    ID_SEQUENCER        TB seq.             Change the value from 'H' to '1', window (0-cycle to 5-cycles)
%%       15820.0 ns  Log    ID_SEQUENCER        TB seq.             Change the value from 'H' to '0', window (0-cycle to 5-cycles)
%%       15920.0 ns  Log    ID_SEQUENCER        TB seq.             Change the value from 'H' to 'Z', window (0-cycle to 5-cycles)
%%       16020.0 ns  Log    ID_SEQUENCER        TB seq.             Change the value from 'H' to 'W', window (0-cycle to 5-cycles)
%%       16120.0 ns  Log    ID_SEQUENCER        TB seq.             Change the value from 'H' to 'L', window (0-cycle to 5-cycles)
%%       16220.0 ns  Log    ID_SEQUENCER        TB seq.             Testing all std_logic transitions at cycle-1
%%       16220.0 ns  Log    ID_SEQUENCER        TB seq.             Change the value from 'U' to 'X', window (0-cycle to 1-cycles)
%%       16280.0 ns  Log    ID_SEQUENCER        TB seq.             Change the value from 'U' to '1', window (0-cycle to 1-cycles)
%%       16340.0 ns  Log    ID_SEQUENCER        TB seq.             Change the value from 'U' to '0', window (0-cycle to 1-cycles)
%%       16400.0 ns  Log    ID_SEQUENCER        TB seq.             Change the value from 'U' to 'Z', window (0-cycle to 1-cycles)
%%       16460.0 ns  Log    ID_SEQUENCER        TB seq.             Change the value from 'U' to 'W', window (0-cycle to 1-cycles)
%%       16520.0 ns  Log    ID_SEQUENCER        TB seq.             Change the value from 'U' to 'L', window (0-cycle to 1-cycles)
%%       16580.0 ns  Log    ID_SEQUENCER        TB seq.             Change the value from 'U' to 'H', window (0-cycle to 1-cycles)
%%       16640.0 ns  Log    ID_SEQUENCER        TB seq.             Change the value from 'X' to 'U', window (0-cycle to 1-cycles)
%%       16700.0 ns  Log    ID_SEQUENCER        TB seq.             Change the value from 'X' to '1', window (0-cycle to 1-cycles)
%%       16760.0 ns  Log    ID_SEQUENCER        TB seq.             Change the value from 'X' to '0', window (0-cycle to 1-cycles)
%%       16820.0 ns  Log    ID_SEQUENCER        TB seq.             Change the value from 'X' to 'Z', window (0-cycle to 1-cycles)
%%       16880.0 ns  Log    ID_SEQUENCER        TB seq.             Change the value from 'X' to 'W', window (0-cycle to 1-cycles)
%%       16940.0 ns  Log    ID_SEQUENCER        TB seq.             Change the value from 'X' to 'L', window (0-cycle to 1-cycles)
%%       17000.0 ns  Log    ID_SEQUENCER        TB seq.             Change the value from 'X' to 'H', window (0-cycle to 1-cycles)
%%       17060.0 ns  Log    ID_SEQUENCER        TB seq.             Change the value from '1' to 'U', window (0-cycle to 1-cycles)
%%       17120.0 ns  Log    ID_SEQUENCER        TB seq.             Change the value from '1' to 'X', window (0-cycle to 1-cycles)
%%       17180.0 ns  Log    ID_SEQUENCER        TB seq.             Change the value from '1' to '0', window (0-cycle to 1-cycles)
%%       17240.0 ns  Log    ID_SEQUENCER        TB seq.             Change the value from '1' to 'Z', window (0-cycle to 1-cycles)
%%       17300.0 ns  Log    ID_SEQUENCER        TB seq.             Change the value from '1' to 'W', window (0-cycle to 1-cycles)
%%       17360.0 ns  Log    ID_SEQUENCER        TB seq.             Change the value from '1' to 'L', window (0-cycle to 1-cycles)
%%       17420.0 ns  Log    ID_SEQUENCER        TB seq.             Change the value from '1' to 'H', window (0-cycle to 1-cycles)
%%       17480.0 ns  Log    ID_SEQUENCER        TB seq.             Change the value from '0' to 'U', window (0-cycle to 1-cycles)
%%       17540.0 ns  Log    ID_SEQUENCER        TB seq.             Change the value from '0' to 'X', window (0-cycle to 1-cycles)
%%       17600.0 ns  Log    ID_SEQUENCER        TB seq.             Change the value from '0' to '1', window (0-cycle to 1-cycles)
%%       17660.0 ns  Log    ID_SEQUENCER        TB seq.             Change the value from '0' to 'Z', window (0-cycle to 1-cycles)
%%       17720.0 ns  Log    ID_SEQUENCER        TB seq.             Change the value from '0' to 'W', window (0-cycle to 1-cycles)
%%       17780.0 ns  Log    ID_SEQUENCER        TB seq.             Change the value from '0' to 'L', window (0-cycle to 1-cycles)
%%       17840.0 ns  Log    ID_SEQUENCER        TB seq.             Change the value from '0' to 'H', window (0-cycle to 1-cycles)
%%       17900.0 ns  Log    ID_SEQUENCER        TB seq.             Change the value from 'Z' to 'U', window (0-cycle to 1-cycles)
%%       17960.0 ns  Log    ID_SEQUENCER        TB seq.             Change the value from 'Z' to 'X', window (0-cycle to 1-cycles)
%%       18020.0 ns  Log    ID_SEQUENCER        TB seq.             Change the value from 'Z' to '1', window (0-cycle to 1-cycles)
%%       18080.0 ns  Log    ID_SEQUENCER        TB seq.             Change the value from 'Z' to '0', window (0-cycle to 1-cycles)
%%       18140.0 ns  Log    ID_SEQUENCER        TB seq.             Change the value from 'Z' to 'W', window (0-cycle to 1-cycles)
%%       18200.0 ns  Log    ID_SEQUENCER        TB seq.             Change the value from 'Z' to 'L', window (0-cycle to 1-cycles)
%%       18260.0 ns  Log    ID_SEQUENCER        TB seq.             Change the value from 'Z' to 'H', window (0-cycle to 1-cycles)
%%       18320.0 ns  Log    ID_SEQUENCER        TB seq.             Change the value from 'W' to 'U', window (0-cycle to 1-cycles)
%%       18380.0 ns  Log    ID_SEQUENCER        TB seq.             Change the value from 'W' to 'X', window (0-cycle to 1-cycles)
%%       18440.0 ns  Log    ID_SEQUENCER        TB seq.             Change the value from 'W' to '1', window (0-cycle to 1-cycles)
%%       18500.0 ns  Log    ID_SEQUENCER        TB seq.             Change the value from 'W' to '0', window (0-cycle to 1-cycles)
%%       18560.0 ns  Log    ID_SEQUENCER        TB seq.             Change the value from 'W' to 'Z', window (0-cycle to 1-cycles)
%%       18620.0 ns  Log    ID_SEQUENCER        TB seq.             Change the value from 'W' to 'L', window (0-cycle to 1-cycles)
%%       18680.0 ns  Log    ID_SEQUENCER        TB seq.             Change the value from 'W' to 'H', window (0-cycle to 1-cycles)
%%       18740.0 ns  Log    ID_SEQUENCER        TB seq.             Change the value from 'L' to 'U', window (0-cycle to 1-cycles)
%%       18800.0 ns  Log    ID_SEQUENCER        TB seq.             Change the value from 'L' to 'X', window (0-cycle to 1-cycles)
%%       18860.0 ns  Log    ID_SEQUENCER        TB seq.             Change the value from 'L' to '1', window (0-cycle to 1-cycles)
%%       18920.0 ns  Log    ID_SEQUENCER        TB seq.             Change the value from 'L' to '0', window (0-cycle to 1-cycles)
%%       18980.0 ns  Log    ID_SEQUENCER        TB seq.             Change the value from 'L' to 'Z', window (0-cycle to 1-cycles)
%%       19040.0 ns  Log    ID_SEQUENCER        TB seq.             Change the value from 'L' to 'W', window (0-cycle to 1-cycles)
%%       19100.0 ns  Log    ID_SEQUENCER        TB seq.             Change the value from 'L' to 'H', window (0-cycle to 1-cycles)
%%       19160.0 ns  Log    ID_SEQUENCER        TB seq.             Change the value from 'H' to 'U', window (0-cycle to 1-cycles)
%%       19220.0 ns  Log    ID_SEQUENCER        TB seq.             Change the value from 'H' to 'X', window (0-cycle to 1-cycles)
%%       19280.0 ns  Log    ID_SEQUENCER        TB seq.             Change the value from 'H' to '1', window (0-cycle to 1-cycles)
%%       19340.0 ns  Log    ID_SEQUENCER        TB seq.             Change the value from 'H' to '0', window (0-cycle to 1-cycles)
%%       19400.0 ns  Log    ID_SEQUENCER        TB seq.             Change the value from 'H' to 'Z', window (0-cycle to 1-cycles)
%%       19460.0 ns  Log    ID_SEQUENCER        TB seq.             Change the value from 'H' to 'W', window (0-cycle to 1-cycles)
%%       19520.0 ns  Log    ID_SEQUENCER        TB seq.             Change the value from 'H' to 'L', window (0-cycle to 1-cycles)
%%       19580.0 ns  Log    ID_SEQUENCER        TB seq.             Testing multiple triggers within the window
%%       19640.0 ns  Log    PASSED              TB seq.(uvvm)       assert_change_from_start_to_end_trigger() => OK (first). tracked_value had a change in window. OK after 10
%%:                                                                 ns. First change event happened in cycle-1.
%% 
%% 
%%       19740.0 ns  Log    ID_LOG_HDR          TB seq.             Testing Triggering Assertion (std_logic)
%% ----------------------------------------------------------------------------------------------------------------------------------------------------------------------------
%%       19740.0 ns  Log    ID_SEQUENCER        TB seq.             Testing all invalid sequences (no std_logic transitions) within the window
%%       19740.0 ns  Log    ID_SEQUENCER        TB seq.             Hold 'U' from 0-cycle to 5-cycles
%%       19790.0 ns  Alert  ERROR               TB seq.(uvvm)       assert_change_from_start_to_end_trigger() => Failed. tracked_value (U) never changed in window. pipe: (2).
%%       19840.0 ns  Log    ID_SEQUENCER        TB seq.             Hold 'X' from 0-cycle to 5-cycles
%%       19890.0 ns  Alert  ERROR               TB seq.(uvvm)       assert_change_from_start_to_end_trigger() => Failed. tracked_value (X) never changed in window. pipe: (3).
%%       19940.0 ns  Log    ID_SEQUENCER        TB seq.             Hold '1' from 0-cycle to 5-cycles
%%       19990.0 ns  Alert  ERROR               TB seq.(uvvm)       assert_change_from_start_to_end_trigger() => Failed. tracked_value (1) never changed in window. pipe: (4).
%%       20040.0 ns  Log    ID_SEQUENCER        TB seq.             Hold '0' from 0-cycle to 5-cycles
%%       20090.0 ns  Alert  ERROR               TB seq.(uvvm)       assert_change_from_start_to_end_trigger() => Failed. tracked_value (0) never changed in window. pipe: (5).
%%       20140.0 ns  Log    ID_SEQUENCER        TB seq.             Hold 'Z' from 0-cycle to 5-cycles
%%       20190.0 ns  Alert  ERROR               TB seq.(uvvm)       assert_change_from_start_to_end_trigger() => Failed. tracked_value (Z) never changed in window. pipe: (6).
%%       20240.0 ns  Log    ID_SEQUENCER        TB seq.             Hold 'W' from 0-cycle to 5-cycles
%%       20290.0 ns  Alert  ERROR               TB seq.(uvvm)       assert_change_from_start_to_end_trigger() => Failed. tracked_value (W) never changed in window. pipe: (7).
%%       20340.0 ns  Log    ID_SEQUENCER        TB seq.             Hold 'L' from 0-cycle to 5-cycles
%%       20390.0 ns  Alert  ERROR               TB seq.(uvvm)       assert_change_from_start_to_end_trigger() => Failed. tracked_value (L) never changed in window. pipe: (8).
%%       20440.0 ns  Log    ID_SEQUENCER        TB seq.             Hold 'H' from 0-cycle to 5-cycles
%%       20490.0 ns  Alert  ERROR               TB seq.(uvvm)       assert_change_from_start_to_end_trigger() => Failed. tracked_value (H) never changed in window. pipe: (9).
%%       20540.0 ns  Log    ID_SEQUENCER        TB seq.             Testing triggering assert /w multiple triggers within the window
%%       20580.0 ns  Alert  ERROR               TB seq.(uvvm)       assert_change_from_start_to_end_trigger() => Failed. tracked_value (U) never changed in window. pipe: (10).
%%       20580.0 ns  Alert  ERROR               TB seq.(uvvm)       assert_change_from_start_to_end_trigger() => Failed. tracked_value (U) never changed in window. pipe: (11).
%% 
%% 
%%       20650.0 ns  Log    ID_LOG_HDR          TB seq.             Testing pos_ack_kind: EVERY (std_logic)
%% ----------------------------------------------------------------------------------------------------------------------------------------------------------------------------
%%       20650.0 ns  Log    ID_SEQUENCER        TB seq.             Expecting a positive acknowledge on each successful window sequence
%%       20700.0 ns  Log    ID_SEQUENCER        TB seq.             Change the value from 'U' to '1', window (0-cycle to 1-cycles)
%%       20710.0 ns  Log    PASSED              TB seq.(uvvm)       assert_change_from_start_to_end_trigger() => OK. tracked_value had a change in window. OK after 10 ns.
%%:                                                                 First change event happened in cycle-1.
%%       20760.0 ns  Log    ID_SEQUENCER        TB seq.             Change the value from 'U' to '1', window (0-cycle to 2-cycles)
%%       20780.0 ns  Log    PASSED              TB seq.(uvvm)       assert_change_from_start_to_end_trigger() => OK. tracked_value had a change in window. OK after 20 ns.
%%:                                                                 First change event happened in cycle-2. pipe: (1).
%%       20830.0 ns  Log    ID_SEQUENCER        TB seq.             Change the value from 'U' to '1', window (0-cycle to 3-cycles)
%%       20860.0 ns  Log    PASSED              TB seq.(uvvm)       assert_change_from_start_to_end_trigger() => OK. tracked_value had a change in window. OK after 30 ns.
%%:                                                                 First change event happened in cycle-3. pipe: (2).
%%       20910.0 ns  Log    ID_SEQUENCER        TB seq.             Change the value from 'U' to '1', window (0-cycle to 4-cycles)
%%       20950.0 ns  Log    PASSED              TB seq.(uvvm)       assert_change_from_start_to_end_trigger() => OK. tracked_value had a change in window. OK after 40 ns.
%%:                                                                 First change event happened in cycle-4. pipe: (3).
%% 
%% 
%%       21040.0 ns  Log    ID_LOG_HDR          TB seq.             Testing Assertion Enable (std_logic)
%% ----------------------------------------------------------------------------------------------------------------------------------------------------------------------------
%%       21040.0 ns  Log    ID_SEQUENCER        TB seq.             Assertion enabled as trigger is assigned, expecting alert when triggering assert
%%       21040.0 ns  Log    ID_SEQUENCER        TB seq.             Hold 'U' from 0-cycle to 5-cycles
%%       21090.0 ns  Alert  ERROR               TB seq.(uvvm)       assert_change_from_start_to_end_trigger() => Failed. tracked_value (U) never changed in window.
%%       21180.0 ns  Log    ID_SEQUENCER        TB seq.             Assertion enabled prior to trigger, expecting alert when triggering assert
%%       21190.0 ns  Log    ID_SEQUENCER        TB seq.             Hold 'U' from 0-cycle to 5-cycles
%%       21240.0 ns  Alert  ERROR               TB seq.(uvvm)       assert_change_from_start_to_end_trigger() => Failed. tracked_value (U) never changed in window.
%% 
%% 
%%       21290.0 ns  Log    ID_LOG_HDR          TB seq.             Testing CLK Disabled
%% ----------------------------------------------------------------------------------------------------------------------------------------------------------------------------
%%       21290.0 ns  Log    ID_SEQUENCER        TB seq.             Clock deactivated
%%       21330.0 ns  Log    ID_SEQUENCER        TB seq.             Triggering assertion while clk is disabled, expecting no behavior
%%       21370.0 ns  Log    ID_SEQUENCER        TB seq.             Hold 'U' from 0-cycle to 5-cycles
%% 
%% ============================================================================================================================================================================
%%  *** INTERMEDIATE SUMMARY OF ALL ALERTS ***
%% ============================================================================================================================================================================
%%       21480.0 ns  DONE   PASSED  assert_change_from_start_to_end_trigger  Passed: 12  Affirmations Checked: 34
%%    Expected      Failures: 0  Errors: -22  Warnings: 0  Passed: 0
%%    VHDL Asserts  Failures: 0  Errors: 0  Warnings: 0  Passed: 0
%%    Default       Failures: 0  Errors: 22  Warnings: 0  Passed: 0
%%    OSVVM         Failures: 0  Errors: 0  Warnings: 0  Passed: 0
%% ============================================================================================================================================================================
%% 
%% 
%% 
%%       21480.0 ns  Log    ID_LOG_HDR          TB seq.(uvvm)       SIMULATION COMPLETED
%% ----------------------------------------------------------------------------------------------------------------------------------------------------------------------------
