%%           0.0 ns  Log    ID_LOG_MSG_CTRL     TB seq.             disable_log_msg(ALL_MESSAGES).
%%           0.0 ns  Log    ID_LOG_MSG_CTRL     TB seq.             enable_log_msg(ID_LOG_HDR_LARGE).
%%           0.0 ns  Log    ID_LOG_MSG_CTRL     TB seq.             enable_log_msg(ID_LOG_HDR).
%%           0.0 ns  Log    ID_LOG_MSG_CTRL     TB seq.             enable_log_msg(ID_SEQUENCER).
%%           0.0 ns  Log    ID_LOG_MSG_CTRL     TB seq.             enable_log_msg(ID_UVVM_ASSERTION).
%% 
%% 
%% ============================================================================================================================================================================
%%         100.0 ns  Log    ID_LOG_HDR_LARGE    TB seq.(uvvm)       Testing the assertion: assert_change_to_value_from_min_to_max_cycles_after_trigger
%% ============================================================================================================================================================================
%% 
%% 
%%         140.0 ns  Log    ID_LOG_HDR          TB seq.             Testing Normal Operation (std_logic_vector)
%% ----------------------------------------------------------------------------------------------------------------------------------------------------------------------------
%%         140.0 ns  Log    ID_SEQUENCER        TB seq.             Testing std_logic_vector transitions to exp_value = "1111" within the window
%%         140.0 ns  Log    ID_SEQUENCER        TB seq.             Setting min_cycles = 7, max_cycles = 10
%%         190.0 ns  Log    ID_SEQUENCER        TB seq.             Change the value from "HHHH" to "1111", window (7-cycles to 10-cycles)
%%         280.0 ns  Log    PASSED              TB seq.(uvvm)       assert_change_to_value_from_min_to_max_cycles_after_trigger() => OK (first). tracked_value had a change to
%%:                                                                 1111 in window. OK after 90 ns. First change event happened in cycle-9.
%%         330.0 ns  Log    ID_SEQUENCER        TB seq.             Change the value from "LLLL" to "1111", window (7-cycles to 10-cycles)
%%         470.0 ns  Log    ID_SEQUENCER        TB seq.             Change the value from "WWWW" to "1111", window (7-cycles to 10-cycles)
%%         610.0 ns  Log    ID_SEQUENCER        TB seq.             Change the value from "ZZZZ" to "1111", window (7-cycles to 10-cycles)
%%         750.0 ns  Log    ID_SEQUENCER        TB seq.             Change the value from "0000" to "1111", window (7-cycles to 10-cycles)
%%         890.0 ns  Log    ID_SEQUENCER        TB seq.             Change the value from "XXXX" to "1111", window (7-cycles to 10-cycles)
%%        1030.0 ns  Log    ID_SEQUENCER        TB seq.             Change the value from "UUUU" to "1111", window (7-cycles to 10-cycles)
%%        1170.0 ns  Log    ID_SEQUENCER        TB seq.             Testing std_logic_vector transitions to exp_value = "0000" within the window
%%        1170.0 ns  Log    ID_SEQUENCER        TB seq.             Setting exp_value = "0000"
%%        1220.0 ns  Log    ID_SEQUENCER        TB seq.             Change the value from "HHHH" to "0000", window (7-cycles to 10-cycles)
%%        1310.0 ns  Log    PASSED              TB seq.(uvvm)       assert_change_to_value_from_min_to_max_cycles_after_trigger() => OK (first). tracked_value had a change to
%%:                                                                 0000 in window. OK after 90 ns. First change event happened in cycle-9.
%%        1360.0 ns  Log    ID_SEQUENCER        TB seq.             Change the value from "LLLL" to "0000", window (7-cycles to 10-cycles)
%%        1500.0 ns  Log    ID_SEQUENCER        TB seq.             Change the value from "WWWW" to "0000", window (7-cycles to 10-cycles)
%%        1640.0 ns  Log    ID_SEQUENCER        TB seq.             Change the value from "ZZZZ" to "0000", window (7-cycles to 10-cycles)
%%        1780.0 ns  Log    ID_SEQUENCER        TB seq.             Change the value from "1111" to "0000", window (7-cycles to 10-cycles)
%%        1920.0 ns  Log    ID_SEQUENCER        TB seq.             Change the value from "XXXX" to "0000", window (7-cycles to 10-cycles)
%%        2060.0 ns  Log    ID_SEQUENCER        TB seq.             Change the value from "UUUU" to "0000", window (7-cycles to 10-cycles)
%%        2200.0 ns  Log    ID_SEQUENCER        TB seq.             Testing std_logic_vector transitions to exp_value = "1111" within the window /w min_cycles = 0, max_cycles = 1
%%        2200.0 ns  Log    ID_SEQUENCER        TB seq.             Setting exp_value = "1111"
%%        2250.0 ns  Log    ID_SEQUENCER        TB seq.             Setting min_cycles = 0, max_cycles = 1
%%        2300.0 ns  Log    ID_SEQUENCER        TB seq.             Change the value from "HHHH" to "1111", window (0-cycles to 1-cycles)
%%        2310.0 ns  Log    PASSED              TB seq.(uvvm)       assert_change_to_value_from_min_to_max_cycles_after_trigger() => OK (first). tracked_value had a change to
%%:                                                                 1111 in window. OK after 10 ns. First change event happened in cycle-1.
%%        2360.0 ns  Log    ID_SEQUENCER        TB seq.             Change the value from "LLLL" to "1111", window (0-cycles to 1-cycles)
%%        2420.0 ns  Log    ID_SEQUENCER        TB seq.             Change the value from "WWWW" to "1111", window (0-cycles to 1-cycles)
%%        2480.0 ns  Log    ID_SEQUENCER        TB seq.             Change the value from "ZZZZ" to "1111", window (0-cycles to 1-cycles)
%%        2540.0 ns  Log    ID_SEQUENCER        TB seq.             Change the value from "0000" to "1111", window (0-cycles to 1-cycles)
%%        2600.0 ns  Log    ID_SEQUENCER        TB seq.             Change the value from "XXXX" to "1111", window (0-cycles to 1-cycles)
%%        2660.0 ns  Log    ID_SEQUENCER        TB seq.             Change the value from "UUUU" to "1111", window (0-cycles to 1-cycles)
%%        2720.0 ns  Log    ID_SEQUENCER        TB seq.             Testing multiple triggers within the window
%%        2720.0 ns  Log    ID_SEQUENCER        TB seq.             Setting min_cycles = 1, max_cycles = 4
%%        2790.0 ns  Log    PASSED              TB seq.(uvvm)       assert_change_to_value_from_min_to_max_cycles_after_trigger() => OK (first). tracked_value had a change to
%%:                                                                 1111 in window. OK after 20 ns. First change event happened in cycle-2.
%% 
%% 
%%        2880.0 ns  Log    ID_LOG_HDR          TB seq.             Testing Triggering Assertion (std_logic_vector)
%% ----------------------------------------------------------------------------------------------------------------------------------------------------------------------------
%%        2880.0 ns  Log    ID_SEQUENCER        TB seq.             Testing invalid sequences (change to exp_value /= "1111") within the window
%%        2880.0 ns  Log    ID_SEQUENCER        TB seq.             Setting min_cycles = 7, max_cycles = 10
%%        2930.0 ns  Log    ID_SEQUENCER        TB seq.             Change the value from "LLLL" to "HHHH", window (7-cycles to 10-cycles)
%%        3030.0 ns  Alert  ERROR               TB seq.(uvvm)       assert_change_to_value_from_min_to_max_cycles_after_trigger() => Failed. tracked_value (0000) never changed
%%:                                                                 to 1111 in window.
%%        3070.0 ns  Log    ID_SEQUENCER        TB seq.             Change the value from "WWWW" to "HHHH", window (7-cycles to 10-cycles)
%%        3170.0 ns  Alert  ERROR               TB seq.(uvvm)       assert_change_to_value_from_min_to_max_cycles_after_trigger() => Failed. tracked_value (0000) never changed
%%:                                                                 to 1111 in window. pipe: (1).
%%        3210.0 ns  Log    ID_SEQUENCER        TB seq.             Change the value from "ZZZZ" to "HHHH", window (7-cycles to 10-cycles)
%%        3310.0 ns  Alert  ERROR               TB seq.(uvvm)       assert_change_to_value_from_min_to_max_cycles_after_trigger() => Failed. tracked_value (0000) never changed
%%:                                                                 to 1111 in window. pipe: (2).
%%        3350.0 ns  Log    ID_SEQUENCER        TB seq.             Change the value from "0000" to "HHHH", window (7-cycles to 10-cycles)
%%        3450.0 ns  Alert  ERROR               TB seq.(uvvm)       assert_change_to_value_from_min_to_max_cycles_after_trigger() => Failed. tracked_value (0000) never changed
%%:                                                                 to 1111 in window. pipe: (3).
%%        3490.0 ns  Log    ID_SEQUENCER        TB seq.             Change the value from "1111" to "HHHH", window (7-cycles to 10-cycles)
%%        3590.0 ns  Alert  ERROR               TB seq.(uvvm)       assert_change_to_value_from_min_to_max_cycles_after_trigger() => Failed. tracked_value (0000) never changed
%%:                                                                 to 1111 in window. pipe: (4).
%%        3630.0 ns  Log    ID_SEQUENCER        TB seq.             Change the value from "XXXX" to "HHHH", window (7-cycles to 10-cycles)
%%        3730.0 ns  Alert  ERROR               TB seq.(uvvm)       assert_change_to_value_from_min_to_max_cycles_after_trigger() => Failed. tracked_value (0000) never changed
%%:                                                                 to 1111 in window. pipe: (5).
%%        3770.0 ns  Log    ID_SEQUENCER        TB seq.             Change the value from "UUUU" to "HHHH", window (7-cycles to 10-cycles)
%%        3870.0 ns  Alert  ERROR               TB seq.(uvvm)       assert_change_to_value_from_min_to_max_cycles_after_trigger() => Failed. tracked_value (0000) never changed
%%:                                                                 to 1111 in window. pipe: (6).
%%        3910.0 ns  Log    ID_SEQUENCER        TB seq.             Change the value from "HHHH" to "LLLL", window (7-cycles to 10-cycles)
%%        4010.0 ns  Alert  ERROR               TB seq.(uvvm)       assert_change_to_value_from_min_to_max_cycles_after_trigger() => Failed. tracked_value (0000) never changed
%%:                                                                 to 1111 in window. pipe: (7).
%%        4050.0 ns  Log    ID_SEQUENCER        TB seq.             Change the value from "WWWW" to "LLLL", window (7-cycles to 10-cycles)
%%        4150.0 ns  Alert  ERROR               TB seq.(uvvm)       assert_change_to_value_from_min_to_max_cycles_after_trigger() => Failed. tracked_value (0000) never changed
%%:                                                                 to 1111 in window. pipe: (8).
%%        4190.0 ns  Log    ID_SEQUENCER        TB seq.             Change the value from "ZZZZ" to "LLLL", window (7-cycles to 10-cycles)
%%        4290.0 ns  Alert  ERROR               TB seq.(uvvm)       assert_change_to_value_from_min_to_max_cycles_after_trigger() => Failed. tracked_value (0000) never changed
%%:                                                                 to 1111 in window. pipe: (9).
%%        4330.0 ns  Log    ID_SEQUENCER        TB seq.             Change the value from "0000" to "LLLL", window (7-cycles to 10-cycles)
%%        4430.0 ns  Alert  ERROR               TB seq.(uvvm)       assert_change_to_value_from_min_to_max_cycles_after_trigger() => Failed. tracked_value (0000) never changed
%%:                                                                 to 1111 in window. pipe: (10).
%%        4470.0 ns  Log    ID_SEQUENCER        TB seq.             Change the value from "1111" to "LLLL", window (7-cycles to 10-cycles)
%%        4570.0 ns  Alert  ERROR               TB seq.(uvvm)       assert_change_to_value_from_min_to_max_cycles_after_trigger() => Failed. tracked_value (0000) never changed
%%:                                                                 to 1111 in window.
%%        4610.0 ns  Log    ID_SEQUENCER        TB seq.             Change the value from "XXXX" to "LLLL", window (7-cycles to 10-cycles)
%%        4710.0 ns  Alert  ERROR               TB seq.(uvvm)       assert_change_to_value_from_min_to_max_cycles_after_trigger() => Failed. tracked_value (0000) never changed
%%:                                                                 to 1111 in window. pipe: (1).
%%        4750.0 ns  Log    ID_SEQUENCER        TB seq.             Change the value from "UUUU" to "LLLL", window (7-cycles to 10-cycles)
%%        4850.0 ns  Alert  ERROR               TB seq.(uvvm)       assert_change_to_value_from_min_to_max_cycles_after_trigger() => Failed. tracked_value (0000) never changed
%%:                                                                 to 1111 in window. pipe: (2).
%%        4890.0 ns  Log    ID_SEQUENCER        TB seq.             Change the value from "HHHH" to "WWWW", window (7-cycles to 10-cycles)
%%        4990.0 ns  Alert  ERROR               TB seq.(uvvm)       assert_change_to_value_from_min_to_max_cycles_after_trigger() => Failed. tracked_value (0000) never changed
%%:                                                                 to 1111 in window. pipe: (3).
%%        5030.0 ns  Log    ID_SEQUENCER        TB seq.             Change the value from "LLLL" to "WWWW", window (7-cycles to 10-cycles)
%%        5130.0 ns  Alert  ERROR               TB seq.(uvvm)       assert_change_to_value_from_min_to_max_cycles_after_trigger() => Failed. tracked_value (0000) never changed
%%:                                                                 to 1111 in window. pipe: (4).
%%        5170.0 ns  Log    ID_SEQUENCER        TB seq.             Change the value from "ZZZZ" to "WWWW", window (7-cycles to 10-cycles)
%%        5270.0 ns  Alert  ERROR               TB seq.(uvvm)       assert_change_to_value_from_min_to_max_cycles_after_trigger() => Failed. tracked_value (0000) never changed
%%:                                                                 to 1111 in window. pipe: (5).
%%        5310.0 ns  Log    ID_SEQUENCER        TB seq.             Change the value from "0000" to "WWWW", window (7-cycles to 10-cycles)
%%        5410.0 ns  Alert  ERROR               TB seq.(uvvm)       assert_change_to_value_from_min_to_max_cycles_after_trigger() => Failed. tracked_value (0000) never changed
%%:                                                                 to 1111 in window. pipe: (6).
%%        5450.0 ns  Log    ID_SEQUENCER        TB seq.             Change the value from "1111" to "WWWW", window (7-cycles to 10-cycles)
%%        5550.0 ns  Alert  ERROR               TB seq.(uvvm)       assert_change_to_value_from_min_to_max_cycles_after_trigger() => Failed. tracked_value (0000) never changed
%%:                                                                 to 1111 in window. pipe: (7).
%%        5590.0 ns  Log    ID_SEQUENCER        TB seq.             Change the value from "XXXX" to "WWWW", window (7-cycles to 10-cycles)
%%        5690.0 ns  Alert  ERROR               TB seq.(uvvm)       assert_change_to_value_from_min_to_max_cycles_after_trigger() => Failed. tracked_value (0000) never changed
%%:                                                                 to 1111 in window. pipe: (8).
%%        5730.0 ns  Log    ID_SEQUENCER        TB seq.             Change the value from "UUUU" to "WWWW", window (7-cycles to 10-cycles)
%%        5830.0 ns  Alert  ERROR               TB seq.(uvvm)       assert_change_to_value_from_min_to_max_cycles_after_trigger() => Failed. tracked_value (0000) never changed
%%:                                                                 to 1111 in window. pipe: (9).
%%        5870.0 ns  Log    ID_SEQUENCER        TB seq.             Change the value from "HHHH" to "ZZZZ", window (7-cycles to 10-cycles)
%%        5970.0 ns  Alert  ERROR               TB seq.(uvvm)       assert_change_to_value_from_min_to_max_cycles_after_trigger() => Failed. tracked_value (0000) never changed
%%:                                                                 to 1111 in window. pipe: (10).
%%        6010.0 ns  Log    ID_SEQUENCER        TB seq.             Change the value from "LLLL" to "ZZZZ", window (7-cycles to 10-cycles)
%%        6110.0 ns  Alert  ERROR               TB seq.(uvvm)       assert_change_to_value_from_min_to_max_cycles_after_trigger() => Failed. tracked_value (0000) never changed
%%:                                                                 to 1111 in window.
%%        6150.0 ns  Log    ID_SEQUENCER        TB seq.             Change the value from "WWWW" to "ZZZZ", window (7-cycles to 10-cycles)
%%        6250.0 ns  Alert  ERROR               TB seq.(uvvm)       assert_change_to_value_from_min_to_max_cycles_after_trigger() => Failed. tracked_value (0000) never changed
%%:                                                                 to 1111 in window. pipe: (1).
%%        6290.0 ns  Log    ID_SEQUENCER        TB seq.             Change the value from "0000" to "ZZZZ", window (7-cycles to 10-cycles)
%%        6390.0 ns  Alert  ERROR               TB seq.(uvvm)       assert_change_to_value_from_min_to_max_cycles_after_trigger() => Failed. tracked_value (0000) never changed
%%:                                                                 to 1111 in window. pipe: (2).
%%        6430.0 ns  Log    ID_SEQUENCER        TB seq.             Change the value from "1111" to "ZZZZ", window (7-cycles to 10-cycles)
%%        6530.0 ns  Alert  ERROR               TB seq.(uvvm)       assert_change_to_value_from_min_to_max_cycles_after_trigger() => Failed. tracked_value (0000) never changed
%%:                                                                 to 1111 in window. pipe: (3).
%%        6570.0 ns  Log    ID_SEQUENCER        TB seq.             Change the value from "XXXX" to "ZZZZ", window (7-cycles to 10-cycles)
%%        6670.0 ns  Alert  ERROR               TB seq.(uvvm)       assert_change_to_value_from_min_to_max_cycles_after_trigger() => Failed. tracked_value (0000) never changed
%%:                                                                 to 1111 in window. pipe: (4).
%%        6710.0 ns  Log    ID_SEQUENCER        TB seq.             Change the value from "UUUU" to "ZZZZ", window (7-cycles to 10-cycles)
%%        6810.0 ns  Alert  ERROR               TB seq.(uvvm)       assert_change_to_value_from_min_to_max_cycles_after_trigger() => Failed. tracked_value (0000) never changed
%%:                                                                 to 1111 in window. pipe: (5).
%%        6850.0 ns  Log    ID_SEQUENCER        TB seq.             Change the value from "HHHH" to "0000", window (7-cycles to 10-cycles)
%%        6950.0 ns  Alert  ERROR               TB seq.(uvvm)       assert_change_to_value_from_min_to_max_cycles_after_trigger() => Failed. tracked_value (0000) never changed
%%:                                                                 to 1111 in window. pipe: (6).
%%        6990.0 ns  Log    ID_SEQUENCER        TB seq.             Change the value from "LLLL" to "0000", window (7-cycles to 10-cycles)
%%        7090.0 ns  Alert  ERROR               TB seq.(uvvm)       assert_change_to_value_from_min_to_max_cycles_after_trigger() => Failed. tracked_value (0000) never changed
%%:                                                                 to 1111 in window. pipe: (7).
%%        7130.0 ns  Log    ID_SEQUENCER        TB seq.             Change the value from "WWWW" to "0000", window (7-cycles to 10-cycles)
%%        7230.0 ns  Alert  ERROR               TB seq.(uvvm)       assert_change_to_value_from_min_to_max_cycles_after_trigger() => Failed. tracked_value (0000) never changed
%%:                                                                 to 1111 in window. pipe: (8).
%%        7270.0 ns  Log    ID_SEQUENCER        TB seq.             Change the value from "ZZZZ" to "0000", window (7-cycles to 10-cycles)
%%        7370.0 ns  Alert  ERROR               TB seq.(uvvm)       assert_change_to_value_from_min_to_max_cycles_after_trigger() => Failed. tracked_value (0000) never changed
%%:                                                                 to 1111 in window. pipe: (9).
%%        7410.0 ns  Log    ID_SEQUENCER        TB seq.             Change the value from "1111" to "0000", window (7-cycles to 10-cycles)
%%        7510.0 ns  Alert  ERROR               TB seq.(uvvm)       assert_change_to_value_from_min_to_max_cycles_after_trigger() => Failed. tracked_value (0000) never changed
%%:                                                                 to 1111 in window. pipe: (10).
%%        7550.0 ns  Log    ID_SEQUENCER        TB seq.             Change the value from "XXXX" to "0000", window (7-cycles to 10-cycles)
%%        7650.0 ns  Alert  ERROR               TB seq.(uvvm)       assert_change_to_value_from_min_to_max_cycles_after_trigger() => Failed. tracked_value (0000) never changed
%%:                                                                 to 1111 in window.
%%        7690.0 ns  Log    ID_SEQUENCER        TB seq.             Change the value from "UUUU" to "0000", window (7-cycles to 10-cycles)
%%        7790.0 ns  Alert  ERROR               TB seq.(uvvm)       assert_change_to_value_from_min_to_max_cycles_after_trigger() => Failed. tracked_value (0000) never changed
%%:                                                                 to 1111 in window. pipe: (1).
%%        7830.0 ns  Log    ID_SEQUENCER        TB seq.             Change the value from "HHHH" to "XXXX", window (7-cycles to 10-cycles)
%%        7930.0 ns  Alert  ERROR               TB seq.(uvvm)       assert_change_to_value_from_min_to_max_cycles_after_trigger() => Failed. tracked_value (0000) never changed
%%:                                                                 to 1111 in window. pipe: (2).
%%        7970.0 ns  Log    ID_SEQUENCER        TB seq.             Change the value from "LLLL" to "XXXX", window (7-cycles to 10-cycles)
%%        8070.0 ns  Alert  ERROR               TB seq.(uvvm)       assert_change_to_value_from_min_to_max_cycles_after_trigger() => Failed. tracked_value (0000) never changed
%%:                                                                 to 1111 in window. pipe: (3).
%%        8110.0 ns  Log    ID_SEQUENCER        TB seq.             Change the value from "WWWW" to "XXXX", window (7-cycles to 10-cycles)
%%        8210.0 ns  Alert  ERROR               TB seq.(uvvm)       assert_change_to_value_from_min_to_max_cycles_after_trigger() => Failed. tracked_value (0000) never changed
%%:                                                                 to 1111 in window. pipe: (4).
%%        8250.0 ns  Log    ID_SEQUENCER        TB seq.             Change the value from "ZZZZ" to "XXXX", window (7-cycles to 10-cycles)
%%        8350.0 ns  Alert  ERROR               TB seq.(uvvm)       assert_change_to_value_from_min_to_max_cycles_after_trigger() => Failed. tracked_value (0000) never changed
%%:                                                                 to 1111 in window. pipe: (5).
%%        8390.0 ns  Log    ID_SEQUENCER        TB seq.             Change the value from "0000" to "XXXX", window (7-cycles to 10-cycles)
%%        8490.0 ns  Alert  ERROR               TB seq.(uvvm)       assert_change_to_value_from_min_to_max_cycles_after_trigger() => Failed. tracked_value (0000) never changed
%%:                                                                 to 1111 in window. pipe: (6).
%%        8530.0 ns  Log    ID_SEQUENCER        TB seq.             Change the value from "1111" to "XXXX", window (7-cycles to 10-cycles)
%%        8630.0 ns  Alert  ERROR               TB seq.(uvvm)       assert_change_to_value_from_min_to_max_cycles_after_trigger() => Failed. tracked_value (0000) never changed
%%:                                                                 to 1111 in window. pipe: (7).
%%        8670.0 ns  Log    ID_SEQUENCER        TB seq.             Change the value from "UUUU" to "XXXX", window (7-cycles to 10-cycles)
%%        8770.0 ns  Alert  ERROR               TB seq.(uvvm)       assert_change_to_value_from_min_to_max_cycles_after_trigger() => Failed. tracked_value (0000) never changed
%%:                                                                 to 1111 in window. pipe: (8).
%%        8810.0 ns  Log    ID_SEQUENCER        TB seq.             Change the value from "HHHH" to "UUUU", window (7-cycles to 10-cycles)
%%        8910.0 ns  Alert  ERROR               TB seq.(uvvm)       assert_change_to_value_from_min_to_max_cycles_after_trigger() => Failed. tracked_value (0000) never changed
%%:                                                                 to 1111 in window. pipe: (9).
%%        8950.0 ns  Log    ID_SEQUENCER        TB seq.             Change the value from "LLLL" to "UUUU", window (7-cycles to 10-cycles)
%%        9050.0 ns  Alert  ERROR               TB seq.(uvvm)       assert_change_to_value_from_min_to_max_cycles_after_trigger() => Failed. tracked_value (0000) never changed
%%:                                                                 to 1111 in window. pipe: (10).
%%        9090.0 ns  Log    ID_SEQUENCER        TB seq.             Change the value from "WWWW" to "UUUU", window (7-cycles to 10-cycles)
%%        9190.0 ns  Alert  ERROR               TB seq.(uvvm)       assert_change_to_value_from_min_to_max_cycles_after_trigger() => Failed. tracked_value (0000) never changed
%%:                                                                 to 1111 in window.
%%        9230.0 ns  Log    ID_SEQUENCER        TB seq.             Change the value from "ZZZZ" to "UUUU", window (7-cycles to 10-cycles)
%%        9330.0 ns  Alert  ERROR               TB seq.(uvvm)       assert_change_to_value_from_min_to_max_cycles_after_trigger() => Failed. tracked_value (0000) never changed
%%:                                                                 to 1111 in window. pipe: (1).
%%        9370.0 ns  Log    ID_SEQUENCER        TB seq.             Change the value from "0000" to "UUUU", window (7-cycles to 10-cycles)
%%        9470.0 ns  Alert  ERROR               TB seq.(uvvm)       assert_change_to_value_from_min_to_max_cycles_after_trigger() => Failed. tracked_value (0000) never changed
%%:                                                                 to 1111 in window. pipe: (2).
%%        9510.0 ns  Log    ID_SEQUENCER        TB seq.             Change the value from "1111" to "UUUU", window (7-cycles to 10-cycles)
%%        9610.0 ns  Alert  ERROR               TB seq.(uvvm)       assert_change_to_value_from_min_to_max_cycles_after_trigger() => Failed. tracked_value (0000) never changed
%%:                                                                 to 1111 in window. pipe: (3).
%%        9650.0 ns  Log    ID_SEQUENCER        TB seq.             Change the value from "XXXX" to "UUUU", window (7-cycles to 10-cycles)
%%        9750.0 ns  Alert  ERROR               TB seq.(uvvm)       assert_change_to_value_from_min_to_max_cycles_after_trigger() => Failed. tracked_value (0000) never changed
%%:                                                                 to 1111 in window. pipe: (4).
%%        9790.0 ns  Log    ID_SEQUENCER        TB seq.             Testing invalid sequences (no std_logic_vector transitions) within the window
%%        9790.0 ns  Log    ID_SEQUENCER        TB seq.             Hold "HHHH" from 7-cycles to 10-cycles
%%        9890.0 ns  Alert  ERROR               TB seq.(uvvm)       assert_change_to_value_from_min_to_max_cycles_after_trigger() => Failed. tracked_value (HHHH) never changed
%%:                                                                 to 1111 in window. pipe: (5).
%%        9940.0 ns  Log    ID_SEQUENCER        TB seq.             Hold "LLLL" from 7-cycles to 10-cycles
%%       10040.0 ns  Alert  ERROR               TB seq.(uvvm)       assert_change_to_value_from_min_to_max_cycles_after_trigger() => Failed. tracked_value (LLLL) never changed
%%:                                                                 to 1111 in window. pipe: (6).
%%       10090.0 ns  Log    ID_SEQUENCER        TB seq.             Hold "WWWW" from 7-cycles to 10-cycles
%%       10190.0 ns  Alert  ERROR               TB seq.(uvvm)       assert_change_to_value_from_min_to_max_cycles_after_trigger() => Failed. tracked_value (WWWW) never changed
%%:                                                                 to 1111 in window. pipe: (7).
%%       10240.0 ns  Log    ID_SEQUENCER        TB seq.             Hold "ZZZZ" from 7-cycles to 10-cycles
%%       10340.0 ns  Alert  ERROR               TB seq.(uvvm)       assert_change_to_value_from_min_to_max_cycles_after_trigger() => Failed. tracked_value (ZZZZ) never changed
%%:                                                                 to 1111 in window. pipe: (8).
%%       10390.0 ns  Log    ID_SEQUENCER        TB seq.             Hold "0000" from 7-cycles to 10-cycles
%%       10490.0 ns  Alert  ERROR               TB seq.(uvvm)       assert_change_to_value_from_min_to_max_cycles_after_trigger() => Failed. tracked_value (0000) never changed
%%:                                                                 to 1111 in window. pipe: (9).
%%       10540.0 ns  Log    ID_SEQUENCER        TB seq.             Hold "1111" from 7-cycles to 10-cycles
%%       10640.0 ns  Alert  ERROR               TB seq.(uvvm)       assert_change_to_value_from_min_to_max_cycles_after_trigger() => Failed. tracked_value (1111) never changed
%%:                                                                 to 1111 in window. pipe: (10).
%%       10690.0 ns  Log    ID_SEQUENCER        TB seq.             Hold "XXXX" from 7-cycles to 10-cycles
%%       10790.0 ns  Alert  ERROR               TB seq.(uvvm)       assert_change_to_value_from_min_to_max_cycles_after_trigger() => Failed. tracked_value (XXXX) never changed
%%:                                                                 to 1111 in window.
%%       10840.0 ns  Log    ID_SEQUENCER        TB seq.             Hold "UUUU" from 7-cycles to 10-cycles
%%       10940.0 ns  Alert  ERROR               TB seq.(uvvm)       assert_change_to_value_from_min_to_max_cycles_after_trigger() => Failed. tracked_value (UUUU) never changed
%%:                                                                 to 1111 in window. pipe: (1).
%%       10990.0 ns  Log    ID_SEQUENCER        TB seq.             Testing triggering assert /w multiple triggers within the window
%%       10990.0 ns  Log    ID_SEQUENCER        TB seq.             Setting min_cycles = 1, max_cycles = 4
%%       11080.0 ns  Alert  ERROR               TB seq.(uvvm)       assert_change_to_value_from_min_to_max_cycles_after_trigger() => Failed. tracked_value (0000) never changed
%%:                                                                 to 1111 in window.
%%       11100.0 ns  Alert  ERROR               TB seq.(uvvm)       assert_change_to_value_from_min_to_max_cycles_after_trigger() => Failed. tracked_value (0000) never changed
%%:                                                                 to 1111 in window. pipe: (1).
%% 
%% 
%%       11110.0 ns  Log    ID_LOG_HDR          TB seq.             Testing pos_ack_kind: EVERY (std_logic_vector)
%% ----------------------------------------------------------------------------------------------------------------------------------------------------------------------------
%%       11110.0 ns  Log    ID_SEQUENCER        TB seq.             Expecting a positive acknowledge on each successful window sequence
%%       11110.0 ns  Log    ID_SEQUENCER        TB seq.             Setting min_cycles = 10, max_cycles = 20
%%       11160.0 ns  Log    ID_SEQUENCER        TB seq.             Change the value from "0000" to "1111", window (10-cycles to 20-cycles)
%%       11350.0 ns  Log    PASSED              TB seq.(uvvm)       assert_change_to_value_from_min_to_max_cycles_after_trigger() => OK. tracked_value had a change to 1111 in
%%:                                                                 window. OK after 190 ns. First change event happened in cycle-19.
%%       11400.0 ns  Log    ID_SEQUENCER        TB seq.             Setting min_cycles = 20, max_cycles = 30
%%       11450.0 ns  Log    ID_SEQUENCER        TB seq.             Change the value from "0000" to "1111", window (20-cycles to 30-cycles)
%%       11740.0 ns  Log    PASSED              TB seq.(uvvm)       assert_change_to_value_from_min_to_max_cycles_after_trigger() => OK. tracked_value had a change to 1111 in
%%:                                                                 window. OK after 290 ns. First change event happened in cycle-29.
%%       11790.0 ns  Log    ID_SEQUENCER        TB seq.             Setting min_cycles = 30, max_cycles = 40
%%       11840.0 ns  Log    ID_SEQUENCER        TB seq.             Change the value from "0000" to "1111", window (30-cycles to 40-cycles)
%%       12230.0 ns  Log    PASSED              TB seq.(uvvm)       assert_change_to_value_from_min_to_max_cycles_after_trigger() => OK. tracked_value had a change to 1111 in
%%:                                                                 window. OK after 390 ns. First change event happened in cycle-39.
%%       12280.0 ns  Log    ID_SEQUENCER        TB seq.             Setting min_cycles = 40, max_cycles = 50
%%       12330.0 ns  Log    ID_SEQUENCER        TB seq.             Change the value from "0000" to "1111", window (40-cycles to 50-cycles)
%%       12820.0 ns  Log    PASSED              TB seq.(uvvm)       assert_change_to_value_from_min_to_max_cycles_after_trigger() => OK. tracked_value had a change to 1111 in
%%:                                                                 window. OK after 490 ns. First change event happened in cycle-49.
%% 
%% 
%%       12950.0 ns  Log    ID_LOG_HDR          TB seq.             Testing Normal Operation (std_logic)
%% ----------------------------------------------------------------------------------------------------------------------------------------------------------------------------
%%       12950.0 ns  Log    ID_SEQUENCER        TB seq.             Testing all std_logic transitions to exp_value = '1' within the window
%%       12950.0 ns  Log    ID_SEQUENCER        TB seq.             Setting min_cycles = 7, max_cycles = 10
%%       13000.0 ns  Log    ID_SEQUENCER        TB seq.             Change the value from 'U' to '1', window (7-cycles to 10-cycles)
%%       13090.0 ns  Log    PASSED              TB seq.(uvvm)       assert_change_to_value_from_min_to_max_cycles_after_trigger() => OK (first). tracked_value had a change to
%%:                                                                 1 in window. OK after 90 ns. First change event happened in cycle-9.
%%       13140.0 ns  Log    ID_SEQUENCER        TB seq.             Change the value from 'X' to '1', window (7-cycles to 10-cycles)
%%       13280.0 ns  Log    ID_SEQUENCER        TB seq.             Change the value from '0' to '1', window (7-cycles to 10-cycles)
%%       13420.0 ns  Log    ID_SEQUENCER        TB seq.             Change the value from 'Z' to '1', window (7-cycles to 10-cycles)
%%       13560.0 ns  Log    ID_SEQUENCER        TB seq.             Change the value from 'W' to '1', window (7-cycles to 10-cycles)
%%       13700.0 ns  Log    ID_SEQUENCER        TB seq.             Change the value from 'L' to '1', window (7-cycles to 10-cycles)
%%       13840.0 ns  Log    ID_SEQUENCER        TB seq.             Change the value from 'H' to '1', window (7-cycles to 10-cycles)
%%       13980.0 ns  Log    ID_SEQUENCER        TB seq.             Testing all std_logic transitions to exp_value = '0' within the window
%%       13980.0 ns  Log    ID_SEQUENCER        TB seq.             Setting exp_value = '0'
%%       14030.0 ns  Log    ID_SEQUENCER        TB seq.             Change the value from 'U' to '0', window (7-cycles to 10-cycles)
%%       14120.0 ns  Log    PASSED              TB seq.(uvvm)       assert_change_to_value_from_min_to_max_cycles_after_trigger() => OK (first). tracked_value had a change to
%%:                                                                 0 in window. OK after 90 ns. First change event happened in cycle-9.
%%       14170.0 ns  Log    ID_SEQUENCER        TB seq.             Change the value from 'X' to '0', window (7-cycles to 10-cycles)
%%       14310.0 ns  Log    ID_SEQUENCER        TB seq.             Change the value from '1' to '0', window (7-cycles to 10-cycles)
%%       14450.0 ns  Log    ID_SEQUENCER        TB seq.             Change the value from 'Z' to '0', window (7-cycles to 10-cycles)
%%       14590.0 ns  Log    ID_SEQUENCER        TB seq.             Change the value from 'W' to '0', window (7-cycles to 10-cycles)
%%       14730.0 ns  Log    ID_SEQUENCER        TB seq.             Change the value from 'L' to '0', window (7-cycles to 10-cycles)
%%       14870.0 ns  Log    ID_SEQUENCER        TB seq.             Change the value from 'H' to '0', window (7-cycles to 10-cycles)
%%       15010.0 ns  Log    ID_SEQUENCER        TB seq.             Testing all std_logic transitions to exp_value = '1' within the window /w min_cycles = 0, max_cycles = 1
%%       15010.0 ns  Log    ID_SEQUENCER        TB seq.             Setting exp_value = '1'
%%       15060.0 ns  Log    ID_SEQUENCER        TB seq.             Setting min_cycles = 0, max_cycles = 1
%%       15110.0 ns  Log    ID_SEQUENCER        TB seq.             Change the value from 'U' to '1', window (0-cycles to 1-cycles)
%%       15120.0 ns  Log    PASSED              TB seq.(uvvm)       assert_change_to_value_from_min_to_max_cycles_after_trigger() => OK (first). tracked_value had a change to
%%:                                                                 1 in window. OK after 10 ns. First change event happened in cycle-1.
%%       15170.0 ns  Log    ID_SEQUENCER        TB seq.             Change the value from 'X' to '1', window (0-cycles to 1-cycles)
%%       15230.0 ns  Log    ID_SEQUENCER        TB seq.             Change the value from '0' to '1', window (0-cycles to 1-cycles)
%%       15290.0 ns  Log    ID_SEQUENCER        TB seq.             Change the value from 'Z' to '1', window (0-cycles to 1-cycles)
%%       15350.0 ns  Log    ID_SEQUENCER        TB seq.             Change the value from 'W' to '1', window (0-cycles to 1-cycles)
%%       15410.0 ns  Log    ID_SEQUENCER        TB seq.             Change the value from 'L' to '1', window (0-cycles to 1-cycles)
%%       15470.0 ns  Log    ID_SEQUENCER        TB seq.             Change the value from 'H' to '1', window (0-cycles to 1-cycles)
%%       15530.0 ns  Log    ID_SEQUENCER        TB seq.             Testing multiple triggers within the window
%%       15530.0 ns  Log    ID_SEQUENCER        TB seq.             Setting min_cycles = 1, max_cycles = 4
%%       15600.0 ns  Log    PASSED              TB seq.(uvvm)       assert_change_to_value_from_min_to_max_cycles_after_trigger() => OK (first). tracked_value had a change to
%%:                                                                 1 in window. OK after 20 ns. First change event happened in cycle-2.
%% 
%% 
%%       15690.0 ns  Log    ID_LOG_HDR          TB seq.             Testing Triggering Assertion (std_logic)
%% ----------------------------------------------------------------------------------------------------------------------------------------------------------------------------
%%       15690.0 ns  Log    ID_SEQUENCER        TB seq.             Testing invalid sequences (change to exp_value /= '1') within the window
%%       15690.0 ns  Log    ID_SEQUENCER        TB seq.             Setting min_cycles = 7, max_cycles = 10
%%       15740.0 ns  Log    ID_SEQUENCER        TB seq.             Change the value from 'X' to 'U', window (7-cycles to 10-cycles)
%%       15840.0 ns  Alert  ERROR               TB seq.(uvvm)       assert_change_to_value_from_min_to_max_cycles_after_trigger() => Failed. tracked_value (0) never changed to 1 in window.
%%       15880.0 ns  Log    ID_SEQUENCER        TB seq.             Change the value from '1' to 'U', window (7-cycles to 10-cycles)
%%       15980.0 ns  Alert  ERROR               TB seq.(uvvm)       assert_change_to_value_from_min_to_max_cycles_after_trigger() => Failed. tracked_value (0) never changed to
%%:                                                                 1 in window. pipe: (1).
%%       16020.0 ns  Log    ID_SEQUENCER        TB seq.             Change the value from '0' to 'U', window (7-cycles to 10-cycles)
%%       16120.0 ns  Alert  ERROR               TB seq.(uvvm)       assert_change_to_value_from_min_to_max_cycles_after_trigger() => Failed. tracked_value (0) never changed to
%%:                                                                 1 in window. pipe: (2).
%%       16160.0 ns  Log    ID_SEQUENCER        TB seq.             Change the value from 'Z' to 'U', window (7-cycles to 10-cycles)
%%       16260.0 ns  Alert  ERROR               TB seq.(uvvm)       assert_change_to_value_from_min_to_max_cycles_after_trigger() => Failed. tracked_value (0) never changed to
%%:                                                                 1 in window. pipe: (3).
%%       16300.0 ns  Log    ID_SEQUENCER        TB seq.             Change the value from 'W' to 'U', window (7-cycles to 10-cycles)
%%       16400.0 ns  Alert  ERROR               TB seq.(uvvm)       assert_change_to_value_from_min_to_max_cycles_after_trigger() => Failed. tracked_value (0) never changed to
%%:                                                                 1 in window. pipe: (4).
%%       16440.0 ns  Log    ID_SEQUENCER        TB seq.             Change the value from 'L' to 'U', window (7-cycles to 10-cycles)
%%       16540.0 ns  Alert  ERROR               TB seq.(uvvm)       assert_change_to_value_from_min_to_max_cycles_after_trigger() => Failed. tracked_value (0) never changed to
%%:                                                                 1 in window. pipe: (5).
%%       16580.0 ns  Log    ID_SEQUENCER        TB seq.             Change the value from 'H' to 'U', window (7-cycles to 10-cycles)
%%       16680.0 ns  Alert  ERROR               TB seq.(uvvm)       assert_change_to_value_from_min_to_max_cycles_after_trigger() => Failed. tracked_value (0) never changed to
%%:                                                                 1 in window. pipe: (6).
%%       16720.0 ns  Log    ID_SEQUENCER        TB seq.             Change the value from 'U' to 'X', window (7-cycles to 10-cycles)
%%       16820.0 ns  Alert  ERROR               TB seq.(uvvm)       assert_change_to_value_from_min_to_max_cycles_after_trigger() => Failed. tracked_value (0) never changed to
%%:                                                                 1 in window. pipe: (7).
%%       16860.0 ns  Log    ID_SEQUENCER        TB seq.             Change the value from '1' to 'X', window (7-cycles to 10-cycles)
%%       16960.0 ns  Alert  ERROR               TB seq.(uvvm)       assert_change_to_value_from_min_to_max_cycles_after_trigger() => Failed. tracked_value (0) never changed to
%%:                                                                 1 in window. pipe: (8).
%%       17000.0 ns  Log    ID_SEQUENCER        TB seq.             Change the value from '0' to 'X', window (7-cycles to 10-cycles)
%%       17100.0 ns  Alert  ERROR               TB seq.(uvvm)       assert_change_to_value_from_min_to_max_cycles_after_trigger() => Failed. tracked_value (0) never changed to
%%:                                                                 1 in window. pipe: (9).
%%       17140.0 ns  Log    ID_SEQUENCER        TB seq.             Change the value from 'Z' to 'X', window (7-cycles to 10-cycles)
%%       17240.0 ns  Alert  ERROR               TB seq.(uvvm)       assert_change_to_value_from_min_to_max_cycles_after_trigger() => Failed. tracked_value (0) never changed to
%%:                                                                 1 in window. pipe: (10).
%%       17280.0 ns  Log    ID_SEQUENCER        TB seq.             Change the value from 'W' to 'X', window (7-cycles to 10-cycles)
%%       17380.0 ns  Alert  ERROR               TB seq.(uvvm)       assert_change_to_value_from_min_to_max_cycles_after_trigger() => Failed. tracked_value (0) never changed to 1 in window.
%%       17420.0 ns  Log    ID_SEQUENCER        TB seq.             Change the value from 'L' to 'X', window (7-cycles to 10-cycles)
%%       17520.0 ns  Alert  ERROR               TB seq.(uvvm)       assert_change_to_value_from_min_to_max_cycles_after_trigger() => Failed. tracked_value (0) never changed to
%%:                                                                 1 in window. pipe: (1).
%%       17560.0 ns  Log    ID_SEQUENCER        TB seq.             Change the value from 'H' to 'X', window (7-cycles to 10-cycles)
%%       17660.0 ns  Alert  ERROR               TB seq.(uvvm)       assert_change_to_value_from_min_to_max_cycles_after_trigger() => Failed. tracked_value (0) never changed to
%%:                                                                 1 in window. pipe: (2).
%%       17700.0 ns  Log    ID_SEQUENCER        TB seq.             Change the value from 'U' to '0', window (7-cycles to 10-cycles)
%%       17800.0 ns  Alert  ERROR               TB seq.(uvvm)       assert_change_to_value_from_min_to_max_cycles_after_trigger() => Failed. tracked_value (0) never changed to
%%:                                                                 1 in window. pipe: (3).
%%       17840.0 ns  Log    ID_SEQUENCER        TB seq.             Change the value from 'X' to '0', window (7-cycles to 10-cycles)
%%       17940.0 ns  Alert  ERROR               TB seq.(uvvm)       assert_change_to_value_from_min_to_max_cycles_after_trigger() => Failed. tracked_value (0) never changed to
%%:                                                                 1 in window. pipe: (4).
%%       17980.0 ns  Log    ID_SEQUENCER        TB seq.             Change the value from '1' to '0', window (7-cycles to 10-cycles)
%%       18080.0 ns  Alert  ERROR               TB seq.(uvvm)       assert_change_to_value_from_min_to_max_cycles_after_trigger() => Failed. tracked_value (0) never changed to
%%:                                                                 1 in window. pipe: (5).
%%       18120.0 ns  Log    ID_SEQUENCER        TB seq.             Change the value from 'Z' to '0', window (7-cycles to 10-cycles)
%%       18220.0 ns  Alert  ERROR               TB seq.(uvvm)       assert_change_to_value_from_min_to_max_cycles_after_trigger() => Failed. tracked_value (0) never changed to
%%:                                                                 1 in window. pipe: (6).
%%       18260.0 ns  Log    ID_SEQUENCER        TB seq.             Change the value from 'W' to '0', window (7-cycles to 10-cycles)
%%       18360.0 ns  Alert  ERROR               TB seq.(uvvm)       assert_change_to_value_from_min_to_max_cycles_after_trigger() => Failed. tracked_value (0) never changed to
%%:                                                                 1 in window. pipe: (7).
%%       18400.0 ns  Log    ID_SEQUENCER        TB seq.             Change the value from 'L' to '0', window (7-cycles to 10-cycles)
%%       18500.0 ns  Alert  ERROR               TB seq.(uvvm)       assert_change_to_value_from_min_to_max_cycles_after_trigger() => Failed. tracked_value (0) never changed to
%%:                                                                 1 in window. pipe: (8).
%%       18540.0 ns  Log    ID_SEQUENCER        TB seq.             Change the value from 'H' to '0', window (7-cycles to 10-cycles)
%%       18640.0 ns  Alert  ERROR               TB seq.(uvvm)       assert_change_to_value_from_min_to_max_cycles_after_trigger() => Failed. tracked_value (0) never changed to
%%:                                                                 1 in window. pipe: (9).
%%       18680.0 ns  Log    ID_SEQUENCER        TB seq.             Change the value from 'U' to 'Z', window (7-cycles to 10-cycles)
%%       18780.0 ns  Alert  ERROR               TB seq.(uvvm)       assert_change_to_value_from_min_to_max_cycles_after_trigger() => Failed. tracked_value (0) never changed to
%%:                                                                 1 in window. pipe: (10).
%%       18820.0 ns  Log    ID_SEQUENCER        TB seq.             Change the value from 'X' to 'Z', window (7-cycles to 10-cycles)
%%       18920.0 ns  Alert  ERROR               TB seq.(uvvm)       assert_change_to_value_from_min_to_max_cycles_after_trigger() => Failed. tracked_value (0) never changed to 1 in window.
%%       18960.0 ns  Log    ID_SEQUENCER        TB seq.             Change the value from '1' to 'Z', window (7-cycles to 10-cycles)
%%       19060.0 ns  Alert  ERROR               TB seq.(uvvm)       assert_change_to_value_from_min_to_max_cycles_after_trigger() => Failed. tracked_value (0) never changed to
%%:                                                                 1 in window. pipe: (1).
%%       19100.0 ns  Log    ID_SEQUENCER        TB seq.             Change the value from '0' to 'Z', window (7-cycles to 10-cycles)
%%       19200.0 ns  Alert  ERROR               TB seq.(uvvm)       assert_change_to_value_from_min_to_max_cycles_after_trigger() => Failed. tracked_value (0) never changed to
%%:                                                                 1 in window. pipe: (2).
%%       19240.0 ns  Log    ID_SEQUENCER        TB seq.             Change the value from 'W' to 'Z', window (7-cycles to 10-cycles)
%%       19340.0 ns  Alert  ERROR               TB seq.(uvvm)       assert_change_to_value_from_min_to_max_cycles_after_trigger() => Failed. tracked_value (0) never changed to
%%:                                                                 1 in window. pipe: (3).
%%       19380.0 ns  Log    ID_SEQUENCER        TB seq.             Change the value from 'L' to 'Z', window (7-cycles to 10-cycles)
%%       19480.0 ns  Alert  ERROR               TB seq.(uvvm)       assert_change_to_value_from_min_to_max_cycles_after_trigger() => Failed. tracked_value (0) never changed to
%%:                                                                 1 in window. pipe: (4).
%%       19520.0 ns  Log    ID_SEQUENCER        TB seq.             Change the value from 'H' to 'Z', window (7-cycles to 10-cycles)
%%       19620.0 ns  Alert  ERROR               TB seq.(uvvm)       assert_change_to_value_from_min_to_max_cycles_after_trigger() => Failed. tracked_value (0) never changed to
%%:                                                                 1 in window. pipe: (5).
%%       19660.0 ns  Log    ID_SEQUENCER        TB seq.             Change the value from 'U' to 'W', window (7-cycles to 10-cycles)
%%       19760.0 ns  Alert  ERROR               TB seq.(uvvm)       assert_change_to_value_from_min_to_max_cycles_after_trigger() => Failed. tracked_value (0) never changed to
%%:                                                                 1 in window. pipe: (6).
%%       19800.0 ns  Log    ID_SEQUENCER        TB seq.             Change the value from 'X' to 'W', window (7-cycles to 10-cycles)
%%       19900.0 ns  Alert  ERROR               TB seq.(uvvm)       assert_change_to_value_from_min_to_max_cycles_after_trigger() => Failed. tracked_value (0) never changed to
%%:                                                                 1 in window. pipe: (7).
%%       19940.0 ns  Log    ID_SEQUENCER        TB seq.             Change the value from '1' to 'W', window (7-cycles to 10-cycles)
%%       20040.0 ns  Alert  ERROR               TB seq.(uvvm)       assert_change_to_value_from_min_to_max_cycles_after_trigger() => Failed. tracked_value (0) never changed to
%%:                                                                 1 in window. pipe: (8).
%%       20080.0 ns  Log    ID_SEQUENCER        TB seq.             Change the value from '0' to 'W', window (7-cycles to 10-cycles)
%%       20180.0 ns  Alert  ERROR               TB seq.(uvvm)       assert_change_to_value_from_min_to_max_cycles_after_trigger() => Failed. tracked_value (0) never changed to
%%:                                                                 1 in window. pipe: (9).
%%       20220.0 ns  Log    ID_SEQUENCER        TB seq.             Change the value from 'Z' to 'W', window (7-cycles to 10-cycles)
%%       20320.0 ns  Alert  ERROR               TB seq.(uvvm)       assert_change_to_value_from_min_to_max_cycles_after_trigger() => Failed. tracked_value (0) never changed to
%%:                                                                 1 in window. pipe: (10).
%%       20360.0 ns  Log    ID_SEQUENCER        TB seq.             Change the value from 'L' to 'W', window (7-cycles to 10-cycles)
%%       20460.0 ns  Alert  ERROR               TB seq.(uvvm)       assert_change_to_value_from_min_to_max_cycles_after_trigger() => Failed. tracked_value (0) never changed to 1 in window.
%%       20500.0 ns  Log    ID_SEQUENCER        TB seq.             Change the value from 'H' to 'W', window (7-cycles to 10-cycles)
%%       20600.0 ns  Alert  ERROR               TB seq.(uvvm)       assert_change_to_value_from_min_to_max_cycles_after_trigger() => Failed. tracked_value (0) never changed to
%%:                                                                 1 in window. pipe: (1).
%%       20640.0 ns  Log    ID_SEQUENCER        TB seq.             Change the value from 'U' to 'L', window (7-cycles to 10-cycles)
%%       20740.0 ns  Alert  ERROR               TB seq.(uvvm)       assert_change_to_value_from_min_to_max_cycles_after_trigger() => Failed. tracked_value (0) never changed to
%%:                                                                 1 in window. pipe: (2).
%%       20780.0 ns  Log    ID_SEQUENCER        TB seq.             Change the value from 'X' to 'L', window (7-cycles to 10-cycles)
%%       20880.0 ns  Alert  ERROR               TB seq.(uvvm)       assert_change_to_value_from_min_to_max_cycles_after_trigger() => Failed. tracked_value (0) never changed to
%%:                                                                 1 in window. pipe: (3).
%%       20920.0 ns  Log    ID_SEQUENCER        TB seq.             Change the value from '1' to 'L', window (7-cycles to 10-cycles)
%%       21020.0 ns  Alert  ERROR               TB seq.(uvvm)       assert_change_to_value_from_min_to_max_cycles_after_trigger() => Failed. tracked_value (0) never changed to
%%:                                                                 1 in window. pipe: (4).
%%       21060.0 ns  Log    ID_SEQUENCER        TB seq.             Change the value from '0' to 'L', window (7-cycles to 10-cycles)
%%       21160.0 ns  Alert  ERROR               TB seq.(uvvm)       assert_change_to_value_from_min_to_max_cycles_after_trigger() => Failed. tracked_value (0) never changed to
%%:                                                                 1 in window. pipe: (5).
%%       21200.0 ns  Log    ID_SEQUENCER        TB seq.             Change the value from 'Z' to 'L', window (7-cycles to 10-cycles)
%%       21300.0 ns  Alert  ERROR               TB seq.(uvvm)       assert_change_to_value_from_min_to_max_cycles_after_trigger() => Failed. tracked_value (0) never changed to
%%:                                                                 1 in window. pipe: (6).
%%       21340.0 ns  Log    ID_SEQUENCER        TB seq.             Change the value from 'W' to 'L', window (7-cycles to 10-cycles)
%%       21440.0 ns  Alert  ERROR               TB seq.(uvvm)       assert_change_to_value_from_min_to_max_cycles_after_trigger() => Failed. tracked_value (0) never changed to
%%:                                                                 1 in window. pipe: (7).
%%       21480.0 ns  Log    ID_SEQUENCER        TB seq.             Change the value from 'H' to 'L', window (7-cycles to 10-cycles)
%%       21580.0 ns  Alert  ERROR               TB seq.(uvvm)       assert_change_to_value_from_min_to_max_cycles_after_trigger() => Failed. tracked_value (0) never changed to
%%:                                                                 1 in window. pipe: (8).
%%       21620.0 ns  Log    ID_SEQUENCER        TB seq.             Change the value from 'U' to 'H', window (7-cycles to 10-cycles)
%%       21720.0 ns  Alert  ERROR               TB seq.(uvvm)       assert_change_to_value_from_min_to_max_cycles_after_trigger() => Failed. tracked_value (0) never changed to
%%:                                                                 1 in window. pipe: (9).
%%       21760.0 ns  Log    ID_SEQUENCER        TB seq.             Change the value from 'X' to 'H', window (7-cycles to 10-cycles)
%%       21860.0 ns  Alert  ERROR               TB seq.(uvvm)       assert_change_to_value_from_min_to_max_cycles_after_trigger() => Failed. tracked_value (0) never changed to
%%:                                                                 1 in window. pipe: (10).
%%       21900.0 ns  Log    ID_SEQUENCER        TB seq.             Change the value from '1' to 'H', window (7-cycles to 10-cycles)
%%       22000.0 ns  Alert  ERROR               TB seq.(uvvm)       assert_change_to_value_from_min_to_max_cycles_after_trigger() => Failed. tracked_value (0) never changed to 1 in window.
%%       22040.0 ns  Log    ID_SEQUENCER        TB seq.             Change the value from '0' to 'H', window (7-cycles to 10-cycles)
%%       22140.0 ns  Alert  ERROR               TB seq.(uvvm)       assert_change_to_value_from_min_to_max_cycles_after_trigger() => Failed. tracked_value (0) never changed to
%%:                                                                 1 in window. pipe: (1).
%%       22180.0 ns  Log    ID_SEQUENCER        TB seq.             Change the value from 'Z' to 'H', window (7-cycles to 10-cycles)
%%       22280.0 ns  Alert  ERROR               TB seq.(uvvm)       assert_change_to_value_from_min_to_max_cycles_after_trigger() => Failed. tracked_value (0) never changed to
%%:                                                                 1 in window. pipe: (2).
%%       22320.0 ns  Log    ID_SEQUENCER        TB seq.             Change the value from 'W' to 'H', window (7-cycles to 10-cycles)
%%       22420.0 ns  Alert  ERROR               TB seq.(uvvm)       assert_change_to_value_from_min_to_max_cycles_after_trigger() => Failed. tracked_value (0) never changed to
%%:                                                                 1 in window. pipe: (3).
%%       22460.0 ns  Log    ID_SEQUENCER        TB seq.             Change the value from 'L' to 'H', window (7-cycles to 10-cycles)
%%       22560.0 ns  Alert  ERROR               TB seq.(uvvm)       assert_change_to_value_from_min_to_max_cycles_after_trigger() => Failed. tracked_value (0) never changed to
%%:                                                                 1 in window. pipe: (4).
%%       22600.0 ns  Log    ID_SEQUENCER        TB seq.             Testing invalid sequences (no std_logic transitions) within the window
%%       22600.0 ns  Log    ID_SEQUENCER        TB seq.             Hold 'U' from 7-cycles to 10-cycles
%%       22700.0 ns  Alert  ERROR               TB seq.(uvvm)       assert_change_to_value_from_min_to_max_cycles_after_trigger() => Failed. tracked_value (U) never changed to
%%:                                                                 1 in window. pipe: (5).
%%       22750.0 ns  Log    ID_SEQUENCER        TB seq.             Hold 'X' from 7-cycles to 10-cycles
%%       22850.0 ns  Alert  ERROR               TB seq.(uvvm)       assert_change_to_value_from_min_to_max_cycles_after_trigger() => Failed. tracked_value (X) never changed to
%%:                                                                 1 in window. pipe: (6).
%%       22900.0 ns  Log    ID_SEQUENCER        TB seq.             Hold '1' from 7-cycles to 10-cycles
%%       23000.0 ns  Alert  ERROR               TB seq.(uvvm)       assert_change_to_value_from_min_to_max_cycles_after_trigger() => Failed. tracked_value (1) never changed to
%%:                                                                 1 in window. pipe: (7).
%%       23050.0 ns  Log    ID_SEQUENCER        TB seq.             Hold '0' from 7-cycles to 10-cycles
%%       23150.0 ns  Alert  ERROR               TB seq.(uvvm)       assert_change_to_value_from_min_to_max_cycles_after_trigger() => Failed. tracked_value (0) never changed to
%%:                                                                 1 in window. pipe: (8).
%%       23200.0 ns  Log    ID_SEQUENCER        TB seq.             Hold 'Z' from 7-cycles to 10-cycles
%%       23300.0 ns  Alert  ERROR               TB seq.(uvvm)       assert_change_to_value_from_min_to_max_cycles_after_trigger() => Failed. tracked_value (Z) never changed to
%%:                                                                 1 in window. pipe: (9).
%%       23350.0 ns  Log    ID_SEQUENCER        TB seq.             Hold 'W' from 7-cycles to 10-cycles
%%       23450.0 ns  Alert  ERROR               TB seq.(uvvm)       assert_change_to_value_from_min_to_max_cycles_after_trigger() => Failed. tracked_value (W) never changed to
%%:                                                                 1 in window. pipe: (10).
%%       23500.0 ns  Log    ID_SEQUENCER        TB seq.             Hold 'L' from 7-cycles to 10-cycles
%%       23600.0 ns  Alert  ERROR               TB seq.(uvvm)       assert_change_to_value_from_min_to_max_cycles_after_trigger() => Failed. tracked_value (L) never changed to 1 in window.
%%       23650.0 ns  Log    ID_SEQUENCER        TB seq.             Hold 'H' from 7-cycles to 10-cycles
%%       23750.0 ns  Alert  ERROR               TB seq.(uvvm)       assert_change_to_value_from_min_to_max_cycles_after_trigger() => Failed. tracked_value (H) never changed to
%%:                                                                 1 in window. pipe: (1).
%%       23800.0 ns  Log    ID_SEQUENCER        TB seq.             Testing triggering assert /w multiple triggers within the window
%%       23800.0 ns  Log    ID_SEQUENCER        TB seq.             Setting min_cycles = 1, max_cycles = 4
%%       23890.0 ns  Alert  ERROR               TB seq.(uvvm)       assert_change_to_value_from_min_to_max_cycles_after_trigger() => Failed. tracked_value (0) never changed to 1 in window.
%%       23910.0 ns  Alert  ERROR               TB seq.(uvvm)       assert_change_to_value_from_min_to_max_cycles_after_trigger() => Failed. tracked_value (0) never changed to
%%:                                                                 1 in window. pipe: (1).
%% 
%% 
%%       23920.0 ns  Log    ID_LOG_HDR          TB seq.             Testing pos_ack_kind: EVERY (std_logic)
%% ----------------------------------------------------------------------------------------------------------------------------------------------------------------------------
%%       23920.0 ns  Log    ID_SEQUENCER        TB seq.             Expecting a positive acknowledge on each successful window sequence
%%       23920.0 ns  Log    ID_SEQUENCER        TB seq.             Setting min_cycles = 10, max_cycles = 20
%%       23970.0 ns  Log    ID_SEQUENCER        TB seq.             Change the value from '0' to '1', window (10-cycles to 20-cycles)
%%       24160.0 ns  Log    PASSED              TB seq.(uvvm)       assert_change_to_value_from_min_to_max_cycles_after_trigger() => OK. tracked_value had a change to 1 in
%%:                                                                 window. OK after 190 ns. First change event happened in cycle-19.
%%       24210.0 ns  Log    ID_SEQUENCER        TB seq.             Setting min_cycles = 20, max_cycles = 30
%%       24260.0 ns  Log    ID_SEQUENCER        TB seq.             Change the value from '0' to '1', window (20-cycles to 30-cycles)
%%       24550.0 ns  Log    PASSED              TB seq.(uvvm)       assert_change_to_value_from_min_to_max_cycles_after_trigger() => OK. tracked_value had a change to 1 in
%%:                                                                 window. OK after 290 ns. First change event happened in cycle-29.
%%       24600.0 ns  Log    ID_SEQUENCER        TB seq.             Setting min_cycles = 30, max_cycles = 40
%%       24650.0 ns  Log    ID_SEQUENCER        TB seq.             Change the value from '0' to '1', window (30-cycles to 40-cycles)
%%       25040.0 ns  Log    PASSED              TB seq.(uvvm)       assert_change_to_value_from_min_to_max_cycles_after_trigger() => OK. tracked_value had a change to 1 in
%%:                                                                 window. OK after 390 ns. First change event happened in cycle-39.
%%       25090.0 ns  Log    ID_SEQUENCER        TB seq.             Setting min_cycles = 40, max_cycles = 50
%%       25140.0 ns  Log    ID_SEQUENCER        TB seq.             Change the value from '0' to '1', window (40-cycles to 50-cycles)
%%       25630.0 ns  Log    PASSED              TB seq.(uvvm)       assert_change_to_value_from_min_to_max_cycles_after_trigger() => OK. tracked_value had a change to 1 in
%%:                                                                 window. OK after 490 ns. First change event happened in cycle-49.
%% 
%% 
%%       25720.0 ns  Log    ID_LOG_HDR          TB seq.             Testing Assertion Enable (std_logic)
%% ----------------------------------------------------------------------------------------------------------------------------------------------------------------------------
%%       25720.0 ns  Log    ID_SEQUENCER        TB seq.             Assertion enabled as trigger is assigned, expecting alert when triggering assert
%%       25720.0 ns  Log    ID_SEQUENCER        TB seq.             Hold '1' from 40-cycles to 50-cycles
%%       26220.0 ns  Alert  ERROR               TB seq.(uvvm)       assert_change_to_value_from_min_to_max_cycles_after_trigger() => Failed. tracked_value (1) never changed to 1 in window.
%%       26310.0 ns  Log    ID_SEQUENCER        TB seq.             Assertion enabled prior to trigger, expecting alert when triggering assert
%%       26320.0 ns  Log    ID_SEQUENCER        TB seq.             Hold '1' from 40-cycles to 50-cycles
%%       26820.0 ns  Alert  ERROR               TB seq.(uvvm)       assert_change_to_value_from_min_to_max_cycles_after_trigger() => Failed. tracked_value (1) never changed to 1 in window.
%% 
%% 
%%       26870.0 ns  Log    ID_LOG_HDR          TB seq.             Testing CLK Disabled
%% ----------------------------------------------------------------------------------------------------------------------------------------------------------------------------
%%       26870.0 ns  Log    ID_SEQUENCER        TB seq.             Clock deactivated
%%       26910.0 ns  Log    ID_SEQUENCER        TB seq.             Triggering assertion while clk is disabled, expecting no behavior
%%       26950.0 ns  Log    ID_SEQUENCER        TB seq.             Hold '1' from 40-cycles to 50-cycles
%% 
%% ============================================================================================================================================================================
%%  *** INTERMEDIATE SUMMARY OF ALL ALERTS ***
%% ============================================================================================================================================================================
%%       27510.0 ns  DONE   PASSED  assert_change_to_value_from_min_to_max_cycles_after_trigger  Passed: 16  Affirmations Checked: 136
%%    Expected      Failures: 0  Errors: -120  Warnings: 0  Passed: 0
%%    VHDL Asserts  Failures: 0  Errors: 0  Warnings: 0  Passed: 0
%%    Default       Failures: 0  Errors: 120  Warnings: 0  Passed: 0
%%    OSVVM         Failures: 0  Errors: 0  Warnings: 0  Passed: 0
%% ============================================================================================================================================================================
%% 
%% 
%% 
%%       27510.0 ns  Log    ID_LOG_HDR          TB seq.(uvvm)       SIMULATION COMPLETED
%% ----------------------------------------------------------------------------------------------------------------------------------------------------------------------------
