%%      0 ns    Log    ID_CONSTRUCTOR      AVALON_ST_VVC,3     VVC instantiated.
%%      0 ns    Log    ID_CONSTRUCTOR_SUB  AVALON_ST_VVC,3     Command queue instantiated and will give a warning when reaching 1000 elements in queue.
%%      0 ns    Log    ID_CONSTRUCTOR_SUB  AVALON_ST_VVC,3     Result queue instantiated and will give a warning when reaching 1000 elements in queue.
%%      0 ns    Log    ID_CONSTRUCTOR      AVALON_ST_VVC,2     VVC instantiated.
%%      0 ns    Log    ID_CONSTRUCTOR_SUB  AVALON_ST_VVC,2     Command queue instantiated and will give a warning when reaching 1000 elements in queue.
%%      0 ns    Log    ID_CONSTRUCTOR_SUB  AVALON_ST_VVC,2     Result queue instantiated and will give a warning when reaching 1000 elements in queue.
%%      0 ns    Log    ID_CONSTRUCTOR      AVALON_ST_VVC,1     VVC instantiated.
%%      0 ns    Log    ID_CONSTRUCTOR_SUB  AVALON_ST_VVC,1     Command queue instantiated and will give a warning when reaching 1000 elements in queue.
%%      0 ns    Log    ID_CONSTRUCTOR_SUB  AVALON_ST_VVC,1     Result queue instantiated and will give a warning when reaching 1000 elements in queue.
%%      0 ns    Log    ID_CONSTRUCTOR      AVALON_ST_VVC,0     VVC instantiated.
%%      0 ns    Log    ID_CONSTRUCTOR_SUB  AVALON_ST_VVC,0     Command queue instantiated and will give a warning when reaching 1000 elements in queue.
%%      0 ns    Log    ID_CONSTRUCTOR_SUB  AVALON_ST_VVC,0     Result queue instantiated and will give a warning when reaching 1000 elements in queue.
%%      0 ns    Log    ID_CMD_INTERPRETER  AVALON_ST_VVC,3     Interpreter: Waiting for command
%%      0 ns    Log    ID_CMD_INTERPRETER  AVALON_ST_VVC,2     Interpreter: Waiting for command
%%      0 ns    Log    ID_CMD_INTERPRETER  AVALON_ST_VVC,1     Interpreter: Waiting for command
%%      0 ns    Log    ID_CMD_INTERPRETER  AVALON_ST_VVC,0     Interpreter: Waiting for command
%%      
%%      -----------------------------------------------------------------------------------------------------------------------------------------------------------------------
%%      ***  REPORT OF GLOBAL CTRL ***
%%      -----------------------------------------------------------------------------------------------------------------------------------------------------------------------
%%                                IGNORE    STOP_LIMIT
%%                NOTE         :  REGARD    integer'high
%%                TB_NOTE      :  REGARD    integer'high
%%                WARNING      :  REGARD    integer'high
%%                TB_WARNING   :  REGARD    integer'high
%%                MANUAL_CHECK :  REGARD    integer'high
%%                ERROR        :  REGARD    integer'high
%%                TB_ERROR     :  REGARD    integer'high
%%                FAILURE      :  REGARD         1
%%                TB_FAILURE   :  REGARD         1
%%      -----------------------------------------------------------------------------------------------------------------------------------------------------------------------
%%      
%%      
%%      -----------------------------------------------------------------------------------------------------------------------------------------------------------------------
%%      ***  REPORT OF MSG ID PANEL ***
%%      -----------------------------------------------------------------------------------------------------------------------------------------------------------------------
%%                ID                             Status
%%                ------------------------       ------
%%                ID_UTIL_BURIED               : DISABLED
%%                ID_BITVIS_DEBUG              : DISABLED
%%                ID_UTIL_SETUP                : ENABLED
%%                ID_LOG_MSG_CTRL              : ENABLED
%%                ID_ALERT_CTRL                : ENABLED
%%                ID_FINISH_OR_STOP            : ENABLED
%%                ID_CLOCK_GEN                 : ENABLED
%%                ID_GEN_PULSE                 : ENABLED
%%                ID_BLOCKING                  : ENABLED
%%                ID_WATCHDOG                  : ENABLED
%%                ID_RAND_GEN                  : DISABLED
%%                ID_RAND_CONF                 : DISABLED
%%                ID_FUNC_COV_BINS             : DISABLED
%%                ID_FUNC_COV_BINS_INFO        : DISABLED
%%                ID_FUNC_COV_RAND             : DISABLED
%%                ID_FUNC_COV_SAMPLE           : DISABLED
%%                ID_FUNC_COV_CONFIG           : DISABLED
%%                ID_POS_ACK                   : ENABLED
%%                ID_UVVM_ASSERTION            : ENABLED
%%                ID_LOG_HDR                   : ENABLED
%%                ID_LOG_HDR_LARGE             : ENABLED
%%                ID_LOG_HDR_XL                : ENABLED
%%                ID_SEQUENCER                 : ENABLED
%%                ID_SEQUENCER_SUB             : ENABLED
%%                ID_BFM                       : ENABLED
%%                ID_BFM_WAIT                  : ENABLED
%%                ID_BFM_POLL                  : ENABLED
%%                ID_BFM_POLL_SUMMARY          : ENABLED
%%                ID_CHANNEL_BFM               : ENABLED
%%                ID_TERMINATE_CMD             : ENABLED
%%                ID_SEGMENT_INITIATE          : ENABLED
%%                ID_SEGMENT_COMPLETE          : ENABLED
%%                ID_SEGMENT_HDR               : ENABLED
%%                ID_SEGMENT_DATA              : ENABLED
%%                ID_PACKET_INITIATE           : ENABLED
%%                ID_PACKET_PREAMBLE           : ENABLED
%%                ID_PACKET_COMPLETE           : ENABLED
%%                ID_PACKET_HDR                : ENABLED
%%                ID_PACKET_DATA               : ENABLED
%%                ID_PACKET_CHECKSUM           : ENABLED
%%                ID_PACKET_GAP                : ENABLED
%%                ID_PACKET_PAYLOAD            : ENABLED
%%                ID_FRAME_INITIATE            : ENABLED
%%                ID_FRAME_COMPLETE            : ENABLED
%%                ID_FRAME_HDR                 : ENABLED
%%                ID_FRAME_DATA                : ENABLED
%%                ID_COVERAGE_MAKEBIN          : DISABLED
%%                ID_COVERAGE_ADDBIN           : DISABLED
%%                ID_COVERAGE_ICOVER           : DISABLED
%%                ID_COVERAGE_CONFIG           : ENABLED
%%                ID_COVERAGE_SUMMARY          : ENABLED
%%                ID_COVERAGE_HOLES            : ENABLED
%%                ID_UVVM_SEND_CMD             : ENABLED
%%                ID_UVVM_CMD_ACK              : ENABLED
%%                ID_UVVM_CMD_RESULT           : ENABLED
%%                ID_CMD_INTERPRETER           : ENABLED
%%                ID_CMD_INTERPRETER_WAIT      : ENABLED
%%                ID_IMMEDIATE_CMD             : ENABLED
%%                ID_IMMEDIATE_CMD_WAIT        : ENABLED
%%                ID_CMD_EXECUTOR              : ENABLED
%%                ID_CMD_EXECUTOR_WAIT         : ENABLED
%%                ID_CHANNEL_EXECUTOR          : ENABLED
%%                ID_CHANNEL_EXECUTOR_WAIT     : ENABLED
%%                ID_NEW_HVVC_CMD_SEQ          : ENABLED
%%                ID_INSERTED_DELAY            : ENABLED
%%                ID_OLD_AWAIT_COMPLETION      : ENABLED
%%                ID_AWAIT_COMPLETION          : ENABLED
%%                ID_AWAIT_COMPLETION_LIST     : ENABLED
%%                ID_AWAIT_COMPLETION_WAIT     : ENABLED
%%                ID_AWAIT_COMPLETION_END      : ENABLED
%%                ID_AWAIT_UVVM_COMPLETION     : ENABLED
%%                ID_UVVM_DATA_QUEUE           : ENABLED
%%                ID_CONSTRUCTOR               : ENABLED
%%                ID_CONSTRUCTOR_SUB           : ENABLED
%%                ID_VVC_ACTIVITY              : ENABLED
%%                ID_MONITOR                   : ENABLED
%%                ID_MONITOR_ERROR             : ENABLED
%%                ID_DATA                      : ENABLED
%%                ID_CTRL                      : ENABLED
%%                ID_SPEC_COV_INIT             : ENABLED
%%                ID_SPEC_COV_REQS             : ENABLED
%%                ID_SPEC_COV                  : ENABLED
%%                ID_FILE_OPEN_CLOSE           : ENABLED
%%                ID_FILE_PARSER               : ENABLED
%%      -----------------------------------------------------------------------------------------------------------------------------------------------------------------------
%%      
%%      0 ns    Log    ID_LOG_MSG_CTRL     TB seq.             disable_log_msg(ID_CMD_INTERPRETER_WAIT).
%%      0 ns    Log    ID_LOG_MSG_CTRL     TB seq.             disable_log_msg(ID_UVVM_CMD_ACK).
%%      0 ns    Log    ID_UVVM_SEND_CMD    TB seq.(uvvm)       disable_log_msg(AVALON_ST_VVC,ALL_INSTANCES, ID_CMD_INTERPRETER):. [1]
%%      0 ns    Log    ID_CMD_EXECUTOR_WA  AVALON_ST_VVC,3     Executor: Waiting for command
%%      0 ns    Log    ID_CMD_EXECUTOR_WA  AVALON_ST_VVC,2     Executor: Waiting for command
%%      0 ns    Log    ID_CMD_EXECUTOR_WA  AVALON_ST_VVC,1     Executor: Waiting for command
%%      0 ns    Log    ID_CMD_EXECUTOR_WA  AVALON_ST_VVC,0     Executor: Waiting for command
%%      0 ns    Log    ID_CMD_INTERPRETER  AVALON_ST_VVC,3     disable_log_msg(AVALON_ST_VVC,ALL_INSTANCES, ID_CMD_INTERPRETER). Command received  [1]
%%      0 ns    Log    ID_LOG_MSG_CTRL     AVALON_ST_VVC,3     disable_log_msg(ID_CMD_INTERPRETER). ' [1]'
%%      0 ns    Log    ID_CMD_INTERPRETER  AVALON_ST_VVC,2     disable_log_msg(AVALON_ST_VVC,ALL_INSTANCES, ID_CMD_INTERPRETER). Command received  [1]
%%      0 ns    Log    ID_LOG_MSG_CTRL     AVALON_ST_VVC,2     disable_log_msg(ID_CMD_INTERPRETER). ' [1]'
%%      0 ns    Log    ID_CMD_INTERPRETER  AVALON_ST_VVC,1     disable_log_msg(AVALON_ST_VVC,ALL_INSTANCES, ID_CMD_INTERPRETER). Command received  [1]
%%      0 ns    Log    ID_LOG_MSG_CTRL     AVALON_ST_VVC,1     disable_log_msg(ID_CMD_INTERPRETER). ' [1]'
%%      0 ns    Log    ID_CMD_INTERPRETER  AVALON_ST_VVC,0     disable_log_msg(AVALON_ST_VVC,ALL_INSTANCES, ID_CMD_INTERPRETER). Command received  [1]
%%      0 ns    Log    ID_LOG_MSG_CTRL     AVALON_ST_VVC,0     disable_log_msg(ID_CMD_INTERPRETER). ' [1]'
%%      0 ns    Log    ID_CMD_INTERPRETER  AVALON_ST_VVC,3     Interpreter: Waiting for command
%%      0 ns    Log    ID_CMD_INTERPRETER  AVALON_ST_VVC,2     Interpreter: Waiting for command
%%      0 ns    Log    ID_CMD_INTERPRETER  AVALON_ST_VVC,1     Interpreter: Waiting for command
%%      0 ns    Log    ID_CMD_INTERPRETER  AVALON_ST_VVC,0     Interpreter: Waiting for command
%%      0 ns    Log    ID_UVVM_SEND_CMD    TB seq.(uvvm)       disable_log_msg(AVALON_ST_VVC,ALL_INSTANCES, ID_CMD_INTERPRETER_WAIT):. [2]
%%      0 ns    Log    ID_LOG_MSG_CTRL     AVALON_ST_VVC,3     disable_log_msg(ID_CMD_INTERPRETER_WAIT). ' [2]'
%%      0 ns    Log    ID_LOG_MSG_CTRL     AVALON_ST_VVC,2     disable_log_msg(ID_CMD_INTERPRETER_WAIT). ' [2]'
%%      0 ns    Log    ID_LOG_MSG_CTRL     AVALON_ST_VVC,1     disable_log_msg(ID_CMD_INTERPRETER_WAIT). ' [2]'
%%      0 ns    Log    ID_LOG_MSG_CTRL     AVALON_ST_VVC,0     disable_log_msg(ID_CMD_INTERPRETER_WAIT). ' [2]'
%%      0 ns    Log    ID_UVVM_SEND_CMD    TB seq.(uvvm)       disable_log_msg(AVALON_ST_VVC,ALL_INSTANCES, ID_CMD_EXECUTOR):. [3]
%%      0 ns    Log    ID_LOG_MSG_CTRL     AVALON_ST_VVC,3     disable_log_msg(ID_CMD_EXECUTOR). ' [3]'
%%      0 ns    Log    ID_LOG_MSG_CTRL     AVALON_ST_VVC,2     disable_log_msg(ID_CMD_EXECUTOR). ' [3]'
%%      0 ns    Log    ID_LOG_MSG_CTRL     AVALON_ST_VVC,1     disable_log_msg(ID_CMD_EXECUTOR). ' [3]'
%%      0 ns    Log    ID_LOG_MSG_CTRL     AVALON_ST_VVC,0     disable_log_msg(ID_CMD_EXECUTOR). ' [3]'
%%      0 ns    Log    ID_UVVM_SEND_CMD    TB seq.(uvvm)       disable_log_msg(AVALON_ST_VVC,ALL_INSTANCES, ID_CMD_EXECUTOR_WAIT):. [4]
%%      0 ns    Log    ID_LOG_MSG_CTRL     AVALON_ST_VVC,3     disable_log_msg(ID_CMD_EXECUTOR_WAIT). ' [4]'
%%      0 ns    Log    ID_LOG_MSG_CTRL     AVALON_ST_VVC,2     disable_log_msg(ID_CMD_EXECUTOR_WAIT). ' [4]'
%%      0 ns    Log    ID_LOG_MSG_CTRL     AVALON_ST_VVC,1     disable_log_msg(ID_CMD_EXECUTOR_WAIT). ' [4]'
%%      0 ns    Log    ID_LOG_MSG_CTRL     AVALON_ST_VVC,0     disable_log_msg(ID_CMD_EXECUTOR_WAIT). ' [4]'
%%      0 ns    Log    ID_UVVM_SEND_CMD    TB seq.(uvvm)       disable_log_msg(AVALON_ST_VVC,ALL_INSTANCES, ID_IMMEDIATE_CMD_WAIT):. [5]
%%      0 ns    Log    ID_LOG_MSG_CTRL     AVALON_ST_VVC,3     disable_log_msg(ID_IMMEDIATE_CMD_WAIT). ' [5]'
%%      0 ns    Log    ID_LOG_MSG_CTRL     AVALON_ST_VVC,2     disable_log_msg(ID_IMMEDIATE_CMD_WAIT). ' [5]'
%%      0 ns    Log    ID_LOG_MSG_CTRL     AVALON_ST_VVC,1     disable_log_msg(ID_IMMEDIATE_CMD_WAIT). ' [5]'
%%      0 ns    Log    ID_LOG_MSG_CTRL     AVALON_ST_VVC,0     disable_log_msg(ID_IMMEDIATE_CMD_WAIT). ' [5]'
%%      0 ns    Log    ID_UVVM_SEND_CMD    TB seq.(uvvm)       disable_log_msg(AVALON_ST_VVC,ALL_INSTANCES, ID_PACKET_DATA):. [6]
%%      0 ns    Log    ID_LOG_MSG_CTRL     AVALON_ST_VVC,3     disable_log_msg(ID_PACKET_DATA). ' [6]'
%%      0 ns    Log    ID_LOG_MSG_CTRL     AVALON_ST_VVC,2     disable_log_msg(ID_PACKET_DATA). ' [6]'
%%      0 ns    Log    ID_LOG_MSG_CTRL     AVALON_ST_VVC,1     disable_log_msg(ID_PACKET_DATA). ' [6]'
%%      0 ns    Log    ID_LOG_MSG_CTRL     AVALON_ST_VVC,0     disable_log_msg(ID_PACKET_DATA). ' [6]'
%% 
%% 
%% ============================================================================================================================================================================
%%      0 ns    Log    ID_LOG_HDR_LARGE    TB seq.             Start Simulation of Avalon-ST
%% ============================================================================================================================================================================
%%      0 ns    Log    ID_CLOCK_GEN        TB seq.             Starting clock Avalon-ST CLK
%%    100 ns    Log    ID_GEN_PULSE        TB seq.             Pulsed to 1 for 100000 ps. 'Pulsing reset for 10 clock periods'
%%    201 ns    Log    ID_AWAIT_UVVM_COMP  TB seq.             await_uvvm_completion() => OK. All VVCs are inactive. Condition occurred after 1 ns
%%    201 ns    Log    ID_AWAIT_UVVM_COMP  TB seq.             await_uvvm_completion()() => OK. There are no UVVM scoreboards enabled.
%% 
%% ============================================================================================================================================================================
%%  *** FINAL SUMMARY OF ALL ALERTS ***
%% ============================================================================================================================================================================
%%    201 ns    DONE   NOCHECKS   avalon_st_vvc_tb  Passed: 0
%%    Expected      Failures: 0  Errors: 0  Warnings: 0  Passed: 0
%%    VHDL Asserts  Failures: 0  Errors: 0  Warnings: 0  Passed: 0
%%    Default       Failures: 0  Errors: 0  Warnings: 0  Passed: 0
%%    OSVVM         Failures: 0  Errors: 0  Warnings: 0  Passed: 0
%% ============================================================================================================================================================================
%% 
%% 
%% 
%%    201 ns    Log    ID_LOG_HDR          TB seq.             SIMULATION COMPLETED
%% ----------------------------------------------------------------------------------------------------------------------------------------------------------------------------
