%%           0.0 ns  Log    ID_LOG_MSG_CTRL     TB seq.             disable_log_msg(ALL_MESSAGES).
%%           0.0 ns  Log    ID_LOG_MSG_CTRL     TB seq.             enable_log_msg(ID_LOG_HDR_LARGE).
%%           0.0 ns  Log    ID_LOG_MSG_CTRL     TB seq.             enable_log_msg(ID_LOG_HDR).
%%           0.0 ns  Log    ID_LOG_MSG_CTRL     TB seq.             enable_log_msg(ID_SEQUENCER).
%%           0.0 ns  Log    ID_LOG_MSG_CTRL     TB seq.             enable_log_msg(ID_UVVM_ASSERTION).
%% 
%% 
%% ============================================================================================================================================================================
%%         100.0 ns  Log    ID_LOG_HDR_LARGE    TB seq.(uvvm)       Testing the assertion: assert_stable_from_min_to_max_cycles_after_trigger
%% ============================================================================================================================================================================
%% 
%% 
%%         140.0 ns  Log    ID_LOG_HDR          TB seq.             Testing Normal Operation (std_logic_vector)
%% ----------------------------------------------------------------------------------------------------------------------------------------------------------------------------
%%         140.0 ns  Log    ID_SEQUENCER        TB seq.             Testing legal sequences (no std_logic_vector transitions) within the window
%%         140.0 ns  Log    ID_SEQUENCER        TB seq.             Setting min_cycles = 7, max_cycles = 10
%%         190.0 ns  Log    ID_SEQUENCER        TB seq.             Hold "HHHH" from 7-cycles to 10-cycles
%%         340.0 ns  Log    ID_SEQUENCER        TB seq.             Hold "LLLL" from 7-cycles to 10-cycles
%%         490.0 ns  Log    ID_SEQUENCER        TB seq.             Hold "WWWW" from 7-cycles to 10-cycles
%%         640.0 ns  Log    ID_SEQUENCER        TB seq.             Hold "ZZZZ" from 7-cycles to 10-cycles
%%         790.0 ns  Log    ID_SEQUENCER        TB seq.             Hold "0000" from 7-cycles to 10-cycles
%%         940.0 ns  Log    ID_SEQUENCER        TB seq.             Hold "1111" from 7-cycles to 10-cycles
%%        1090.0 ns  Log    ID_SEQUENCER        TB seq.             Hold "XXXX" from 7-cycles to 10-cycles
%%        1240.0 ns  Log    ID_SEQUENCER        TB seq.             Hold "UUUU" from 7-cycles to 10-cycles
%%        1390.0 ns  Log    ID_SEQUENCER        TB seq.             Testing legal sequences (no std_logic_vector transitions) within the window /w min_cycles = 0
%%        1390.0 ns  Log    ID_SEQUENCER        TB seq.             Setting min_cycles = 0, max_cycles = 5
%%        1440.0 ns  Log    ID_SEQUENCER        TB seq.             Hold "HHHH" from 0-cycles to 5-cycles
%%        1550.0 ns  Log    ID_SEQUENCER        TB seq.             Hold "LLLL" from 0-cycles to 5-cycles
%%        1660.0 ns  Log    ID_SEQUENCER        TB seq.             Hold "WWWW" from 0-cycles to 5-cycles
%%        1770.0 ns  Log    ID_SEQUENCER        TB seq.             Hold "ZZZZ" from 0-cycles to 5-cycles
%%        1880.0 ns  Log    ID_SEQUENCER        TB seq.             Hold "0000" from 0-cycles to 5-cycles
%%        1990.0 ns  Log    ID_SEQUENCER        TB seq.             Hold "1111" from 0-cycles to 5-cycles
%%        2100.0 ns  Log    ID_SEQUENCER        TB seq.             Hold "XXXX" from 0-cycles to 5-cycles
%%        2210.0 ns  Log    ID_SEQUENCER        TB seq.             Hold "UUUU" from 0-cycles to 5-cycles
%%        2320.0 ns  Log    ID_SEQUENCER        TB seq.             Testing legal sequences (no std_logic_vector transitions) within the window /w min_cycles = max_cycles
%%        2320.0 ns  Log    ID_SEQUENCER        TB seq.             Setting min_cycles = 0, max_cycles = 0
%%        2370.0 ns  Log    ID_SEQUENCER        TB seq.             Hold "HHHH" from 0-cycles to 0-cycles
%%        2370.0 ns  Log    PASSED              TB seq.(uvvm)       assert_stable_from_min_to_max_cycles_after_trigger() => OK (first). tracked_value was stable in window. OK after 0 ns.
%%        2420.0 ns  Log    ID_SEQUENCER        TB seq.             Hold "LLLL" from 0-cycles to 0-cycles
%%        2470.0 ns  Log    ID_SEQUENCER        TB seq.             Hold "WWWW" from 0-cycles to 0-cycles
%%        2520.0 ns  Log    ID_SEQUENCER        TB seq.             Hold "ZZZZ" from 0-cycles to 0-cycles
%%        2570.0 ns  Log    ID_SEQUENCER        TB seq.             Hold "0000" from 0-cycles to 0-cycles
%%        2620.0 ns  Log    ID_SEQUENCER        TB seq.             Hold "1111" from 0-cycles to 0-cycles
%%        2670.0 ns  Log    ID_SEQUENCER        TB seq.             Hold "XXXX" from 0-cycles to 0-cycles
%%        2720.0 ns  Log    ID_SEQUENCER        TB seq.             Hold "UUUU" from 0-cycles to 0-cycles
%%        2770.0 ns  Log    ID_SEQUENCER        TB seq.             Testing multiple triggers within the window
%%        2770.0 ns  Log    ID_SEQUENCER        TB seq.             Setting min_cycles = 1, max_cycles = 4
%% 
%% 
%%        2930.0 ns  Log    ID_LOG_HDR          TB seq.             Testing Triggering Assertion (std_logic_vector)
%% ----------------------------------------------------------------------------------------------------------------------------------------------------------------------------
%%        2930.0 ns  Log    ID_SEQUENCER        TB seq.             Testing invalid sequences (std_logic_vector transitions) within the window
%%        2930.0 ns  Log    ID_SEQUENCER        TB seq.             Setting min_cycles = 7, max_cycles = 10
%%        2980.0 ns  Log    ID_SEQUENCER        TB seq.             Change the value from "HHHH" to "LLLL", window (7-cycles to 10-cycles)
%%        3070.0 ns  Alert  ERROR               TB seq.(uvvm)       assert_stable_from_min_to_max_cycles_after_trigger() => Failed. tracked_value (LLLL) was not stable after 90 ns(9-cycles).
%%        3120.0 ns  Log    ID_SEQUENCER        TB seq.             Change the value from "HHHH" to "WWWW", window (7-cycles to 10-cycles)
%%        3210.0 ns  Alert  ERROR               TB seq.(uvvm)       assert_stable_from_min_to_max_cycles_after_trigger() => Failed. tracked_value (WWWW) was not stable after
%%:                                                                 90 ns(9-cycles). pipe: (1).
%%        3260.0 ns  Log    ID_SEQUENCER        TB seq.             Change the value from "HHHH" to "ZZZZ", window (7-cycles to 10-cycles)
%%        3350.0 ns  Alert  ERROR               TB seq.(uvvm)       assert_stable_from_min_to_max_cycles_after_trigger() => Failed. tracked_value (ZZZZ) was not stable after
%%:                                                                 90 ns(9-cycles). pipe: (2).
%%        3400.0 ns  Log    ID_SEQUENCER        TB seq.             Change the value from "HHHH" to "0000", window (7-cycles to 10-cycles)
%%        3490.0 ns  Alert  ERROR               TB seq.(uvvm)       assert_stable_from_min_to_max_cycles_after_trigger() => Failed. tracked_value (0000) was not stable after
%%:                                                                 90 ns(9-cycles). pipe: (3).
%%        3540.0 ns  Log    ID_SEQUENCER        TB seq.             Change the value from "HHHH" to "1111", window (7-cycles to 10-cycles)
%%        3630.0 ns  Alert  ERROR               TB seq.(uvvm)       assert_stable_from_min_to_max_cycles_after_trigger() => Failed. tracked_value (1111) was not stable after
%%:                                                                 90 ns(9-cycles). pipe: (4).
%%        3680.0 ns  Log    ID_SEQUENCER        TB seq.             Change the value from "HHHH" to "XXXX", window (7-cycles to 10-cycles)
%%        3770.0 ns  Alert  ERROR               TB seq.(uvvm)       assert_stable_from_min_to_max_cycles_after_trigger() => Failed. tracked_value (XXXX) was not stable after
%%:                                                                 90 ns(9-cycles). pipe: (5).
%%        3820.0 ns  Log    ID_SEQUENCER        TB seq.             Change the value from "HHHH" to "UUUU", window (7-cycles to 10-cycles)
%%        3910.0 ns  Alert  ERROR               TB seq.(uvvm)       assert_stable_from_min_to_max_cycles_after_trigger() => Failed. tracked_value (UUUU) was not stable after
%%:                                                                 90 ns(9-cycles). pipe: (6).
%%        3960.0 ns  Log    ID_SEQUENCER        TB seq.             Change the value from "LLLL" to "HHHH", window (7-cycles to 10-cycles)
%%        4050.0 ns  Alert  ERROR               TB seq.(uvvm)       assert_stable_from_min_to_max_cycles_after_trigger() => Failed. tracked_value (HHHH) was not stable after
%%:                                                                 90 ns(9-cycles). pipe: (7).
%%        4100.0 ns  Log    ID_SEQUENCER        TB seq.             Change the value from "LLLL" to "WWWW", window (7-cycles to 10-cycles)
%%        4190.0 ns  Alert  ERROR               TB seq.(uvvm)       assert_stable_from_min_to_max_cycles_after_trigger() => Failed. tracked_value (WWWW) was not stable after
%%:                                                                 90 ns(9-cycles). pipe: (8).
%%        4240.0 ns  Log    ID_SEQUENCER        TB seq.             Change the value from "LLLL" to "ZZZZ", window (7-cycles to 10-cycles)
%%        4330.0 ns  Alert  ERROR               TB seq.(uvvm)       assert_stable_from_min_to_max_cycles_after_trigger() => Failed. tracked_value (ZZZZ) was not stable after
%%:                                                                 90 ns(9-cycles). pipe: (9).
%%        4380.0 ns  Log    ID_SEQUENCER        TB seq.             Change the value from "LLLL" to "0000", window (7-cycles to 10-cycles)
%%        4470.0 ns  Alert  ERROR               TB seq.(uvvm)       assert_stable_from_min_to_max_cycles_after_trigger() => Failed. tracked_value (0000) was not stable after
%%:                                                                 90 ns(9-cycles). pipe: (10).
%%        4520.0 ns  Log    ID_SEQUENCER        TB seq.             Change the value from "LLLL" to "1111", window (7-cycles to 10-cycles)
%%        4610.0 ns  Alert  ERROR               TB seq.(uvvm)       assert_stable_from_min_to_max_cycles_after_trigger() => Failed. tracked_value (1111) was not stable after 90 ns(9-cycles).
%%        4660.0 ns  Log    ID_SEQUENCER        TB seq.             Change the value from "LLLL" to "XXXX", window (7-cycles to 10-cycles)
%%        4750.0 ns  Alert  ERROR               TB seq.(uvvm)       assert_stable_from_min_to_max_cycles_after_trigger() => Failed. tracked_value (XXXX) was not stable after
%%:                                                                 90 ns(9-cycles). pipe: (1).
%%        4800.0 ns  Log    ID_SEQUENCER        TB seq.             Change the value from "LLLL" to "UUUU", window (7-cycles to 10-cycles)
%%        4890.0 ns  Alert  ERROR               TB seq.(uvvm)       assert_stable_from_min_to_max_cycles_after_trigger() => Failed. tracked_value (UUUU) was not stable after
%%:                                                                 90 ns(9-cycles). pipe: (2).
%%        4940.0 ns  Log    ID_SEQUENCER        TB seq.             Change the value from "WWWW" to "HHHH", window (7-cycles to 10-cycles)
%%        5030.0 ns  Alert  ERROR               TB seq.(uvvm)       assert_stable_from_min_to_max_cycles_after_trigger() => Failed. tracked_value (HHHH) was not stable after
%%:                                                                 90 ns(9-cycles). pipe: (3).
%%        5080.0 ns  Log    ID_SEQUENCER        TB seq.             Change the value from "WWWW" to "LLLL", window (7-cycles to 10-cycles)
%%        5170.0 ns  Alert  ERROR               TB seq.(uvvm)       assert_stable_from_min_to_max_cycles_after_trigger() => Failed. tracked_value (LLLL) was not stable after
%%:                                                                 90 ns(9-cycles). pipe: (4).
%%        5220.0 ns  Log    ID_SEQUENCER        TB seq.             Change the value from "WWWW" to "ZZZZ", window (7-cycles to 10-cycles)
%%        5310.0 ns  Alert  ERROR               TB seq.(uvvm)       assert_stable_from_min_to_max_cycles_after_trigger() => Failed. tracked_value (ZZZZ) was not stable after
%%:                                                                 90 ns(9-cycles). pipe: (5).
%%        5360.0 ns  Log    ID_SEQUENCER        TB seq.             Change the value from "WWWW" to "0000", window (7-cycles to 10-cycles)
%%        5450.0 ns  Alert  ERROR               TB seq.(uvvm)       assert_stable_from_min_to_max_cycles_after_trigger() => Failed. tracked_value (0000) was not stable after
%%:                                                                 90 ns(9-cycles). pipe: (6).
%%        5500.0 ns  Log    ID_SEQUENCER        TB seq.             Change the value from "WWWW" to "1111", window (7-cycles to 10-cycles)
%%        5590.0 ns  Alert  ERROR               TB seq.(uvvm)       assert_stable_from_min_to_max_cycles_after_trigger() => Failed. tracked_value (1111) was not stable after
%%:                                                                 90 ns(9-cycles). pipe: (7).
%%        5640.0 ns  Log    ID_SEQUENCER        TB seq.             Change the value from "WWWW" to "XXXX", window (7-cycles to 10-cycles)
%%        5730.0 ns  Alert  ERROR               TB seq.(uvvm)       assert_stable_from_min_to_max_cycles_after_trigger() => Failed. tracked_value (XXXX) was not stable after
%%:                                                                 90 ns(9-cycles). pipe: (8).
%%        5780.0 ns  Log    ID_SEQUENCER        TB seq.             Change the value from "WWWW" to "UUUU", window (7-cycles to 10-cycles)
%%        5870.0 ns  Alert  ERROR               TB seq.(uvvm)       assert_stable_from_min_to_max_cycles_after_trigger() => Failed. tracked_value (UUUU) was not stable after
%%:                                                                 90 ns(9-cycles). pipe: (9).
%%        5920.0 ns  Log    ID_SEQUENCER        TB seq.             Change the value from "ZZZZ" to "HHHH", window (7-cycles to 10-cycles)
%%        6010.0 ns  Alert  ERROR               TB seq.(uvvm)       assert_stable_from_min_to_max_cycles_after_trigger() => Failed. tracked_value (HHHH) was not stable after
%%:                                                                 90 ns(9-cycles). pipe: (10).
%%        6060.0 ns  Log    ID_SEQUENCER        TB seq.             Change the value from "ZZZZ" to "LLLL", window (7-cycles to 10-cycles)
%%        6150.0 ns  Alert  ERROR               TB seq.(uvvm)       assert_stable_from_min_to_max_cycles_after_trigger() => Failed. tracked_value (LLLL) was not stable after 90 ns(9-cycles).
%%        6200.0 ns  Log    ID_SEQUENCER        TB seq.             Change the value from "ZZZZ" to "WWWW", window (7-cycles to 10-cycles)
%%        6290.0 ns  Alert  ERROR               TB seq.(uvvm)       assert_stable_from_min_to_max_cycles_after_trigger() => Failed. tracked_value (WWWW) was not stable after
%%:                                                                 90 ns(9-cycles). pipe: (1).
%%        6340.0 ns  Log    ID_SEQUENCER        TB seq.             Change the value from "ZZZZ" to "0000", window (7-cycles to 10-cycles)
%%        6430.0 ns  Alert  ERROR               TB seq.(uvvm)       assert_stable_from_min_to_max_cycles_after_trigger() => Failed. tracked_value (0000) was not stable after
%%:                                                                 90 ns(9-cycles). pipe: (2).
%%        6480.0 ns  Log    ID_SEQUENCER        TB seq.             Change the value from "ZZZZ" to "1111", window (7-cycles to 10-cycles)
%%        6570.0 ns  Alert  ERROR               TB seq.(uvvm)       assert_stable_from_min_to_max_cycles_after_trigger() => Failed. tracked_value (1111) was not stable after
%%:                                                                 90 ns(9-cycles). pipe: (3).
%%        6620.0 ns  Log    ID_SEQUENCER        TB seq.             Change the value from "ZZZZ" to "XXXX", window (7-cycles to 10-cycles)
%%        6710.0 ns  Alert  ERROR               TB seq.(uvvm)       assert_stable_from_min_to_max_cycles_after_trigger() => Failed. tracked_value (XXXX) was not stable after
%%:                                                                 90 ns(9-cycles). pipe: (4).
%%        6760.0 ns  Log    ID_SEQUENCER        TB seq.             Change the value from "ZZZZ" to "UUUU", window (7-cycles to 10-cycles)
%%        6850.0 ns  Alert  ERROR               TB seq.(uvvm)       assert_stable_from_min_to_max_cycles_after_trigger() => Failed. tracked_value (UUUU) was not stable after
%%:                                                                 90 ns(9-cycles). pipe: (5).
%%        6900.0 ns  Log    ID_SEQUENCER        TB seq.             Change the value from "0000" to "HHHH", window (7-cycles to 10-cycles)
%%        6990.0 ns  Alert  ERROR               TB seq.(uvvm)       assert_stable_from_min_to_max_cycles_after_trigger() => Failed. tracked_value (HHHH) was not stable after
%%:                                                                 90 ns(9-cycles). pipe: (6).
%%        7040.0 ns  Log    ID_SEQUENCER        TB seq.             Change the value from "0000" to "LLLL", window (7-cycles to 10-cycles)
%%        7130.0 ns  Alert  ERROR               TB seq.(uvvm)       assert_stable_from_min_to_max_cycles_after_trigger() => Failed. tracked_value (LLLL) was not stable after
%%:                                                                 90 ns(9-cycles). pipe: (7).
%%        7180.0 ns  Log    ID_SEQUENCER        TB seq.             Change the value from "0000" to "WWWW", window (7-cycles to 10-cycles)
%%        7270.0 ns  Alert  ERROR               TB seq.(uvvm)       assert_stable_from_min_to_max_cycles_after_trigger() => Failed. tracked_value (WWWW) was not stable after
%%:                                                                 90 ns(9-cycles). pipe: (8).
%%        7320.0 ns  Log    ID_SEQUENCER        TB seq.             Change the value from "0000" to "ZZZZ", window (7-cycles to 10-cycles)
%%        7410.0 ns  Alert  ERROR               TB seq.(uvvm)       assert_stable_from_min_to_max_cycles_after_trigger() => Failed. tracked_value (ZZZZ) was not stable after
%%:                                                                 90 ns(9-cycles). pipe: (9).
%%        7460.0 ns  Log    ID_SEQUENCER        TB seq.             Change the value from "0000" to "1111", window (7-cycles to 10-cycles)
%%        7550.0 ns  Alert  ERROR               TB seq.(uvvm)       assert_stable_from_min_to_max_cycles_after_trigger() => Failed. tracked_value (1111) was not stable after
%%:                                                                 90 ns(9-cycles). pipe: (10).
%%        7600.0 ns  Log    ID_SEQUENCER        TB seq.             Change the value from "0000" to "XXXX", window (7-cycles to 10-cycles)
%%        7690.0 ns  Alert  ERROR               TB seq.(uvvm)       assert_stable_from_min_to_max_cycles_after_trigger() => Failed. tracked_value (XXXX) was not stable after 90 ns(9-cycles).
%%        7740.0 ns  Log    ID_SEQUENCER        TB seq.             Change the value from "0000" to "UUUU", window (7-cycles to 10-cycles)
%%        7830.0 ns  Alert  ERROR               TB seq.(uvvm)       assert_stable_from_min_to_max_cycles_after_trigger() => Failed. tracked_value (UUUU) was not stable after
%%:                                                                 90 ns(9-cycles). pipe: (1).
%%        7880.0 ns  Log    ID_SEQUENCER        TB seq.             Change the value from "1111" to "HHHH", window (7-cycles to 10-cycles)
%%        7970.0 ns  Alert  ERROR               TB seq.(uvvm)       assert_stable_from_min_to_max_cycles_after_trigger() => Failed. tracked_value (HHHH) was not stable after
%%:                                                                 90 ns(9-cycles). pipe: (2).
%%        8020.0 ns  Log    ID_SEQUENCER        TB seq.             Change the value from "1111" to "LLLL", window (7-cycles to 10-cycles)
%%        8110.0 ns  Alert  ERROR               TB seq.(uvvm)       assert_stable_from_min_to_max_cycles_after_trigger() => Failed. tracked_value (LLLL) was not stable after
%%:                                                                 90 ns(9-cycles). pipe: (3).
%%        8160.0 ns  Log    ID_SEQUENCER        TB seq.             Change the value from "1111" to "WWWW", window (7-cycles to 10-cycles)
%%        8250.0 ns  Alert  ERROR               TB seq.(uvvm)       assert_stable_from_min_to_max_cycles_after_trigger() => Failed. tracked_value (WWWW) was not stable after
%%:                                                                 90 ns(9-cycles). pipe: (4).
%%        8300.0 ns  Log    ID_SEQUENCER        TB seq.             Change the value from "1111" to "ZZZZ", window (7-cycles to 10-cycles)
%%        8390.0 ns  Alert  ERROR               TB seq.(uvvm)       assert_stable_from_min_to_max_cycles_after_trigger() => Failed. tracked_value (ZZZZ) was not stable after
%%:                                                                 90 ns(9-cycles). pipe: (5).
%%        8440.0 ns  Log    ID_SEQUENCER        TB seq.             Change the value from "1111" to "0000", window (7-cycles to 10-cycles)
%%        8530.0 ns  Alert  ERROR               TB seq.(uvvm)       assert_stable_from_min_to_max_cycles_after_trigger() => Failed. tracked_value (0000) was not stable after
%%:                                                                 90 ns(9-cycles). pipe: (6).
%%        8580.0 ns  Log    ID_SEQUENCER        TB seq.             Change the value from "1111" to "XXXX", window (7-cycles to 10-cycles)
%%        8670.0 ns  Alert  ERROR               TB seq.(uvvm)       assert_stable_from_min_to_max_cycles_after_trigger() => Failed. tracked_value (XXXX) was not stable after
%%:                                                                 90 ns(9-cycles). pipe: (7).
%%        8720.0 ns  Log    ID_SEQUENCER        TB seq.             Change the value from "1111" to "UUUU", window (7-cycles to 10-cycles)
%%        8810.0 ns  Alert  ERROR               TB seq.(uvvm)       assert_stable_from_min_to_max_cycles_after_trigger() => Failed. tracked_value (UUUU) was not stable after
%%:                                                                 90 ns(9-cycles). pipe: (8).
%%        8860.0 ns  Log    ID_SEQUENCER        TB seq.             Change the value from "XXXX" to "HHHH", window (7-cycles to 10-cycles)
%%        8950.0 ns  Alert  ERROR               TB seq.(uvvm)       assert_stable_from_min_to_max_cycles_after_trigger() => Failed. tracked_value (HHHH) was not stable after
%%:                                                                 90 ns(9-cycles). pipe: (9).
%%        9000.0 ns  Log    ID_SEQUENCER        TB seq.             Change the value from "XXXX" to "LLLL", window (7-cycles to 10-cycles)
%%        9090.0 ns  Alert  ERROR               TB seq.(uvvm)       assert_stable_from_min_to_max_cycles_after_trigger() => Failed. tracked_value (LLLL) was not stable after
%%:                                                                 90 ns(9-cycles). pipe: (10).
%%        9140.0 ns  Log    ID_SEQUENCER        TB seq.             Change the value from "XXXX" to "WWWW", window (7-cycles to 10-cycles)
%%        9230.0 ns  Alert  ERROR               TB seq.(uvvm)       assert_stable_from_min_to_max_cycles_after_trigger() => Failed. tracked_value (WWWW) was not stable after 90 ns(9-cycles).
%%        9280.0 ns  Log    ID_SEQUENCER        TB seq.             Change the value from "XXXX" to "ZZZZ", window (7-cycles to 10-cycles)
%%        9370.0 ns  Alert  ERROR               TB seq.(uvvm)       assert_stable_from_min_to_max_cycles_after_trigger() => Failed. tracked_value (ZZZZ) was not stable after
%%:                                                                 90 ns(9-cycles). pipe: (1).
%%        9420.0 ns  Log    ID_SEQUENCER        TB seq.             Change the value from "XXXX" to "0000", window (7-cycles to 10-cycles)
%%        9510.0 ns  Alert  ERROR               TB seq.(uvvm)       assert_stable_from_min_to_max_cycles_after_trigger() => Failed. tracked_value (0000) was not stable after
%%:                                                                 90 ns(9-cycles). pipe: (2).
%%        9560.0 ns  Log    ID_SEQUENCER        TB seq.             Change the value from "XXXX" to "1111", window (7-cycles to 10-cycles)
%%        9650.0 ns  Alert  ERROR               TB seq.(uvvm)       assert_stable_from_min_to_max_cycles_after_trigger() => Failed. tracked_value (1111) was not stable after
%%:                                                                 90 ns(9-cycles). pipe: (3).
%%        9700.0 ns  Log    ID_SEQUENCER        TB seq.             Change the value from "XXXX" to "UUUU", window (7-cycles to 10-cycles)
%%        9790.0 ns  Alert  ERROR               TB seq.(uvvm)       assert_stable_from_min_to_max_cycles_after_trigger() => Failed. tracked_value (UUUU) was not stable after
%%:                                                                 90 ns(9-cycles). pipe: (4).
%%        9840.0 ns  Log    ID_SEQUENCER        TB seq.             Change the value from "UUUU" to "HHHH", window (7-cycles to 10-cycles)
%%        9930.0 ns  Alert  ERROR               TB seq.(uvvm)       assert_stable_from_min_to_max_cycles_after_trigger() => Failed. tracked_value (HHHH) was not stable after
%%:                                                                 90 ns(9-cycles). pipe: (5).
%%        9980.0 ns  Log    ID_SEQUENCER        TB seq.             Change the value from "UUUU" to "LLLL", window (7-cycles to 10-cycles)
%%       10070.0 ns  Alert  ERROR               TB seq.(uvvm)       assert_stable_from_min_to_max_cycles_after_trigger() => Failed. tracked_value (LLLL) was not stable after
%%:                                                                 90 ns(9-cycles). pipe: (6).
%%       10120.0 ns  Log    ID_SEQUENCER        TB seq.             Change the value from "UUUU" to "WWWW", window (7-cycles to 10-cycles)
%%       10210.0 ns  Alert  ERROR               TB seq.(uvvm)       assert_stable_from_min_to_max_cycles_after_trigger() => Failed. tracked_value (WWWW) was not stable after
%%:                                                                 90 ns(9-cycles). pipe: (7).
%%       10260.0 ns  Log    ID_SEQUENCER        TB seq.             Change the value from "UUUU" to "ZZZZ", window (7-cycles to 10-cycles)
%%       10350.0 ns  Alert  ERROR               TB seq.(uvvm)       assert_stable_from_min_to_max_cycles_after_trigger() => Failed. tracked_value (ZZZZ) was not stable after
%%:                                                                 90 ns(9-cycles). pipe: (8).
%%       10400.0 ns  Log    ID_SEQUENCER        TB seq.             Change the value from "UUUU" to "0000", window (7-cycles to 10-cycles)
%%       10490.0 ns  Alert  ERROR               TB seq.(uvvm)       assert_stable_from_min_to_max_cycles_after_trigger() => Failed. tracked_value (0000) was not stable after
%%:                                                                 90 ns(9-cycles). pipe: (9).
%%       10540.0 ns  Log    ID_SEQUENCER        TB seq.             Change the value from "UUUU" to "1111", window (7-cycles to 10-cycles)
%%       10630.0 ns  Alert  ERROR               TB seq.(uvvm)       assert_stable_from_min_to_max_cycles_after_trigger() => Failed. tracked_value (1111) was not stable after
%%:                                                                 90 ns(9-cycles). pipe: (10).
%%       10680.0 ns  Log    ID_SEQUENCER        TB seq.             Change the value from "UUUU" to "XXXX", window (7-cycles to 10-cycles)
%%       10770.0 ns  Alert  ERROR               TB seq.(uvvm)       assert_stable_from_min_to_max_cycles_after_trigger() => Failed. tracked_value (XXXX) was not stable after 90 ns(9-cycles).
%%       10820.0 ns  Log    ID_SEQUENCER        TB seq.             Testing triggering assert /w multiple triggers within the window
%%       10820.0 ns  Log    ID_SEQUENCER        TB seq.             Setting min_cycles = 1, max_cycles = 4
%%       10880.0 ns  Alert  ERROR               TB seq.(uvvm)       assert_stable_from_min_to_max_cycles_after_trigger() => Failed. tracked_value (1111) was not stable after 10 ns(1-cycles).
%%       10900.0 ns  Alert  ERROR               TB seq.(uvvm)       assert_stable_from_min_to_max_cycles_after_trigger() => Failed. tracked_value (1111) was not stable after
%%:                                                                 10 ns(1-cycles). pipe: (1).
%% 
%% 
%%       10980.0 ns  Log    ID_LOG_HDR          TB seq.             Testing pos_ack_kind: EVERY (std_logic_vector)
%% ----------------------------------------------------------------------------------------------------------------------------------------------------------------------------
%%       10980.0 ns  Log    ID_SEQUENCER        TB seq.             Expecting a positive acknowledge on each successful window sequence
%%       10980.0 ns  Log    ID_SEQUENCER        TB seq.             Setting min_cycles = 0, max_cycles = 10
%%       11030.0 ns  Log    ID_SEQUENCER        TB seq.             Hold "1111" from 0-cycles to 10-cycles
%%       11190.0 ns  Log    ID_SEQUENCER        TB seq.             Setting min_cycles = 10, max_cycles = 20
%%       11240.0 ns  Log    ID_SEQUENCER        TB seq.             Hold "1111" from 10-cycles to 20-cycles
%%       11490.0 ns  Log    ID_SEQUENCER        TB seq.             Setting min_cycles = 20, max_cycles = 30
%%       11540.0 ns  Log    ID_SEQUENCER        TB seq.             Hold "1111" from 20-cycles to 30-cycles
%%       11890.0 ns  Log    ID_SEQUENCER        TB seq.             Setting min_cycles = 30, max_cycles = 40
%%       11940.0 ns  Log    ID_SEQUENCER        TB seq.             Hold "1111" from 30-cycles to 40-cycles
%% 
%% 
%%       12470.0 ns  Log    ID_LOG_HDR          TB seq.             Testing Normal Operation (std_logic)
%% ----------------------------------------------------------------------------------------------------------------------------------------------------------------------------
%%       12470.0 ns  Log    ID_SEQUENCER        TB seq.             Testing all legal sequences (no std_logic transitions) within the window
%%       12470.0 ns  Log    ID_SEQUENCER        TB seq.             Setting min_cycles = 7, max_cycles = 10
%%       12520.0 ns  Log    ID_SEQUENCER        TB seq.             Hold 'U' from 7-cycles to 10-cycles
%%       12670.0 ns  Log    ID_SEQUENCER        TB seq.             Hold 'X' from 7-cycles to 10-cycles
%%       12820.0 ns  Log    ID_SEQUENCER        TB seq.             Hold '1' from 7-cycles to 10-cycles
%%       12970.0 ns  Log    ID_SEQUENCER        TB seq.             Hold '0' from 7-cycles to 10-cycles
%%       13120.0 ns  Log    ID_SEQUENCER        TB seq.             Hold 'Z' from 7-cycles to 10-cycles
%%       13270.0 ns  Log    ID_SEQUENCER        TB seq.             Hold 'W' from 7-cycles to 10-cycles
%%       13420.0 ns  Log    ID_SEQUENCER        TB seq.             Hold 'L' from 7-cycles to 10-cycles
%%       13570.0 ns  Log    ID_SEQUENCER        TB seq.             Hold 'H' from 7-cycles to 10-cycles
%%       13720.0 ns  Log    ID_SEQUENCER        TB seq.             Testing all legal sequences (no std_logic transitions) within the window /w min_cycles = 0
%%       13720.0 ns  Log    ID_SEQUENCER        TB seq.             Setting min_cycles = 0, max_cycles = 5
%%       13770.0 ns  Log    ID_SEQUENCER        TB seq.             Hold 'U' from 0-cycles to 5-cycles
%%       13880.0 ns  Log    ID_SEQUENCER        TB seq.             Hold 'X' from 0-cycles to 5-cycles
%%       13990.0 ns  Log    ID_SEQUENCER        TB seq.             Hold '1' from 0-cycles to 5-cycles
%%       14100.0 ns  Log    ID_SEQUENCER        TB seq.             Hold '0' from 0-cycles to 5-cycles
%%       14210.0 ns  Log    ID_SEQUENCER        TB seq.             Hold 'Z' from 0-cycles to 5-cycles
%%       14320.0 ns  Log    ID_SEQUENCER        TB seq.             Hold 'W' from 0-cycles to 5-cycles
%%       14430.0 ns  Log    ID_SEQUENCER        TB seq.             Hold 'L' from 0-cycles to 5-cycles
%%       14540.0 ns  Log    ID_SEQUENCER        TB seq.             Hold 'H' from 0-cycles to 5-cycles
%%       14650.0 ns  Log    ID_SEQUENCER        TB seq.             Testing all legal sequences (no std_logic transitions) within the window /w min_cycles = max_cycles
%%       14650.0 ns  Log    ID_SEQUENCER        TB seq.             Setting min_cycles = 0, max_cycles = 0
%%       14700.0 ns  Log    ID_SEQUENCER        TB seq.             Hold 'U' from 0-cycles to 0-cycles
%%       14700.0 ns  Log    PASSED              TB seq.(uvvm)       assert_stable_from_min_to_max_cycles_after_trigger() => OK (first). tracked_value was stable in window. OK after 0 ns.
%%       14750.0 ns  Log    ID_SEQUENCER        TB seq.             Hold 'X' from 0-cycles to 0-cycles
%%       14800.0 ns  Log    ID_SEQUENCER        TB seq.             Hold '1' from 0-cycles to 0-cycles
%%       14850.0 ns  Log    ID_SEQUENCER        TB seq.             Hold '0' from 0-cycles to 0-cycles
%%       14900.0 ns  Log    ID_SEQUENCER        TB seq.             Hold 'Z' from 0-cycles to 0-cycles
%%       14950.0 ns  Log    ID_SEQUENCER        TB seq.             Hold 'W' from 0-cycles to 0-cycles
%%       15000.0 ns  Log    ID_SEQUENCER        TB seq.             Hold 'L' from 0-cycles to 0-cycles
%%       15050.0 ns  Log    ID_SEQUENCER        TB seq.             Hold 'H' from 0-cycles to 0-cycles
%%       15100.0 ns  Log    ID_SEQUENCER        TB seq.             Testing multiple triggers within the window
%%       15100.0 ns  Log    ID_SEQUENCER        TB seq.             Setting min_cycles = 1, max_cycles = 4
%% 
%% 
%%       15260.0 ns  Log    ID_LOG_HDR          TB seq.             Testing Triggering Assertion (std_logic)
%% ----------------------------------------------------------------------------------------------------------------------------------------------------------------------------
%%       15260.0 ns  Log    ID_SEQUENCER        TB seq.             Testing all invalid sequences (std_logic transitions) within the window
%%       15260.0 ns  Log    ID_SEQUENCER        TB seq.             Setting min_cycles = 7, max_cycles = 10
%%       15310.0 ns  Log    ID_SEQUENCER        TB seq.             Change the value from 'U' to 'X', window (7-cycles to 10-cycles)
%%       15400.0 ns  Alert  ERROR               TB seq.(uvvm)       assert_stable_from_min_to_max_cycles_after_trigger() => Failed. tracked_value (X) was not stable after 90 ns (9-cycles).
%%       15450.0 ns  Log    ID_SEQUENCER        TB seq.             Change the value from 'U' to '1', window (7-cycles to 10-cycles)
%%       15540.0 ns  Alert  ERROR               TB seq.(uvvm)       assert_stable_from_min_to_max_cycles_after_trigger() => Failed. tracked_value (1) was not stable after 90
%%:                                                                 ns (9-cycles). pipe: (1).
%%       15590.0 ns  Log    ID_SEQUENCER        TB seq.             Change the value from 'U' to '0', window (7-cycles to 10-cycles)
%%       15680.0 ns  Alert  ERROR               TB seq.(uvvm)       assert_stable_from_min_to_max_cycles_after_trigger() => Failed. tracked_value (0) was not stable after 90
%%:                                                                 ns (9-cycles). pipe: (2).
%%       15730.0 ns  Log    ID_SEQUENCER        TB seq.             Change the value from 'U' to 'Z', window (7-cycles to 10-cycles)
%%       15820.0 ns  Alert  ERROR               TB seq.(uvvm)       assert_stable_from_min_to_max_cycles_after_trigger() => Failed. tracked_value (Z) was not stable after 90
%%:                                                                 ns (9-cycles). pipe: (3).
%%       15870.0 ns  Log    ID_SEQUENCER        TB seq.             Change the value from 'U' to 'W', window (7-cycles to 10-cycles)
%%       15960.0 ns  Alert  ERROR               TB seq.(uvvm)       assert_stable_from_min_to_max_cycles_after_trigger() => Failed. tracked_value (W) was not stable after 90
%%:                                                                 ns (9-cycles). pipe: (4).
%%       16010.0 ns  Log    ID_SEQUENCER        TB seq.             Change the value from 'U' to 'L', window (7-cycles to 10-cycles)
%%       16100.0 ns  Alert  ERROR               TB seq.(uvvm)       assert_stable_from_min_to_max_cycles_after_trigger() => Failed. tracked_value (L) was not stable after 90
%%:                                                                 ns (9-cycles). pipe: (5).
%%       16150.0 ns  Log    ID_SEQUENCER        TB seq.             Change the value from 'U' to 'H', window (7-cycles to 10-cycles)
%%       16240.0 ns  Alert  ERROR               TB seq.(uvvm)       assert_stable_from_min_to_max_cycles_after_trigger() => Failed. tracked_value (H) was not stable after 90
%%:                                                                 ns (9-cycles). pipe: (6).
%%       16290.0 ns  Log    ID_SEQUENCER        TB seq.             Change the value from 'X' to 'U', window (7-cycles to 10-cycles)
%%       16380.0 ns  Alert  ERROR               TB seq.(uvvm)       assert_stable_from_min_to_max_cycles_after_trigger() => Failed. tracked_value (U) was not stable after 90
%%:                                                                 ns (9-cycles). pipe: (7).
%%       16430.0 ns  Log    ID_SEQUENCER        TB seq.             Change the value from 'X' to '1', window (7-cycles to 10-cycles)
%%       16520.0 ns  Alert  ERROR               TB seq.(uvvm)       assert_stable_from_min_to_max_cycles_after_trigger() => Failed. tracked_value (1) was not stable after 90
%%:                                                                 ns (9-cycles). pipe: (8).
%%       16570.0 ns  Log    ID_SEQUENCER        TB seq.             Change the value from 'X' to '0', window (7-cycles to 10-cycles)
%%       16660.0 ns  Alert  ERROR               TB seq.(uvvm)       assert_stable_from_min_to_max_cycles_after_trigger() => Failed. tracked_value (0) was not stable after 90
%%:                                                                 ns (9-cycles). pipe: (9).
%%       16710.0 ns  Log    ID_SEQUENCER        TB seq.             Change the value from 'X' to 'Z', window (7-cycles to 10-cycles)
%%       16800.0 ns  Alert  ERROR               TB seq.(uvvm)       assert_stable_from_min_to_max_cycles_after_trigger() => Failed. tracked_value (Z) was not stable after 90
%%:                                                                 ns (9-cycles). pipe: (10).
%%       16850.0 ns  Log    ID_SEQUENCER        TB seq.             Change the value from 'X' to 'W', window (7-cycles to 10-cycles)
%%       16940.0 ns  Alert  ERROR               TB seq.(uvvm)       assert_stable_from_min_to_max_cycles_after_trigger() => Failed. tracked_value (W) was not stable after 90 ns (9-cycles).
%%       16990.0 ns  Log    ID_SEQUENCER        TB seq.             Change the value from 'X' to 'L', window (7-cycles to 10-cycles)
%%       17080.0 ns  Alert  ERROR               TB seq.(uvvm)       assert_stable_from_min_to_max_cycles_after_trigger() => Failed. tracked_value (L) was not stable after 90
%%:                                                                 ns (9-cycles). pipe: (1).
%%       17130.0 ns  Log    ID_SEQUENCER        TB seq.             Change the value from 'X' to 'H', window (7-cycles to 10-cycles)
%%       17220.0 ns  Alert  ERROR               TB seq.(uvvm)       assert_stable_from_min_to_max_cycles_after_trigger() => Failed. tracked_value (H) was not stable after 90
%%:                                                                 ns (9-cycles). pipe: (2).
%%       17270.0 ns  Log    ID_SEQUENCER        TB seq.             Change the value from '1' to 'U', window (7-cycles to 10-cycles)
%%       17360.0 ns  Alert  ERROR               TB seq.(uvvm)       assert_stable_from_min_to_max_cycles_after_trigger() => Failed. tracked_value (U) was not stable after 90
%%:                                                                 ns (9-cycles). pipe: (3).
%%       17410.0 ns  Log    ID_SEQUENCER        TB seq.             Change the value from '1' to 'X', window (7-cycles to 10-cycles)
%%       17500.0 ns  Alert  ERROR               TB seq.(uvvm)       assert_stable_from_min_to_max_cycles_after_trigger() => Failed. tracked_value (X) was not stable after 90
%%:                                                                 ns (9-cycles). pipe: (4).
%%       17550.0 ns  Log    ID_SEQUENCER        TB seq.             Change the value from '1' to '0', window (7-cycles to 10-cycles)
%%       17640.0 ns  Alert  ERROR               TB seq.(uvvm)       assert_stable_from_min_to_max_cycles_after_trigger() => Failed. tracked_value (0) was not stable after 90
%%:                                                                 ns (9-cycles). pipe: (5).
%%       17690.0 ns  Log    ID_SEQUENCER        TB seq.             Change the value from '1' to 'Z', window (7-cycles to 10-cycles)
%%       17780.0 ns  Alert  ERROR               TB seq.(uvvm)       assert_stable_from_min_to_max_cycles_after_trigger() => Failed. tracked_value (Z) was not stable after 90
%%:                                                                 ns (9-cycles). pipe: (6).
%%       17830.0 ns  Log    ID_SEQUENCER        TB seq.             Change the value from '1' to 'W', window (7-cycles to 10-cycles)
%%       17920.0 ns  Alert  ERROR               TB seq.(uvvm)       assert_stable_from_min_to_max_cycles_after_trigger() => Failed. tracked_value (W) was not stable after 90
%%:                                                                 ns (9-cycles). pipe: (7).
%%       17970.0 ns  Log    ID_SEQUENCER        TB seq.             Change the value from '1' to 'L', window (7-cycles to 10-cycles)
%%       18060.0 ns  Alert  ERROR               TB seq.(uvvm)       assert_stable_from_min_to_max_cycles_after_trigger() => Failed. tracked_value (L) was not stable after 90
%%:                                                                 ns (9-cycles). pipe: (8).
%%       18110.0 ns  Log    ID_SEQUENCER        TB seq.             Change the value from '1' to 'H', window (7-cycles to 10-cycles)
%%       18200.0 ns  Alert  ERROR               TB seq.(uvvm)       assert_stable_from_min_to_max_cycles_after_trigger() => Failed. tracked_value (H) was not stable after 90
%%:                                                                 ns (9-cycles). pipe: (9).
%%       18250.0 ns  Log    ID_SEQUENCER        TB seq.             Change the value from '0' to 'U', window (7-cycles to 10-cycles)
%%       18340.0 ns  Alert  ERROR               TB seq.(uvvm)       assert_stable_from_min_to_max_cycles_after_trigger() => Failed. tracked_value (U) was not stable after 90
%%:                                                                 ns (9-cycles). pipe: (10).
%%       18390.0 ns  Log    ID_SEQUENCER        TB seq.             Change the value from '0' to 'X', window (7-cycles to 10-cycles)
%%       18480.0 ns  Alert  ERROR               TB seq.(uvvm)       assert_stable_from_min_to_max_cycles_after_trigger() => Failed. tracked_value (X) was not stable after 90 ns (9-cycles).
%%       18530.0 ns  Log    ID_SEQUENCER        TB seq.             Change the value from '0' to '1', window (7-cycles to 10-cycles)
%%       18620.0 ns  Alert  ERROR               TB seq.(uvvm)       assert_stable_from_min_to_max_cycles_after_trigger() => Failed. tracked_value (1) was not stable after 90
%%:                                                                 ns (9-cycles). pipe: (1).
%%       18670.0 ns  Log    ID_SEQUENCER        TB seq.             Change the value from '0' to 'Z', window (7-cycles to 10-cycles)
%%       18760.0 ns  Alert  ERROR               TB seq.(uvvm)       assert_stable_from_min_to_max_cycles_after_trigger() => Failed. tracked_value (Z) was not stable after 90
%%:                                                                 ns (9-cycles). pipe: (2).
%%       18810.0 ns  Log    ID_SEQUENCER        TB seq.             Change the value from '0' to 'W', window (7-cycles to 10-cycles)
%%       18900.0 ns  Alert  ERROR               TB seq.(uvvm)       assert_stable_from_min_to_max_cycles_after_trigger() => Failed. tracked_value (W) was not stable after 90
%%:                                                                 ns (9-cycles). pipe: (3).
%%       18950.0 ns  Log    ID_SEQUENCER        TB seq.             Change the value from '0' to 'L', window (7-cycles to 10-cycles)
%%       19040.0 ns  Alert  ERROR               TB seq.(uvvm)       assert_stable_from_min_to_max_cycles_after_trigger() => Failed. tracked_value (L) was not stable after 90
%%:                                                                 ns (9-cycles). pipe: (4).
%%       19090.0 ns  Log    ID_SEQUENCER        TB seq.             Change the value from '0' to 'H', window (7-cycles to 10-cycles)
%%       19180.0 ns  Alert  ERROR               TB seq.(uvvm)       assert_stable_from_min_to_max_cycles_after_trigger() => Failed. tracked_value (H) was not stable after 90
%%:                                                                 ns (9-cycles). pipe: (5).
%%       19230.0 ns  Log    ID_SEQUENCER        TB seq.             Change the value from 'Z' to 'U', window (7-cycles to 10-cycles)
%%       19320.0 ns  Alert  ERROR               TB seq.(uvvm)       assert_stable_from_min_to_max_cycles_after_trigger() => Failed. tracked_value (U) was not stable after 90
%%:                                                                 ns (9-cycles). pipe: (6).
%%       19370.0 ns  Log    ID_SEQUENCER        TB seq.             Change the value from 'Z' to 'X', window (7-cycles to 10-cycles)
%%       19460.0 ns  Alert  ERROR               TB seq.(uvvm)       assert_stable_from_min_to_max_cycles_after_trigger() => Failed. tracked_value (X) was not stable after 90
%%:                                                                 ns (9-cycles). pipe: (7).
%%       19510.0 ns  Log    ID_SEQUENCER        TB seq.             Change the value from 'Z' to '1', window (7-cycles to 10-cycles)
%%       19600.0 ns  Alert  ERROR               TB seq.(uvvm)       assert_stable_from_min_to_max_cycles_after_trigger() => Failed. tracked_value (1) was not stable after 90
%%:                                                                 ns (9-cycles). pipe: (8).
%%       19650.0 ns  Log    ID_SEQUENCER        TB seq.             Change the value from 'Z' to '0', window (7-cycles to 10-cycles)
%%       19740.0 ns  Alert  ERROR               TB seq.(uvvm)       assert_stable_from_min_to_max_cycles_after_trigger() => Failed. tracked_value (0) was not stable after 90
%%:                                                                 ns (9-cycles). pipe: (9).
%%       19790.0 ns  Log    ID_SEQUENCER        TB seq.             Change the value from 'Z' to 'W', window (7-cycles to 10-cycles)
%%       19880.0 ns  Alert  ERROR               TB seq.(uvvm)       assert_stable_from_min_to_max_cycles_after_trigger() => Failed. tracked_value (W) was not stable after 90
%%:                                                                 ns (9-cycles). pipe: (10).
%%       19930.0 ns  Log    ID_SEQUENCER        TB seq.             Change the value from 'Z' to 'L', window (7-cycles to 10-cycles)
%%       20020.0 ns  Alert  ERROR               TB seq.(uvvm)       assert_stable_from_min_to_max_cycles_after_trigger() => Failed. tracked_value (L) was not stable after 90 ns (9-cycles).
%%       20070.0 ns  Log    ID_SEQUENCER        TB seq.             Change the value from 'Z' to 'H', window (7-cycles to 10-cycles)
%%       20160.0 ns  Alert  ERROR               TB seq.(uvvm)       assert_stable_from_min_to_max_cycles_after_trigger() => Failed. tracked_value (H) was not stable after 90
%%:                                                                 ns (9-cycles). pipe: (1).
%%       20210.0 ns  Log    ID_SEQUENCER        TB seq.             Change the value from 'W' to 'U', window (7-cycles to 10-cycles)
%%       20300.0 ns  Alert  ERROR               TB seq.(uvvm)       assert_stable_from_min_to_max_cycles_after_trigger() => Failed. tracked_value (U) was not stable after 90
%%:                                                                 ns (9-cycles). pipe: (2).
%%       20350.0 ns  Log    ID_SEQUENCER        TB seq.             Change the value from 'W' to 'X', window (7-cycles to 10-cycles)
%%       20440.0 ns  Alert  ERROR               TB seq.(uvvm)       assert_stable_from_min_to_max_cycles_after_trigger() => Failed. tracked_value (X) was not stable after 90
%%:                                                                 ns (9-cycles). pipe: (3).
%%       20490.0 ns  Log    ID_SEQUENCER        TB seq.             Change the value from 'W' to '1', window (7-cycles to 10-cycles)
%%       20580.0 ns  Alert  ERROR               TB seq.(uvvm)       assert_stable_from_min_to_max_cycles_after_trigger() => Failed. tracked_value (1) was not stable after 90
%%:                                                                 ns (9-cycles). pipe: (4).
%%       20630.0 ns  Log    ID_SEQUENCER        TB seq.             Change the value from 'W' to '0', window (7-cycles to 10-cycles)
%%       20720.0 ns  Alert  ERROR               TB seq.(uvvm)       assert_stable_from_min_to_max_cycles_after_trigger() => Failed. tracked_value (0) was not stable after 90
%%:                                                                 ns (9-cycles). pipe: (5).
%%       20770.0 ns  Log    ID_SEQUENCER        TB seq.             Change the value from 'W' to 'Z', window (7-cycles to 10-cycles)
%%       20860.0 ns  Alert  ERROR               TB seq.(uvvm)       assert_stable_from_min_to_max_cycles_after_trigger() => Failed. tracked_value (Z) was not stable after 90
%%:                                                                 ns (9-cycles). pipe: (6).
%%       20910.0 ns  Log    ID_SEQUENCER        TB seq.             Change the value from 'W' to 'L', window (7-cycles to 10-cycles)
%%       21000.0 ns  Alert  ERROR               TB seq.(uvvm)       assert_stable_from_min_to_max_cycles_after_trigger() => Failed. tracked_value (L) was not stable after 90
%%:                                                                 ns (9-cycles). pipe: (7).
%%       21050.0 ns  Log    ID_SEQUENCER        TB seq.             Change the value from 'W' to 'H', window (7-cycles to 10-cycles)
%%       21140.0 ns  Alert  ERROR               TB seq.(uvvm)       assert_stable_from_min_to_max_cycles_after_trigger() => Failed. tracked_value (H) was not stable after 90
%%:                                                                 ns (9-cycles). pipe: (8).
%%       21190.0 ns  Log    ID_SEQUENCER        TB seq.             Change the value from 'L' to 'U', window (7-cycles to 10-cycles)
%%       21280.0 ns  Alert  ERROR               TB seq.(uvvm)       assert_stable_from_min_to_max_cycles_after_trigger() => Failed. tracked_value (U) was not stable after 90
%%:                                                                 ns (9-cycles). pipe: (9).
%%       21330.0 ns  Log    ID_SEQUENCER        TB seq.             Change the value from 'L' to 'X', window (7-cycles to 10-cycles)
%%       21420.0 ns  Alert  ERROR               TB seq.(uvvm)       assert_stable_from_min_to_max_cycles_after_trigger() => Failed. tracked_value (X) was not stable after 90
%%:                                                                 ns (9-cycles). pipe: (10).
%%       21470.0 ns  Log    ID_SEQUENCER        TB seq.             Change the value from 'L' to '1', window (7-cycles to 10-cycles)
%%       21560.0 ns  Alert  ERROR               TB seq.(uvvm)       assert_stable_from_min_to_max_cycles_after_trigger() => Failed. tracked_value (1) was not stable after 90 ns (9-cycles).
%%       21610.0 ns  Log    ID_SEQUENCER        TB seq.             Change the value from 'L' to '0', window (7-cycles to 10-cycles)
%%       21700.0 ns  Alert  ERROR               TB seq.(uvvm)       assert_stable_from_min_to_max_cycles_after_trigger() => Failed. tracked_value (0) was not stable after 90
%%:                                                                 ns (9-cycles). pipe: (1).
%%       21750.0 ns  Log    ID_SEQUENCER        TB seq.             Change the value from 'L' to 'Z', window (7-cycles to 10-cycles)
%%       21840.0 ns  Alert  ERROR               TB seq.(uvvm)       assert_stable_from_min_to_max_cycles_after_trigger() => Failed. tracked_value (Z) was not stable after 90
%%:                                                                 ns (9-cycles). pipe: (2).
%%       21890.0 ns  Log    ID_SEQUENCER        TB seq.             Change the value from 'L' to 'W', window (7-cycles to 10-cycles)
%%       21980.0 ns  Alert  ERROR               TB seq.(uvvm)       assert_stable_from_min_to_max_cycles_after_trigger() => Failed. tracked_value (W) was not stable after 90
%%:                                                                 ns (9-cycles). pipe: (3).
%%       22030.0 ns  Log    ID_SEQUENCER        TB seq.             Change the value from 'L' to 'H', window (7-cycles to 10-cycles)
%%       22120.0 ns  Alert  ERROR               TB seq.(uvvm)       assert_stable_from_min_to_max_cycles_after_trigger() => Failed. tracked_value (H) was not stable after 90
%%:                                                                 ns (9-cycles). pipe: (4).
%%       22170.0 ns  Log    ID_SEQUENCER        TB seq.             Change the value from 'H' to 'U', window (7-cycles to 10-cycles)
%%       22260.0 ns  Alert  ERROR               TB seq.(uvvm)       assert_stable_from_min_to_max_cycles_after_trigger() => Failed. tracked_value (U) was not stable after 90
%%:                                                                 ns (9-cycles). pipe: (5).
%%       22310.0 ns  Log    ID_SEQUENCER        TB seq.             Change the value from 'H' to 'X', window (7-cycles to 10-cycles)
%%       22400.0 ns  Alert  ERROR               TB seq.(uvvm)       assert_stable_from_min_to_max_cycles_after_trigger() => Failed. tracked_value (X) was not stable after 90
%%:                                                                 ns (9-cycles). pipe: (6).
%%       22450.0 ns  Log    ID_SEQUENCER        TB seq.             Change the value from 'H' to '1', window (7-cycles to 10-cycles)
%%       22540.0 ns  Alert  ERROR               TB seq.(uvvm)       assert_stable_from_min_to_max_cycles_after_trigger() => Failed. tracked_value (1) was not stable after 90
%%:                                                                 ns (9-cycles). pipe: (7).
%%       22590.0 ns  Log    ID_SEQUENCER        TB seq.             Change the value from 'H' to '0', window (7-cycles to 10-cycles)
%%       22680.0 ns  Alert  ERROR               TB seq.(uvvm)       assert_stable_from_min_to_max_cycles_after_trigger() => Failed. tracked_value (0) was not stable after 90
%%:                                                                 ns (9-cycles). pipe: (8).
%%       22730.0 ns  Log    ID_SEQUENCER        TB seq.             Change the value from 'H' to 'Z', window (7-cycles to 10-cycles)
%%       22820.0 ns  Alert  ERROR               TB seq.(uvvm)       assert_stable_from_min_to_max_cycles_after_trigger() => Failed. tracked_value (Z) was not stable after 90
%%:                                                                 ns (9-cycles). pipe: (9).
%%       22870.0 ns  Log    ID_SEQUENCER        TB seq.             Change the value from 'H' to 'W', window (7-cycles to 10-cycles)
%%       22960.0 ns  Alert  ERROR               TB seq.(uvvm)       assert_stable_from_min_to_max_cycles_after_trigger() => Failed. tracked_value (W) was not stable after 90
%%:                                                                 ns (9-cycles). pipe: (10).
%%       23010.0 ns  Log    ID_SEQUENCER        TB seq.             Change the value from 'H' to 'L', window (7-cycles to 10-cycles)
%%       23100.0 ns  Alert  ERROR               TB seq.(uvvm)       assert_stable_from_min_to_max_cycles_after_trigger() => Failed. tracked_value (L) was not stable after 90 ns (9-cycles).
%%       23150.0 ns  Log    ID_SEQUENCER        TB seq.             Testing triggering assert /w multiple triggers within the window
%%       23150.0 ns  Log    ID_SEQUENCER        TB seq.             Setting min_cycles = 1, max_cycles = 4
%%       23210.0 ns  Alert  ERROR               TB seq.(uvvm)       assert_stable_from_min_to_max_cycles_after_trigger() => Failed. tracked_value (1) was not stable after 10 ns (1-cycles).
%%       23230.0 ns  Alert  ERROR               TB seq.(uvvm)       assert_stable_from_min_to_max_cycles_after_trigger() => Failed. tracked_value (1) was not stable after 10
%%:                                                                 ns (1-cycles). pipe: (1).
%% 
%% 
%%       23310.0 ns  Log    ID_LOG_HDR          TB seq.             Testing pos_ack_kind: EVERY (std_logic)
%% ----------------------------------------------------------------------------------------------------------------------------------------------------------------------------
%%       23310.0 ns  Log    ID_SEQUENCER        TB seq.             Expecting a positive acknowledge on each successful window sequence
%%       23310.0 ns  Log    ID_SEQUENCER        TB seq.             Setting min_cycles = 0, max_cycles = 10
%%       23360.0 ns  Log    ID_SEQUENCER        TB seq.             Hold '1' from 0-cycles to 10-cycles
%%       23520.0 ns  Log    ID_SEQUENCER        TB seq.             Setting min_cycles = 10, max_cycles = 20
%%       23570.0 ns  Log    ID_SEQUENCER        TB seq.             Hold '1' from 10-cycles to 20-cycles
%%       23820.0 ns  Log    ID_SEQUENCER        TB seq.             Setting min_cycles = 20, max_cycles = 30
%%       23870.0 ns  Log    ID_SEQUENCER        TB seq.             Hold '1' from 20-cycles to 30-cycles
%%       24220.0 ns  Log    ID_SEQUENCER        TB seq.             Setting min_cycles = 30, max_cycles = 40
%%       24270.0 ns  Log    ID_SEQUENCER        TB seq.             Hold '1' from 30-cycles to 40-cycles
%% 
%% 
%%       24760.0 ns  Log    ID_LOG_HDR          TB seq.             Testing Assertion Enable (std_logic)
%% ----------------------------------------------------------------------------------------------------------------------------------------------------------------------------
%%       24760.0 ns  Log    ID_SEQUENCER        TB seq.             Assertion enabled as trigger is assigned, expecting alert when triggering assert
%%       24760.0 ns  Log    ID_SEQUENCER        TB seq.             Change the value from 'U' to '1', window (30-cycles to 40-cycles)
%%       25150.0 ns  Alert  ERROR               TB seq.(uvvm)       assert_stable_from_min_to_max_cycles_after_trigger() => Failed. tracked_value (1) was not stable after 390 ns (39-cycles).
%%       25240.0 ns  Log    ID_SEQUENCER        TB seq.             Assertion enabled prior to trigger, expecting alert when triggering assert
%%       25250.0 ns  Log    ID_SEQUENCER        TB seq.             Change the value from 'U' to '1', window (30-cycles to 40-cycles)
%%       25640.0 ns  Alert  ERROR               TB seq.(uvvm)       assert_stable_from_min_to_max_cycles_after_trigger() => Failed. tracked_value (1) was not stable after 390 ns (39-cycles).
%% 
%% 
%%       25690.0 ns  Log    ID_LOG_HDR          TB seq.             Testing CLK Disabled
%% ----------------------------------------------------------------------------------------------------------------------------------------------------------------------------
%%       25690.0 ns  Log    ID_SEQUENCER        TB seq.             Clock deactivated
%%       25730.0 ns  Log    ID_SEQUENCER        TB seq.             Triggering assertion while clk is disabled, expecting no behavior
%%       25770.0 ns  Log    ID_SEQUENCER        TB seq.             Change the value from 'U' to '1', window (30-cycles to 40-cycles)
%% 
%% ============================================================================================================================================================================
%%  *** INTERMEDIATE SUMMARY OF ALL ALERTS ***
%% ============================================================================================================================================================================
%%       26220.0 ns  DONE   PASSED  assert_stable_from_min_to_max_cycles_after_trigger  Passed: 2  Affirmations Checked: 120
%%    Expected      Failures: 0  Errors: -118  Warnings: 0  Passed: 0
%%    VHDL Asserts  Failures: 0  Errors: 0  Warnings: 0  Passed: 0
%%    Default       Failures: 0  Errors: 118  Warnings: 0  Passed: 0
%%    OSVVM         Failures: 0  Errors: 0  Warnings: 0  Passed: 0
%% ============================================================================================================================================================================
%% 
%% 
%% 
%%       26220.0 ns  Log    ID_LOG_HDR          TB seq.(uvvm)       SIMULATION COMPLETED
%% ----------------------------------------------------------------------------------------------------------------------------------------------------------------------------
