%%           0.0 ns  Log    ID_LOG_MSG_CTRL     TB seq.             disable_log_msg(ALL_MESSAGES).
%%           0.0 ns  Log    ID_LOG_MSG_CTRL     TB seq.             enable_log_msg(ID_LOG_HDR_LARGE).
%%           0.0 ns  Log    ID_LOG_MSG_CTRL     TB seq.             enable_log_msg(ID_LOG_HDR).
%%           0.0 ns  Log    ID_LOG_MSG_CTRL     TB seq.             enable_log_msg(ID_SEQUENCER).
%%           0.0 ns  Log    ID_LOG_MSG_CTRL     TB seq.             enable_log_msg(ID_UVVM_ASSERTION).
%% 
%% 
%% ============================================================================================================================================================================
%%         100.0 ns  Log    ID_LOG_HDR_LARGE    TB seq.(uvvm)       Testing the assertion: assert_stable_from_start_to_end_trigger
%% ============================================================================================================================================================================
%% 
%% 
%%         150.0 ns  Log    ID_LOG_HDR          TB seq.             Testing Normal Operation (std_logic_vector)
%% ----------------------------------------------------------------------------------------------------------------------------------------------------------------------------
%%         150.0 ns  Log    ID_SEQUENCER        TB seq.             Testing legal sequences (no std_logic_vector transitions) within the window
%%         150.0 ns  Log    ID_SEQUENCER        TB seq.             Hold "HHHH" from 0-cycle to 5-cycles
%%         200.0 ns  Log    PASSED              TB seq.(uvvm)       assert_stable_from_start_to_end_trigger() => OK (first). tracked_value was stable in window. OK after 50 ns.
%%         250.0 ns  Log    ID_SEQUENCER        TB seq.             Hold "LLLL" from 0-cycle to 5-cycles
%%         350.0 ns  Log    ID_SEQUENCER        TB seq.             Hold "WWWW" from 0-cycle to 5-cycles
%%         450.0 ns  Log    ID_SEQUENCER        TB seq.             Hold "ZZZZ" from 0-cycle to 5-cycles
%%         550.0 ns  Log    ID_SEQUENCER        TB seq.             Hold "0000" from 0-cycle to 5-cycles
%%         650.0 ns  Log    ID_SEQUENCER        TB seq.             Hold "1111" from 0-cycle to 5-cycles
%%         750.0 ns  Log    ID_SEQUENCER        TB seq.             Hold "XXXX" from 0-cycle to 5-cycles
%%         850.0 ns  Log    ID_SEQUENCER        TB seq.             Hold "UUUU" from 0-cycle to 5-cycles
%%         950.0 ns  Log    ID_SEQUENCER        TB seq.             Testing legal sequences (no std_logic_vector transitions) within the window /w start_trigger = end_trigger
%%         950.0 ns  Log    ID_SEQUENCER        TB seq.             Hold "HHHH" from 0-cycle to 0-cycles
%%        1000.0 ns  Log    ID_SEQUENCER        TB seq.             Hold "LLLL" from 0-cycle to 0-cycles
%%        1050.0 ns  Log    ID_SEQUENCER        TB seq.             Hold "WWWW" from 0-cycle to 0-cycles
%%        1100.0 ns  Log    ID_SEQUENCER        TB seq.             Hold "ZZZZ" from 0-cycle to 0-cycles
%%        1150.0 ns  Log    ID_SEQUENCER        TB seq.             Hold "0000" from 0-cycle to 0-cycles
%%        1200.0 ns  Log    ID_SEQUENCER        TB seq.             Hold "1111" from 0-cycle to 0-cycles
%%        1250.0 ns  Log    ID_SEQUENCER        TB seq.             Hold "XXXX" from 0-cycle to 0-cycles
%%        1300.0 ns  Log    ID_SEQUENCER        TB seq.             Hold "UUUU" from 0-cycle to 0-cycles
%%        1350.0 ns  Log    ID_SEQUENCER        TB seq.             Testing multiple triggers within the window
%%        1440.0 ns  Log    PASSED              TB seq.(uvvm)       assert_stable_from_start_to_end_trigger() => OK (first). tracked_value was stable in window. OK after 40 ns.
%% 
%% 
%%        1510.0 ns  Log    ID_LOG_HDR          TB seq.             Testing Triggering Assertion (std_logic_vector)
%% ----------------------------------------------------------------------------------------------------------------------------------------------------------------------------
%%        1510.0 ns  Log    ID_SEQUENCER        TB seq.             Testing invalid sequences (std_logic_vector transitions) within the window
%%        1510.0 ns  Log    ID_SEQUENCER        TB seq.             Change the value from "HHHH" to "LLLL", window (0-cycle to 5-cycles)
%%        1560.0 ns  Alert  ERROR               TB seq.(uvvm)       assert_stable_from_start_to_end_trigger() => Failed. tracked_value (LLLL) was not stable after 50 ns(5-cycles). pipe: (2).
%%        1610.0 ns  Log    ID_SEQUENCER        TB seq.             Change the value from "HHHH" to "WWWW", window (0-cycle to 5-cycles)
%%        1660.0 ns  Alert  ERROR               TB seq.(uvvm)       assert_stable_from_start_to_end_trigger() => Failed. tracked_value (WWWW) was not stable after 50 ns(5-cycles). pipe: (3).
%%        1710.0 ns  Log    ID_SEQUENCER        TB seq.             Change the value from "HHHH" to "ZZZZ", window (0-cycle to 5-cycles)
%%        1760.0 ns  Alert  ERROR               TB seq.(uvvm)       assert_stable_from_start_to_end_trigger() => Failed. tracked_value (ZZZZ) was not stable after 50 ns(5-cycles). pipe: (4).
%%        1810.0 ns  Log    ID_SEQUENCER        TB seq.             Change the value from "HHHH" to "0000", window (0-cycle to 5-cycles)
%%        1860.0 ns  Alert  ERROR               TB seq.(uvvm)       assert_stable_from_start_to_end_trigger() => Failed. tracked_value (0000) was not stable after 50 ns(5-cycles). pipe: (5).
%%        1910.0 ns  Log    ID_SEQUENCER        TB seq.             Change the value from "HHHH" to "1111", window (0-cycle to 5-cycles)
%%        1960.0 ns  Alert  ERROR               TB seq.(uvvm)       assert_stable_from_start_to_end_trigger() => Failed. tracked_value (1111) was not stable after 50 ns(5-cycles). pipe: (6).
%%        2010.0 ns  Log    ID_SEQUENCER        TB seq.             Change the value from "HHHH" to "XXXX", window (0-cycle to 5-cycles)
%%        2060.0 ns  Alert  ERROR               TB seq.(uvvm)       assert_stable_from_start_to_end_trigger() => Failed. tracked_value (XXXX) was not stable after 50 ns(5-cycles). pipe: (7).
%%        2110.0 ns  Log    ID_SEQUENCER        TB seq.             Change the value from "HHHH" to "UUUU", window (0-cycle to 5-cycles)
%%        2160.0 ns  Alert  ERROR               TB seq.(uvvm)       assert_stable_from_start_to_end_trigger() => Failed. tracked_value (UUUU) was not stable after 50 ns(5-cycles). pipe: (8).
%%        2210.0 ns  Log    ID_SEQUENCER        TB seq.             Change the value from "LLLL" to "HHHH", window (0-cycle to 5-cycles)
%%        2260.0 ns  Alert  ERROR               TB seq.(uvvm)       assert_stable_from_start_to_end_trigger() => Failed. tracked_value (HHHH) was not stable after 50 ns(5-cycles). pipe: (9).
%%        2310.0 ns  Log    ID_SEQUENCER        TB seq.             Change the value from "LLLL" to "WWWW", window (0-cycle to 5-cycles)
%%        2360.0 ns  Alert  ERROR               TB seq.(uvvm)       assert_stable_from_start_to_end_trigger() => Failed. tracked_value (WWWW) was not stable after 50 ns(5-cycles). pipe: (10).
%%        2410.0 ns  Log    ID_SEQUENCER        TB seq.             Change the value from "LLLL" to "ZZZZ", window (0-cycle to 5-cycles)
%%        2460.0 ns  Alert  ERROR               TB seq.(uvvm)       assert_stable_from_start_to_end_trigger() => Failed. tracked_value (ZZZZ) was not stable after 50 ns(5-cycles). pipe: (11).
%%        2510.0 ns  Log    ID_SEQUENCER        TB seq.             Change the value from "LLLL" to "0000", window (0-cycle to 5-cycles)
%%        2560.0 ns  Alert  ERROR               TB seq.(uvvm)       assert_stable_from_start_to_end_trigger() => Failed. tracked_value (0000) was not stable after 50 ns(5-cycles). pipe: (12).
%%        2610.0 ns  Log    ID_SEQUENCER        TB seq.             Change the value from "LLLL" to "1111", window (0-cycle to 5-cycles)
%%        2660.0 ns  Alert  ERROR               TB seq.(uvvm)       assert_stable_from_start_to_end_trigger() => Failed. tracked_value (1111) was not stable after 50 ns(5-cycles). pipe: (13).
%%        2710.0 ns  Log    ID_SEQUENCER        TB seq.             Change the value from "LLLL" to "XXXX", window (0-cycle to 5-cycles)
%%        2760.0 ns  Alert  ERROR               TB seq.(uvvm)       assert_stable_from_start_to_end_trigger() => Failed. tracked_value (XXXX) was not stable after 50 ns(5-cycles). pipe: (14).
%%        2810.0 ns  Log    ID_SEQUENCER        TB seq.             Change the value from "LLLL" to "UUUU", window (0-cycle to 5-cycles)
%%        2860.0 ns  Alert  ERROR               TB seq.(uvvm)       assert_stable_from_start_to_end_trigger() => Failed. tracked_value (UUUU) was not stable after 50 ns(5-cycles). pipe: (15).
%%        2910.0 ns  Log    ID_SEQUENCER        TB seq.             Change the value from "WWWW" to "HHHH", window (0-cycle to 5-cycles)
%%        2960.0 ns  Alert  ERROR               TB seq.(uvvm)       assert_stable_from_start_to_end_trigger() => Failed. tracked_value (HHHH) was not stable after 50 ns(5-cycles). pipe: (16).
%%        3010.0 ns  Log    ID_SEQUENCER        TB seq.             Change the value from "WWWW" to "LLLL", window (0-cycle to 5-cycles)
%%        3060.0 ns  Alert  ERROR               TB seq.(uvvm)       assert_stable_from_start_to_end_trigger() => Failed. tracked_value (LLLL) was not stable after 50 ns(5-cycles). pipe: (17).
%%        3110.0 ns  Log    ID_SEQUENCER        TB seq.             Change the value from "WWWW" to "ZZZZ", window (0-cycle to 5-cycles)
%%        3160.0 ns  Alert  ERROR               TB seq.(uvvm)       assert_stable_from_start_to_end_trigger() => Failed. tracked_value (ZZZZ) was not stable after 50 ns(5-cycles). pipe: (18).
%%        3210.0 ns  Log    ID_SEQUENCER        TB seq.             Change the value from "WWWW" to "0000", window (0-cycle to 5-cycles)
%%        3260.0 ns  Alert  ERROR               TB seq.(uvvm)       assert_stable_from_start_to_end_trigger() => Failed. tracked_value (0000) was not stable after 50 ns(5-cycles). pipe: (19).
%%        3310.0 ns  Log    ID_SEQUENCER        TB seq.             Change the value from "WWWW" to "1111", window (0-cycle to 5-cycles)
%%        3360.0 ns  Alert  ERROR               TB seq.(uvvm)       assert_stable_from_start_to_end_trigger() => Failed. tracked_value (1111) was not stable after 50 ns(5-cycles). pipe: (20).
%%        3410.0 ns  Log    ID_SEQUENCER        TB seq.             Change the value from "WWWW" to "XXXX", window (0-cycle to 5-cycles)
%%        3460.0 ns  Alert  ERROR               TB seq.(uvvm)       assert_stable_from_start_to_end_trigger() => Failed. tracked_value (XXXX) was not stable after 50 ns(5-cycles). pipe: (21).
%%        3510.0 ns  Log    ID_SEQUENCER        TB seq.             Change the value from "WWWW" to "UUUU", window (0-cycle to 5-cycles)
%%        3560.0 ns  Alert  ERROR               TB seq.(uvvm)       assert_stable_from_start_to_end_trigger() => Failed. tracked_value (UUUU) was not stable after 50 ns(5-cycles). pipe: (22).
%%        3610.0 ns  Log    ID_SEQUENCER        TB seq.             Change the value from "ZZZZ" to "HHHH", window (0-cycle to 5-cycles)
%%        3660.0 ns  Alert  ERROR               TB seq.(uvvm)       assert_stable_from_start_to_end_trigger() => Failed. tracked_value (HHHH) was not stable after 50 ns(5-cycles). pipe: (23).
%%        3710.0 ns  Log    ID_SEQUENCER        TB seq.             Change the value from "ZZZZ" to "LLLL", window (0-cycle to 5-cycles)
%%        3760.0 ns  Alert  ERROR               TB seq.(uvvm)       assert_stable_from_start_to_end_trigger() => Failed. tracked_value (LLLL) was not stable after 50 ns(5-cycles). pipe: (24).
%%        3810.0 ns  Log    ID_SEQUENCER        TB seq.             Change the value from "ZZZZ" to "WWWW", window (0-cycle to 5-cycles)
%%        3860.0 ns  Alert  ERROR               TB seq.(uvvm)       assert_stable_from_start_to_end_trigger() => Failed. tracked_value (WWWW) was not stable after 50 ns(5-cycles). pipe: (25).
%%        3910.0 ns  Log    ID_SEQUENCER        TB seq.             Change the value from "ZZZZ" to "0000", window (0-cycle to 5-cycles)
%%        3960.0 ns  Alert  ERROR               TB seq.(uvvm)       assert_stable_from_start_to_end_trigger() => Failed. tracked_value (0000) was not stable after 50 ns(5-cycles). pipe: (26).
%%        4010.0 ns  Log    ID_SEQUENCER        TB seq.             Change the value from "ZZZZ" to "1111", window (0-cycle to 5-cycles)
%%        4060.0 ns  Alert  ERROR               TB seq.(uvvm)       assert_stable_from_start_to_end_trigger() => Failed. tracked_value (1111) was not stable after 50 ns(5-cycles). pipe: (27).
%%        4110.0 ns  Log    ID_SEQUENCER        TB seq.             Change the value from "ZZZZ" to "XXXX", window (0-cycle to 5-cycles)
%%        4160.0 ns  Alert  ERROR               TB seq.(uvvm)       assert_stable_from_start_to_end_trigger() => Failed. tracked_value (XXXX) was not stable after 50 ns(5-cycles). pipe: (28).
%%        4210.0 ns  Log    ID_SEQUENCER        TB seq.             Change the value from "ZZZZ" to "UUUU", window (0-cycle to 5-cycles)
%%        4260.0 ns  Alert  ERROR               TB seq.(uvvm)       assert_stable_from_start_to_end_trigger() => Failed. tracked_value (UUUU) was not stable after 50 ns(5-cycles). pipe: (29).
%%        4310.0 ns  Log    ID_SEQUENCER        TB seq.             Change the value from "0000" to "HHHH", window (0-cycle to 5-cycles)
%%        4360.0 ns  Alert  ERROR               TB seq.(uvvm)       assert_stable_from_start_to_end_trigger() => Failed. tracked_value (HHHH) was not stable after 50 ns(5-cycles). pipe: (30).
%%        4410.0 ns  Log    ID_SEQUENCER        TB seq.             Change the value from "0000" to "LLLL", window (0-cycle to 5-cycles)
%%        4460.0 ns  Alert  ERROR               TB seq.(uvvm)       assert_stable_from_start_to_end_trigger() => Failed. tracked_value (LLLL) was not stable after 50 ns(5-cycles). pipe: (31).
%%        4510.0 ns  Log    ID_SEQUENCER        TB seq.             Change the value from "0000" to "WWWW", window (0-cycle to 5-cycles)
%%        4560.0 ns  Alert  ERROR               TB seq.(uvvm)       assert_stable_from_start_to_end_trigger() => Failed. tracked_value (WWWW) was not stable after 50 ns(5-cycles). pipe: (32).
%%        4610.0 ns  Log    ID_SEQUENCER        TB seq.             Change the value from "0000" to "ZZZZ", window (0-cycle to 5-cycles)
%%        4660.0 ns  Alert  ERROR               TB seq.(uvvm)       assert_stable_from_start_to_end_trigger() => Failed. tracked_value (ZZZZ) was not stable after 50 ns(5-cycles). pipe: (33).
%%        4710.0 ns  Log    ID_SEQUENCER        TB seq.             Change the value from "0000" to "1111", window (0-cycle to 5-cycles)
%%        4760.0 ns  Alert  ERROR               TB seq.(uvvm)       assert_stable_from_start_to_end_trigger() => Failed. tracked_value (1111) was not stable after 50 ns(5-cycles). pipe: (34).
%%        4810.0 ns  Log    ID_SEQUENCER        TB seq.             Change the value from "0000" to "XXXX", window (0-cycle to 5-cycles)
%%        4860.0 ns  Alert  ERROR               TB seq.(uvvm)       assert_stable_from_start_to_end_trigger() => Failed. tracked_value (XXXX) was not stable after 50 ns(5-cycles). pipe: (35).
%%        4910.0 ns  Log    ID_SEQUENCER        TB seq.             Change the value from "0000" to "UUUU", window (0-cycle to 5-cycles)
%%        4960.0 ns  Alert  ERROR               TB seq.(uvvm)       assert_stable_from_start_to_end_trigger() => Failed. tracked_value (UUUU) was not stable after 50 ns(5-cycles). pipe: (36).
%%        5010.0 ns  Log    ID_SEQUENCER        TB seq.             Change the value from "1111" to "HHHH", window (0-cycle to 5-cycles)
%%        5060.0 ns  Alert  ERROR               TB seq.(uvvm)       assert_stable_from_start_to_end_trigger() => Failed. tracked_value (HHHH) was not stable after 50 ns(5-cycles). pipe: (37).
%%        5110.0 ns  Log    ID_SEQUENCER        TB seq.             Change the value from "1111" to "LLLL", window (0-cycle to 5-cycles)
%%        5160.0 ns  Alert  ERROR               TB seq.(uvvm)       assert_stable_from_start_to_end_trigger() => Failed. tracked_value (LLLL) was not stable after 50 ns(5-cycles). pipe: (38).
%%        5210.0 ns  Log    ID_SEQUENCER        TB seq.             Change the value from "1111" to "WWWW", window (0-cycle to 5-cycles)
%%        5260.0 ns  Alert  ERROR               TB seq.(uvvm)       assert_stable_from_start_to_end_trigger() => Failed. tracked_value (WWWW) was not stable after 50 ns(5-cycles). pipe: (39).
%%        5310.0 ns  Log    ID_SEQUENCER        TB seq.             Change the value from "1111" to "ZZZZ", window (0-cycle to 5-cycles)
%%        5360.0 ns  Alert  ERROR               TB seq.(uvvm)       assert_stable_from_start_to_end_trigger() => Failed. tracked_value (ZZZZ) was not stable after 50 ns(5-cycles). pipe: (40).
%%        5410.0 ns  Log    ID_SEQUENCER        TB seq.             Change the value from "1111" to "0000", window (0-cycle to 5-cycles)
%%        5460.0 ns  Alert  ERROR               TB seq.(uvvm)       assert_stable_from_start_to_end_trigger() => Failed. tracked_value (0000) was not stable after 50 ns(5-cycles). pipe: (41).
%%        5510.0 ns  Log    ID_SEQUENCER        TB seq.             Change the value from "1111" to "XXXX", window (0-cycle to 5-cycles)
%%        5560.0 ns  Alert  ERROR               TB seq.(uvvm)       assert_stable_from_start_to_end_trigger() => Failed. tracked_value (XXXX) was not stable after 50 ns(5-cycles). pipe: (42).
%%        5610.0 ns  Log    ID_SEQUENCER        TB seq.             Change the value from "1111" to "UUUU", window (0-cycle to 5-cycles)
%%        5660.0 ns  Alert  ERROR               TB seq.(uvvm)       assert_stable_from_start_to_end_trigger() => Failed. tracked_value (UUUU) was not stable after 50 ns(5-cycles). pipe: (43).
%%        5710.0 ns  Log    ID_SEQUENCER        TB seq.             Change the value from "XXXX" to "HHHH", window (0-cycle to 5-cycles)
%%        5760.0 ns  Alert  ERROR               TB seq.(uvvm)       assert_stable_from_start_to_end_trigger() => Failed. tracked_value (HHHH) was not stable after 50 ns(5-cycles). pipe: (44).
%%        5810.0 ns  Log    ID_SEQUENCER        TB seq.             Change the value from "XXXX" to "LLLL", window (0-cycle to 5-cycles)
%%        5860.0 ns  Alert  ERROR               TB seq.(uvvm)       assert_stable_from_start_to_end_trigger() => Failed. tracked_value (LLLL) was not stable after 50 ns(5-cycles). pipe: (45).
%%        5910.0 ns  Log    ID_SEQUENCER        TB seq.             Change the value from "XXXX" to "WWWW", window (0-cycle to 5-cycles)
%%        5960.0 ns  Alert  ERROR               TB seq.(uvvm)       assert_stable_from_start_to_end_trigger() => Failed. tracked_value (WWWW) was not stable after 50 ns(5-cycles). pipe: (46).
%%        6010.0 ns  Log    ID_SEQUENCER        TB seq.             Change the value from "XXXX" to "ZZZZ", window (0-cycle to 5-cycles)
%%        6060.0 ns  Alert  ERROR               TB seq.(uvvm)       assert_stable_from_start_to_end_trigger() => Failed. tracked_value (ZZZZ) was not stable after 50 ns(5-cycles). pipe: (47).
%%        6110.0 ns  Log    ID_SEQUENCER        TB seq.             Change the value from "XXXX" to "0000", window (0-cycle to 5-cycles)
%%        6160.0 ns  Alert  ERROR               TB seq.(uvvm)       assert_stable_from_start_to_end_trigger() => Failed. tracked_value (0000) was not stable after 50 ns(5-cycles). pipe: (48).
%%        6210.0 ns  Log    ID_SEQUENCER        TB seq.             Change the value from "XXXX" to "1111", window (0-cycle to 5-cycles)
%%        6260.0 ns  Alert  ERROR               TB seq.(uvvm)       assert_stable_from_start_to_end_trigger() => Failed. tracked_value (1111) was not stable after 50 ns(5-cycles). pipe: (49).
%%        6310.0 ns  Log    ID_SEQUENCER        TB seq.             Change the value from "XXXX" to "UUUU", window (0-cycle to 5-cycles)
%%        6360.0 ns  Alert  ERROR               TB seq.(uvvm)       assert_stable_from_start_to_end_trigger() => Failed. tracked_value (UUUU) was not stable after 50 ns(5-cycles). pipe: (50).
%%        6410.0 ns  Log    ID_SEQUENCER        TB seq.             Change the value from "UUUU" to "HHHH", window (0-cycle to 5-cycles)
%%        6460.0 ns  Alert  ERROR               TB seq.(uvvm)       assert_stable_from_start_to_end_trigger() => Failed. tracked_value (HHHH) was not stable after 50 ns(5-cycles). pipe: (51).
%%        6510.0 ns  Log    ID_SEQUENCER        TB seq.             Change the value from "UUUU" to "LLLL", window (0-cycle to 5-cycles)
%%        6560.0 ns  Alert  ERROR               TB seq.(uvvm)       assert_stable_from_start_to_end_trigger() => Failed. tracked_value (LLLL) was not stable after 50 ns(5-cycles). pipe: (52).
%%        6610.0 ns  Log    ID_SEQUENCER        TB seq.             Change the value from "UUUU" to "WWWW", window (0-cycle to 5-cycles)
%%        6660.0 ns  Alert  ERROR               TB seq.(uvvm)       assert_stable_from_start_to_end_trigger() => Failed. tracked_value (WWWW) was not stable after 50 ns(5-cycles). pipe: (53).
%%        6710.0 ns  Log    ID_SEQUENCER        TB seq.             Change the value from "UUUU" to "ZZZZ", window (0-cycle to 5-cycles)
%%        6760.0 ns  Alert  ERROR               TB seq.(uvvm)       assert_stable_from_start_to_end_trigger() => Failed. tracked_value (ZZZZ) was not stable after 50 ns(5-cycles). pipe: (54).
%%        6810.0 ns  Log    ID_SEQUENCER        TB seq.             Change the value from "UUUU" to "0000", window (0-cycle to 5-cycles)
%%        6860.0 ns  Alert  ERROR               TB seq.(uvvm)       assert_stable_from_start_to_end_trigger() => Failed. tracked_value (0000) was not stable after 50 ns(5-cycles). pipe: (55).
%%        6910.0 ns  Log    ID_SEQUENCER        TB seq.             Change the value from "UUUU" to "1111", window (0-cycle to 5-cycles)
%%        6960.0 ns  Alert  ERROR               TB seq.(uvvm)       assert_stable_from_start_to_end_trigger() => Failed. tracked_value (1111) was not stable after 50 ns(5-cycles). pipe: (56).
%%        7010.0 ns  Log    ID_SEQUENCER        TB seq.             Change the value from "UUUU" to "XXXX", window (0-cycle to 5-cycles)
%%        7060.0 ns  Alert  ERROR               TB seq.(uvvm)       assert_stable_from_start_to_end_trigger() => Failed. tracked_value (XXXX) was not stable after 50 ns(5-cycles). pipe: (57).
%%        7110.0 ns  Log    ID_SEQUENCER        TB seq.             Testing triggering assert /w multiple triggers within the window
%%        7120.0 ns  Alert  ERROR               TB seq.(uvvm)       assert_stable_from_start_to_end_trigger() => Failed. tracked_value (1111) was not stable after 10 ns(1-cycles). pipe: (58).
%%        7140.0 ns  Alert  ERROR               TB seq.(uvvm)       assert_stable_from_start_to_end_trigger() => Failed. tracked_value (1111) was not stable after 10 ns(1-cycles). pipe: (59).
%% 
%% 
%%        7220.0 ns  Log    ID_LOG_HDR          TB seq.             Testing pos_ack_kind: EVERY (std_logic_vector)
%% ----------------------------------------------------------------------------------------------------------------------------------------------------------------------------
%%        7220.0 ns  Log    ID_SEQUENCER        TB seq.             Expecting a positive acknowledge on each successful window sequence
%%        7270.0 ns  Log    ID_SEQUENCER        TB seq.             Hold "1111" from 0-cycle to 5-cycles
%%        7320.0 ns  Log    PASSED              TB seq.(uvvm)       assert_stable_from_start_to_end_trigger() => OK. tracked_value was stable in window. OK after 50 ns.
%%        7370.0 ns  Log    ID_SEQUENCER        TB seq.             Hold "1111" from 0-cycle to 10-cycles
%%        7470.0 ns  Log    PASSED              TB seq.(uvvm)       assert_stable_from_start_to_end_trigger() => OK. tracked_value was stable in window. OK after 100 ns. pipe: (1).
%%        7520.0 ns  Log    ID_SEQUENCER        TB seq.             Hold "1111" from 0-cycle to 15-cycles
%%        7670.0 ns  Log    PASSED              TB seq.(uvvm)       assert_stable_from_start_to_end_trigger() => OK. tracked_value was stable in window. OK after 150 ns. pipe: (2).
%%        7720.0 ns  Log    ID_SEQUENCER        TB seq.             Hold "1111" from 0-cycle to 20-cycles
%%        7920.0 ns  Log    PASSED              TB seq.(uvvm)       assert_stable_from_start_to_end_trigger() => OK. tracked_value was stable in window. OK after 200 ns. pipe: (3).
%% 
%% 
%%        8060.0 ns  Log    ID_LOG_HDR          TB seq.             Testing Normal Operation (std_logic)
%% ----------------------------------------------------------------------------------------------------------------------------------------------------------------------------
%%        8060.0 ns  Log    ID_SEQUENCER        TB seq.             Testing all legal sequences (no std_logic transitions) within the window
%%        8060.0 ns  Log    ID_SEQUENCER        TB seq.             Hold 'U' from 0-cycle to 5-cycles
%%        8110.0 ns  Log    PASSED              TB seq.(uvvm)       assert_stable_from_start_to_end_trigger() => OK (first). tracked_value was stable in window. OK after 50 ns.
%%        8160.0 ns  Log    ID_SEQUENCER        TB seq.             Hold 'X' from 0-cycle to 5-cycles
%%        8260.0 ns  Log    ID_SEQUENCER        TB seq.             Hold '1' from 0-cycle to 5-cycles
%%        8360.0 ns  Log    ID_SEQUENCER        TB seq.             Hold '0' from 0-cycle to 5-cycles
%%        8460.0 ns  Log    ID_SEQUENCER        TB seq.             Hold 'Z' from 0-cycle to 5-cycles
%%        8560.0 ns  Log    ID_SEQUENCER        TB seq.             Hold 'W' from 0-cycle to 5-cycles
%%        8660.0 ns  Log    ID_SEQUENCER        TB seq.             Hold 'L' from 0-cycle to 5-cycles
%%        8760.0 ns  Log    ID_SEQUENCER        TB seq.             Hold 'H' from 0-cycle to 5-cycles
%%        8860.0 ns  Log    ID_SEQUENCER        TB seq.             Testing all legal sequences (no std_logic transitions) within the window /w start_trigger = end_trigger
%%        8860.0 ns  Log    ID_SEQUENCER        TB seq.             Hold 'U' from 0-cycle to 0-cycles
%%        8910.0 ns  Log    ID_SEQUENCER        TB seq.             Hold 'X' from 0-cycle to 0-cycles
%%        8960.0 ns  Log    ID_SEQUENCER        TB seq.             Hold '1' from 0-cycle to 0-cycles
%%        9010.0 ns  Log    ID_SEQUENCER        TB seq.             Hold '0' from 0-cycle to 0-cycles
%%        9060.0 ns  Log    ID_SEQUENCER        TB seq.             Hold 'Z' from 0-cycle to 0-cycles
%%        9110.0 ns  Log    ID_SEQUENCER        TB seq.             Hold 'W' from 0-cycle to 0-cycles
%%        9160.0 ns  Log    ID_SEQUENCER        TB seq.             Hold 'L' from 0-cycle to 0-cycles
%%        9210.0 ns  Log    ID_SEQUENCER        TB seq.             Hold 'H' from 0-cycle to 0-cycles
%%        9260.0 ns  Log    ID_SEQUENCER        TB seq.             Testing multiple triggers within the window
%%        9350.0 ns  Log    PASSED              TB seq.(uvvm)       assert_stable_from_start_to_end_trigger() => OK (first). tracked_value was stable in window. OK after 40 ns.
%% 
%% 
%%        9420.0 ns  Log    ID_LOG_HDR          TB seq.             Testing Triggering Assertion (std_logic)
%% ----------------------------------------------------------------------------------------------------------------------------------------------------------------------------
%%        9420.0 ns  Log    ID_SEQUENCER        TB seq.             Testing all invalid sequences (std_logic transitions) within the window
%%        9420.0 ns  Log    ID_SEQUENCER        TB seq.             Change the value from 'U' to 'X', window (0-cycle to 5-cycles)
%%        9470.0 ns  Alert  ERROR               TB seq.(uvvm)       assert_stable_from_start_to_end_trigger() => Failed. tracked_value (X) was not stable after 50 ns(5-cycles). pipe: (2).
%%        9520.0 ns  Log    ID_SEQUENCER        TB seq.             Change the value from 'U' to '1', window (0-cycle to 5-cycles)
%%        9570.0 ns  Alert  ERROR               TB seq.(uvvm)       assert_stable_from_start_to_end_trigger() => Failed. tracked_value (1) was not stable after 50 ns(5-cycles). pipe: (3).
%%        9620.0 ns  Log    ID_SEQUENCER        TB seq.             Change the value from 'U' to '0', window (0-cycle to 5-cycles)
%%        9670.0 ns  Alert  ERROR               TB seq.(uvvm)       assert_stable_from_start_to_end_trigger() => Failed. tracked_value (0) was not stable after 50 ns(5-cycles). pipe: (4).
%%        9720.0 ns  Log    ID_SEQUENCER        TB seq.             Change the value from 'U' to 'Z', window (0-cycle to 5-cycles)
%%        9770.0 ns  Alert  ERROR               TB seq.(uvvm)       assert_stable_from_start_to_end_trigger() => Failed. tracked_value (Z) was not stable after 50 ns(5-cycles). pipe: (5).
%%        9820.0 ns  Log    ID_SEQUENCER        TB seq.             Change the value from 'U' to 'W', window (0-cycle to 5-cycles)
%%        9870.0 ns  Alert  ERROR               TB seq.(uvvm)       assert_stable_from_start_to_end_trigger() => Failed. tracked_value (W) was not stable after 50 ns(5-cycles). pipe: (6).
%%        9920.0 ns  Log    ID_SEQUENCER        TB seq.             Change the value from 'U' to 'L', window (0-cycle to 5-cycles)
%%        9970.0 ns  Alert  ERROR               TB seq.(uvvm)       assert_stable_from_start_to_end_trigger() => Failed. tracked_value (L) was not stable after 50 ns(5-cycles). pipe: (7).
%%       10020.0 ns  Log    ID_SEQUENCER        TB seq.             Change the value from 'U' to 'H', window (0-cycle to 5-cycles)
%%       10070.0 ns  Alert  ERROR               TB seq.(uvvm)       assert_stable_from_start_to_end_trigger() => Failed. tracked_value (H) was not stable after 50 ns(5-cycles). pipe: (8).
%%       10120.0 ns  Log    ID_SEQUENCER        TB seq.             Change the value from 'X' to 'U', window (0-cycle to 5-cycles)
%%       10170.0 ns  Alert  ERROR               TB seq.(uvvm)       assert_stable_from_start_to_end_trigger() => Failed. tracked_value (U) was not stable after 50 ns(5-cycles). pipe: (9).
%%       10220.0 ns  Log    ID_SEQUENCER        TB seq.             Change the value from 'X' to '1', window (0-cycle to 5-cycles)
%%       10270.0 ns  Alert  ERROR               TB seq.(uvvm)       assert_stable_from_start_to_end_trigger() => Failed. tracked_value (1) was not stable after 50 ns(5-cycles). pipe: (10).
%%       10320.0 ns  Log    ID_SEQUENCER        TB seq.             Change the value from 'X' to '0', window (0-cycle to 5-cycles)
%%       10370.0 ns  Alert  ERROR               TB seq.(uvvm)       assert_stable_from_start_to_end_trigger() => Failed. tracked_value (0) was not stable after 50 ns(5-cycles). pipe: (11).
%%       10420.0 ns  Log    ID_SEQUENCER        TB seq.             Change the value from 'X' to 'Z', window (0-cycle to 5-cycles)
%%       10470.0 ns  Alert  ERROR               TB seq.(uvvm)       assert_stable_from_start_to_end_trigger() => Failed. tracked_value (Z) was not stable after 50 ns(5-cycles). pipe: (12).
%%       10520.0 ns  Log    ID_SEQUENCER        TB seq.             Change the value from 'X' to 'W', window (0-cycle to 5-cycles)
%%       10570.0 ns  Alert  ERROR               TB seq.(uvvm)       assert_stable_from_start_to_end_trigger() => Failed. tracked_value (W) was not stable after 50 ns(5-cycles). pipe: (13).
%%       10620.0 ns  Log    ID_SEQUENCER        TB seq.             Change the value from 'X' to 'L', window (0-cycle to 5-cycles)
%%       10670.0 ns  Alert  ERROR               TB seq.(uvvm)       assert_stable_from_start_to_end_trigger() => Failed. tracked_value (L) was not stable after 50 ns(5-cycles). pipe: (14).
%%       10720.0 ns  Log    ID_SEQUENCER        TB seq.             Change the value from 'X' to 'H', window (0-cycle to 5-cycles)
%%       10770.0 ns  Alert  ERROR               TB seq.(uvvm)       assert_stable_from_start_to_end_trigger() => Failed. tracked_value (H) was not stable after 50 ns(5-cycles). pipe: (15).
%%       10820.0 ns  Log    ID_SEQUENCER        TB seq.             Change the value from '1' to 'U', window (0-cycle to 5-cycles)
%%       10870.0 ns  Alert  ERROR               TB seq.(uvvm)       assert_stable_from_start_to_end_trigger() => Failed. tracked_value (U) was not stable after 50 ns(5-cycles). pipe: (16).
%%       10920.0 ns  Log    ID_SEQUENCER        TB seq.             Change the value from '1' to 'X', window (0-cycle to 5-cycles)
%%       10970.0 ns  Alert  ERROR               TB seq.(uvvm)       assert_stable_from_start_to_end_trigger() => Failed. tracked_value (X) was not stable after 50 ns(5-cycles). pipe: (17).
%%       11020.0 ns  Log    ID_SEQUENCER        TB seq.             Change the value from '1' to '0', window (0-cycle to 5-cycles)
%%       11070.0 ns  Alert  ERROR               TB seq.(uvvm)       assert_stable_from_start_to_end_trigger() => Failed. tracked_value (0) was not stable after 50 ns(5-cycles). pipe: (18).
%%       11120.0 ns  Log    ID_SEQUENCER        TB seq.             Change the value from '1' to 'Z', window (0-cycle to 5-cycles)
%%       11170.0 ns  Alert  ERROR               TB seq.(uvvm)       assert_stable_from_start_to_end_trigger() => Failed. tracked_value (Z) was not stable after 50 ns(5-cycles). pipe: (19).
%%       11220.0 ns  Log    ID_SEQUENCER        TB seq.             Change the value from '1' to 'W', window (0-cycle to 5-cycles)
%%       11270.0 ns  Alert  ERROR               TB seq.(uvvm)       assert_stable_from_start_to_end_trigger() => Failed. tracked_value (W) was not stable after 50 ns(5-cycles). pipe: (20).
%%       11320.0 ns  Log    ID_SEQUENCER        TB seq.             Change the value from '1' to 'L', window (0-cycle to 5-cycles)
%%       11370.0 ns  Alert  ERROR               TB seq.(uvvm)       assert_stable_from_start_to_end_trigger() => Failed. tracked_value (L) was not stable after 50 ns(5-cycles). pipe: (21).
%%       11420.0 ns  Log    ID_SEQUENCER        TB seq.             Change the value from '1' to 'H', window (0-cycle to 5-cycles)
%%       11470.0 ns  Alert  ERROR               TB seq.(uvvm)       assert_stable_from_start_to_end_trigger() => Failed. tracked_value (H) was not stable after 50 ns(5-cycles). pipe: (22).
%%       11520.0 ns  Log    ID_SEQUENCER        TB seq.             Change the value from '0' to 'U', window (0-cycle to 5-cycles)
%%       11570.0 ns  Alert  ERROR               TB seq.(uvvm)       assert_stable_from_start_to_end_trigger() => Failed. tracked_value (U) was not stable after 50 ns(5-cycles). pipe: (23).
%%       11620.0 ns  Log    ID_SEQUENCER        TB seq.             Change the value from '0' to 'X', window (0-cycle to 5-cycles)
%%       11670.0 ns  Alert  ERROR               TB seq.(uvvm)       assert_stable_from_start_to_end_trigger() => Failed. tracked_value (X) was not stable after 50 ns(5-cycles). pipe: (24).
%%       11720.0 ns  Log    ID_SEQUENCER        TB seq.             Change the value from '0' to '1', window (0-cycle to 5-cycles)
%%       11770.0 ns  Alert  ERROR               TB seq.(uvvm)       assert_stable_from_start_to_end_trigger() => Failed. tracked_value (1) was not stable after 50 ns(5-cycles). pipe: (25).
%%       11820.0 ns  Log    ID_SEQUENCER        TB seq.             Change the value from '0' to 'Z', window (0-cycle to 5-cycles)
%%       11870.0 ns  Alert  ERROR               TB seq.(uvvm)       assert_stable_from_start_to_end_trigger() => Failed. tracked_value (Z) was not stable after 50 ns(5-cycles). pipe: (26).
%%       11920.0 ns  Log    ID_SEQUENCER        TB seq.             Change the value from '0' to 'W', window (0-cycle to 5-cycles)
%%       11970.0 ns  Alert  ERROR               TB seq.(uvvm)       assert_stable_from_start_to_end_trigger() => Failed. tracked_value (W) was not stable after 50 ns(5-cycles). pipe: (27).
%%       12020.0 ns  Log    ID_SEQUENCER        TB seq.             Change the value from '0' to 'L', window (0-cycle to 5-cycles)
%%       12070.0 ns  Alert  ERROR               TB seq.(uvvm)       assert_stable_from_start_to_end_trigger() => Failed. tracked_value (L) was not stable after 50 ns(5-cycles). pipe: (28).
%%       12120.0 ns  Log    ID_SEQUENCER        TB seq.             Change the value from '0' to 'H', window (0-cycle to 5-cycles)
%%       12170.0 ns  Alert  ERROR               TB seq.(uvvm)       assert_stable_from_start_to_end_trigger() => Failed. tracked_value (H) was not stable after 50 ns(5-cycles). pipe: (29).
%%       12220.0 ns  Log    ID_SEQUENCER        TB seq.             Change the value from 'Z' to 'U', window (0-cycle to 5-cycles)
%%       12270.0 ns  Alert  ERROR               TB seq.(uvvm)       assert_stable_from_start_to_end_trigger() => Failed. tracked_value (U) was not stable after 50 ns(5-cycles). pipe: (30).
%%       12320.0 ns  Log    ID_SEQUENCER        TB seq.             Change the value from 'Z' to 'X', window (0-cycle to 5-cycles)
%%       12370.0 ns  Alert  ERROR               TB seq.(uvvm)       assert_stable_from_start_to_end_trigger() => Failed. tracked_value (X) was not stable after 50 ns(5-cycles). pipe: (31).
%%       12420.0 ns  Log    ID_SEQUENCER        TB seq.             Change the value from 'Z' to '1', window (0-cycle to 5-cycles)
%%       12470.0 ns  Alert  ERROR               TB seq.(uvvm)       assert_stable_from_start_to_end_trigger() => Failed. tracked_value (1) was not stable after 50 ns(5-cycles). pipe: (32).
%%       12520.0 ns  Log    ID_SEQUENCER        TB seq.             Change the value from 'Z' to '0', window (0-cycle to 5-cycles)
%%       12570.0 ns  Alert  ERROR               TB seq.(uvvm)       assert_stable_from_start_to_end_trigger() => Failed. tracked_value (0) was not stable after 50 ns(5-cycles). pipe: (33).
%%       12620.0 ns  Log    ID_SEQUENCER        TB seq.             Change the value from 'Z' to 'W', window (0-cycle to 5-cycles)
%%       12670.0 ns  Alert  ERROR               TB seq.(uvvm)       assert_stable_from_start_to_end_trigger() => Failed. tracked_value (W) was not stable after 50 ns(5-cycles). pipe: (34).
%%       12720.0 ns  Log    ID_SEQUENCER        TB seq.             Change the value from 'Z' to 'L', window (0-cycle to 5-cycles)
%%       12770.0 ns  Alert  ERROR               TB seq.(uvvm)       assert_stable_from_start_to_end_trigger() => Failed. tracked_value (L) was not stable after 50 ns(5-cycles). pipe: (35).
%%       12820.0 ns  Log    ID_SEQUENCER        TB seq.             Change the value from 'Z' to 'H', window (0-cycle to 5-cycles)
%%       12870.0 ns  Alert  ERROR               TB seq.(uvvm)       assert_stable_from_start_to_end_trigger() => Failed. tracked_value (H) was not stable after 50 ns(5-cycles). pipe: (36).
%%       12920.0 ns  Log    ID_SEQUENCER        TB seq.             Change the value from 'W' to 'U', window (0-cycle to 5-cycles)
%%       12970.0 ns  Alert  ERROR               TB seq.(uvvm)       assert_stable_from_start_to_end_trigger() => Failed. tracked_value (U) was not stable after 50 ns(5-cycles). pipe: (37).
%%       13020.0 ns  Log    ID_SEQUENCER        TB seq.             Change the value from 'W' to 'X', window (0-cycle to 5-cycles)
%%       13070.0 ns  Alert  ERROR               TB seq.(uvvm)       assert_stable_from_start_to_end_trigger() => Failed. tracked_value (X) was not stable after 50 ns(5-cycles). pipe: (38).
%%       13120.0 ns  Log    ID_SEQUENCER        TB seq.             Change the value from 'W' to '1', window (0-cycle to 5-cycles)
%%       13170.0 ns  Alert  ERROR               TB seq.(uvvm)       assert_stable_from_start_to_end_trigger() => Failed. tracked_value (1) was not stable after 50 ns(5-cycles). pipe: (39).
%%       13220.0 ns  Log    ID_SEQUENCER        TB seq.             Change the value from 'W' to '0', window (0-cycle to 5-cycles)
%%       13270.0 ns  Alert  ERROR               TB seq.(uvvm)       assert_stable_from_start_to_end_trigger() => Failed. tracked_value (0) was not stable after 50 ns(5-cycles). pipe: (40).
%%       13320.0 ns  Log    ID_SEQUENCER        TB seq.             Change the value from 'W' to 'Z', window (0-cycle to 5-cycles)
%%       13370.0 ns  Alert  ERROR               TB seq.(uvvm)       assert_stable_from_start_to_end_trigger() => Failed. tracked_value (Z) was not stable after 50 ns(5-cycles). pipe: (41).
%%       13420.0 ns  Log    ID_SEQUENCER        TB seq.             Change the value from 'W' to 'L', window (0-cycle to 5-cycles)
%%       13470.0 ns  Alert  ERROR               TB seq.(uvvm)       assert_stable_from_start_to_end_trigger() => Failed. tracked_value (L) was not stable after 50 ns(5-cycles). pipe: (42).
%%       13520.0 ns  Log    ID_SEQUENCER        TB seq.             Change the value from 'W' to 'H', window (0-cycle to 5-cycles)
%%       13570.0 ns  Alert  ERROR               TB seq.(uvvm)       assert_stable_from_start_to_end_trigger() => Failed. tracked_value (H) was not stable after 50 ns(5-cycles). pipe: (43).
%%       13620.0 ns  Log    ID_SEQUENCER        TB seq.             Change the value from 'L' to 'U', window (0-cycle to 5-cycles)
%%       13670.0 ns  Alert  ERROR               TB seq.(uvvm)       assert_stable_from_start_to_end_trigger() => Failed. tracked_value (U) was not stable after 50 ns(5-cycles). pipe: (44).
%%       13720.0 ns  Log    ID_SEQUENCER        TB seq.             Change the value from 'L' to 'X', window (0-cycle to 5-cycles)
%%       13770.0 ns  Alert  ERROR               TB seq.(uvvm)       assert_stable_from_start_to_end_trigger() => Failed. tracked_value (X) was not stable after 50 ns(5-cycles). pipe: (45).
%%       13820.0 ns  Log    ID_SEQUENCER        TB seq.             Change the value from 'L' to '1', window (0-cycle to 5-cycles)
%%       13870.0 ns  Alert  ERROR               TB seq.(uvvm)       assert_stable_from_start_to_end_trigger() => Failed. tracked_value (1) was not stable after 50 ns(5-cycles). pipe: (46).
%%       13920.0 ns  Log    ID_SEQUENCER        TB seq.             Change the value from 'L' to '0', window (0-cycle to 5-cycles)
%%       13970.0 ns  Alert  ERROR               TB seq.(uvvm)       assert_stable_from_start_to_end_trigger() => Failed. tracked_value (0) was not stable after 50 ns(5-cycles). pipe: (47).
%%       14020.0 ns  Log    ID_SEQUENCER        TB seq.             Change the value from 'L' to 'Z', window (0-cycle to 5-cycles)
%%       14070.0 ns  Alert  ERROR               TB seq.(uvvm)       assert_stable_from_start_to_end_trigger() => Failed. tracked_value (Z) was not stable after 50 ns(5-cycles). pipe: (48).
%%       14120.0 ns  Log    ID_SEQUENCER        TB seq.             Change the value from 'L' to 'W', window (0-cycle to 5-cycles)
%%       14170.0 ns  Alert  ERROR               TB seq.(uvvm)       assert_stable_from_start_to_end_trigger() => Failed. tracked_value (W) was not stable after 50 ns(5-cycles). pipe: (49).
%%       14220.0 ns  Log    ID_SEQUENCER        TB seq.             Change the value from 'L' to 'H', window (0-cycle to 5-cycles)
%%       14270.0 ns  Alert  ERROR               TB seq.(uvvm)       assert_stable_from_start_to_end_trigger() => Failed. tracked_value (H) was not stable after 50 ns(5-cycles). pipe: (50).
%%       14320.0 ns  Log    ID_SEQUENCER        TB seq.             Change the value from 'H' to 'U', window (0-cycle to 5-cycles)
%%       14370.0 ns  Alert  ERROR               TB seq.(uvvm)       assert_stable_from_start_to_end_trigger() => Failed. tracked_value (U) was not stable after 50 ns(5-cycles). pipe: (51).
%%       14420.0 ns  Log    ID_SEQUENCER        TB seq.             Change the value from 'H' to 'X', window (0-cycle to 5-cycles)
%%       14470.0 ns  Alert  ERROR               TB seq.(uvvm)       assert_stable_from_start_to_end_trigger() => Failed. tracked_value (X) was not stable after 50 ns(5-cycles). pipe: (52).
%%       14520.0 ns  Log    ID_SEQUENCER        TB seq.             Change the value from 'H' to '1', window (0-cycle to 5-cycles)
%%       14570.0 ns  Alert  ERROR               TB seq.(uvvm)       assert_stable_from_start_to_end_trigger() => Failed. tracked_value (1) was not stable after 50 ns(5-cycles). pipe: (53).
%%       14620.0 ns  Log    ID_SEQUENCER        TB seq.             Change the value from 'H' to '0', window (0-cycle to 5-cycles)
%%       14670.0 ns  Alert  ERROR               TB seq.(uvvm)       assert_stable_from_start_to_end_trigger() => Failed. tracked_value (0) was not stable after 50 ns(5-cycles). pipe: (54).
%%       14720.0 ns  Log    ID_SEQUENCER        TB seq.             Change the value from 'H' to 'Z', window (0-cycle to 5-cycles)
%%       14770.0 ns  Alert  ERROR               TB seq.(uvvm)       assert_stable_from_start_to_end_trigger() => Failed. tracked_value (Z) was not stable after 50 ns(5-cycles). pipe: (55).
%%       14820.0 ns  Log    ID_SEQUENCER        TB seq.             Change the value from 'H' to 'W', window (0-cycle to 5-cycles)
%%       14870.0 ns  Alert  ERROR               TB seq.(uvvm)       assert_stable_from_start_to_end_trigger() => Failed. tracked_value (W) was not stable after 50 ns(5-cycles). pipe: (56).
%%       14920.0 ns  Log    ID_SEQUENCER        TB seq.             Change the value from 'H' to 'L', window (0-cycle to 5-cycles)
%%       14970.0 ns  Alert  ERROR               TB seq.(uvvm)       assert_stable_from_start_to_end_trigger() => Failed. tracked_value (L) was not stable after 50 ns(5-cycles). pipe: (57).
%%       15020.0 ns  Log    ID_SEQUENCER        TB seq.             Testing triggering assert /w multiple triggers within the window
%%       15030.0 ns  Alert  ERROR               TB seq.(uvvm)       assert_stable_from_start_to_end_trigger() => Failed. tracked_value (1) was not stable after 10 ns(1-cycles). pipe: (58).
%%       15050.0 ns  Alert  ERROR               TB seq.(uvvm)       assert_stable_from_start_to_end_trigger() => Failed. tracked_value (1) was not stable after 10 ns(1-cycles). pipe: (59).
%% 
%% 
%%       15130.0 ns  Log    ID_LOG_HDR          TB seq.             Testing pos_ack_kind: EVERY (std_logic)
%% ----------------------------------------------------------------------------------------------------------------------------------------------------------------------------
%%       15130.0 ns  Log    ID_SEQUENCER        TB seq.             Expecting a positive acknowledge on each successful window sequence
%%       15180.0 ns  Log    ID_SEQUENCER        TB seq.             Hold '1' from 0-cycle to 5-cycles
%%       15230.0 ns  Log    PASSED              TB seq.(uvvm)       assert_stable_from_start_to_end_trigger() => OK. tracked_value was stable in window. OK after 50 ns.
%%       15280.0 ns  Log    ID_SEQUENCER        TB seq.             Hold '1' from 0-cycle to 10-cycles
%%       15380.0 ns  Log    PASSED              TB seq.(uvvm)       assert_stable_from_start_to_end_trigger() => OK. tracked_value was stable in window. OK after 100 ns. pipe: (1).
%%       15430.0 ns  Log    ID_SEQUENCER        TB seq.             Hold '1' from 0-cycle to 15-cycles
%%       15580.0 ns  Log    PASSED              TB seq.(uvvm)       assert_stable_from_start_to_end_trigger() => OK. tracked_value was stable in window. OK after 150 ns. pipe: (2).
%%       15630.0 ns  Log    ID_SEQUENCER        TB seq.             Hold '1' from 0-cycle to 20-cycles
%%       15830.0 ns  Log    PASSED              TB seq.(uvvm)       assert_stable_from_start_to_end_trigger() => OK. tracked_value was stable in window. OK after 200 ns. pipe: (3).
%% 
%% 
%%       15920.0 ns  Log    ID_LOG_HDR          TB seq.             Testing Assertion Enable (std_logic)
%% ----------------------------------------------------------------------------------------------------------------------------------------------------------------------------
%%       15920.0 ns  Log    ID_SEQUENCER        TB seq.             Assertion enabled as trigger is assigned, expecting alert when triggering assert
%%       15920.0 ns  Log    ID_SEQUENCER        TB seq.             Change the value from 'U' to '1', window (0-cycle to 5-cycles)
%%       15970.0 ns  Alert  ERROR               TB seq.(uvvm)       assert_stable_from_start_to_end_trigger() => Failed. tracked_value (1) was not stable after 50 ns(5-cycles).
%%       16060.0 ns  Log    ID_SEQUENCER        TB seq.             Assertion enabled prior to trigger, expecting alert when triggering assert
%%       16070.0 ns  Log    ID_SEQUENCER        TB seq.             Change the value from 'U' to '1', window (0-cycle to 5-cycles)
%%       16120.0 ns  Alert  ERROR               TB seq.(uvvm)       assert_stable_from_start_to_end_trigger() => Failed. tracked_value (1) was not stable after 50 ns(5-cycles).
%% 
%% 
%%       16170.0 ns  Log    ID_LOG_HDR          TB seq.             Testing CLK Disabled
%% ----------------------------------------------------------------------------------------------------------------------------------------------------------------------------
%%       16170.0 ns  Log    ID_SEQUENCER        TB seq.             Clock deactivated
%%       16210.0 ns  Log    ID_SEQUENCER        TB seq.             Triggering assertion while clk is disabled, expecting no behavior
%%       16250.0 ns  Log    ID_SEQUENCER        TB seq.             Change the value from 'U' to '1', window (0-cycle to 5-cycles)
%% 
%% ============================================================================================================================================================================
%%  *** INTERMEDIATE SUMMARY OF ALL ALERTS ***
%% ============================================================================================================================================================================
%%       16360.0 ns  DONE   PASSED  assert_stable_from_start_to_end_trigger  Passed: 12  Affirmations Checked: 130
%%    Expected      Failures: 0  Errors: -118  Warnings: 0  Passed: 0
%%    VHDL Asserts  Failures: 0  Errors: 0  Warnings: 0  Passed: 0
%%    Default       Failures: 0  Errors: 118  Warnings: 0  Passed: 0
%%    OSVVM         Failures: 0  Errors: 0  Warnings: 0  Passed: 0
%% ============================================================================================================================================================================
%% 
%% 
%% 
%%       16360.0 ns  Log    ID_LOG_HDR          TB seq.(uvvm)       SIMULATION COMPLETED
%% ----------------------------------------------------------------------------------------------------------------------------------------------------------------------------
