%%      0 ns    Log    ID_LOG_MSG_CTRL     TB seq.             disable_log_msg(ALL_MESSAGES).
%%      0 ns    Log    ID_LOG_MSG_CTRL     TB seq.             enable_log_msg(ID_LOG_HDR_LARGE).
%%      0 ns    Log    ID_LOG_MSG_CTRL     TB seq.             enable_log_msg(ID_LOG_HDR).
%%      0 ns    Log    ID_LOG_MSG_CTRL     TB seq.             enable_log_msg(ID_SEQUENCER).
%%      0 ns    Log    ID_LOG_MSG_CTRL     TB seq.             enable_log_msg(ID_UVVM_ASSERTION).
%% 
%% 
%% ============================================================================================================================================================================
%%    100 ns    Log    ID_LOG_HDR_LARGE    TB seq.(uvvm)       Testing the assertion: assert_change_from_min_to_max_cycles_after_trigger
%% ============================================================================================================================================================================
%% 
%% 
%%    140 ns    Log    ID_LOG_HDR          TB seq.             Testing Normal Operation (std_logic_vector)
%% ----------------------------------------------------------------------------------------------------------------------------------------------------------------------------
%%    140 ns    Log    ID_SEQUENCER        TB seq.             Testing std_logic_vector transitions within the window
%%    140 ns    Log    ID_SEQUENCER        TB seq.             Setting min_cycles = 7, max_cycles = 10
%%    190 ns    Log    ID_SEQUENCER        TB seq.             Change the value from "HHHH" to "LLLL", window (7-cycles to 10-cycles)
%%    280 ns    Log    ID_UVVM_ASSERTION   TB seq.(uvvm)       assert_change_from_min_to_max_cycles_after_trigger() => OK (first). tracked_value had a change in window. OK after 90 ns. First change event happened in cycle-9.
%%    330 ns    Log    ID_SEQUENCER        TB seq.             Change the value from "HHHH" to "WWWW", window (7-cycles to 10-cycles)
%%    470 ns    Log    ID_SEQUENCER        TB seq.             Change the value from "HHHH" to "ZZZZ", window (7-cycles to 10-cycles)
%%    610 ns    Log    ID_SEQUENCER        TB seq.             Change the value from "HHHH" to "0000", window (7-cycles to 10-cycles)
%%    750 ns    Log    ID_SEQUENCER        TB seq.             Change the value from "HHHH" to "1111", window (7-cycles to 10-cycles)
%%    890 ns    Log    ID_SEQUENCER        TB seq.             Change the value from "HHHH" to "XXXX", window (7-cycles to 10-cycles)
%%   1030 ns    Log    ID_SEQUENCER        TB seq.             Change the value from "HHHH" to "UUUU", window (7-cycles to 10-cycles)
%%   1170 ns    Log    ID_SEQUENCER        TB seq.             Change the value from "LLLL" to "HHHH", window (7-cycles to 10-cycles)
%%   1310 ns    Log    ID_SEQUENCER        TB seq.             Change the value from "LLLL" to "WWWW", window (7-cycles to 10-cycles)
%%   1450 ns    Log    ID_SEQUENCER        TB seq.             Change the value from "LLLL" to "ZZZZ", window (7-cycles to 10-cycles)
%%   1590 ns    Log    ID_SEQUENCER        TB seq.             Change the value from "LLLL" to "0000", window (7-cycles to 10-cycles)
%%   1730 ns    Log    ID_SEQUENCER        TB seq.             Change the value from "LLLL" to "1111", window (7-cycles to 10-cycles)
%%   1870 ns    Log    ID_SEQUENCER        TB seq.             Change the value from "LLLL" to "XXXX", window (7-cycles to 10-cycles)
%%   2010 ns    Log    ID_SEQUENCER        TB seq.             Change the value from "LLLL" to "UUUU", window (7-cycles to 10-cycles)
%%   2150 ns    Log    ID_SEQUENCER        TB seq.             Change the value from "WWWW" to "HHHH", window (7-cycles to 10-cycles)
%%   2290 ns    Log    ID_SEQUENCER        TB seq.             Change the value from "WWWW" to "LLLL", window (7-cycles to 10-cycles)
%%   2430 ns    Log    ID_SEQUENCER        TB seq.             Change the value from "WWWW" to "ZZZZ", window (7-cycles to 10-cycles)
%%   2570 ns    Log    ID_SEQUENCER        TB seq.             Change the value from "WWWW" to "0000", window (7-cycles to 10-cycles)
%%   2710 ns    Log    ID_SEQUENCER        TB seq.             Change the value from "WWWW" to "1111", window (7-cycles to 10-cycles)
%%   2850 ns    Log    ID_SEQUENCER        TB seq.             Change the value from "WWWW" to "XXXX", window (7-cycles to 10-cycles)
%%   2990 ns    Log    ID_SEQUENCER        TB seq.             Change the value from "WWWW" to "UUUU", window (7-cycles to 10-cycles)
%%   3130 ns    Log    ID_SEQUENCER        TB seq.             Change the value from "ZZZZ" to "HHHH", window (7-cycles to 10-cycles)
%%   3270 ns    Log    ID_SEQUENCER        TB seq.             Change the value from "ZZZZ" to "LLLL", window (7-cycles to 10-cycles)
%%   3410 ns    Log    ID_SEQUENCER        TB seq.             Change the value from "ZZZZ" to "WWWW", window (7-cycles to 10-cycles)
%%   3550 ns    Log    ID_SEQUENCER        TB seq.             Change the value from "ZZZZ" to "0000", window (7-cycles to 10-cycles)
%%   3690 ns    Log    ID_SEQUENCER        TB seq.             Change the value from "ZZZZ" to "1111", window (7-cycles to 10-cycles)
%%   3830 ns    Log    ID_SEQUENCER        TB seq.             Change the value from "ZZZZ" to "XXXX", window (7-cycles to 10-cycles)
%%   3970 ns    Log    ID_SEQUENCER        TB seq.             Change the value from "ZZZZ" to "UUUU", window (7-cycles to 10-cycles)
%%   4110 ns    Log    ID_SEQUENCER        TB seq.             Change the value from "0000" to "HHHH", window (7-cycles to 10-cycles)
%%   4250 ns    Log    ID_SEQUENCER        TB seq.             Change the value from "0000" to "LLLL", window (7-cycles to 10-cycles)
%%   4390 ns    Log    ID_SEQUENCER        TB seq.             Change the value from "0000" to "WWWW", window (7-cycles to 10-cycles)
%%   4530 ns    Log    ID_SEQUENCER        TB seq.             Change the value from "0000" to "ZZZZ", window (7-cycles to 10-cycles)
%%   4670 ns    Log    ID_SEQUENCER        TB seq.             Change the value from "0000" to "1111", window (7-cycles to 10-cycles)
%%   4810 ns    Log    ID_SEQUENCER        TB seq.             Change the value from "0000" to "XXXX", window (7-cycles to 10-cycles)
%%   4950 ns    Log    ID_SEQUENCER        TB seq.             Change the value from "0000" to "UUUU", window (7-cycles to 10-cycles)
%%   5090 ns    Log    ID_SEQUENCER        TB seq.             Change the value from "1111" to "HHHH", window (7-cycles to 10-cycles)
%%   5230 ns    Log    ID_SEQUENCER        TB seq.             Change the value from "1111" to "LLLL", window (7-cycles to 10-cycles)
%%   5370 ns    Log    ID_SEQUENCER        TB seq.             Change the value from "1111" to "WWWW", window (7-cycles to 10-cycles)
%%   5510 ns    Log    ID_SEQUENCER        TB seq.             Change the value from "1111" to "ZZZZ", window (7-cycles to 10-cycles)
%%   5650 ns    Log    ID_SEQUENCER        TB seq.             Change the value from "1111" to "0000", window (7-cycles to 10-cycles)
%%   5790 ns    Log    ID_SEQUENCER        TB seq.             Change the value from "1111" to "XXXX", window (7-cycles to 10-cycles)
%%   5930 ns    Log    ID_SEQUENCER        TB seq.             Change the value from "1111" to "UUUU", window (7-cycles to 10-cycles)
%%   6070 ns    Log    ID_SEQUENCER        TB seq.             Change the value from "XXXX" to "HHHH", window (7-cycles to 10-cycles)
%%   6210 ns    Log    ID_SEQUENCER        TB seq.             Change the value from "XXXX" to "LLLL", window (7-cycles to 10-cycles)
%%   6350 ns    Log    ID_SEQUENCER        TB seq.             Change the value from "XXXX" to "WWWW", window (7-cycles to 10-cycles)
%%   6490 ns    Log    ID_SEQUENCER        TB seq.             Change the value from "XXXX" to "ZZZZ", window (7-cycles to 10-cycles)
%%   6630 ns    Log    ID_SEQUENCER        TB seq.             Change the value from "XXXX" to "0000", window (7-cycles to 10-cycles)
%%   6770 ns    Log    ID_SEQUENCER        TB seq.             Change the value from "XXXX" to "1111", window (7-cycles to 10-cycles)
%%   6910 ns    Log    ID_SEQUENCER        TB seq.             Change the value from "XXXX" to "UUUU", window (7-cycles to 10-cycles)
%%   7050 ns    Log    ID_SEQUENCER        TB seq.             Change the value from "UUUU" to "HHHH", window (7-cycles to 10-cycles)
%%   7190 ns    Log    ID_SEQUENCER        TB seq.             Change the value from "UUUU" to "LLLL", window (7-cycles to 10-cycles)
%%   7330 ns    Log    ID_SEQUENCER        TB seq.             Change the value from "UUUU" to "WWWW", window (7-cycles to 10-cycles)
%%   7470 ns    Log    ID_SEQUENCER        TB seq.             Change the value from "UUUU" to "ZZZZ", window (7-cycles to 10-cycles)
%%   7610 ns    Log    ID_SEQUENCER        TB seq.             Change the value from "UUUU" to "0000", window (7-cycles to 10-cycles)
%%   7750 ns    Log    ID_SEQUENCER        TB seq.             Change the value from "UUUU" to "1111", window (7-cycles to 10-cycles)
%%   7890 ns    Log    ID_SEQUENCER        TB seq.             Change the value from "UUUU" to "XXXX", window (7-cycles to 10-cycles)
%%   8030 ns    Log    ID_SEQUENCER        TB seq.             Testing std_logic_vector transitions within the window /w min_cycles = 0, max_cycles = 1
%%   8030 ns    Log    ID_SEQUENCER        TB seq.             Setting min_cycles = 0, max_cycles = 1
%%   8080 ns    Log    ID_SEQUENCER        TB seq.             Change the value from "HHHH" to "LLLL", window (0-cycles to 1-cycles)
%%   8090 ns    Log    ID_UVVM_ASSERTION   TB seq.(uvvm)       assert_change_from_min_to_max_cycles_after_trigger() => OK (first). tracked_value had a change in window. OK after 10 ns. First change event happened in cycle-1.
%%   8140 ns    Log    ID_SEQUENCER        TB seq.             Change the value from "HHHH" to "WWWW", window (0-cycles to 1-cycles)
%%   8200 ns    Log    ID_SEQUENCER        TB seq.             Change the value from "HHHH" to "ZZZZ", window (0-cycles to 1-cycles)
%%   8260 ns    Log    ID_SEQUENCER        TB seq.             Change the value from "HHHH" to "0000", window (0-cycles to 1-cycles)
%%   8320 ns    Log    ID_SEQUENCER        TB seq.             Change the value from "HHHH" to "1111", window (0-cycles to 1-cycles)
%%   8380 ns    Log    ID_SEQUENCER        TB seq.             Change the value from "HHHH" to "XXXX", window (0-cycles to 1-cycles)
%%   8440 ns    Log    ID_SEQUENCER        TB seq.             Change the value from "HHHH" to "UUUU", window (0-cycles to 1-cycles)
%%   8500 ns    Log    ID_SEQUENCER        TB seq.             Change the value from "LLLL" to "HHHH", window (0-cycles to 1-cycles)
%%   8560 ns    Log    ID_SEQUENCER        TB seq.             Change the value from "LLLL" to "WWWW", window (0-cycles to 1-cycles)
%%   8620 ns    Log    ID_SEQUENCER        TB seq.             Change the value from "LLLL" to "ZZZZ", window (0-cycles to 1-cycles)
%%   8680 ns    Log    ID_SEQUENCER        TB seq.             Change the value from "LLLL" to "0000", window (0-cycles to 1-cycles)
%%   8740 ns    Log    ID_SEQUENCER        TB seq.             Change the value from "LLLL" to "1111", window (0-cycles to 1-cycles)
%%   8800 ns    Log    ID_SEQUENCER        TB seq.             Change the value from "LLLL" to "XXXX", window (0-cycles to 1-cycles)
%%   8860 ns    Log    ID_SEQUENCER        TB seq.             Change the value from "LLLL" to "UUUU", window (0-cycles to 1-cycles)
%%   8920 ns    Log    ID_SEQUENCER        TB seq.             Change the value from "WWWW" to "HHHH", window (0-cycles to 1-cycles)
%%   8980 ns    Log    ID_SEQUENCER        TB seq.             Change the value from "WWWW" to "LLLL", window (0-cycles to 1-cycles)
%%   9040 ns    Log    ID_SEQUENCER        TB seq.             Change the value from "WWWW" to "ZZZZ", window (0-cycles to 1-cycles)
%%   9100 ns    Log    ID_SEQUENCER        TB seq.             Change the value from "WWWW" to "0000", window (0-cycles to 1-cycles)
%%   9160 ns    Log    ID_SEQUENCER        TB seq.             Change the value from "WWWW" to "1111", window (0-cycles to 1-cycles)
%%   9220 ns    Log    ID_SEQUENCER        TB seq.             Change the value from "WWWW" to "XXXX", window (0-cycles to 1-cycles)
%%   9280 ns    Log    ID_SEQUENCER        TB seq.             Change the value from "WWWW" to "UUUU", window (0-cycles to 1-cycles)
%%   9340 ns    Log    ID_SEQUENCER        TB seq.             Change the value from "ZZZZ" to "HHHH", window (0-cycles to 1-cycles)
%%   9400 ns    Log    ID_SEQUENCER        TB seq.             Change the value from "ZZZZ" to "LLLL", window (0-cycles to 1-cycles)
%%   9460 ns    Log    ID_SEQUENCER        TB seq.             Change the value from "ZZZZ" to "WWWW", window (0-cycles to 1-cycles)
%%   9520 ns    Log    ID_SEQUENCER        TB seq.             Change the value from "ZZZZ" to "0000", window (0-cycles to 1-cycles)
%%   9580 ns    Log    ID_SEQUENCER        TB seq.             Change the value from "ZZZZ" to "1111", window (0-cycles to 1-cycles)
%%   9640 ns    Log    ID_SEQUENCER        TB seq.             Change the value from "ZZZZ" to "XXXX", window (0-cycles to 1-cycles)
%%   9700 ns    Log    ID_SEQUENCER        TB seq.             Change the value from "ZZZZ" to "UUUU", window (0-cycles to 1-cycles)
%%   9760 ns    Log    ID_SEQUENCER        TB seq.             Change the value from "0000" to "HHHH", window (0-cycles to 1-cycles)
%%   9820 ns    Log    ID_SEQUENCER        TB seq.             Change the value from "0000" to "LLLL", window (0-cycles to 1-cycles)
%%   9880 ns    Log    ID_SEQUENCER        TB seq.             Change the value from "0000" to "WWWW", window (0-cycles to 1-cycles)
%%   9940 ns    Log    ID_SEQUENCER        TB seq.             Change the value from "0000" to "ZZZZ", window (0-cycles to 1-cycles)
%%  10000 ns    Log    ID_SEQUENCER        TB seq.             Change the value from "0000" to "1111", window (0-cycles to 1-cycles)
%%  10060 ns    Log    ID_SEQUENCER        TB seq.             Change the value from "0000" to "XXXX", window (0-cycles to 1-cycles)
%%  10120 ns    Log    ID_SEQUENCER        TB seq.             Change the value from "0000" to "UUUU", window (0-cycles to 1-cycles)
%%  10180 ns    Log    ID_SEQUENCER        TB seq.             Change the value from "1111" to "HHHH", window (0-cycles to 1-cycles)
%%  10240 ns    Log    ID_SEQUENCER        TB seq.             Change the value from "1111" to "LLLL", window (0-cycles to 1-cycles)
%%  10300 ns    Log    ID_SEQUENCER        TB seq.             Change the value from "1111" to "WWWW", window (0-cycles to 1-cycles)
%%  10360 ns    Log    ID_SEQUENCER        TB seq.             Change the value from "1111" to "ZZZZ", window (0-cycles to 1-cycles)
%%  10420 ns    Log    ID_SEQUENCER        TB seq.             Change the value from "1111" to "0000", window (0-cycles to 1-cycles)
%%  10480 ns    Log    ID_SEQUENCER        TB seq.             Change the value from "1111" to "XXXX", window (0-cycles to 1-cycles)
%%  10540 ns    Log    ID_SEQUENCER        TB seq.             Change the value from "1111" to "UUUU", window (0-cycles to 1-cycles)
%%  10600 ns    Log    ID_SEQUENCER        TB seq.             Change the value from "XXXX" to "HHHH", window (0-cycles to 1-cycles)
%%  10660 ns    Log    ID_SEQUENCER        TB seq.             Change the value from "XXXX" to "LLLL", window (0-cycles to 1-cycles)
%%  10720 ns    Log    ID_SEQUENCER        TB seq.             Change the value from "XXXX" to "WWWW", window (0-cycles to 1-cycles)
%%  10780 ns    Log    ID_SEQUENCER        TB seq.             Change the value from "XXXX" to "ZZZZ", window (0-cycles to 1-cycles)
%%  10840 ns    Log    ID_SEQUENCER        TB seq.             Change the value from "XXXX" to "0000", window (0-cycles to 1-cycles)
%%  10900 ns    Log    ID_SEQUENCER        TB seq.             Change the value from "XXXX" to "1111", window (0-cycles to 1-cycles)
%%  10960 ns    Log    ID_SEQUENCER        TB seq.             Change the value from "XXXX" to "UUUU", window (0-cycles to 1-cycles)
%%  11020 ns    Log    ID_SEQUENCER        TB seq.             Change the value from "UUUU" to "HHHH", window (0-cycles to 1-cycles)
%%  11080 ns    Log    ID_SEQUENCER        TB seq.             Change the value from "UUUU" to "LLLL", window (0-cycles to 1-cycles)
%%  11140 ns    Log    ID_SEQUENCER        TB seq.             Change the value from "UUUU" to "WWWW", window (0-cycles to 1-cycles)
%%  11200 ns    Log    ID_SEQUENCER        TB seq.             Change the value from "UUUU" to "ZZZZ", window (0-cycles to 1-cycles)
%%  11260 ns    Log    ID_SEQUENCER        TB seq.             Change the value from "UUUU" to "0000", window (0-cycles to 1-cycles)
%%  11320 ns    Log    ID_SEQUENCER        TB seq.             Change the value from "UUUU" to "1111", window (0-cycles to 1-cycles)
%%  11380 ns    Log    ID_SEQUENCER        TB seq.             Change the value from "UUUU" to "XXXX", window (0-cycles to 1-cycles)
%%  11440 ns    Log    ID_SEQUENCER        TB seq.             Testing multiple triggers within the window
%%  11440 ns    Log    ID_SEQUENCER        TB seq.             Setting min_cycles = 1, max_cycles = 4
%%  11500 ns    Log    ID_UVVM_ASSERTION   TB seq.(uvvm)       assert_change_from_min_to_max_cycles_after_trigger() => OK (first). tracked_value had a change in window. OK after 10 ns. First change event happened in cycle-1.
%% 
%% 
%%  11600 ns    Log    ID_LOG_HDR          TB seq.             Testing Triggering Assertion (std_logic_vector)
%% ----------------------------------------------------------------------------------------------------------------------------------------------------------------------------
%%  11600 ns    Log    ID_SEQUENCER        TB seq.             Testing invalid sequences (no std_logic_vector transitions) within the window
%%  11600 ns    Log    ID_SEQUENCER        TB seq.             Setting min_cycles = 7, max_cycles = 10
%%  11650 ns    Log    ID_SEQUENCER        TB seq.             Hold "HHHH" from 7-cycles to 10-cycles
%%  11750 ns    Alert  ERROR               TB seq.(uvvm)       assert_change_from_min_to_max_cycles_after_trigger() => Failed. tracked_value (HHHH) never changed in window.
%%  11800 ns    Log    ID_SEQUENCER        TB seq.             Hold "LLLL" from 7-cycles to 10-cycles
%%  11900 ns    Alert  ERROR               TB seq.(uvvm)       assert_change_from_min_to_max_cycles_after_trigger() => Failed. tracked_value (LLLL) never changed in window.
%%  11950 ns    Log    ID_SEQUENCER        TB seq.             Hold "WWWW" from 7-cycles to 10-cycles
%%  12050 ns    Alert  ERROR               TB seq.(uvvm)       assert_change_from_min_to_max_cycles_after_trigger() => Failed. tracked_value (WWWW) never changed in window.
%%  12100 ns    Log    ID_SEQUENCER        TB seq.             Hold "ZZZZ" from 7-cycles to 10-cycles
%%  12200 ns    Alert  ERROR               TB seq.(uvvm)       assert_change_from_min_to_max_cycles_after_trigger() => Failed. tracked_value (ZZZZ) never changed in window.
%%  12250 ns    Log    ID_SEQUENCER        TB seq.             Hold "0000" from 7-cycles to 10-cycles
%%  12350 ns    Alert  ERROR               TB seq.(uvvm)       assert_change_from_min_to_max_cycles_after_trigger() => Failed. tracked_value (0000) never changed in window.
%%  12400 ns    Log    ID_SEQUENCER        TB seq.             Hold "1111" from 7-cycles to 10-cycles
%%  12500 ns    Alert  ERROR               TB seq.(uvvm)       assert_change_from_min_to_max_cycles_after_trigger() => Failed. tracked_value (1111) never changed in window.
%%  12550 ns    Log    ID_SEQUENCER        TB seq.             Hold "XXXX" from 7-cycles to 10-cycles
%%  12650 ns    Alert  ERROR               TB seq.(uvvm)       assert_change_from_min_to_max_cycles_after_trigger() => Failed. tracked_value (XXXX) never changed in window.
%%  12700 ns    Log    ID_SEQUENCER        TB seq.             Hold "UUUU" from 7-cycles to 10-cycles
%%  12800 ns    Alert  ERROR               TB seq.(uvvm)       assert_change_from_min_to_max_cycles_after_trigger() => Failed. tracked_value (UUUU) never changed in window.
%%  12850 ns    Log    ID_SEQUENCER        TB seq.             Testing triggering assert /w multiple triggers within the window
%%  12850 ns    Log    ID_SEQUENCER        TB seq.             Setting min_cycles = 1, max_cycles = 4
%%  12940 ns    Alert  ERROR               TB seq.(uvvm)       assert_change_from_min_to_max_cycles_after_trigger() => Failed. tracked_value (UUUU) never changed in window.
%%  12960 ns    Alert  ERROR               TB seq.(uvvm)       assert_change_from_min_to_max_cycles_after_trigger() => Failed. tracked_value (UUUU) never changed in window.
%% 
%% 
%%  13010 ns    Log    ID_LOG_HDR          TB seq.             Testing pos_ack_kind: EVERY (std_logic_vector)
%% ----------------------------------------------------------------------------------------------------------------------------------------------------------------------------
%%  13010 ns    Log    ID_SEQUENCER        TB seq.             Expecting a positive acknowledge on each successful window sequence
%%  13010 ns    Log    ID_SEQUENCER        TB seq.             Setting min_cycles = 10, max_cycles = 20
%%  13060 ns    Log    ID_SEQUENCER        TB seq.             Change the value from "UUUU" to "1111", window (10-cycles to 20-cycles)
%%  13250 ns    Log    ID_UVVM_ASSERTION   TB seq.(uvvm)       assert_change_from_min_to_max_cycles_after_trigger() => OK. tracked_value had a change in window. OK after 190 ns. First change event happened in cycle-19.
%%  13300 ns    Log    ID_SEQUENCER        TB seq.             Setting min_cycles = 20, max_cycles = 30
%%  13350 ns    Log    ID_SEQUENCER        TB seq.             Change the value from "UUUU" to "1111", window (20-cycles to 30-cycles)
%%  13640 ns    Log    ID_UVVM_ASSERTION   TB seq.(uvvm)       assert_change_from_min_to_max_cycles_after_trigger() => OK. tracked_value had a change in window. OK after 290 ns. First change event happened in cycle-29.
%%  13690 ns    Log    ID_SEQUENCER        TB seq.             Setting min_cycles = 30, max_cycles = 40
%%  13740 ns    Log    ID_SEQUENCER        TB seq.             Change the value from "UUUU" to "1111", window (30-cycles to 40-cycles)
%%  14130 ns    Log    ID_UVVM_ASSERTION   TB seq.(uvvm)       assert_change_from_min_to_max_cycles_after_trigger() => OK. tracked_value had a change in window. OK after 390 ns. First change event happened in cycle-39.
%%  14180 ns    Log    ID_SEQUENCER        TB seq.             Setting min_cycles = 40, max_cycles = 50
%%  14230 ns    Log    ID_SEQUENCER        TB seq.             Change the value from "UUUU" to "1111", window (40-cycles to 50-cycles)
%%  14720 ns    Log    ID_UVVM_ASSERTION   TB seq.(uvvm)       assert_change_from_min_to_max_cycles_after_trigger() => OK. tracked_value had a change in window. OK after 490 ns. First change event happened in cycle-49.
%% 
%% 
%%  14850 ns    Log    ID_LOG_HDR          TB seq.             Testing Normal Operation (std_logic)
%% ----------------------------------------------------------------------------------------------------------------------------------------------------------------------------
%%  14850 ns    Log    ID_SEQUENCER        TB seq.             Testing all std_logic transitions within the window
%%  14850 ns    Log    ID_SEQUENCER        TB seq.             Setting min_cycles = 7, max_cycles = 10
%%  14900 ns    Log    ID_SEQUENCER        TB seq.             Change the value from 'U' to 'X', window (7-cycles to 10-cycles)
%%  14990 ns    Log    ID_UVVM_ASSERTION   TB seq.(uvvm)       assert_change_from_min_to_max_cycles_after_trigger() => OK (first). tracked_value had a change in window. OK after 90 ns. First change happened in cycle-9.
%%  15040 ns    Log    ID_SEQUENCER        TB seq.             Change the value from 'U' to '1', window (7-cycles to 10-cycles)
%%  15180 ns    Log    ID_SEQUENCER        TB seq.             Change the value from 'U' to '0', window (7-cycles to 10-cycles)
%%  15320 ns    Log    ID_SEQUENCER        TB seq.             Change the value from 'U' to 'Z', window (7-cycles to 10-cycles)
%%  15460 ns    Log    ID_SEQUENCER        TB seq.             Change the value from 'U' to 'W', window (7-cycles to 10-cycles)
%%  15600 ns    Log    ID_SEQUENCER        TB seq.             Change the value from 'U' to 'L', window (7-cycles to 10-cycles)
%%  15740 ns    Log    ID_SEQUENCER        TB seq.             Change the value from 'U' to 'H', window (7-cycles to 10-cycles)
%%  15880 ns    Log    ID_SEQUENCER        TB seq.             Change the value from 'X' to 'U', window (7-cycles to 10-cycles)
%%  16020 ns    Log    ID_SEQUENCER        TB seq.             Change the value from 'X' to '1', window (7-cycles to 10-cycles)
%%  16160 ns    Log    ID_SEQUENCER        TB seq.             Change the value from 'X' to '0', window (7-cycles to 10-cycles)
%%  16300 ns    Log    ID_SEQUENCER        TB seq.             Change the value from 'X' to 'Z', window (7-cycles to 10-cycles)
%%  16440 ns    Log    ID_SEQUENCER        TB seq.             Change the value from 'X' to 'W', window (7-cycles to 10-cycles)
%%  16580 ns    Log    ID_SEQUENCER        TB seq.             Change the value from 'X' to 'L', window (7-cycles to 10-cycles)
%%  16720 ns    Log    ID_SEQUENCER        TB seq.             Change the value from 'X' to 'H', window (7-cycles to 10-cycles)
%%  16860 ns    Log    ID_SEQUENCER        TB seq.             Change the value from '1' to 'U', window (7-cycles to 10-cycles)
%%  17000 ns    Log    ID_SEQUENCER        TB seq.             Change the value from '1' to 'X', window (7-cycles to 10-cycles)
%%  17140 ns    Log    ID_SEQUENCER        TB seq.             Change the value from '1' to '0', window (7-cycles to 10-cycles)
%%  17280 ns    Log    ID_SEQUENCER        TB seq.             Change the value from '1' to 'Z', window (7-cycles to 10-cycles)
%%  17420 ns    Log    ID_SEQUENCER        TB seq.             Change the value from '1' to 'W', window (7-cycles to 10-cycles)
%%  17560 ns    Log    ID_SEQUENCER        TB seq.             Change the value from '1' to 'L', window (7-cycles to 10-cycles)
%%  17700 ns    Log    ID_SEQUENCER        TB seq.             Change the value from '1' to 'H', window (7-cycles to 10-cycles)
%%  17840 ns    Log    ID_SEQUENCER        TB seq.             Change the value from '0' to 'U', window (7-cycles to 10-cycles)
%%  17980 ns    Log    ID_SEQUENCER        TB seq.             Change the value from '0' to 'X', window (7-cycles to 10-cycles)
%%  18120 ns    Log    ID_SEQUENCER        TB seq.             Change the value from '0' to '1', window (7-cycles to 10-cycles)
%%  18260 ns    Log    ID_SEQUENCER        TB seq.             Change the value from '0' to 'Z', window (7-cycles to 10-cycles)
%%  18400 ns    Log    ID_SEQUENCER        TB seq.             Change the value from '0' to 'W', window (7-cycles to 10-cycles)
%%  18540 ns    Log    ID_SEQUENCER        TB seq.             Change the value from '0' to 'L', window (7-cycles to 10-cycles)
%%  18680 ns    Log    ID_SEQUENCER        TB seq.             Change the value from '0' to 'H', window (7-cycles to 10-cycles)
%%  18820 ns    Log    ID_SEQUENCER        TB seq.             Change the value from 'Z' to 'U', window (7-cycles to 10-cycles)
%%  18960 ns    Log    ID_SEQUENCER        TB seq.             Change the value from 'Z' to 'X', window (7-cycles to 10-cycles)
%%  19100 ns    Log    ID_SEQUENCER        TB seq.             Change the value from 'Z' to '1', window (7-cycles to 10-cycles)
%%  19240 ns    Log    ID_SEQUENCER        TB seq.             Change the value from 'Z' to '0', window (7-cycles to 10-cycles)
%%  19380 ns    Log    ID_SEQUENCER        TB seq.             Change the value from 'Z' to 'W', window (7-cycles to 10-cycles)
%%  19520 ns    Log    ID_SEQUENCER        TB seq.             Change the value from 'Z' to 'L', window (7-cycles to 10-cycles)
%%  19660 ns    Log    ID_SEQUENCER        TB seq.             Change the value from 'Z' to 'H', window (7-cycles to 10-cycles)
%%  19800 ns    Log    ID_SEQUENCER        TB seq.             Change the value from 'W' to 'U', window (7-cycles to 10-cycles)
%%  19940 ns    Log    ID_SEQUENCER        TB seq.             Change the value from 'W' to 'X', window (7-cycles to 10-cycles)
%%  20080 ns    Log    ID_SEQUENCER        TB seq.             Change the value from 'W' to '1', window (7-cycles to 10-cycles)
%%  20220 ns    Log    ID_SEQUENCER        TB seq.             Change the value from 'W' to '0', window (7-cycles to 10-cycles)
%%  20360 ns    Log    ID_SEQUENCER        TB seq.             Change the value from 'W' to 'Z', window (7-cycles to 10-cycles)
%%  20500 ns    Log    ID_SEQUENCER        TB seq.             Change the value from 'W' to 'L', window (7-cycles to 10-cycles)
%%  20640 ns    Log    ID_SEQUENCER        TB seq.             Change the value from 'W' to 'H', window (7-cycles to 10-cycles)
%%  20780 ns    Log    ID_SEQUENCER        TB seq.             Change the value from 'L' to 'U', window (7-cycles to 10-cycles)
%%  20920 ns    Log    ID_SEQUENCER        TB seq.             Change the value from 'L' to 'X', window (7-cycles to 10-cycles)
%%  21060 ns    Log    ID_SEQUENCER        TB seq.             Change the value from 'L' to '1', window (7-cycles to 10-cycles)
%%  21200 ns    Log    ID_SEQUENCER        TB seq.             Change the value from 'L' to '0', window (7-cycles to 10-cycles)
%%  21340 ns    Log    ID_SEQUENCER        TB seq.             Change the value from 'L' to 'Z', window (7-cycles to 10-cycles)
%%  21480 ns    Log    ID_SEQUENCER        TB seq.             Change the value from 'L' to 'W', window (7-cycles to 10-cycles)
%%  21620 ns    Log    ID_SEQUENCER        TB seq.             Change the value from 'L' to 'H', window (7-cycles to 10-cycles)
%%  21760 ns    Log    ID_SEQUENCER        TB seq.             Change the value from 'H' to 'U', window (7-cycles to 10-cycles)
%%  21900 ns    Log    ID_SEQUENCER        TB seq.             Change the value from 'H' to 'X', window (7-cycles to 10-cycles)
%%  22040 ns    Log    ID_SEQUENCER        TB seq.             Change the value from 'H' to '1', window (7-cycles to 10-cycles)
%%  22180 ns    Log    ID_SEQUENCER        TB seq.             Change the value from 'H' to '0', window (7-cycles to 10-cycles)
%%  22320 ns    Log    ID_SEQUENCER        TB seq.             Change the value from 'H' to 'Z', window (7-cycles to 10-cycles)
%%  22460 ns    Log    ID_SEQUENCER        TB seq.             Change the value from 'H' to 'W', window (7-cycles to 10-cycles)
%%  22600 ns    Log    ID_SEQUENCER        TB seq.             Change the value from 'H' to 'L', window (7-cycles to 10-cycles)
%%  22740 ns    Log    ID_SEQUENCER        TB seq.             Testing all std_logic transitions within the window /w min_cycles = 0, max_cycles = 1
%%  22740 ns    Log    ID_SEQUENCER        TB seq.             Setting min_cycles = 0, max_cycles = 1
%%  22790 ns    Log    ID_SEQUENCER        TB seq.             Change the value from 'U' to 'X', window (0-cycles to 1-cycles)
%%  22800 ns    Log    ID_UVVM_ASSERTION   TB seq.(uvvm)       assert_change_from_min_to_max_cycles_after_trigger() => OK (first). tracked_value had a change in window. OK after 10 ns. First change happened in cycle-1.
%%  22850 ns    Log    ID_SEQUENCER        TB seq.             Change the value from 'U' to '1', window (0-cycles to 1-cycles)
%%  22910 ns    Log    ID_SEQUENCER        TB seq.             Change the value from 'U' to '0', window (0-cycles to 1-cycles)
%%  22970 ns    Log    ID_SEQUENCER        TB seq.             Change the value from 'U' to 'Z', window (0-cycles to 1-cycles)
%%  23030 ns    Log    ID_SEQUENCER        TB seq.             Change the value from 'U' to 'W', window (0-cycles to 1-cycles)
%%  23090 ns    Log    ID_SEQUENCER        TB seq.             Change the value from 'U' to 'L', window (0-cycles to 1-cycles)
%%  23150 ns    Log    ID_SEQUENCER        TB seq.             Change the value from 'U' to 'H', window (0-cycles to 1-cycles)
%%  23210 ns    Log    ID_SEQUENCER        TB seq.             Change the value from 'X' to 'U', window (0-cycles to 1-cycles)
%%  23270 ns    Log    ID_SEQUENCER        TB seq.             Change the value from 'X' to '1', window (0-cycles to 1-cycles)
%%  23330 ns    Log    ID_SEQUENCER        TB seq.             Change the value from 'X' to '0', window (0-cycles to 1-cycles)
%%  23390 ns    Log    ID_SEQUENCER        TB seq.             Change the value from 'X' to 'Z', window (0-cycles to 1-cycles)
%%  23450 ns    Log    ID_SEQUENCER        TB seq.             Change the value from 'X' to 'W', window (0-cycles to 1-cycles)
%%  23510 ns    Log    ID_SEQUENCER        TB seq.             Change the value from 'X' to 'L', window (0-cycles to 1-cycles)
%%  23570 ns    Log    ID_SEQUENCER        TB seq.             Change the value from 'X' to 'H', window (0-cycles to 1-cycles)
%%  23630 ns    Log    ID_SEQUENCER        TB seq.             Change the value from '1' to 'U', window (0-cycles to 1-cycles)
%%  23690 ns    Log    ID_SEQUENCER        TB seq.             Change the value from '1' to 'X', window (0-cycles to 1-cycles)
%%  23750 ns    Log    ID_SEQUENCER        TB seq.             Change the value from '1' to '0', window (0-cycles to 1-cycles)
%%  23810 ns    Log    ID_SEQUENCER        TB seq.             Change the value from '1' to 'Z', window (0-cycles to 1-cycles)
%%  23870 ns    Log    ID_SEQUENCER        TB seq.             Change the value from '1' to 'W', window (0-cycles to 1-cycles)
%%  23930 ns    Log    ID_SEQUENCER        TB seq.             Change the value from '1' to 'L', window (0-cycles to 1-cycles)
%%  23990 ns    Log    ID_SEQUENCER        TB seq.             Change the value from '1' to 'H', window (0-cycles to 1-cycles)
%%  24050 ns    Log    ID_SEQUENCER        TB seq.             Change the value from '0' to 'U', window (0-cycles to 1-cycles)
%%  24110 ns    Log    ID_SEQUENCER        TB seq.             Change the value from '0' to 'X', window (0-cycles to 1-cycles)
%%  24170 ns    Log    ID_SEQUENCER        TB seq.             Change the value from '0' to '1', window (0-cycles to 1-cycles)
%%  24230 ns    Log    ID_SEQUENCER        TB seq.             Change the value from '0' to 'Z', window (0-cycles to 1-cycles)
%%  24290 ns    Log    ID_SEQUENCER        TB seq.             Change the value from '0' to 'W', window (0-cycles to 1-cycles)
%%  24350 ns    Log    ID_SEQUENCER        TB seq.             Change the value from '0' to 'L', window (0-cycles to 1-cycles)
%%  24410 ns    Log    ID_SEQUENCER        TB seq.             Change the value from '0' to 'H', window (0-cycles to 1-cycles)
%%  24470 ns    Log    ID_SEQUENCER        TB seq.             Change the value from 'Z' to 'U', window (0-cycles to 1-cycles)
%%  24530 ns    Log    ID_SEQUENCER        TB seq.             Change the value from 'Z' to 'X', window (0-cycles to 1-cycles)
%%  24590 ns    Log    ID_SEQUENCER        TB seq.             Change the value from 'Z' to '1', window (0-cycles to 1-cycles)
%%  24650 ns    Log    ID_SEQUENCER        TB seq.             Change the value from 'Z' to '0', window (0-cycles to 1-cycles)
%%  24710 ns    Log    ID_SEQUENCER        TB seq.             Change the value from 'Z' to 'W', window (0-cycles to 1-cycles)
%%  24770 ns    Log    ID_SEQUENCER        TB seq.             Change the value from 'Z' to 'L', window (0-cycles to 1-cycles)
%%  24830 ns    Log    ID_SEQUENCER        TB seq.             Change the value from 'Z' to 'H', window (0-cycles to 1-cycles)
%%  24890 ns    Log    ID_SEQUENCER        TB seq.             Change the value from 'W' to 'U', window (0-cycles to 1-cycles)
%%  24950 ns    Log    ID_SEQUENCER        TB seq.             Change the value from 'W' to 'X', window (0-cycles to 1-cycles)
%%  25010 ns    Log    ID_SEQUENCER        TB seq.             Change the value from 'W' to '1', window (0-cycles to 1-cycles)
%%  25070 ns    Log    ID_SEQUENCER        TB seq.             Change the value from 'W' to '0', window (0-cycles to 1-cycles)
%%  25130 ns    Log    ID_SEQUENCER        TB seq.             Change the value from 'W' to 'Z', window (0-cycles to 1-cycles)
%%  25190 ns    Log    ID_SEQUENCER        TB seq.             Change the value from 'W' to 'L', window (0-cycles to 1-cycles)
%%  25250 ns    Log    ID_SEQUENCER        TB seq.             Change the value from 'W' to 'H', window (0-cycles to 1-cycles)
%%  25310 ns    Log    ID_SEQUENCER        TB seq.             Change the value from 'L' to 'U', window (0-cycles to 1-cycles)
%%  25370 ns    Log    ID_SEQUENCER        TB seq.             Change the value from 'L' to 'X', window (0-cycles to 1-cycles)
%%  25430 ns    Log    ID_SEQUENCER        TB seq.             Change the value from 'L' to '1', window (0-cycles to 1-cycles)
%%  25490 ns    Log    ID_SEQUENCER        TB seq.             Change the value from 'L' to '0', window (0-cycles to 1-cycles)
%%  25550 ns    Log    ID_SEQUENCER        TB seq.             Change the value from 'L' to 'Z', window (0-cycles to 1-cycles)
%%  25610 ns    Log    ID_SEQUENCER        TB seq.             Change the value from 'L' to 'W', window (0-cycles to 1-cycles)
%%  25670 ns    Log    ID_SEQUENCER        TB seq.             Change the value from 'L' to 'H', window (0-cycles to 1-cycles)
%%  25730 ns    Log    ID_SEQUENCER        TB seq.             Change the value from 'H' to 'U', window (0-cycles to 1-cycles)
%%  25790 ns    Log    ID_SEQUENCER        TB seq.             Change the value from 'H' to 'X', window (0-cycles to 1-cycles)
%%  25850 ns    Log    ID_SEQUENCER        TB seq.             Change the value from 'H' to '1', window (0-cycles to 1-cycles)
%%  25910 ns    Log    ID_SEQUENCER        TB seq.             Change the value from 'H' to '0', window (0-cycles to 1-cycles)
%%  25970 ns    Log    ID_SEQUENCER        TB seq.             Change the value from 'H' to 'Z', window (0-cycles to 1-cycles)
%%  26030 ns    Log    ID_SEQUENCER        TB seq.             Change the value from 'H' to 'W', window (0-cycles to 1-cycles)
%%  26090 ns    Log    ID_SEQUENCER        TB seq.             Change the value from 'H' to 'L', window (0-cycles to 1-cycles)
%%  26150 ns    Log    ID_SEQUENCER        TB seq.             Testing multiple triggers within the window
%%  26150 ns    Log    ID_SEQUENCER        TB seq.             Setting min_cycles = 1, max_cycles = 4
%%  26210 ns    Log    ID_UVVM_ASSERTION   TB seq.(uvvm)       assert_change_from_min_to_max_cycles_after_trigger() => OK (first). tracked_value had a change in window. OK after 10 ns. First change happened in cycle-1.
%% 
%% 
%%  26310 ns    Log    ID_LOG_HDR          TB seq.             Testing Triggering Assertion (std_logic)
%% ----------------------------------------------------------------------------------------------------------------------------------------------------------------------------
%%  26310 ns    Log    ID_SEQUENCER        TB seq.             Testing all invalid sequences (no std_logic transitions) within the window
%%  26310 ns    Log    ID_SEQUENCER        TB seq.             Setting min_cycles = 7, max_cycles = 10
%%  26360 ns    Log    ID_SEQUENCER        TB seq.             Hold 'U' from 7-cycles to 10-cycles
%%  26460 ns    Alert  ERROR               TB seq.(uvvm)       assert_change_from_min_to_max_cycles_after_trigger() => Failed. tracked_value (U) never changed in window.
%%  26510 ns    Log    ID_SEQUENCER        TB seq.             Hold 'X' from 7-cycles to 10-cycles
%%  26610 ns    Alert  ERROR               TB seq.(uvvm)       assert_change_from_min_to_max_cycles_after_trigger() => Failed. tracked_value (X) never changed in window.
%%  26660 ns    Log    ID_SEQUENCER        TB seq.             Hold '1' from 7-cycles to 10-cycles
%%  26760 ns    Alert  ERROR               TB seq.(uvvm)       assert_change_from_min_to_max_cycles_after_trigger() => Failed. tracked_value (1) never changed in window.
%%  26810 ns    Log    ID_SEQUENCER        TB seq.             Hold '0' from 7-cycles to 10-cycles
%%  26910 ns    Alert  ERROR               TB seq.(uvvm)       assert_change_from_min_to_max_cycles_after_trigger() => Failed. tracked_value (0) never changed in window.
%%  26960 ns    Log    ID_SEQUENCER        TB seq.             Hold 'Z' from 7-cycles to 10-cycles
%%  27060 ns    Alert  ERROR               TB seq.(uvvm)       assert_change_from_min_to_max_cycles_after_trigger() => Failed. tracked_value (Z) never changed in window.
%%  27110 ns    Log    ID_SEQUENCER        TB seq.             Hold 'W' from 7-cycles to 10-cycles
%%  27210 ns    Alert  ERROR               TB seq.(uvvm)       assert_change_from_min_to_max_cycles_after_trigger() => Failed. tracked_value (W) never changed in window.
%%  27260 ns    Log    ID_SEQUENCER        TB seq.             Hold 'L' from 7-cycles to 10-cycles
%%  27360 ns    Alert  ERROR               TB seq.(uvvm)       assert_change_from_min_to_max_cycles_after_trigger() => Failed. tracked_value (L) never changed in window.
%%  27410 ns    Log    ID_SEQUENCER        TB seq.             Hold 'H' from 7-cycles to 10-cycles
%%  27510 ns    Alert  ERROR               TB seq.(uvvm)       assert_change_from_min_to_max_cycles_after_trigger() => Failed. tracked_value (H) never changed in window.
%%  27560 ns    Log    ID_SEQUENCER        TB seq.             Testing triggering assert /w multiple triggers within the window
%%  27560 ns    Log    ID_SEQUENCER        TB seq.             Setting min_cycles = 1, max_cycles = 4
%%  27650 ns    Alert  ERROR               TB seq.(uvvm)       assert_change_from_min_to_max_cycles_after_trigger() => Failed. tracked_value (U) never changed in window.
%%  27670 ns    Alert  ERROR               TB seq.(uvvm)       assert_change_from_min_to_max_cycles_after_trigger() => Failed. tracked_value (U) never changed in window.
%% 
%% 
%%  27720 ns    Log    ID_LOG_HDR          TB seq.             Testing pos_ack_kind: EVERY (std_logic)
%% ----------------------------------------------------------------------------------------------------------------------------------------------------------------------------
%%  27720 ns    Log    ID_SEQUENCER        TB seq.             Expecting a positive acknowledge on each successful window sequence
%%  27720 ns    Log    ID_SEQUENCER        TB seq.             Setting min_cycles = 10, max_cycles = 20
%%  27770 ns    Log    ID_SEQUENCER        TB seq.             Change the value from 'U' to '1', window (10-cycles to 20-cycles)
%%  27960 ns    Log    ID_UVVM_ASSERTION   TB seq.(uvvm)       assert_change_from_min_to_max_cycles_after_trigger() => OK. tracked_value had a change in window. OK after 190 ns. First change event happened in cycle-19.
%%  28010 ns    Log    ID_SEQUENCER        TB seq.             Setting min_cycles = 20, max_cycles = 30
%%  28060 ns    Log    ID_SEQUENCER        TB seq.             Change the value from 'U' to '1', window (20-cycles to 30-cycles)
%%  28350 ns    Log    ID_UVVM_ASSERTION   TB seq.(uvvm)       assert_change_from_min_to_max_cycles_after_trigger() => OK. tracked_value had a change in window. OK after 290 ns. First change event happened in cycle-29.
%%  28400 ns    Log    ID_SEQUENCER        TB seq.             Setting min_cycles = 30, max_cycles = 40
%%  28450 ns    Log    ID_SEQUENCER        TB seq.             Change the value from 'U' to '1', window (30-cycles to 40-cycles)
%%  28840 ns    Log    ID_UVVM_ASSERTION   TB seq.(uvvm)       assert_change_from_min_to_max_cycles_after_trigger() => OK. tracked_value had a change in window. OK after 390 ns. First change event happened in cycle-39.
%%  28890 ns    Log    ID_SEQUENCER        TB seq.             Setting min_cycles = 40, max_cycles = 50
%%  28940 ns    Log    ID_SEQUENCER        TB seq.             Change the value from 'U' to '1', window (40-cycles to 50-cycles)
%%  29430 ns    Log    ID_UVVM_ASSERTION   TB seq.(uvvm)       assert_change_from_min_to_max_cycles_after_trigger() => OK. tracked_value had a change in window. OK after 490 ns. First change event happened in cycle-49.
%% 
%% 
%%  29520 ns    Log    ID_LOG_HDR          TB seq.             Testing Assertion Enable (std_logic)
%% ----------------------------------------------------------------------------------------------------------------------------------------------------------------------------
%%  29520 ns    Log    ID_SEQUENCER        TB seq.             Assertion enabled as trigger is assigned, expecting alert when triggering assert
%%  29520 ns    Log    ID_SEQUENCER        TB seq.             Hold 'U' from 40-cycles to 50-cycles
%%  30020 ns    Alert  ERROR               TB seq.(uvvm)       assert_change_from_min_to_max_cycles_after_trigger() => Failed. tracked_value (U) never changed in window.
%%  30110 ns    Log    ID_SEQUENCER        TB seq.             Assertion enabled prior to trigger, expecting alert when triggering assert
%%  30120 ns    Log    ID_SEQUENCER        TB seq.             Hold 'U' from 40-cycles to 50-cycles
%%  30620 ns    Alert  ERROR               TB seq.(uvvm)       assert_change_from_min_to_max_cycles_after_trigger() => Failed. tracked_value (U) never changed in window.
%% 
%% 
%%  30670 ns    Log    ID_LOG_HDR          TB seq.             Testing CLK Disabled
%% ----------------------------------------------------------------------------------------------------------------------------------------------------------------------------
%%  30670 ns    Log    ID_SEQUENCER        TB seq.             Clock deactivated
%%  30710 ns    Log    ID_SEQUENCER        TB seq.             Triggering assertion while clk is disabled, expecting no behavior
%%  30750 ns    Log    ID_SEQUENCER        TB seq.             Hold 'U' from 40-cycles to 50-cycles
%% 
%% ============================================================================================================================================================================
%%  *** FINAL SUMMARY OF ALL ALERTS ***
%% ============================================================================================================================================================================
%%  31310 ns    DONE   NOCHECKS   assert_change_from_min_to_max_cycles_after_trigger  Passed: 0
%%    Expected      Failures: 0  Errors: -22  Warnings: 0  Passed: 0
%%    VHDL Asserts  Failures: 0  Errors: 0  Warnings: 0  Passed: 0
%%    Default       Failures: 0  Errors: 22  Warnings: 0  Passed: 0
%%    OSVVM         Failures: 0  Errors: 0  Warnings: 0  Passed: 0
%% ============================================================================================================================================================================
%% 
%% 
%% 
%%  31310 ns    Log    ID_LOG_HDR          TB seq.(uvvm)       SIMULATION COMPLETED
%% ----------------------------------------------------------------------------------------------------------------------------------------------------------------------------
