%%      0 ns    Log    ID_LOG_MSG_CTRL     TB seq.             disable_log_msg(ALL_MESSAGES).
%%      0 ns    Log    ID_LOG_MSG_CTRL     TB seq.             enable_log_msg(ID_LOG_HDR_LARGE).
%%      0 ns    Log    ID_LOG_MSG_CTRL     TB seq.             enable_log_msg(ID_LOG_HDR).
%%      0 ns    Log    ID_LOG_MSG_CTRL     TB seq.             enable_log_msg(ID_SEQUENCER).
%%      0 ns    Log    ID_LOG_MSG_CTRL     TB seq.             enable_log_msg(ID_UVVM_ASSERTION).
%% 
%% 
%% ============================================================================================================================================================================
%%    100 ns    Log    ID_LOG_HDR_LARGE    TB seq.(uvvm)       Testing the assertion: assert_change_to_value_from_min_to_max_cycles_after_trigger
%% ============================================================================================================================================================================
%% 
%% 
%%    140 ns    Log    ID_LOG_HDR          TB seq.             Testing Normal Operation (std_logic_vector)
%% ----------------------------------------------------------------------------------------------------------------------------------------------------------------------------
%%    140 ns    Log    ID_SEQUENCER        TB seq.             Testing std_logic_vector transitions to exp_value = "1111" within the window
%%    140 ns    Log    ID_SEQUENCER        TB seq.             Setting min_cycles = 7, max_cycles = 10
%%    190 ns    Log    ID_SEQUENCER        TB seq.             Change the value from "HHHH" to "1111", window (7-cycles to 10-cycles)
%%    280 ns    Log    ID_UVVM_ASSERTION   TB seq.(uvvm)       assert_change_to_value_from_min_to_max_cycles_after_trigger() => OK (first). tracked_value had a change to 1111 in window. OK after 90 ns. First change event happened in cycle-9.
%%    330 ns    Log    ID_SEQUENCER        TB seq.             Change the value from "LLLL" to "1111", window (7-cycles to 10-cycles)
%%    470 ns    Log    ID_SEQUENCER        TB seq.             Change the value from "WWWW" to "1111", window (7-cycles to 10-cycles)
%%    610 ns    Log    ID_SEQUENCER        TB seq.             Change the value from "ZZZZ" to "1111", window (7-cycles to 10-cycles)
%%    750 ns    Log    ID_SEQUENCER        TB seq.             Change the value from "0000" to "1111", window (7-cycles to 10-cycles)
%%    890 ns    Log    ID_SEQUENCER        TB seq.             Change the value from "XXXX" to "1111", window (7-cycles to 10-cycles)
%%   1030 ns    Log    ID_SEQUENCER        TB seq.             Change the value from "UUUU" to "1111", window (7-cycles to 10-cycles)
%%   1170 ns    Log    ID_SEQUENCER        TB seq.             Testing std_logic_vector transitions to exp_value = "0000" within the window
%%   1170 ns    Log    ID_SEQUENCER        TB seq.             Setting exp_value = "0000"
%%   1220 ns    Log    ID_SEQUENCER        TB seq.             Change the value from "HHHH" to "0000", window (7-cycles to 10-cycles)
%%   1310 ns    Log    ID_UVVM_ASSERTION   TB seq.(uvvm)       assert_change_to_value_from_min_to_max_cycles_after_trigger() => OK (first). tracked_value had a change to 0000 in window. OK after 90 ns. First change event happened in cycle-9.
%%   1360 ns    Log    ID_SEQUENCER        TB seq.             Change the value from "LLLL" to "0000", window (7-cycles to 10-cycles)
%%   1500 ns    Log    ID_SEQUENCER        TB seq.             Change the value from "WWWW" to "0000", window (7-cycles to 10-cycles)
%%   1640 ns    Log    ID_SEQUENCER        TB seq.             Change the value from "ZZZZ" to "0000", window (7-cycles to 10-cycles)
%%   1780 ns    Log    ID_SEQUENCER        TB seq.             Change the value from "1111" to "0000", window (7-cycles to 10-cycles)
%%   1920 ns    Log    ID_SEQUENCER        TB seq.             Change the value from "XXXX" to "0000", window (7-cycles to 10-cycles)
%%   2060 ns    Log    ID_SEQUENCER        TB seq.             Change the value from "UUUU" to "0000", window (7-cycles to 10-cycles)
%%   2200 ns    Log    ID_SEQUENCER        TB seq.             Testing std_logic_vector transitions to exp_value = "1111" within the window /w min_cycles = 0, max_cycles = 1
%%   2200 ns    Log    ID_SEQUENCER        TB seq.             Setting exp_value = "1111"
%%   2250 ns    Log    ID_SEQUENCER        TB seq.             Setting min_cycles = 0, max_cycles = 1
%%   2300 ns    Log    ID_SEQUENCER        TB seq.             Change the value from "HHHH" to "1111", window (0-cycles to 1-cycles)
%%   2310 ns    Log    ID_UVVM_ASSERTION   TB seq.(uvvm)       assert_change_to_value_from_min_to_max_cycles_after_trigger() => OK (first). tracked_value had a change to 1111 in window. OK after 10 ns. First change event happened in cycle-1.
%%   2360 ns    Log    ID_SEQUENCER        TB seq.             Change the value from "LLLL" to "1111", window (0-cycles to 1-cycles)
%%   2420 ns    Log    ID_SEQUENCER        TB seq.             Change the value from "WWWW" to "1111", window (0-cycles to 1-cycles)
%%   2480 ns    Log    ID_SEQUENCER        TB seq.             Change the value from "ZZZZ" to "1111", window (0-cycles to 1-cycles)
%%   2540 ns    Log    ID_SEQUENCER        TB seq.             Change the value from "0000" to "1111", window (0-cycles to 1-cycles)
%%   2600 ns    Log    ID_SEQUENCER        TB seq.             Change the value from "XXXX" to "1111", window (0-cycles to 1-cycles)
%%   2660 ns    Log    ID_SEQUENCER        TB seq.             Change the value from "UUUU" to "1111", window (0-cycles to 1-cycles)
%%   2720 ns    Log    ID_SEQUENCER        TB seq.             Testing multiple triggers within the window
%%   2720 ns    Log    ID_SEQUENCER        TB seq.             Setting min_cycles = 1, max_cycles = 4
%%   2790 ns    Log    ID_UVVM_ASSERTION   TB seq.(uvvm)       assert_change_to_value_from_min_to_max_cycles_after_trigger() => OK (first). tracked_value had a change to 1111 in window. OK after 20 ns. First change event happened in cycle-2.
%% 
%% 
%%   2880 ns    Log    ID_LOG_HDR          TB seq.             Testing Triggering Assertion (std_logic_vector)
%% ----------------------------------------------------------------------------------------------------------------------------------------------------------------------------
%%   2880 ns    Log    ID_SEQUENCER        TB seq.             Testing invalid sequences (change to exp_value /= "1111") within the window
%%   2880 ns    Log    ID_SEQUENCER        TB seq.             Setting min_cycles = 7, max_cycles = 10
%%   2930 ns    Log    ID_SEQUENCER        TB seq.             Change the value from "LLLL" to "HHHH", window (7-cycles to 10-cycles)
%%   3030 ns    Alert  ERROR               TB seq.(uvvm)       assert_change_to_value_from_min_to_max_cycles_after_trigger() => Failed. tracked_value (0000) never changed to 1111 in window.
%%   3070 ns    Log    ID_SEQUENCER        TB seq.             Change the value from "WWWW" to "HHHH", window (7-cycles to 10-cycles)
%%   3170 ns    Alert  ERROR               TB seq.(uvvm)       assert_change_to_value_from_min_to_max_cycles_after_trigger() => Failed. tracked_value (0000) never changed to 1111 in window. pipe: (1).
%%   3210 ns    Log    ID_SEQUENCER        TB seq.             Change the value from "ZZZZ" to "HHHH", window (7-cycles to 10-cycles)
%%   3310 ns    Alert  ERROR               TB seq.(uvvm)       assert_change_to_value_from_min_to_max_cycles_after_trigger() => Failed. tracked_value (0000) never changed to 1111 in window. pipe: (2).
%%   3350 ns    Log    ID_SEQUENCER        TB seq.             Change the value from "0000" to "HHHH", window (7-cycles to 10-cycles)
%%   3450 ns    Alert  ERROR               TB seq.(uvvm)       assert_change_to_value_from_min_to_max_cycles_after_trigger() => Failed. tracked_value (0000) never changed to 1111 in window. pipe: (3).
%%   3490 ns    Log    ID_SEQUENCER        TB seq.             Change the value from "1111" to "HHHH", window (7-cycles to 10-cycles)
%%   3590 ns    Alert  ERROR               TB seq.(uvvm)       assert_change_to_value_from_min_to_max_cycles_after_trigger() => Failed. tracked_value (0000) never changed to 1111 in window. pipe: (4).
%%   3630 ns    Log    ID_SEQUENCER        TB seq.             Change the value from "XXXX" to "HHHH", window (7-cycles to 10-cycles)
%%   3730 ns    Alert  ERROR               TB seq.(uvvm)       assert_change_to_value_from_min_to_max_cycles_after_trigger() => Failed. tracked_value (0000) never changed to 1111 in window. pipe: (5).
%%   3770 ns    Log    ID_SEQUENCER        TB seq.             Change the value from "UUUU" to "HHHH", window (7-cycles to 10-cycles)
%%   3870 ns    Alert  ERROR               TB seq.(uvvm)       assert_change_to_value_from_min_to_max_cycles_after_trigger() => Failed. tracked_value (0000) never changed to 1111 in window. pipe: (6).
%%   3910 ns    Log    ID_SEQUENCER        TB seq.             Change the value from "HHHH" to "LLLL", window (7-cycles to 10-cycles)
%%   4010 ns    Alert  ERROR               TB seq.(uvvm)       assert_change_to_value_from_min_to_max_cycles_after_trigger() => Failed. tracked_value (0000) never changed to 1111 in window. pipe: (7).
%%   4050 ns    Log    ID_SEQUENCER        TB seq.             Change the value from "WWWW" to "LLLL", window (7-cycles to 10-cycles)
%%   4150 ns    Alert  ERROR               TB seq.(uvvm)       assert_change_to_value_from_min_to_max_cycles_after_trigger() => Failed. tracked_value (0000) never changed to 1111 in window. pipe: (8).
%%   4190 ns    Log    ID_SEQUENCER        TB seq.             Change the value from "ZZZZ" to "LLLL", window (7-cycles to 10-cycles)
%%   4290 ns    Alert  ERROR               TB seq.(uvvm)       assert_change_to_value_from_min_to_max_cycles_after_trigger() => Failed. tracked_value (0000) never changed to 1111 in window. pipe: (9).
%%   4330 ns    Log    ID_SEQUENCER        TB seq.             Change the value from "0000" to "LLLL", window (7-cycles to 10-cycles)
%%   4430 ns    Alert  ERROR               TB seq.(uvvm)       assert_change_to_value_from_min_to_max_cycles_after_trigger() => Failed. tracked_value (0000) never changed to 1111 in window. pipe: (10).
%%   4470 ns    Log    ID_SEQUENCER        TB seq.             Change the value from "1111" to "LLLL", window (7-cycles to 10-cycles)
%%   4570 ns    Alert  ERROR               TB seq.(uvvm)       assert_change_to_value_from_min_to_max_cycles_after_trigger() => Failed. tracked_value (0000) never changed to 1111 in window.
%%   4610 ns    Log    ID_SEQUENCER        TB seq.             Change the value from "XXXX" to "LLLL", window (7-cycles to 10-cycles)
%%   4710 ns    Alert  ERROR               TB seq.(uvvm)       assert_change_to_value_from_min_to_max_cycles_after_trigger() => Failed. tracked_value (0000) never changed to 1111 in window. pipe: (1).
%%   4750 ns    Log    ID_SEQUENCER        TB seq.             Change the value from "UUUU" to "LLLL", window (7-cycles to 10-cycles)
%%   4850 ns    Alert  ERROR               TB seq.(uvvm)       assert_change_to_value_from_min_to_max_cycles_after_trigger() => Failed. tracked_value (0000) never changed to 1111 in window. pipe: (2).
%%   4890 ns    Log    ID_SEQUENCER        TB seq.             Change the value from "HHHH" to "WWWW", window (7-cycles to 10-cycles)
%%   4990 ns    Alert  ERROR               TB seq.(uvvm)       assert_change_to_value_from_min_to_max_cycles_after_trigger() => Failed. tracked_value (0000) never changed to 1111 in window. pipe: (3).
%%   5030 ns    Log    ID_SEQUENCER        TB seq.             Change the value from "LLLL" to "WWWW", window (7-cycles to 10-cycles)
%%   5130 ns    Alert  ERROR               TB seq.(uvvm)       assert_change_to_value_from_min_to_max_cycles_after_trigger() => Failed. tracked_value (0000) never changed to 1111 in window. pipe: (4).
%%   5170 ns    Log    ID_SEQUENCER        TB seq.             Change the value from "ZZZZ" to "WWWW", window (7-cycles to 10-cycles)
%%   5270 ns    Alert  ERROR               TB seq.(uvvm)       assert_change_to_value_from_min_to_max_cycles_after_trigger() => Failed. tracked_value (0000) never changed to 1111 in window. pipe: (5).
%%   5310 ns    Log    ID_SEQUENCER        TB seq.             Change the value from "0000" to "WWWW", window (7-cycles to 10-cycles)
%%   5410 ns    Alert  ERROR               TB seq.(uvvm)       assert_change_to_value_from_min_to_max_cycles_after_trigger() => Failed. tracked_value (0000) never changed to 1111 in window. pipe: (6).
%%   5450 ns    Log    ID_SEQUENCER        TB seq.             Change the value from "1111" to "WWWW", window (7-cycles to 10-cycles)
%%   5550 ns    Alert  ERROR               TB seq.(uvvm)       assert_change_to_value_from_min_to_max_cycles_after_trigger() => Failed. tracked_value (0000) never changed to 1111 in window. pipe: (7).
%%   5590 ns    Log    ID_SEQUENCER        TB seq.             Change the value from "XXXX" to "WWWW", window (7-cycles to 10-cycles)
%%   5690 ns    Alert  ERROR               TB seq.(uvvm)       assert_change_to_value_from_min_to_max_cycles_after_trigger() => Failed. tracked_value (0000) never changed to 1111 in window. pipe: (8).
%%   5730 ns    Log    ID_SEQUENCER        TB seq.             Change the value from "UUUU" to "WWWW", window (7-cycles to 10-cycles)
%%   5830 ns    Alert  ERROR               TB seq.(uvvm)       assert_change_to_value_from_min_to_max_cycles_after_trigger() => Failed. tracked_value (0000) never changed to 1111 in window. pipe: (9).
%%   5870 ns    Log    ID_SEQUENCER        TB seq.             Change the value from "HHHH" to "ZZZZ", window (7-cycles to 10-cycles)
%%   5970 ns    Alert  ERROR               TB seq.(uvvm)       assert_change_to_value_from_min_to_max_cycles_after_trigger() => Failed. tracked_value (0000) never changed to 1111 in window. pipe: (10).
%%   6010 ns    Log    ID_SEQUENCER        TB seq.             Change the value from "LLLL" to "ZZZZ", window (7-cycles to 10-cycles)
%%   6110 ns    Alert  ERROR               TB seq.(uvvm)       assert_change_to_value_from_min_to_max_cycles_after_trigger() => Failed. tracked_value (0000) never changed to 1111 in window.
%%   6150 ns    Log    ID_SEQUENCER        TB seq.             Change the value from "WWWW" to "ZZZZ", window (7-cycles to 10-cycles)
%%   6250 ns    Alert  ERROR               TB seq.(uvvm)       assert_change_to_value_from_min_to_max_cycles_after_trigger() => Failed. tracked_value (0000) never changed to 1111 in window. pipe: (1).
%%   6290 ns    Log    ID_SEQUENCER        TB seq.             Change the value from "0000" to "ZZZZ", window (7-cycles to 10-cycles)
%%   6390 ns    Alert  ERROR               TB seq.(uvvm)       assert_change_to_value_from_min_to_max_cycles_after_trigger() => Failed. tracked_value (0000) never changed to 1111 in window. pipe: (2).
%%   6430 ns    Log    ID_SEQUENCER        TB seq.             Change the value from "1111" to "ZZZZ", window (7-cycles to 10-cycles)
%%   6530 ns    Alert  ERROR               TB seq.(uvvm)       assert_change_to_value_from_min_to_max_cycles_after_trigger() => Failed. tracked_value (0000) never changed to 1111 in window. pipe: (3).
%%   6570 ns    Log    ID_SEQUENCER        TB seq.             Change the value from "XXXX" to "ZZZZ", window (7-cycles to 10-cycles)
%%   6670 ns    Alert  ERROR               TB seq.(uvvm)       assert_change_to_value_from_min_to_max_cycles_after_trigger() => Failed. tracked_value (0000) never changed to 1111 in window. pipe: (4).
%%   6710 ns    Log    ID_SEQUENCER        TB seq.             Change the value from "UUUU" to "ZZZZ", window (7-cycles to 10-cycles)
%%   6810 ns    Alert  ERROR               TB seq.(uvvm)       assert_change_to_value_from_min_to_max_cycles_after_trigger() => Failed. tracked_value (0000) never changed to 1111 in window. pipe: (5).
%%   6850 ns    Log    ID_SEQUENCER        TB seq.             Change the value from "HHHH" to "0000", window (7-cycles to 10-cycles)
%%   6950 ns    Alert  ERROR               TB seq.(uvvm)       assert_change_to_value_from_min_to_max_cycles_after_trigger() => Failed. tracked_value (0000) never changed to 1111 in window. pipe: (6).
%%   6990 ns    Log    ID_SEQUENCER        TB seq.             Change the value from "LLLL" to "0000", window (7-cycles to 10-cycles)
%%   7090 ns    Alert  ERROR               TB seq.(uvvm)       assert_change_to_value_from_min_to_max_cycles_after_trigger() => Failed. tracked_value (0000) never changed to 1111 in window. pipe: (7).
%%   7130 ns    Log    ID_SEQUENCER        TB seq.             Change the value from "WWWW" to "0000", window (7-cycles to 10-cycles)
%%   7230 ns    Alert  ERROR               TB seq.(uvvm)       assert_change_to_value_from_min_to_max_cycles_after_trigger() => Failed. tracked_value (0000) never changed to 1111 in window. pipe: (8).
%%   7270 ns    Log    ID_SEQUENCER        TB seq.             Change the value from "ZZZZ" to "0000", window (7-cycles to 10-cycles)
%%   7370 ns    Alert  ERROR               TB seq.(uvvm)       assert_change_to_value_from_min_to_max_cycles_after_trigger() => Failed. tracked_value (0000) never changed to 1111 in window. pipe: (9).
%%   7410 ns    Log    ID_SEQUENCER        TB seq.             Change the value from "1111" to "0000", window (7-cycles to 10-cycles)
%%   7510 ns    Alert  ERROR               TB seq.(uvvm)       assert_change_to_value_from_min_to_max_cycles_after_trigger() => Failed. tracked_value (0000) never changed to 1111 in window. pipe: (10).
%%   7550 ns    Log    ID_SEQUENCER        TB seq.             Change the value from "XXXX" to "0000", window (7-cycles to 10-cycles)
%%   7650 ns    Alert  ERROR               TB seq.(uvvm)       assert_change_to_value_from_min_to_max_cycles_after_trigger() => Failed. tracked_value (0000) never changed to 1111 in window.
%%   7690 ns    Log    ID_SEQUENCER        TB seq.             Change the value from "UUUU" to "0000", window (7-cycles to 10-cycles)
%%   7790 ns    Alert  ERROR               TB seq.(uvvm)       assert_change_to_value_from_min_to_max_cycles_after_trigger() => Failed. tracked_value (0000) never changed to 1111 in window. pipe: (1).
%%   7830 ns    Log    ID_SEQUENCER        TB seq.             Change the value from "HHHH" to "XXXX", window (7-cycles to 10-cycles)
%%   7930 ns    Alert  ERROR               TB seq.(uvvm)       assert_change_to_value_from_min_to_max_cycles_after_trigger() => Failed. tracked_value (0000) never changed to 1111 in window. pipe: (2).
%%   7970 ns    Log    ID_SEQUENCER        TB seq.             Change the value from "LLLL" to "XXXX", window (7-cycles to 10-cycles)
%%   8070 ns    Alert  ERROR               TB seq.(uvvm)       assert_change_to_value_from_min_to_max_cycles_after_trigger() => Failed. tracked_value (0000) never changed to 1111 in window. pipe: (3).
%%   8110 ns    Log    ID_SEQUENCER        TB seq.             Change the value from "WWWW" to "XXXX", window (7-cycles to 10-cycles)
%%   8210 ns    Alert  ERROR               TB seq.(uvvm)       assert_change_to_value_from_min_to_max_cycles_after_trigger() => Failed. tracked_value (0000) never changed to 1111 in window. pipe: (4).
%%   8250 ns    Log    ID_SEQUENCER        TB seq.             Change the value from "ZZZZ" to "XXXX", window (7-cycles to 10-cycles)
%%   8350 ns    Alert  ERROR               TB seq.(uvvm)       assert_change_to_value_from_min_to_max_cycles_after_trigger() => Failed. tracked_value (0000) never changed to 1111 in window. pipe: (5).
%%   8390 ns    Log    ID_SEQUENCER        TB seq.             Change the value from "0000" to "XXXX", window (7-cycles to 10-cycles)
%%   8490 ns    Alert  ERROR               TB seq.(uvvm)       assert_change_to_value_from_min_to_max_cycles_after_trigger() => Failed. tracked_value (0000) never changed to 1111 in window. pipe: (6).
%%   8530 ns    Log    ID_SEQUENCER        TB seq.             Change the value from "1111" to "XXXX", window (7-cycles to 10-cycles)
%%   8630 ns    Alert  ERROR               TB seq.(uvvm)       assert_change_to_value_from_min_to_max_cycles_after_trigger() => Failed. tracked_value (0000) never changed to 1111 in window. pipe: (7).
%%   8670 ns    Log    ID_SEQUENCER        TB seq.             Change the value from "UUUU" to "XXXX", window (7-cycles to 10-cycles)
%%   8770 ns    Alert  ERROR               TB seq.(uvvm)       assert_change_to_value_from_min_to_max_cycles_after_trigger() => Failed. tracked_value (0000) never changed to 1111 in window. pipe: (8).
%%   8810 ns    Log    ID_SEQUENCER        TB seq.             Change the value from "HHHH" to "UUUU", window (7-cycles to 10-cycles)
%%   8910 ns    Alert  ERROR               TB seq.(uvvm)       assert_change_to_value_from_min_to_max_cycles_after_trigger() => Failed. tracked_value (0000) never changed to 1111 in window. pipe: (9).
%%   8950 ns    Log    ID_SEQUENCER        TB seq.             Change the value from "LLLL" to "UUUU", window (7-cycles to 10-cycles)
%%   9050 ns    Alert  ERROR               TB seq.(uvvm)       assert_change_to_value_from_min_to_max_cycles_after_trigger() => Failed. tracked_value (0000) never changed to 1111 in window. pipe: (10).
%%   9090 ns    Log    ID_SEQUENCER        TB seq.             Change the value from "WWWW" to "UUUU", window (7-cycles to 10-cycles)
%%   9190 ns    Alert  ERROR               TB seq.(uvvm)       assert_change_to_value_from_min_to_max_cycles_after_trigger() => Failed. tracked_value (0000) never changed to 1111 in window.
%%   9230 ns    Log    ID_SEQUENCER        TB seq.             Change the value from "ZZZZ" to "UUUU", window (7-cycles to 10-cycles)
%%   9330 ns    Alert  ERROR               TB seq.(uvvm)       assert_change_to_value_from_min_to_max_cycles_after_trigger() => Failed. tracked_value (0000) never changed to 1111 in window. pipe: (1).
%%   9370 ns    Log    ID_SEQUENCER        TB seq.             Change the value from "0000" to "UUUU", window (7-cycles to 10-cycles)
%%   9470 ns    Alert  ERROR               TB seq.(uvvm)       assert_change_to_value_from_min_to_max_cycles_after_trigger() => Failed. tracked_value (0000) never changed to 1111 in window. pipe: (2).
%%   9510 ns    Log    ID_SEQUENCER        TB seq.             Change the value from "1111" to "UUUU", window (7-cycles to 10-cycles)
%%   9610 ns    Alert  ERROR               TB seq.(uvvm)       assert_change_to_value_from_min_to_max_cycles_after_trigger() => Failed. tracked_value (0000) never changed to 1111 in window. pipe: (3).
%%   9650 ns    Log    ID_SEQUENCER        TB seq.             Change the value from "XXXX" to "UUUU", window (7-cycles to 10-cycles)
%%   9750 ns    Alert  ERROR               TB seq.(uvvm)       assert_change_to_value_from_min_to_max_cycles_after_trigger() => Failed. tracked_value (0000) never changed to 1111 in window. pipe: (4).
%%   9790 ns    Log    ID_SEQUENCER        TB seq.             Testing invalid sequences (no std_logic_vector transitions) within the window
%%   9790 ns    Log    ID_SEQUENCER        TB seq.             Hold "HHHH" from 7-cycles to 10-cycles
%%   9890 ns    Alert  ERROR               TB seq.(uvvm)       assert_change_to_value_from_min_to_max_cycles_after_trigger() => Failed. tracked_value (HHHH) never changed to 1111 in window. pipe: (5).
%%   9940 ns    Log    ID_SEQUENCER        TB seq.             Hold "LLLL" from 7-cycles to 10-cycles
%%  10040 ns    Alert  ERROR               TB seq.(uvvm)       assert_change_to_value_from_min_to_max_cycles_after_trigger() => Failed. tracked_value (LLLL) never changed to 1111 in window. pipe: (6).
%%  10090 ns    Log    ID_SEQUENCER        TB seq.             Hold "WWWW" from 7-cycles to 10-cycles
%%  10190 ns    Alert  ERROR               TB seq.(uvvm)       assert_change_to_value_from_min_to_max_cycles_after_trigger() => Failed. tracked_value (WWWW) never changed to 1111 in window. pipe: (7).
%%  10240 ns    Log    ID_SEQUENCER        TB seq.             Hold "ZZZZ" from 7-cycles to 10-cycles
%%  10340 ns    Alert  ERROR               TB seq.(uvvm)       assert_change_to_value_from_min_to_max_cycles_after_trigger() => Failed. tracked_value (ZZZZ) never changed to 1111 in window. pipe: (8).
%%  10390 ns    Log    ID_SEQUENCER        TB seq.             Hold "0000" from 7-cycles to 10-cycles
%%  10490 ns    Alert  ERROR               TB seq.(uvvm)       assert_change_to_value_from_min_to_max_cycles_after_trigger() => Failed. tracked_value (0000) never changed to 1111 in window. pipe: (9).
%%  10540 ns    Log    ID_SEQUENCER        TB seq.             Hold "1111" from 7-cycles to 10-cycles
%%  10640 ns    Alert  ERROR               TB seq.(uvvm)       assert_change_to_value_from_min_to_max_cycles_after_trigger() => Failed. tracked_value (1111) never changed to 1111 in window. pipe: (10).
%%  10690 ns    Log    ID_SEQUENCER        TB seq.             Hold "XXXX" from 7-cycles to 10-cycles
%%  10790 ns    Alert  ERROR               TB seq.(uvvm)       assert_change_to_value_from_min_to_max_cycles_after_trigger() => Failed. tracked_value (XXXX) never changed to 1111 in window.
%%  10840 ns    Log    ID_SEQUENCER        TB seq.             Hold "UUUU" from 7-cycles to 10-cycles
%%  10940 ns    Alert  ERROR               TB seq.(uvvm)       assert_change_to_value_from_min_to_max_cycles_after_trigger() => Failed. tracked_value (UUUU) never changed to 1111 in window. pipe: (1).
%%  10990 ns    Log    ID_SEQUENCER        TB seq.             Testing triggering assert /w multiple triggers within the window
%%  10990 ns    Log    ID_SEQUENCER        TB seq.             Setting min_cycles = 1, max_cycles = 4
%%  11080 ns    Alert  ERROR               TB seq.(uvvm)       assert_change_to_value_from_min_to_max_cycles_after_trigger() => Failed. tracked_value (0000) never changed to 1111 in window.
%%  11100 ns    Alert  ERROR               TB seq.(uvvm)       assert_change_to_value_from_min_to_max_cycles_after_trigger() => Failed. tracked_value (0000) never changed to 1111 in window. pipe: (1).
%% 
%% 
%%  11110 ns    Log    ID_LOG_HDR          TB seq.             Testing pos_ack_kind: EVERY (std_logic_vector)
%% ----------------------------------------------------------------------------------------------------------------------------------------------------------------------------
%%  11110 ns    Log    ID_SEQUENCER        TB seq.             Expecting a positive acknowledge on each successful window sequence
%%  11110 ns    Log    ID_SEQUENCER        TB seq.             Setting min_cycles = 10, max_cycles = 20
%%  11160 ns    Log    ID_SEQUENCER        TB seq.             Change the value from "0000" to "1111", window (10-cycles to 20-cycles)
%%  11350 ns    Log    ID_UVVM_ASSERTION   TB seq.(uvvm)       assert_change_to_value_from_min_to_max_cycles_after_trigger() => OK. tracked_value had a change to 1111 in window. OK after 190 ns. First change event happened in cycle-19.
%%  11400 ns    Log    ID_SEQUENCER        TB seq.             Setting min_cycles = 20, max_cycles = 30
%%  11450 ns    Log    ID_SEQUENCER        TB seq.             Change the value from "0000" to "1111", window (20-cycles to 30-cycles)
%%  11740 ns    Log    ID_UVVM_ASSERTION   TB seq.(uvvm)       assert_change_to_value_from_min_to_max_cycles_after_trigger() => OK. tracked_value had a change to 1111 in window. OK after 290 ns. First change event happened in cycle-29.
%%  11790 ns    Log    ID_SEQUENCER        TB seq.             Setting min_cycles = 30, max_cycles = 40
%%  11840 ns    Log    ID_SEQUENCER        TB seq.             Change the value from "0000" to "1111", window (30-cycles to 40-cycles)
%%  12230 ns    Log    ID_UVVM_ASSERTION   TB seq.(uvvm)       assert_change_to_value_from_min_to_max_cycles_after_trigger() => OK. tracked_value had a change to 1111 in window. OK after 390 ns. First change event happened in cycle-39.
%%  12280 ns    Log    ID_SEQUENCER        TB seq.             Setting min_cycles = 40, max_cycles = 50
%%  12330 ns    Log    ID_SEQUENCER        TB seq.             Change the value from "0000" to "1111", window (40-cycles to 50-cycles)
%%  12820 ns    Log    ID_UVVM_ASSERTION   TB seq.(uvvm)       assert_change_to_value_from_min_to_max_cycles_after_trigger() => OK. tracked_value had a change to 1111 in window. OK after 490 ns. First change event happened in cycle-49.
%% 
%% 
%%  12950 ns    Log    ID_LOG_HDR          TB seq.             Testing Normal Operation (std_logic)
%% ----------------------------------------------------------------------------------------------------------------------------------------------------------------------------
%%  12950 ns    Log    ID_SEQUENCER        TB seq.             Testing all std_logic transitions to exp_value = '1' within the window
%%  12950 ns    Log    ID_SEQUENCER        TB seq.             Setting min_cycles = 7, max_cycles = 10
%%  13000 ns    Log    ID_SEQUENCER        TB seq.             Change the value from 'U' to '1', window (7-cycles to 10-cycles)
%%  13090 ns    Log    ID_UVVM_ASSERTION   TB seq.(uvvm)       assert_change_to_value_from_min_to_max_cycles_after_trigger() => OK (first). tracked_value had a change to 1 in window. OK after 90 ns. First change event happened in cycle-9.
%%  13140 ns    Log    ID_SEQUENCER        TB seq.             Change the value from 'X' to '1', window (7-cycles to 10-cycles)
%%  13280 ns    Log    ID_SEQUENCER        TB seq.             Change the value from '0' to '1', window (7-cycles to 10-cycles)
%%  13420 ns    Log    ID_SEQUENCER        TB seq.             Change the value from 'Z' to '1', window (7-cycles to 10-cycles)
%%  13560 ns    Log    ID_SEQUENCER        TB seq.             Change the value from 'W' to '1', window (7-cycles to 10-cycles)
%%  13700 ns    Log    ID_SEQUENCER        TB seq.             Change the value from 'L' to '1', window (7-cycles to 10-cycles)
%%  13840 ns    Log    ID_SEQUENCER        TB seq.             Change the value from 'H' to '1', window (7-cycles to 10-cycles)
%%  13980 ns    Log    ID_SEQUENCER        TB seq.             Testing all std_logic transitions to exp_value = '0' within the window
%%  13980 ns    Log    ID_SEQUENCER        TB seq.             Setting exp_value = '0'
%%  14030 ns    Log    ID_SEQUENCER        TB seq.             Change the value from 'U' to '0', window (7-cycles to 10-cycles)
%%  14120 ns    Log    ID_UVVM_ASSERTION   TB seq.(uvvm)       assert_change_to_value_from_min_to_max_cycles_after_trigger() => OK (first). tracked_value had a change to 0 in window. OK after 90 ns. First change event happened in cycle-9.
%%  14170 ns    Log    ID_SEQUENCER        TB seq.             Change the value from 'X' to '0', window (7-cycles to 10-cycles)
%%  14310 ns    Log    ID_SEQUENCER        TB seq.             Change the value from '1' to '0', window (7-cycles to 10-cycles)
%%  14450 ns    Log    ID_SEQUENCER        TB seq.             Change the value from 'Z' to '0', window (7-cycles to 10-cycles)
%%  14590 ns    Log    ID_SEQUENCER        TB seq.             Change the value from 'W' to '0', window (7-cycles to 10-cycles)
%%  14730 ns    Log    ID_SEQUENCER        TB seq.             Change the value from 'L' to '0', window (7-cycles to 10-cycles)
%%  14870 ns    Log    ID_SEQUENCER        TB seq.             Change the value from 'H' to '0', window (7-cycles to 10-cycles)
%%  15010 ns    Log    ID_SEQUENCER        TB seq.             Testing all std_logic transitions to exp_value = '1' within the window /w min_cycles = 0, max_cycles = 1
%%  15010 ns    Log    ID_SEQUENCER        TB seq.             Setting exp_value = '1'
%%  15060 ns    Log    ID_SEQUENCER        TB seq.             Setting min_cycles = 0, max_cycles = 1
%%  15110 ns    Log    ID_SEQUENCER        TB seq.             Change the value from 'U' to '1', window (0-cycles to 1-cycles)
%%  15120 ns    Log    ID_UVVM_ASSERTION   TB seq.(uvvm)       assert_change_to_value_from_min_to_max_cycles_after_trigger() => OK (first). tracked_value had a change to 1 in window. OK after 10 ns. First change event happened in cycle-1.
%%  15170 ns    Log    ID_SEQUENCER        TB seq.             Change the value from 'X' to '1', window (0-cycles to 1-cycles)
%%  15230 ns    Log    ID_SEQUENCER        TB seq.             Change the value from '0' to '1', window (0-cycles to 1-cycles)
%%  15290 ns    Log    ID_SEQUENCER        TB seq.             Change the value from 'Z' to '1', window (0-cycles to 1-cycles)
%%  15350 ns    Log    ID_SEQUENCER        TB seq.             Change the value from 'W' to '1', window (0-cycles to 1-cycles)
%%  15410 ns    Log    ID_SEQUENCER        TB seq.             Change the value from 'L' to '1', window (0-cycles to 1-cycles)
%%  15470 ns    Log    ID_SEQUENCER        TB seq.             Change the value from 'H' to '1', window (0-cycles to 1-cycles)
%%  15530 ns    Log    ID_SEQUENCER        TB seq.             Testing multiple triggers within the window
%%  15530 ns    Log    ID_SEQUENCER        TB seq.             Setting min_cycles = 1, max_cycles = 4
%%  15600 ns    Log    ID_UVVM_ASSERTION   TB seq.(uvvm)       assert_change_to_value_from_min_to_max_cycles_after_trigger() => OK (first). tracked_value had a change to 1 in window. OK after 20 ns. First change event happened in cycle-2.
%% 
%% 
%%  15690 ns    Log    ID_LOG_HDR          TB seq.             Testing Triggering Assertion (std_logic)
%% ----------------------------------------------------------------------------------------------------------------------------------------------------------------------------
%%  15690 ns    Log    ID_SEQUENCER        TB seq.             Testing invalid sequences (change to exp_value /= '1') within the window
%%  15690 ns    Log    ID_SEQUENCER        TB seq.             Setting min_cycles = 7, max_cycles = 10
%%  15740 ns    Log    ID_SEQUENCER        TB seq.             Change the value from 'X' to 'U', window (7-cycles to 10-cycles)
%%  15840 ns    Alert  ERROR               TB seq.(uvvm)       assert_change_to_value_from_min_to_max_cycles_after_trigger() => Failed. tracked_value (0) never changed to 1 in window.
%%  15880 ns    Log    ID_SEQUENCER        TB seq.             Change the value from '1' to 'U', window (7-cycles to 10-cycles)
%%  15980 ns    Alert  ERROR               TB seq.(uvvm)       assert_change_to_value_from_min_to_max_cycles_after_trigger() => Failed. tracked_value (0) never changed to 1 in window. pipe: (1).
%%  16020 ns    Log    ID_SEQUENCER        TB seq.             Change the value from '0' to 'U', window (7-cycles to 10-cycles)
%%  16120 ns    Alert  ERROR               TB seq.(uvvm)       assert_change_to_value_from_min_to_max_cycles_after_trigger() => Failed. tracked_value (0) never changed to 1 in window. pipe: (2).
%%  16160 ns    Log    ID_SEQUENCER        TB seq.             Change the value from 'Z' to 'U', window (7-cycles to 10-cycles)
%%  16260 ns    Alert  ERROR               TB seq.(uvvm)       assert_change_to_value_from_min_to_max_cycles_after_trigger() => Failed. tracked_value (0) never changed to 1 in window. pipe: (3).
%%  16300 ns    Log    ID_SEQUENCER        TB seq.             Change the value from 'W' to 'U', window (7-cycles to 10-cycles)
%%  16400 ns    Alert  ERROR               TB seq.(uvvm)       assert_change_to_value_from_min_to_max_cycles_after_trigger() => Failed. tracked_value (0) never changed to 1 in window. pipe: (4).
%%  16440 ns    Log    ID_SEQUENCER        TB seq.             Change the value from 'L' to 'U', window (7-cycles to 10-cycles)
%%  16540 ns    Alert  ERROR               TB seq.(uvvm)       assert_change_to_value_from_min_to_max_cycles_after_trigger() => Failed. tracked_value (0) never changed to 1 in window. pipe: (5).
%%  16580 ns    Log    ID_SEQUENCER        TB seq.             Change the value from 'H' to 'U', window (7-cycles to 10-cycles)
%%  16680 ns    Alert  ERROR               TB seq.(uvvm)       assert_change_to_value_from_min_to_max_cycles_after_trigger() => Failed. tracked_value (0) never changed to 1 in window. pipe: (6).
%%  16720 ns    Log    ID_SEQUENCER        TB seq.             Change the value from 'U' to 'X', window (7-cycles to 10-cycles)
%%  16820 ns    Alert  ERROR               TB seq.(uvvm)       assert_change_to_value_from_min_to_max_cycles_after_trigger() => Failed. tracked_value (0) never changed to 1 in window. pipe: (7).
%%  16860 ns    Log    ID_SEQUENCER        TB seq.             Change the value from '1' to 'X', window (7-cycles to 10-cycles)
%%  16960 ns    Alert  ERROR               TB seq.(uvvm)       assert_change_to_value_from_min_to_max_cycles_after_trigger() => Failed. tracked_value (0) never changed to 1 in window. pipe: (8).
%%  17000 ns    Log    ID_SEQUENCER        TB seq.             Change the value from '0' to 'X', window (7-cycles to 10-cycles)
%%  17100 ns    Alert  ERROR               TB seq.(uvvm)       assert_change_to_value_from_min_to_max_cycles_after_trigger() => Failed. tracked_value (0) never changed to 1 in window. pipe: (9).
%%  17140 ns    Log    ID_SEQUENCER        TB seq.             Change the value from 'Z' to 'X', window (7-cycles to 10-cycles)
%%  17240 ns    Alert  ERROR               TB seq.(uvvm)       assert_change_to_value_from_min_to_max_cycles_after_trigger() => Failed. tracked_value (0) never changed to 1 in window. pipe: (10).
%%  17280 ns    Log    ID_SEQUENCER        TB seq.             Change the value from 'W' to 'X', window (7-cycles to 10-cycles)
%%  17380 ns    Alert  ERROR               TB seq.(uvvm)       assert_change_to_value_from_min_to_max_cycles_after_trigger() => Failed. tracked_value (0) never changed to 1 in window.
%%  17420 ns    Log    ID_SEQUENCER        TB seq.             Change the value from 'L' to 'X', window (7-cycles to 10-cycles)
%%  17520 ns    Alert  ERROR               TB seq.(uvvm)       assert_change_to_value_from_min_to_max_cycles_after_trigger() => Failed. tracked_value (0) never changed to 1 in window. pipe: (1).
%%  17560 ns    Log    ID_SEQUENCER        TB seq.             Change the value from 'H' to 'X', window (7-cycles to 10-cycles)
%%  17660 ns    Alert  ERROR               TB seq.(uvvm)       assert_change_to_value_from_min_to_max_cycles_after_trigger() => Failed. tracked_value (0) never changed to 1 in window. pipe: (2).
%%  17700 ns    Log    ID_SEQUENCER        TB seq.             Change the value from 'U' to '0', window (7-cycles to 10-cycles)
%%  17800 ns    Alert  ERROR               TB seq.(uvvm)       assert_change_to_value_from_min_to_max_cycles_after_trigger() => Failed. tracked_value (0) never changed to 1 in window. pipe: (3).
%%  17840 ns    Log    ID_SEQUENCER        TB seq.             Change the value from 'X' to '0', window (7-cycles to 10-cycles)
%%  17940 ns    Alert  ERROR               TB seq.(uvvm)       assert_change_to_value_from_min_to_max_cycles_after_trigger() => Failed. tracked_value (0) never changed to 1 in window. pipe: (4).
%%  17980 ns    Log    ID_SEQUENCER        TB seq.             Change the value from '1' to '0', window (7-cycles to 10-cycles)
%%  18080 ns    Alert  ERROR               TB seq.(uvvm)       assert_change_to_value_from_min_to_max_cycles_after_trigger() => Failed. tracked_value (0) never changed to 1 in window. pipe: (5).
%%  18120 ns    Log    ID_SEQUENCER        TB seq.             Change the value from 'Z' to '0', window (7-cycles to 10-cycles)
%%  18220 ns    Alert  ERROR               TB seq.(uvvm)       assert_change_to_value_from_min_to_max_cycles_after_trigger() => Failed. tracked_value (0) never changed to 1 in window. pipe: (6).
%%  18260 ns    Log    ID_SEQUENCER        TB seq.             Change the value from 'W' to '0', window (7-cycles to 10-cycles)
%%  18360 ns    Alert  ERROR               TB seq.(uvvm)       assert_change_to_value_from_min_to_max_cycles_after_trigger() => Failed. tracked_value (0) never changed to 1 in window. pipe: (7).
%%  18400 ns    Log    ID_SEQUENCER        TB seq.             Change the value from 'L' to '0', window (7-cycles to 10-cycles)
%%  18500 ns    Alert  ERROR               TB seq.(uvvm)       assert_change_to_value_from_min_to_max_cycles_after_trigger() => Failed. tracked_value (0) never changed to 1 in window. pipe: (8).
%%  18540 ns    Log    ID_SEQUENCER        TB seq.             Change the value from 'H' to '0', window (7-cycles to 10-cycles)
%%  18640 ns    Alert  ERROR               TB seq.(uvvm)       assert_change_to_value_from_min_to_max_cycles_after_trigger() => Failed. tracked_value (0) never changed to 1 in window. pipe: (9).
%%  18680 ns    Log    ID_SEQUENCER        TB seq.             Change the value from 'U' to 'Z', window (7-cycles to 10-cycles)
%%  18780 ns    Alert  ERROR               TB seq.(uvvm)       assert_change_to_value_from_min_to_max_cycles_after_trigger() => Failed. tracked_value (0) never changed to 1 in window. pipe: (10).
%%  18820 ns    Log    ID_SEQUENCER        TB seq.             Change the value from 'X' to 'Z', window (7-cycles to 10-cycles)
%%  18920 ns    Alert  ERROR               TB seq.(uvvm)       assert_change_to_value_from_min_to_max_cycles_after_trigger() => Failed. tracked_value (0) never changed to 1 in window.
%%  18960 ns    Log    ID_SEQUENCER        TB seq.             Change the value from '1' to 'Z', window (7-cycles to 10-cycles)
%%  19060 ns    Alert  ERROR               TB seq.(uvvm)       assert_change_to_value_from_min_to_max_cycles_after_trigger() => Failed. tracked_value (0) never changed to 1 in window. pipe: (1).
%%  19100 ns    Log    ID_SEQUENCER        TB seq.             Change the value from '0' to 'Z', window (7-cycles to 10-cycles)
%%  19200 ns    Alert  ERROR               TB seq.(uvvm)       assert_change_to_value_from_min_to_max_cycles_after_trigger() => Failed. tracked_value (0) never changed to 1 in window. pipe: (2).
%%  19240 ns    Log    ID_SEQUENCER        TB seq.             Change the value from 'W' to 'Z', window (7-cycles to 10-cycles)
%%  19340 ns    Alert  ERROR               TB seq.(uvvm)       assert_change_to_value_from_min_to_max_cycles_after_trigger() => Failed. tracked_value (0) never changed to 1 in window. pipe: (3).
%%  19380 ns    Log    ID_SEQUENCER        TB seq.             Change the value from 'L' to 'Z', window (7-cycles to 10-cycles)
%%  19480 ns    Alert  ERROR               TB seq.(uvvm)       assert_change_to_value_from_min_to_max_cycles_after_trigger() => Failed. tracked_value (0) never changed to 1 in window. pipe: (4).
%%  19520 ns    Log    ID_SEQUENCER        TB seq.             Change the value from 'H' to 'Z', window (7-cycles to 10-cycles)
%%  19620 ns    Alert  ERROR               TB seq.(uvvm)       assert_change_to_value_from_min_to_max_cycles_after_trigger() => Failed. tracked_value (0) never changed to 1 in window. pipe: (5).
%%  19660 ns    Log    ID_SEQUENCER        TB seq.             Change the value from 'U' to 'W', window (7-cycles to 10-cycles)
%%  19760 ns    Alert  ERROR               TB seq.(uvvm)       assert_change_to_value_from_min_to_max_cycles_after_trigger() => Failed. tracked_value (0) never changed to 1 in window. pipe: (6).
%%  19800 ns    Log    ID_SEQUENCER        TB seq.             Change the value from 'X' to 'W', window (7-cycles to 10-cycles)
%%  19900 ns    Alert  ERROR               TB seq.(uvvm)       assert_change_to_value_from_min_to_max_cycles_after_trigger() => Failed. tracked_value (0) never changed to 1 in window. pipe: (7).
%%  19940 ns    Log    ID_SEQUENCER        TB seq.             Change the value from '1' to 'W', window (7-cycles to 10-cycles)
%%  20040 ns    Alert  ERROR               TB seq.(uvvm)       assert_change_to_value_from_min_to_max_cycles_after_trigger() => Failed. tracked_value (0) never changed to 1 in window. pipe: (8).
%%  20080 ns    Log    ID_SEQUENCER        TB seq.             Change the value from '0' to 'W', window (7-cycles to 10-cycles)
%%  20180 ns    Alert  ERROR               TB seq.(uvvm)       assert_change_to_value_from_min_to_max_cycles_after_trigger() => Failed. tracked_value (0) never changed to 1 in window. pipe: (9).
%%  20220 ns    Log    ID_SEQUENCER        TB seq.             Change the value from 'Z' to 'W', window (7-cycles to 10-cycles)
%%  20320 ns    Alert  ERROR               TB seq.(uvvm)       assert_change_to_value_from_min_to_max_cycles_after_trigger() => Failed. tracked_value (0) never changed to 1 in window. pipe: (10).
%%  20360 ns    Log    ID_SEQUENCER        TB seq.             Change the value from 'L' to 'W', window (7-cycles to 10-cycles)
%%  20460 ns    Alert  ERROR               TB seq.(uvvm)       assert_change_to_value_from_min_to_max_cycles_after_trigger() => Failed. tracked_value (0) never changed to 1 in window.
%%  20500 ns    Log    ID_SEQUENCER        TB seq.             Change the value from 'H' to 'W', window (7-cycles to 10-cycles)
%%  20600 ns    Alert  ERROR               TB seq.(uvvm)       assert_change_to_value_from_min_to_max_cycles_after_trigger() => Failed. tracked_value (0) never changed to 1 in window. pipe: (1).
%%  20640 ns    Log    ID_SEQUENCER        TB seq.             Change the value from 'U' to 'L', window (7-cycles to 10-cycles)
%%  20740 ns    Alert  ERROR               TB seq.(uvvm)       assert_change_to_value_from_min_to_max_cycles_after_trigger() => Failed. tracked_value (0) never changed to 1 in window. pipe: (2).
%%  20780 ns    Log    ID_SEQUENCER        TB seq.             Change the value from 'X' to 'L', window (7-cycles to 10-cycles)
%%  20880 ns    Alert  ERROR               TB seq.(uvvm)       assert_change_to_value_from_min_to_max_cycles_after_trigger() => Failed. tracked_value (0) never changed to 1 in window. pipe: (3).
%%  20920 ns    Log    ID_SEQUENCER        TB seq.             Change the value from '1' to 'L', window (7-cycles to 10-cycles)
%%  21020 ns    Alert  ERROR               TB seq.(uvvm)       assert_change_to_value_from_min_to_max_cycles_after_trigger() => Failed. tracked_value (0) never changed to 1 in window. pipe: (4).
%%  21060 ns    Log    ID_SEQUENCER        TB seq.             Change the value from '0' to 'L', window (7-cycles to 10-cycles)
%%  21160 ns    Alert  ERROR               TB seq.(uvvm)       assert_change_to_value_from_min_to_max_cycles_after_trigger() => Failed. tracked_value (0) never changed to 1 in window. pipe: (5).
%%  21200 ns    Log    ID_SEQUENCER        TB seq.             Change the value from 'Z' to 'L', window (7-cycles to 10-cycles)
%%  21300 ns    Alert  ERROR               TB seq.(uvvm)       assert_change_to_value_from_min_to_max_cycles_after_trigger() => Failed. tracked_value (0) never changed to 1 in window. pipe: (6).
%%  21340 ns    Log    ID_SEQUENCER        TB seq.             Change the value from 'W' to 'L', window (7-cycles to 10-cycles)
%%  21440 ns    Alert  ERROR               TB seq.(uvvm)       assert_change_to_value_from_min_to_max_cycles_after_trigger() => Failed. tracked_value (0) never changed to 1 in window. pipe: (7).
%%  21480 ns    Log    ID_SEQUENCER        TB seq.             Change the value from 'H' to 'L', window (7-cycles to 10-cycles)
%%  21580 ns    Alert  ERROR               TB seq.(uvvm)       assert_change_to_value_from_min_to_max_cycles_after_trigger() => Failed. tracked_value (0) never changed to 1 in window. pipe: (8).
%%  21620 ns    Log    ID_SEQUENCER        TB seq.             Change the value from 'U' to 'H', window (7-cycles to 10-cycles)
%%  21720 ns    Alert  ERROR               TB seq.(uvvm)       assert_change_to_value_from_min_to_max_cycles_after_trigger() => Failed. tracked_value (0) never changed to 1 in window. pipe: (9).
%%  21760 ns    Log    ID_SEQUENCER        TB seq.             Change the value from 'X' to 'H', window (7-cycles to 10-cycles)
%%  21860 ns    Alert  ERROR               TB seq.(uvvm)       assert_change_to_value_from_min_to_max_cycles_after_trigger() => Failed. tracked_value (0) never changed to 1 in window. pipe: (10).
%%  21900 ns    Log    ID_SEQUENCER        TB seq.             Change the value from '1' to 'H', window (7-cycles to 10-cycles)
%%  22000 ns    Alert  ERROR               TB seq.(uvvm)       assert_change_to_value_from_min_to_max_cycles_after_trigger() => Failed. tracked_value (0) never changed to 1 in window.
%%  22040 ns    Log    ID_SEQUENCER        TB seq.             Change the value from '0' to 'H', window (7-cycles to 10-cycles)
%%  22140 ns    Alert  ERROR               TB seq.(uvvm)       assert_change_to_value_from_min_to_max_cycles_after_trigger() => Failed. tracked_value (0) never changed to 1 in window. pipe: (1).
%%  22180 ns    Log    ID_SEQUENCER        TB seq.             Change the value from 'Z' to 'H', window (7-cycles to 10-cycles)
%%  22280 ns    Alert  ERROR               TB seq.(uvvm)       assert_change_to_value_from_min_to_max_cycles_after_trigger() => Failed. tracked_value (0) never changed to 1 in window. pipe: (2).
%%  22320 ns    Log    ID_SEQUENCER        TB seq.             Change the value from 'W' to 'H', window (7-cycles to 10-cycles)
%%  22420 ns    Alert  ERROR               TB seq.(uvvm)       assert_change_to_value_from_min_to_max_cycles_after_trigger() => Failed. tracked_value (0) never changed to 1 in window. pipe: (3).
%%  22460 ns    Log    ID_SEQUENCER        TB seq.             Change the value from 'L' to 'H', window (7-cycles to 10-cycles)
%%  22560 ns    Alert  ERROR               TB seq.(uvvm)       assert_change_to_value_from_min_to_max_cycles_after_trigger() => Failed. tracked_value (0) never changed to 1 in window. pipe: (4).
%%  22600 ns    Log    ID_SEQUENCER        TB seq.             Testing invalid sequences (no std_logic transitions) within the window
%%  22600 ns    Log    ID_SEQUENCER        TB seq.             Hold 'U' from 7-cycles to 10-cycles
%%  22700 ns    Alert  ERROR               TB seq.(uvvm)       assert_change_to_value_from_min_to_max_cycles_after_trigger() => Failed. tracked_value (U) never changed to 1 in window. pipe: (5).
%%  22750 ns    Log    ID_SEQUENCER        TB seq.             Hold 'X' from 7-cycles to 10-cycles
%%  22850 ns    Alert  ERROR               TB seq.(uvvm)       assert_change_to_value_from_min_to_max_cycles_after_trigger() => Failed. tracked_value (X) never changed to 1 in window. pipe: (6).
%%  22900 ns    Log    ID_SEQUENCER        TB seq.             Hold '1' from 7-cycles to 10-cycles
%%  23000 ns    Alert  ERROR               TB seq.(uvvm)       assert_change_to_value_from_min_to_max_cycles_after_trigger() => Failed. tracked_value (1) never changed to 1 in window. pipe: (7).
%%  23050 ns    Log    ID_SEQUENCER        TB seq.             Hold '0' from 7-cycles to 10-cycles
%%  23150 ns    Alert  ERROR               TB seq.(uvvm)       assert_change_to_value_from_min_to_max_cycles_after_trigger() => Failed. tracked_value (0) never changed to 1 in window. pipe: (8).
%%  23200 ns    Log    ID_SEQUENCER        TB seq.             Hold 'Z' from 7-cycles to 10-cycles
%%  23300 ns    Alert  ERROR               TB seq.(uvvm)       assert_change_to_value_from_min_to_max_cycles_after_trigger() => Failed. tracked_value (Z) never changed to 1 in window. pipe: (9).
%%  23350 ns    Log    ID_SEQUENCER        TB seq.             Hold 'W' from 7-cycles to 10-cycles
%%  23450 ns    Alert  ERROR               TB seq.(uvvm)       assert_change_to_value_from_min_to_max_cycles_after_trigger() => Failed. tracked_value (W) never changed to 1 in window. pipe: (10).
%%  23500 ns    Log    ID_SEQUENCER        TB seq.             Hold 'L' from 7-cycles to 10-cycles
%%  23600 ns    Alert  ERROR               TB seq.(uvvm)       assert_change_to_value_from_min_to_max_cycles_after_trigger() => Failed. tracked_value (L) never changed to 1 in window.
%%  23650 ns    Log    ID_SEQUENCER        TB seq.             Hold 'H' from 7-cycles to 10-cycles
%%  23750 ns    Alert  ERROR               TB seq.(uvvm)       assert_change_to_value_from_min_to_max_cycles_after_trigger() => Failed. tracked_value (H) never changed to 1 in window. pipe: (1).
%%  23800 ns    Log    ID_SEQUENCER        TB seq.             Testing triggering assert /w multiple triggers within the window
%%  23800 ns    Log    ID_SEQUENCER        TB seq.             Setting min_cycles = 1, max_cycles = 4
%%  23890 ns    Alert  ERROR               TB seq.(uvvm)       assert_change_to_value_from_min_to_max_cycles_after_trigger() => Failed. tracked_value (0) never changed to 1 in window.
%%  23910 ns    Alert  ERROR               TB seq.(uvvm)       assert_change_to_value_from_min_to_max_cycles_after_trigger() => Failed. tracked_value (0) never changed to 1 in window. pipe: (1).
%% 
%% 
%%  23920 ns    Log    ID_LOG_HDR          TB seq.             Testing pos_ack_kind: EVERY (std_logic)
%% ----------------------------------------------------------------------------------------------------------------------------------------------------------------------------
%%  23920 ns    Log    ID_SEQUENCER        TB seq.             Expecting a positive acknowledge on each successful window sequence
%%  23920 ns    Log    ID_SEQUENCER        TB seq.             Setting min_cycles = 10, max_cycles = 20
%%  23970 ns    Log    ID_SEQUENCER        TB seq.             Change the value from '0' to '1', window (10-cycles to 20-cycles)
%%  24160 ns    Log    ID_UVVM_ASSERTION   TB seq.(uvvm)       assert_change_to_value_from_min_to_max_cycles_after_trigger() => OK. tracked_value had a change to 1 in window. OK after 190 ns. First change event happened in cycle-19.
%%  24210 ns    Log    ID_SEQUENCER        TB seq.             Setting min_cycles = 20, max_cycles = 30
%%  24260 ns    Log    ID_SEQUENCER        TB seq.             Change the value from '0' to '1', window (20-cycles to 30-cycles)
%%  24550 ns    Log    ID_UVVM_ASSERTION   TB seq.(uvvm)       assert_change_to_value_from_min_to_max_cycles_after_trigger() => OK. tracked_value had a change to 1 in window. OK after 290 ns. First change event happened in cycle-29.
%%  24600 ns    Log    ID_SEQUENCER        TB seq.             Setting min_cycles = 30, max_cycles = 40
%%  24650 ns    Log    ID_SEQUENCER        TB seq.             Change the value from '0' to '1', window (30-cycles to 40-cycles)
%%  25040 ns    Log    ID_UVVM_ASSERTION   TB seq.(uvvm)       assert_change_to_value_from_min_to_max_cycles_after_trigger() => OK. tracked_value had a change to 1 in window. OK after 390 ns. First change event happened in cycle-39.
%%  25090 ns    Log    ID_SEQUENCER        TB seq.             Setting min_cycles = 40, max_cycles = 50
%%  25140 ns    Log    ID_SEQUENCER        TB seq.             Change the value from '0' to '1', window (40-cycles to 50-cycles)
%%  25630 ns    Log    ID_UVVM_ASSERTION   TB seq.(uvvm)       assert_change_to_value_from_min_to_max_cycles_after_trigger() => OK. tracked_value had a change to 1 in window. OK after 490 ns. First change event happened in cycle-49.
%% 
%% 
%%  25720 ns    Log    ID_LOG_HDR          TB seq.             Testing Assertion Enable (std_logic)
%% ----------------------------------------------------------------------------------------------------------------------------------------------------------------------------
%%  25720 ns    Log    ID_SEQUENCER        TB seq.             Assertion enabled as trigger is assigned, expecting alert when triggering assert
%%  25720 ns    Log    ID_SEQUENCER        TB seq.             Hold '1' from 40-cycles to 50-cycles
%%  26220 ns    Alert  ERROR               TB seq.(uvvm)       assert_change_to_value_from_min_to_max_cycles_after_trigger() => Failed. tracked_value (1) never changed to 1 in window.
%%  26310 ns    Log    ID_SEQUENCER        TB seq.             Assertion enabled prior to trigger, expecting alert when triggering assert
%%  26320 ns    Log    ID_SEQUENCER        TB seq.             Hold '1' from 40-cycles to 50-cycles
%%  26820 ns    Alert  ERROR               TB seq.(uvvm)       assert_change_to_value_from_min_to_max_cycles_after_trigger() => Failed. tracked_value (1) never changed to 1 in window.
%% 
%% 
%%  26870 ns    Log    ID_LOG_HDR          TB seq.             Testing CLK Disabled
%% ----------------------------------------------------------------------------------------------------------------------------------------------------------------------------
%%  26870 ns    Log    ID_SEQUENCER        TB seq.             Clock deactivated
%%  26910 ns    Log    ID_SEQUENCER        TB seq.             Triggering assertion while clk is disabled, expecting no behavior
%%  26950 ns    Log    ID_SEQUENCER        TB seq.             Hold '1' from 40-cycles to 50-cycles
%% 
%% ============================================================================================================================================================================
%%  *** INTERMEDIATE SUMMARY OF ALL ALERTS ***
%% ============================================================================================================================================================================
%%  27510 ns    DONE   NOCHECKS   assert_change_to_value_from_min_to_max_cycles_after_trigger  Passed: 0
%%    Expected      Failures: 0  Errors: -120  Warnings: 0  Passed: 0
%%    VHDL Asserts  Failures: 0  Errors: 0  Warnings: 0  Passed: 0
%%    Default       Failures: 0  Errors: 120  Warnings: 0  Passed: 0
%%    OSVVM         Failures: 0  Errors: 0  Warnings: 0  Passed: 0
%% ============================================================================================================================================================================
%% 
%% 
%% 
%%  27510 ns    Log    ID_LOG_HDR          TB seq.(uvvm)       SIMULATION COMPLETED
%% ----------------------------------------------------------------------------------------------------------------------------------------------------------------------------
