%%      0 ns    Log    ID_LOG_MSG_CTRL     TB seq.             disable_log_msg(ALL_MESSAGES).
%%      0 ns    Log    ID_LOG_MSG_CTRL     TB seq.             enable_log_msg(ID_LOG_HDR_LARGE).
%%      0 ns    Log    ID_LOG_MSG_CTRL     TB seq.             enable_log_msg(ID_LOG_HDR).
%%      0 ns    Log    ID_LOG_MSG_CTRL     TB seq.             enable_log_msg(ID_SEQUENCER).
%%      0 ns    Log    ID_LOG_MSG_CTRL     TB seq.             enable_log_msg(ID_UVVM_ASSERTION).
%% 
%% 
%% ============================================================================================================================================================================
%%    100 ns    Log    ID_LOG_HDR_LARGE    TB seq.(uvvm)       Testing the assertion: assert_change_from_start_to_end_trigger
%% ============================================================================================================================================================================
%% 
%% 
%%    150 ns    Log    ID_LOG_HDR          TB seq.             Testing Normal Operation (std_logic_vector)
%% ----------------------------------------------------------------------------------------------------------------------------------------------------------------------------
%%    150 ns    Log    ID_SEQUENCER        TB seq.             Testing std_logic_vector transitions within the window
%%    150 ns    Log    ID_SEQUENCER        TB seq.             Change the value from "HHHH" to "LLLL", window (0-cycle to 5-cycles)
%%    200 ns    Log    ID_UVVM_ASSERTION   TB seq.(uvvm)       assert_change_from_start_to_end_trigger() => OK (first). tracked_value had a change in window. OK after 50 ns. First change event happened in cycle-5.
%%    250 ns    Log    ID_SEQUENCER        TB seq.             Change the value from "HHHH" to "WWWW", window (0-cycle to 5-cycles)
%%    350 ns    Log    ID_SEQUENCER        TB seq.             Change the value from "HHHH" to "ZZZZ", window (0-cycle to 5-cycles)
%%    450 ns    Log    ID_SEQUENCER        TB seq.             Change the value from "HHHH" to "0000", window (0-cycle to 5-cycles)
%%    550 ns    Log    ID_SEQUENCER        TB seq.             Change the value from "HHHH" to "1111", window (0-cycle to 5-cycles)
%%    650 ns    Log    ID_SEQUENCER        TB seq.             Change the value from "HHHH" to "XXXX", window (0-cycle to 5-cycles)
%%    750 ns    Log    ID_SEQUENCER        TB seq.             Change the value from "HHHH" to "UUUU", window (0-cycle to 5-cycles)
%%    850 ns    Log    ID_SEQUENCER        TB seq.             Change the value from "LLLL" to "HHHH", window (0-cycle to 5-cycles)
%%    950 ns    Log    ID_SEQUENCER        TB seq.             Change the value from "LLLL" to "WWWW", window (0-cycle to 5-cycles)
%%   1050 ns    Log    ID_SEQUENCER        TB seq.             Change the value from "LLLL" to "ZZZZ", window (0-cycle to 5-cycles)
%%   1150 ns    Log    ID_SEQUENCER        TB seq.             Change the value from "LLLL" to "0000", window (0-cycle to 5-cycles)
%%   1250 ns    Log    ID_SEQUENCER        TB seq.             Change the value from "LLLL" to "1111", window (0-cycle to 5-cycles)
%%   1350 ns    Log    ID_SEQUENCER        TB seq.             Change the value from "LLLL" to "XXXX", window (0-cycle to 5-cycles)
%%   1450 ns    Log    ID_SEQUENCER        TB seq.             Change the value from "LLLL" to "UUUU", window (0-cycle to 5-cycles)
%%   1550 ns    Log    ID_SEQUENCER        TB seq.             Change the value from "WWWW" to "HHHH", window (0-cycle to 5-cycles)
%%   1650 ns    Log    ID_SEQUENCER        TB seq.             Change the value from "WWWW" to "LLLL", window (0-cycle to 5-cycles)
%%   1750 ns    Log    ID_SEQUENCER        TB seq.             Change the value from "WWWW" to "ZZZZ", window (0-cycle to 5-cycles)
%%   1850 ns    Log    ID_SEQUENCER        TB seq.             Change the value from "WWWW" to "0000", window (0-cycle to 5-cycles)
%%   1950 ns    Log    ID_SEQUENCER        TB seq.             Change the value from "WWWW" to "1111", window (0-cycle to 5-cycles)
%%   2050 ns    Log    ID_SEQUENCER        TB seq.             Change the value from "WWWW" to "XXXX", window (0-cycle to 5-cycles)
%%   2150 ns    Log    ID_SEQUENCER        TB seq.             Change the value from "WWWW" to "UUUU", window (0-cycle to 5-cycles)
%%   2250 ns    Log    ID_SEQUENCER        TB seq.             Change the value from "ZZZZ" to "HHHH", window (0-cycle to 5-cycles)
%%   2350 ns    Log    ID_SEQUENCER        TB seq.             Change the value from "ZZZZ" to "LLLL", window (0-cycle to 5-cycles)
%%   2450 ns    Log    ID_SEQUENCER        TB seq.             Change the value from "ZZZZ" to "WWWW", window (0-cycle to 5-cycles)
%%   2550 ns    Log    ID_SEQUENCER        TB seq.             Change the value from "ZZZZ" to "0000", window (0-cycle to 5-cycles)
%%   2650 ns    Log    ID_SEQUENCER        TB seq.             Change the value from "ZZZZ" to "1111", window (0-cycle to 5-cycles)
%%   2750 ns    Log    ID_SEQUENCER        TB seq.             Change the value from "ZZZZ" to "XXXX", window (0-cycle to 5-cycles)
%%   2850 ns    Log    ID_SEQUENCER        TB seq.             Change the value from "ZZZZ" to "UUUU", window (0-cycle to 5-cycles)
%%   2950 ns    Log    ID_SEQUENCER        TB seq.             Change the value from "0000" to "HHHH", window (0-cycle to 5-cycles)
%%   3050 ns    Log    ID_SEQUENCER        TB seq.             Change the value from "0000" to "LLLL", window (0-cycle to 5-cycles)
%%   3150 ns    Log    ID_SEQUENCER        TB seq.             Change the value from "0000" to "WWWW", window (0-cycle to 5-cycles)
%%   3250 ns    Log    ID_SEQUENCER        TB seq.             Change the value from "0000" to "ZZZZ", window (0-cycle to 5-cycles)
%%   3350 ns    Log    ID_SEQUENCER        TB seq.             Change the value from "0000" to "1111", window (0-cycle to 5-cycles)
%%   3450 ns    Log    ID_SEQUENCER        TB seq.             Change the value from "0000" to "XXXX", window (0-cycle to 5-cycles)
%%   3550 ns    Log    ID_SEQUENCER        TB seq.             Change the value from "0000" to "UUUU", window (0-cycle to 5-cycles)
%%   3650 ns    Log    ID_SEQUENCER        TB seq.             Change the value from "1111" to "HHHH", window (0-cycle to 5-cycles)
%%   3750 ns    Log    ID_SEQUENCER        TB seq.             Change the value from "1111" to "LLLL", window (0-cycle to 5-cycles)
%%   3850 ns    Log    ID_SEQUENCER        TB seq.             Change the value from "1111" to "WWWW", window (0-cycle to 5-cycles)
%%   3950 ns    Log    ID_SEQUENCER        TB seq.             Change the value from "1111" to "ZZZZ", window (0-cycle to 5-cycles)
%%   4050 ns    Log    ID_SEQUENCER        TB seq.             Change the value from "1111" to "0000", window (0-cycle to 5-cycles)
%%   4150 ns    Log    ID_SEQUENCER        TB seq.             Change the value from "1111" to "XXXX", window (0-cycle to 5-cycles)
%%   4250 ns    Log    ID_SEQUENCER        TB seq.             Change the value from "1111" to "UUUU", window (0-cycle to 5-cycles)
%%   4350 ns    Log    ID_SEQUENCER        TB seq.             Change the value from "XXXX" to "HHHH", window (0-cycle to 5-cycles)
%%   4450 ns    Log    ID_SEQUENCER        TB seq.             Change the value from "XXXX" to "LLLL", window (0-cycle to 5-cycles)
%%   4550 ns    Log    ID_SEQUENCER        TB seq.             Change the value from "XXXX" to "WWWW", window (0-cycle to 5-cycles)
%%   4650 ns    Log    ID_SEQUENCER        TB seq.             Change the value from "XXXX" to "ZZZZ", window (0-cycle to 5-cycles)
%%   4750 ns    Log    ID_SEQUENCER        TB seq.             Change the value from "XXXX" to "0000", window (0-cycle to 5-cycles)
%%   4850 ns    Log    ID_SEQUENCER        TB seq.             Change the value from "XXXX" to "1111", window (0-cycle to 5-cycles)
%%   4950 ns    Log    ID_SEQUENCER        TB seq.             Change the value from "XXXX" to "UUUU", window (0-cycle to 5-cycles)
%%   5050 ns    Log    ID_SEQUENCER        TB seq.             Change the value from "UUUU" to "HHHH", window (0-cycle to 5-cycles)
%%   5150 ns    Log    ID_SEQUENCER        TB seq.             Change the value from "UUUU" to "LLLL", window (0-cycle to 5-cycles)
%%   5250 ns    Log    ID_SEQUENCER        TB seq.             Change the value from "UUUU" to "WWWW", window (0-cycle to 5-cycles)
%%   5350 ns    Log    ID_SEQUENCER        TB seq.             Change the value from "UUUU" to "ZZZZ", window (0-cycle to 5-cycles)
%%   5450 ns    Log    ID_SEQUENCER        TB seq.             Change the value from "UUUU" to "0000", window (0-cycle to 5-cycles)
%%   5550 ns    Log    ID_SEQUENCER        TB seq.             Change the value from "UUUU" to "1111", window (0-cycle to 5-cycles)
%%   5650 ns    Log    ID_SEQUENCER        TB seq.             Change the value from "UUUU" to "XXXX", window (0-cycle to 5-cycles)
%%   5750 ns    Log    ID_SEQUENCER        TB seq.             Testing std_logic_vector transitions at cycle-1
%%   5750 ns    Log    ID_SEQUENCER        TB seq.             Change the value from "HHHH" to "LLLL", window (0-cycle to 1-cycles)
%%   5810 ns    Log    ID_SEQUENCER        TB seq.             Change the value from "HHHH" to "WWWW", window (0-cycle to 1-cycles)
%%   5870 ns    Log    ID_SEQUENCER        TB seq.             Change the value from "HHHH" to "ZZZZ", window (0-cycle to 1-cycles)
%%   5930 ns    Log    ID_SEQUENCER        TB seq.             Change the value from "HHHH" to "0000", window (0-cycle to 1-cycles)
%%   5990 ns    Log    ID_SEQUENCER        TB seq.             Change the value from "HHHH" to "1111", window (0-cycle to 1-cycles)
%%   6050 ns    Log    ID_SEQUENCER        TB seq.             Change the value from "HHHH" to "XXXX", window (0-cycle to 1-cycles)
%%   6110 ns    Log    ID_SEQUENCER        TB seq.             Change the value from "HHHH" to "UUUU", window (0-cycle to 1-cycles)
%%   6170 ns    Log    ID_SEQUENCER        TB seq.             Change the value from "LLLL" to "HHHH", window (0-cycle to 1-cycles)
%%   6230 ns    Log    ID_SEQUENCER        TB seq.             Change the value from "LLLL" to "WWWW", window (0-cycle to 1-cycles)
%%   6290 ns    Log    ID_SEQUENCER        TB seq.             Change the value from "LLLL" to "ZZZZ", window (0-cycle to 1-cycles)
%%   6350 ns    Log    ID_SEQUENCER        TB seq.             Change the value from "LLLL" to "0000", window (0-cycle to 1-cycles)
%%   6410 ns    Log    ID_SEQUENCER        TB seq.             Change the value from "LLLL" to "1111", window (0-cycle to 1-cycles)
%%   6470 ns    Log    ID_SEQUENCER        TB seq.             Change the value from "LLLL" to "XXXX", window (0-cycle to 1-cycles)
%%   6530 ns    Log    ID_SEQUENCER        TB seq.             Change the value from "LLLL" to "UUUU", window (0-cycle to 1-cycles)
%%   6590 ns    Log    ID_SEQUENCER        TB seq.             Change the value from "WWWW" to "HHHH", window (0-cycle to 1-cycles)
%%   6650 ns    Log    ID_SEQUENCER        TB seq.             Change the value from "WWWW" to "LLLL", window (0-cycle to 1-cycles)
%%   6710 ns    Log    ID_SEQUENCER        TB seq.             Change the value from "WWWW" to "ZZZZ", window (0-cycle to 1-cycles)
%%   6770 ns    Log    ID_SEQUENCER        TB seq.             Change the value from "WWWW" to "0000", window (0-cycle to 1-cycles)
%%   6830 ns    Log    ID_SEQUENCER        TB seq.             Change the value from "WWWW" to "1111", window (0-cycle to 1-cycles)
%%   6890 ns    Log    ID_SEQUENCER        TB seq.             Change the value from "WWWW" to "XXXX", window (0-cycle to 1-cycles)
%%   6950 ns    Log    ID_SEQUENCER        TB seq.             Change the value from "WWWW" to "UUUU", window (0-cycle to 1-cycles)
%%   7010 ns    Log    ID_SEQUENCER        TB seq.             Change the value from "ZZZZ" to "HHHH", window (0-cycle to 1-cycles)
%%   7070 ns    Log    ID_SEQUENCER        TB seq.             Change the value from "ZZZZ" to "LLLL", window (0-cycle to 1-cycles)
%%   7130 ns    Log    ID_SEQUENCER        TB seq.             Change the value from "ZZZZ" to "WWWW", window (0-cycle to 1-cycles)
%%   7190 ns    Log    ID_SEQUENCER        TB seq.             Change the value from "ZZZZ" to "0000", window (0-cycle to 1-cycles)
%%   7250 ns    Log    ID_SEQUENCER        TB seq.             Change the value from "ZZZZ" to "1111", window (0-cycle to 1-cycles)
%%   7310 ns    Log    ID_SEQUENCER        TB seq.             Change the value from "ZZZZ" to "XXXX", window (0-cycle to 1-cycles)
%%   7370 ns    Log    ID_SEQUENCER        TB seq.             Change the value from "ZZZZ" to "UUUU", window (0-cycle to 1-cycles)
%%   7430 ns    Log    ID_SEQUENCER        TB seq.             Change the value from "0000" to "HHHH", window (0-cycle to 1-cycles)
%%   7490 ns    Log    ID_SEQUENCER        TB seq.             Change the value from "0000" to "LLLL", window (0-cycle to 1-cycles)
%%   7550 ns    Log    ID_SEQUENCER        TB seq.             Change the value from "0000" to "WWWW", window (0-cycle to 1-cycles)
%%   7610 ns    Log    ID_SEQUENCER        TB seq.             Change the value from "0000" to "ZZZZ", window (0-cycle to 1-cycles)
%%   7670 ns    Log    ID_SEQUENCER        TB seq.             Change the value from "0000" to "1111", window (0-cycle to 1-cycles)
%%   7730 ns    Log    ID_SEQUENCER        TB seq.             Change the value from "0000" to "XXXX", window (0-cycle to 1-cycles)
%%   7790 ns    Log    ID_SEQUENCER        TB seq.             Change the value from "0000" to "UUUU", window (0-cycle to 1-cycles)
%%   7850 ns    Log    ID_SEQUENCER        TB seq.             Change the value from "1111" to "HHHH", window (0-cycle to 1-cycles)
%%   7910 ns    Log    ID_SEQUENCER        TB seq.             Change the value from "1111" to "LLLL", window (0-cycle to 1-cycles)
%%   7970 ns    Log    ID_SEQUENCER        TB seq.             Change the value from "1111" to "WWWW", window (0-cycle to 1-cycles)
%%   8030 ns    Log    ID_SEQUENCER        TB seq.             Change the value from "1111" to "ZZZZ", window (0-cycle to 1-cycles)
%%   8090 ns    Log    ID_SEQUENCER        TB seq.             Change the value from "1111" to "0000", window (0-cycle to 1-cycles)
%%   8150 ns    Log    ID_SEQUENCER        TB seq.             Change the value from "1111" to "XXXX", window (0-cycle to 1-cycles)
%%   8210 ns    Log    ID_SEQUENCER        TB seq.             Change the value from "1111" to "UUUU", window (0-cycle to 1-cycles)
%%   8270 ns    Log    ID_SEQUENCER        TB seq.             Change the value from "XXXX" to "HHHH", window (0-cycle to 1-cycles)
%%   8330 ns    Log    ID_SEQUENCER        TB seq.             Change the value from "XXXX" to "LLLL", window (0-cycle to 1-cycles)
%%   8390 ns    Log    ID_SEQUENCER        TB seq.             Change the value from "XXXX" to "WWWW", window (0-cycle to 1-cycles)
%%   8450 ns    Log    ID_SEQUENCER        TB seq.             Change the value from "XXXX" to "ZZZZ", window (0-cycle to 1-cycles)
%%   8510 ns    Log    ID_SEQUENCER        TB seq.             Change the value from "XXXX" to "0000", window (0-cycle to 1-cycles)
%%   8570 ns    Log    ID_SEQUENCER        TB seq.             Change the value from "XXXX" to "1111", window (0-cycle to 1-cycles)
%%   8630 ns    Log    ID_SEQUENCER        TB seq.             Change the value from "XXXX" to "UUUU", window (0-cycle to 1-cycles)
%%   8690 ns    Log    ID_SEQUENCER        TB seq.             Change the value from "UUUU" to "HHHH", window (0-cycle to 1-cycles)
%%   8750 ns    Log    ID_SEQUENCER        TB seq.             Change the value from "UUUU" to "LLLL", window (0-cycle to 1-cycles)
%%   8810 ns    Log    ID_SEQUENCER        TB seq.             Change the value from "UUUU" to "WWWW", window (0-cycle to 1-cycles)
%%   8870 ns    Log    ID_SEQUENCER        TB seq.             Change the value from "UUUU" to "ZZZZ", window (0-cycle to 1-cycles)
%%   8930 ns    Log    ID_SEQUENCER        TB seq.             Change the value from "UUUU" to "0000", window (0-cycle to 1-cycles)
%%   8990 ns    Log    ID_SEQUENCER        TB seq.             Change the value from "UUUU" to "1111", window (0-cycle to 1-cycles)
%%   9050 ns    Log    ID_SEQUENCER        TB seq.             Change the value from "UUUU" to "XXXX", window (0-cycle to 1-cycles)
%%   9110 ns    Log    ID_SEQUENCER        TB seq.             Testing multiple triggers within the window
%%   9170 ns    Log    ID_UVVM_ASSERTION   TB seq.(uvvm)       assert_change_from_start_to_end_trigger() => OK (first). tracked_value had a change in window. OK after 10 ns. First change event happened in cycle-1.
%% 
%% 
%%   9270 ns    Log    ID_LOG_HDR          TB seq.             Testing Triggering Assertion (std_logic_vector)
%% ----------------------------------------------------------------------------------------------------------------------------------------------------------------------------
%%   9270 ns    Log    ID_SEQUENCER        TB seq.             Testing invalid sequences (no std_logic_vector transitions) within the window
%%   9270 ns    Log    ID_SEQUENCER        TB seq.             Hold "HHHH" from 0-cycle to 5-cycles
%%   9320 ns    Alert  ERROR               TB seq.(uvvm)       assert_change_from_start_to_end_trigger() => Failed. tracked_value (HHHH) never changed in window. pipe: (2).
%%   9370 ns    Log    ID_SEQUENCER        TB seq.             Hold "LLLL" from 0-cycle to 5-cycles
%%   9420 ns    Alert  ERROR               TB seq.(uvvm)       assert_change_from_start_to_end_trigger() => Failed. tracked_value (LLLL) never changed in window. pipe: (3).
%%   9470 ns    Log    ID_SEQUENCER        TB seq.             Hold "WWWW" from 0-cycle to 5-cycles
%%   9520 ns    Alert  ERROR               TB seq.(uvvm)       assert_change_from_start_to_end_trigger() => Failed. tracked_value (WWWW) never changed in window. pipe: (4).
%%   9570 ns    Log    ID_SEQUENCER        TB seq.             Hold "ZZZZ" from 0-cycle to 5-cycles
%%   9620 ns    Alert  ERROR               TB seq.(uvvm)       assert_change_from_start_to_end_trigger() => Failed. tracked_value (ZZZZ) never changed in window. pipe: (5).
%%   9670 ns    Log    ID_SEQUENCER        TB seq.             Hold "0000" from 0-cycle to 5-cycles
%%   9720 ns    Alert  ERROR               TB seq.(uvvm)       assert_change_from_start_to_end_trigger() => Failed. tracked_value (0000) never changed in window. pipe: (6).
%%   9770 ns    Log    ID_SEQUENCER        TB seq.             Hold "1111" from 0-cycle to 5-cycles
%%   9820 ns    Alert  ERROR               TB seq.(uvvm)       assert_change_from_start_to_end_trigger() => Failed. tracked_value (1111) never changed in window. pipe: (7).
%%   9870 ns    Log    ID_SEQUENCER        TB seq.             Hold "XXXX" from 0-cycle to 5-cycles
%%   9920 ns    Alert  ERROR               TB seq.(uvvm)       assert_change_from_start_to_end_trigger() => Failed. tracked_value (XXXX) never changed in window. pipe: (8).
%%   9970 ns    Log    ID_SEQUENCER        TB seq.             Hold "UUUU" from 0-cycle to 5-cycles
%%  10020 ns    Alert  ERROR               TB seq.(uvvm)       assert_change_from_start_to_end_trigger() => Failed. tracked_value (UUUU) never changed in window. pipe: (9).
%%  10070 ns    Log    ID_SEQUENCER        TB seq.             Testing triggering assert /w multiple triggers within the window
%%  10110 ns    Alert  ERROR               TB seq.(uvvm)       assert_change_from_start_to_end_trigger() => Failed. tracked_value (UUUU) never changed in window. pipe: (10).
%%  10110 ns    Alert  ERROR               TB seq.(uvvm)       assert_change_from_start_to_end_trigger() => Failed. tracked_value (UUUU) never changed in window. pipe: (11).
%% 
%% 
%%  10180 ns    Log    ID_LOG_HDR          TB seq.             Testing pos_ack_kind: EVERY (std_logic_vector)
%% ----------------------------------------------------------------------------------------------------------------------------------------------------------------------------
%%  10180 ns    Log    ID_SEQUENCER        TB seq.             Expecting a positive acknowledge on each successful window sequence
%%  10230 ns    Log    ID_SEQUENCER        TB seq.             Change the value from "UUUU" to "1111", window (0-cycle to 1-cycles)
%%  10240 ns    Log    ID_UVVM_ASSERTION   TB seq.(uvvm)       assert_change_from_start_to_end_trigger() => OK. tracked_value had a change in window. OK after 10 ns. First change event happened in cycle-1.
%%  10290 ns    Log    ID_SEQUENCER        TB seq.             Change the value from "UUUU" to "1111", window (0-cycle to 2-cycles)
%%  10310 ns    Log    ID_UVVM_ASSERTION   TB seq.(uvvm)       assert_change_from_start_to_end_trigger() => OK. tracked_value had a change in window. OK after 20 ns. First change event happened in cycle-2. pipe: (1).
%%  10360 ns    Log    ID_SEQUENCER        TB seq.             Change the value from "UUUU" to "1111", window (0-cycle to 3-cycles)
%%  10390 ns    Log    ID_UVVM_ASSERTION   TB seq.(uvvm)       assert_change_from_start_to_end_trigger() => OK. tracked_value had a change in window. OK after 30 ns. First change event happened in cycle-3. pipe: (2).
%%  10440 ns    Log    ID_SEQUENCER        TB seq.             Change the value from "UUUU" to "1111", window (0-cycle to 4-cycles)
%%  10480 ns    Log    ID_UVVM_ASSERTION   TB seq.(uvvm)       assert_change_from_start_to_end_trigger() => OK. tracked_value had a change in window. OK after 40 ns. First change event happened in cycle-4. pipe: (3).
%% 
%% 
%%  10620 ns    Log    ID_LOG_HDR          TB seq.             Testing Normal Operation (std_logic)
%% ----------------------------------------------------------------------------------------------------------------------------------------------------------------------------
%%  10620 ns    Log    ID_SEQUENCER        TB seq.             Testing all std_logic transitions within the window
%%  10620 ns    Log    ID_SEQUENCER        TB seq.             Change the value from 'U' to 'X', window (0-cycle to 5-cycles)
%%  10670 ns    Log    ID_UVVM_ASSERTION   TB seq.(uvvm)       assert_change_from_start_to_end_trigger() => OK (first). tracked_value had a change in window. OK after 50 ns. First change event happened in cycle-5.
%%  10720 ns    Log    ID_SEQUENCER        TB seq.             Change the value from 'U' to '1', window (0-cycle to 5-cycles)
%%  10820 ns    Log    ID_SEQUENCER        TB seq.             Change the value from 'U' to '0', window (0-cycle to 5-cycles)
%%  10920 ns    Log    ID_SEQUENCER        TB seq.             Change the value from 'U' to 'Z', window (0-cycle to 5-cycles)
%%  11020 ns    Log    ID_SEQUENCER        TB seq.             Change the value from 'U' to 'W', window (0-cycle to 5-cycles)
%%  11120 ns    Log    ID_SEQUENCER        TB seq.             Change the value from 'U' to 'L', window (0-cycle to 5-cycles)
%%  11220 ns    Log    ID_SEQUENCER        TB seq.             Change the value from 'U' to 'H', window (0-cycle to 5-cycles)
%%  11320 ns    Log    ID_SEQUENCER        TB seq.             Change the value from 'X' to 'U', window (0-cycle to 5-cycles)
%%  11420 ns    Log    ID_SEQUENCER        TB seq.             Change the value from 'X' to '1', window (0-cycle to 5-cycles)
%%  11520 ns    Log    ID_SEQUENCER        TB seq.             Change the value from 'X' to '0', window (0-cycle to 5-cycles)
%%  11620 ns    Log    ID_SEQUENCER        TB seq.             Change the value from 'X' to 'Z', window (0-cycle to 5-cycles)
%%  11720 ns    Log    ID_SEQUENCER        TB seq.             Change the value from 'X' to 'W', window (0-cycle to 5-cycles)
%%  11820 ns    Log    ID_SEQUENCER        TB seq.             Change the value from 'X' to 'L', window (0-cycle to 5-cycles)
%%  11920 ns    Log    ID_SEQUENCER        TB seq.             Change the value from 'X' to 'H', window (0-cycle to 5-cycles)
%%  12020 ns    Log    ID_SEQUENCER        TB seq.             Change the value from '1' to 'U', window (0-cycle to 5-cycles)
%%  12120 ns    Log    ID_SEQUENCER        TB seq.             Change the value from '1' to 'X', window (0-cycle to 5-cycles)
%%  12220 ns    Log    ID_SEQUENCER        TB seq.             Change the value from '1' to '0', window (0-cycle to 5-cycles)
%%  12320 ns    Log    ID_SEQUENCER        TB seq.             Change the value from '1' to 'Z', window (0-cycle to 5-cycles)
%%  12420 ns    Log    ID_SEQUENCER        TB seq.             Change the value from '1' to 'W', window (0-cycle to 5-cycles)
%%  12520 ns    Log    ID_SEQUENCER        TB seq.             Change the value from '1' to 'L', window (0-cycle to 5-cycles)
%%  12620 ns    Log    ID_SEQUENCER        TB seq.             Change the value from '1' to 'H', window (0-cycle to 5-cycles)
%%  12720 ns    Log    ID_SEQUENCER        TB seq.             Change the value from '0' to 'U', window (0-cycle to 5-cycles)
%%  12820 ns    Log    ID_SEQUENCER        TB seq.             Change the value from '0' to 'X', window (0-cycle to 5-cycles)
%%  12920 ns    Log    ID_SEQUENCER        TB seq.             Change the value from '0' to '1', window (0-cycle to 5-cycles)
%%  13020 ns    Log    ID_SEQUENCER        TB seq.             Change the value from '0' to 'Z', window (0-cycle to 5-cycles)
%%  13120 ns    Log    ID_SEQUENCER        TB seq.             Change the value from '0' to 'W', window (0-cycle to 5-cycles)
%%  13220 ns    Log    ID_SEQUENCER        TB seq.             Change the value from '0' to 'L', window (0-cycle to 5-cycles)
%%  13320 ns    Log    ID_SEQUENCER        TB seq.             Change the value from '0' to 'H', window (0-cycle to 5-cycles)
%%  13420 ns    Log    ID_SEQUENCER        TB seq.             Change the value from 'Z' to 'U', window (0-cycle to 5-cycles)
%%  13520 ns    Log    ID_SEQUENCER        TB seq.             Change the value from 'Z' to 'X', window (0-cycle to 5-cycles)
%%  13620 ns    Log    ID_SEQUENCER        TB seq.             Change the value from 'Z' to '1', window (0-cycle to 5-cycles)
%%  13720 ns    Log    ID_SEQUENCER        TB seq.             Change the value from 'Z' to '0', window (0-cycle to 5-cycles)
%%  13820 ns    Log    ID_SEQUENCER        TB seq.             Change the value from 'Z' to 'W', window (0-cycle to 5-cycles)
%%  13920 ns    Log    ID_SEQUENCER        TB seq.             Change the value from 'Z' to 'L', window (0-cycle to 5-cycles)
%%  14020 ns    Log    ID_SEQUENCER        TB seq.             Change the value from 'Z' to 'H', window (0-cycle to 5-cycles)
%%  14120 ns    Log    ID_SEQUENCER        TB seq.             Change the value from 'W' to 'U', window (0-cycle to 5-cycles)
%%  14220 ns    Log    ID_SEQUENCER        TB seq.             Change the value from 'W' to 'X', window (0-cycle to 5-cycles)
%%  14320 ns    Log    ID_SEQUENCER        TB seq.             Change the value from 'W' to '1', window (0-cycle to 5-cycles)
%%  14420 ns    Log    ID_SEQUENCER        TB seq.             Change the value from 'W' to '0', window (0-cycle to 5-cycles)
%%  14520 ns    Log    ID_SEQUENCER        TB seq.             Change the value from 'W' to 'Z', window (0-cycle to 5-cycles)
%%  14620 ns    Log    ID_SEQUENCER        TB seq.             Change the value from 'W' to 'L', window (0-cycle to 5-cycles)
%%  14720 ns    Log    ID_SEQUENCER        TB seq.             Change the value from 'W' to 'H', window (0-cycle to 5-cycles)
%%  14820 ns    Log    ID_SEQUENCER        TB seq.             Change the value from 'L' to 'U', window (0-cycle to 5-cycles)
%%  14920 ns    Log    ID_SEQUENCER        TB seq.             Change the value from 'L' to 'X', window (0-cycle to 5-cycles)
%%  15020 ns    Log    ID_SEQUENCER        TB seq.             Change the value from 'L' to '1', window (0-cycle to 5-cycles)
%%  15120 ns    Log    ID_SEQUENCER        TB seq.             Change the value from 'L' to '0', window (0-cycle to 5-cycles)
%%  15220 ns    Log    ID_SEQUENCER        TB seq.             Change the value from 'L' to 'Z', window (0-cycle to 5-cycles)
%%  15320 ns    Log    ID_SEQUENCER        TB seq.             Change the value from 'L' to 'W', window (0-cycle to 5-cycles)
%%  15420 ns    Log    ID_SEQUENCER        TB seq.             Change the value from 'L' to 'H', window (0-cycle to 5-cycles)
%%  15520 ns    Log    ID_SEQUENCER        TB seq.             Change the value from 'H' to 'U', window (0-cycle to 5-cycles)
%%  15620 ns    Log    ID_SEQUENCER        TB seq.             Change the value from 'H' to 'X', window (0-cycle to 5-cycles)
%%  15720 ns    Log    ID_SEQUENCER        TB seq.             Change the value from 'H' to '1', window (0-cycle to 5-cycles)
%%  15820 ns    Log    ID_SEQUENCER        TB seq.             Change the value from 'H' to '0', window (0-cycle to 5-cycles)
%%  15920 ns    Log    ID_SEQUENCER        TB seq.             Change the value from 'H' to 'Z', window (0-cycle to 5-cycles)
%%  16020 ns    Log    ID_SEQUENCER        TB seq.             Change the value from 'H' to 'W', window (0-cycle to 5-cycles)
%%  16120 ns    Log    ID_SEQUENCER        TB seq.             Change the value from 'H' to 'L', window (0-cycle to 5-cycles)
%%  16220 ns    Log    ID_SEQUENCER        TB seq.             Testing all std_logic transitions at cycle-1
%%  16220 ns    Log    ID_SEQUENCER        TB seq.             Change the value from 'U' to 'X', window (0-cycle to 1-cycles)
%%  16280 ns    Log    ID_SEQUENCER        TB seq.             Change the value from 'U' to '1', window (0-cycle to 1-cycles)
%%  16340 ns    Log    ID_SEQUENCER        TB seq.             Change the value from 'U' to '0', window (0-cycle to 1-cycles)
%%  16400 ns    Log    ID_SEQUENCER        TB seq.             Change the value from 'U' to 'Z', window (0-cycle to 1-cycles)
%%  16460 ns    Log    ID_SEQUENCER        TB seq.             Change the value from 'U' to 'W', window (0-cycle to 1-cycles)
%%  16520 ns    Log    ID_SEQUENCER        TB seq.             Change the value from 'U' to 'L', window (0-cycle to 1-cycles)
%%  16580 ns    Log    ID_SEQUENCER        TB seq.             Change the value from 'U' to 'H', window (0-cycle to 1-cycles)
%%  16640 ns    Log    ID_SEQUENCER        TB seq.             Change the value from 'X' to 'U', window (0-cycle to 1-cycles)
%%  16700 ns    Log    ID_SEQUENCER        TB seq.             Change the value from 'X' to '1', window (0-cycle to 1-cycles)
%%  16760 ns    Log    ID_SEQUENCER        TB seq.             Change the value from 'X' to '0', window (0-cycle to 1-cycles)
%%  16820 ns    Log    ID_SEQUENCER        TB seq.             Change the value from 'X' to 'Z', window (0-cycle to 1-cycles)
%%  16880 ns    Log    ID_SEQUENCER        TB seq.             Change the value from 'X' to 'W', window (0-cycle to 1-cycles)
%%  16940 ns    Log    ID_SEQUENCER        TB seq.             Change the value from 'X' to 'L', window (0-cycle to 1-cycles)
%%  17000 ns    Log    ID_SEQUENCER        TB seq.             Change the value from 'X' to 'H', window (0-cycle to 1-cycles)
%%  17060 ns    Log    ID_SEQUENCER        TB seq.             Change the value from '1' to 'U', window (0-cycle to 1-cycles)
%%  17120 ns    Log    ID_SEQUENCER        TB seq.             Change the value from '1' to 'X', window (0-cycle to 1-cycles)
%%  17180 ns    Log    ID_SEQUENCER        TB seq.             Change the value from '1' to '0', window (0-cycle to 1-cycles)
%%  17240 ns    Log    ID_SEQUENCER        TB seq.             Change the value from '1' to 'Z', window (0-cycle to 1-cycles)
%%  17300 ns    Log    ID_SEQUENCER        TB seq.             Change the value from '1' to 'W', window (0-cycle to 1-cycles)
%%  17360 ns    Log    ID_SEQUENCER        TB seq.             Change the value from '1' to 'L', window (0-cycle to 1-cycles)
%%  17420 ns    Log    ID_SEQUENCER        TB seq.             Change the value from '1' to 'H', window (0-cycle to 1-cycles)
%%  17480 ns    Log    ID_SEQUENCER        TB seq.             Change the value from '0' to 'U', window (0-cycle to 1-cycles)
%%  17540 ns    Log    ID_SEQUENCER        TB seq.             Change the value from '0' to 'X', window (0-cycle to 1-cycles)
%%  17600 ns    Log    ID_SEQUENCER        TB seq.             Change the value from '0' to '1', window (0-cycle to 1-cycles)
%%  17660 ns    Log    ID_SEQUENCER        TB seq.             Change the value from '0' to 'Z', window (0-cycle to 1-cycles)
%%  17720 ns    Log    ID_SEQUENCER        TB seq.             Change the value from '0' to 'W', window (0-cycle to 1-cycles)
%%  17780 ns    Log    ID_SEQUENCER        TB seq.             Change the value from '0' to 'L', window (0-cycle to 1-cycles)
%%  17840 ns    Log    ID_SEQUENCER        TB seq.             Change the value from '0' to 'H', window (0-cycle to 1-cycles)
%%  17900 ns    Log    ID_SEQUENCER        TB seq.             Change the value from 'Z' to 'U', window (0-cycle to 1-cycles)
%%  17960 ns    Log    ID_SEQUENCER        TB seq.             Change the value from 'Z' to 'X', window (0-cycle to 1-cycles)
%%  18020 ns    Log    ID_SEQUENCER        TB seq.             Change the value from 'Z' to '1', window (0-cycle to 1-cycles)
%%  18080 ns    Log    ID_SEQUENCER        TB seq.             Change the value from 'Z' to '0', window (0-cycle to 1-cycles)
%%  18140 ns    Log    ID_SEQUENCER        TB seq.             Change the value from 'Z' to 'W', window (0-cycle to 1-cycles)
%%  18200 ns    Log    ID_SEQUENCER        TB seq.             Change the value from 'Z' to 'L', window (0-cycle to 1-cycles)
%%  18260 ns    Log    ID_SEQUENCER        TB seq.             Change the value from 'Z' to 'H', window (0-cycle to 1-cycles)
%%  18320 ns    Log    ID_SEQUENCER        TB seq.             Change the value from 'W' to 'U', window (0-cycle to 1-cycles)
%%  18380 ns    Log    ID_SEQUENCER        TB seq.             Change the value from 'W' to 'X', window (0-cycle to 1-cycles)
%%  18440 ns    Log    ID_SEQUENCER        TB seq.             Change the value from 'W' to '1', window (0-cycle to 1-cycles)
%%  18500 ns    Log    ID_SEQUENCER        TB seq.             Change the value from 'W' to '0', window (0-cycle to 1-cycles)
%%  18560 ns    Log    ID_SEQUENCER        TB seq.             Change the value from 'W' to 'Z', window (0-cycle to 1-cycles)
%%  18620 ns    Log    ID_SEQUENCER        TB seq.             Change the value from 'W' to 'L', window (0-cycle to 1-cycles)
%%  18680 ns    Log    ID_SEQUENCER        TB seq.             Change the value from 'W' to 'H', window (0-cycle to 1-cycles)
%%  18740 ns    Log    ID_SEQUENCER        TB seq.             Change the value from 'L' to 'U', window (0-cycle to 1-cycles)
%%  18800 ns    Log    ID_SEQUENCER        TB seq.             Change the value from 'L' to 'X', window (0-cycle to 1-cycles)
%%  18860 ns    Log    ID_SEQUENCER        TB seq.             Change the value from 'L' to '1', window (0-cycle to 1-cycles)
%%  18920 ns    Log    ID_SEQUENCER        TB seq.             Change the value from 'L' to '0', window (0-cycle to 1-cycles)
%%  18980 ns    Log    ID_SEQUENCER        TB seq.             Change the value from 'L' to 'Z', window (0-cycle to 1-cycles)
%%  19040 ns    Log    ID_SEQUENCER        TB seq.             Change the value from 'L' to 'W', window (0-cycle to 1-cycles)
%%  19100 ns    Log    ID_SEQUENCER        TB seq.             Change the value from 'L' to 'H', window (0-cycle to 1-cycles)
%%  19160 ns    Log    ID_SEQUENCER        TB seq.             Change the value from 'H' to 'U', window (0-cycle to 1-cycles)
%%  19220 ns    Log    ID_SEQUENCER        TB seq.             Change the value from 'H' to 'X', window (0-cycle to 1-cycles)
%%  19280 ns    Log    ID_SEQUENCER        TB seq.             Change the value from 'H' to '1', window (0-cycle to 1-cycles)
%%  19340 ns    Log    ID_SEQUENCER        TB seq.             Change the value from 'H' to '0', window (0-cycle to 1-cycles)
%%  19400 ns    Log    ID_SEQUENCER        TB seq.             Change the value from 'H' to 'Z', window (0-cycle to 1-cycles)
%%  19460 ns    Log    ID_SEQUENCER        TB seq.             Change the value from 'H' to 'W', window (0-cycle to 1-cycles)
%%  19520 ns    Log    ID_SEQUENCER        TB seq.             Change the value from 'H' to 'L', window (0-cycle to 1-cycles)
%%  19580 ns    Log    ID_SEQUENCER        TB seq.             Testing multiple triggers within the window
%%  19640 ns    Log    ID_UVVM_ASSERTION   TB seq.(uvvm)       assert_change_from_start_to_end_trigger() => OK (first). tracked_value had a change in window. OK after 10 ns. First change event happened in cycle-1.
%% 
%% 
%%  19740 ns    Log    ID_LOG_HDR          TB seq.             Testing Triggering Assertion (std_logic)
%% ----------------------------------------------------------------------------------------------------------------------------------------------------------------------------
%%  19740 ns    Log    ID_SEQUENCER        TB seq.             Testing all invalid sequences (no std_logic transitions) within the window
%%  19740 ns    Log    ID_SEQUENCER        TB seq.             Hold 'U' from 0-cycle to 5-cycles
%%  19790 ns    Alert  ERROR               TB seq.(uvvm)       assert_change_from_start_to_end_trigger() => Failed. tracked_value (U) never changed in window. pipe: (2).
%%  19840 ns    Log    ID_SEQUENCER        TB seq.             Hold 'X' from 0-cycle to 5-cycles
%%  19890 ns    Alert  ERROR               TB seq.(uvvm)       assert_change_from_start_to_end_trigger() => Failed. tracked_value (X) never changed in window. pipe: (3).
%%  19940 ns    Log    ID_SEQUENCER        TB seq.             Hold '1' from 0-cycle to 5-cycles
%%  19990 ns    Alert  ERROR               TB seq.(uvvm)       assert_change_from_start_to_end_trigger() => Failed. tracked_value (1) never changed in window. pipe: (4).
%%  20040 ns    Log    ID_SEQUENCER        TB seq.             Hold '0' from 0-cycle to 5-cycles
%%  20090 ns    Alert  ERROR               TB seq.(uvvm)       assert_change_from_start_to_end_trigger() => Failed. tracked_value (0) never changed in window. pipe: (5).
%%  20140 ns    Log    ID_SEQUENCER        TB seq.             Hold 'Z' from 0-cycle to 5-cycles
%%  20190 ns    Alert  ERROR               TB seq.(uvvm)       assert_change_from_start_to_end_trigger() => Failed. tracked_value (Z) never changed in window. pipe: (6).
%%  20240 ns    Log    ID_SEQUENCER        TB seq.             Hold 'W' from 0-cycle to 5-cycles
%%  20290 ns    Alert  ERROR               TB seq.(uvvm)       assert_change_from_start_to_end_trigger() => Failed. tracked_value (W) never changed in window. pipe: (7).
%%  20340 ns    Log    ID_SEQUENCER        TB seq.             Hold 'L' from 0-cycle to 5-cycles
%%  20390 ns    Alert  ERROR               TB seq.(uvvm)       assert_change_from_start_to_end_trigger() => Failed. tracked_value (L) never changed in window. pipe: (8).
%%  20440 ns    Log    ID_SEQUENCER        TB seq.             Hold 'H' from 0-cycle to 5-cycles
%%  20490 ns    Alert  ERROR               TB seq.(uvvm)       assert_change_from_start_to_end_trigger() => Failed. tracked_value (H) never changed in window. pipe: (9).
%%  20540 ns    Log    ID_SEQUENCER        TB seq.             Testing triggering assert /w multiple triggers within the window
%%  20580 ns    Alert  ERROR               TB seq.(uvvm)       assert_change_from_start_to_end_trigger() => Failed. tracked_value (U) never changed in window. pipe: (10).
%%  20580 ns    Alert  ERROR               TB seq.(uvvm)       assert_change_from_start_to_end_trigger() => Failed. tracked_value (U) never changed in window. pipe: (11).
%% 
%% 
%%  20650 ns    Log    ID_LOG_HDR          TB seq.             Testing pos_ack_kind: EVERY (std_logic)
%% ----------------------------------------------------------------------------------------------------------------------------------------------------------------------------
%%  20650 ns    Log    ID_SEQUENCER        TB seq.             Expecting a positive acknowledge on each successful window sequence
%%  20700 ns    Log    ID_SEQUENCER        TB seq.             Change the value from 'U' to '1', window (0-cycle to 1-cycles)
%%  20710 ns    Log    ID_UVVM_ASSERTION   TB seq.(uvvm)       assert_change_from_start_to_end_trigger() => OK. tracked_value had a change in window. OK after 10 ns. First change event happened in cycle-1.
%%  20760 ns    Log    ID_SEQUENCER        TB seq.             Change the value from 'U' to '1', window (0-cycle to 2-cycles)
%%  20780 ns    Log    ID_UVVM_ASSERTION   TB seq.(uvvm)       assert_change_from_start_to_end_trigger() => OK. tracked_value had a change in window. OK after 20 ns. First change event happened in cycle-2. pipe: (1).
%%  20830 ns    Log    ID_SEQUENCER        TB seq.             Change the value from 'U' to '1', window (0-cycle to 3-cycles)
%%  20860 ns    Log    ID_UVVM_ASSERTION   TB seq.(uvvm)       assert_change_from_start_to_end_trigger() => OK. tracked_value had a change in window. OK after 30 ns. First change event happened in cycle-3. pipe: (2).
%%  20910 ns    Log    ID_SEQUENCER        TB seq.             Change the value from 'U' to '1', window (0-cycle to 4-cycles)
%%  20950 ns    Log    ID_UVVM_ASSERTION   TB seq.(uvvm)       assert_change_from_start_to_end_trigger() => OK. tracked_value had a change in window. OK after 40 ns. First change event happened in cycle-4. pipe: (3).
%% 
%% 
%%  21040 ns    Log    ID_LOG_HDR          TB seq.             Testing Assertion Enable (std_logic)
%% ----------------------------------------------------------------------------------------------------------------------------------------------------------------------------
%%  21040 ns    Log    ID_SEQUENCER        TB seq.             Assertion enabled as trigger is assigned, expecting alert when triggering assert
%%  21040 ns    Log    ID_SEQUENCER        TB seq.             Hold 'U' from 0-cycle to 5-cycles
%%  21090 ns    Alert  ERROR               TB seq.(uvvm)       assert_change_from_start_to_end_trigger() => Failed. tracked_value (U) never changed in window.
%%  21180 ns    Log    ID_SEQUENCER        TB seq.             Assertion enabled prior to trigger, expecting alert when triggering assert
%%  21190 ns    Log    ID_SEQUENCER        TB seq.             Hold 'U' from 0-cycle to 5-cycles
%%  21240 ns    Alert  ERROR               TB seq.(uvvm)       assert_change_from_start_to_end_trigger() => Failed. tracked_value (U) never changed in window.
%% 
%% 
%%  21290 ns    Log    ID_LOG_HDR          TB seq.             Testing CLK Disabled
%% ----------------------------------------------------------------------------------------------------------------------------------------------------------------------------
%%  21290 ns    Log    ID_SEQUENCER        TB seq.             Clock deactivated
%%  21330 ns    Log    ID_SEQUENCER        TB seq.             Triggering assertion while clk is disabled, expecting no behavior
%%  21370 ns    Log    ID_SEQUENCER        TB seq.             Hold 'U' from 0-cycle to 5-cycles
%% 
%% ============================================================================================================================================================================
%%  *** FINAL SUMMARY OF ALL ALERTS ***
%% ============================================================================================================================================================================
%%  21480 ns    DONE   NOCHECKS   assert_change_from_start_to_end_trigger  Passed: 0
%%    Expected      Failures: 0  Errors: -22  Warnings: 0  Passed: 0
%%    VHDL Asserts  Failures: 0  Errors: 0  Warnings: 0  Passed: 0
%%    Default       Failures: 0  Errors: 22  Warnings: 0  Passed: 0
%%    OSVVM         Failures: 0  Errors: 0  Warnings: 0  Passed: 0
%% ============================================================================================================================================================================
%% 
%% 
%% 
%%  21480 ns    Log    ID_LOG_HDR          TB seq.(uvvm)       SIMULATION COMPLETED
%% ----------------------------------------------------------------------------------------------------------------------------------------------------------------------------
