%%      0 ns    Log    ID_LOG_MSG_CTRL     TB seq.             disable_log_msg(ALL_MESSAGES).
%%      0 ns    Log    ID_LOG_MSG_CTRL     TB seq.             enable_log_msg(ID_LOG_HDR_LARGE).
%%      0 ns    Log    ID_LOG_MSG_CTRL     TB seq.             enable_log_msg(ID_LOG_HDR).
%%      0 ns    Log    ID_LOG_MSG_CTRL     TB seq.             enable_log_msg(ID_SEQUENCER).
%%      0 ns    Log    ID_LOG_MSG_CTRL     TB seq.             enable_log_msg(ID_UVVM_ASSERTION).
%% 
%% 
%% ============================================================================================================================================================================
%%    100 ns    Log    ID_LOG_HDR_LARGE    TB seq.(uvvm)       Testing the assertion: assert_value_from_min_to_max_cycles_after_trigger
%% ============================================================================================================================================================================
%% 
%% 
%%    140 ns    Log    ID_LOG_HDR          TB seq.             Testing Normal Operation (std_logic_vector)
%% ----------------------------------------------------------------------------------------------------------------------------------------------------------------------------
%%    140 ns    Log    ID_SEQUENCER        TB seq.             Testing tracked_value equal to exp_value = "1111" within the window
%%    140 ns    Log    ID_SEQUENCER        TB seq.             Setting min_cycles = 7, max_cycles = 10
%%    190 ns    Log    ID_SEQUENCER        TB seq.             Hold "1111" from 7-cycles to 10-cycles
%%    290 ns    Log    ID_UVVM_ASSERTION   TB seq.(uvvm)       assert_value_from_min_to_max_cycles_after_trigger() => OK (first). tracked_value was equal to expected value in entire window. OK after 100 ns.
%%    340 ns    Log    ID_SEQUENCER        TB seq.             Testing tracked_value equal to exp_value = "0000" within the window
%%    340 ns    Log    ID_SEQUENCER        TB seq.             Setting exp_value = "0000"
%%    390 ns    Log    ID_SEQUENCER        TB seq.             Hold "0000" from 7-cycles to 10-cycles
%%    490 ns    Log    ID_UVVM_ASSERTION   TB seq.(uvvm)       assert_value_from_min_to_max_cycles_after_trigger() => OK (first). tracked_value was equal to expected value in entire window. OK after 100 ns.
%%    540 ns    Log    ID_SEQUENCER        TB seq.             Testing tracked_value equal to exp_value = "1111" within the window /w min_cycles = 0
%%    540 ns    Log    ID_SEQUENCER        TB seq.             Setting exp_value = "1111"
%%    590 ns    Log    ID_SEQUENCER        TB seq.             Setting min_cycles = 0, max_cycles = 4
%%    640 ns    Log    ID_SEQUENCER        TB seq.             Hold "1111" from 0-cycles to 4-cycles
%%    680 ns    Log    ID_UVVM_ASSERTION   TB seq.(uvvm)       assert_value_from_min_to_max_cycles_after_trigger() => OK (first). tracked_value was equal to expected value in entire window. OK after 40 ns.
%%    740 ns    Log    ID_SEQUENCER        TB seq.             Testing tracked_value equal to exp_value = "1111" within the window /w min_cycles = max_cycles
%%    740 ns    Log    ID_SEQUENCER        TB seq.             Setting min_cycles = 0, max_cycles = 0
%%    790 ns    Log    ID_SEQUENCER        TB seq.             Hold "1111" from 0-cycles to 0-cycles
%%    790 ns    Log    ID_UVVM_ASSERTION   TB seq.(uvvm)       assert_value_from_min_to_max_cycles_after_trigger() => OK (first). tracked_value was equal to expected value in entire window. OK after 0 ns.
%%    840 ns    Log    ID_SEQUENCER        TB seq.             Testing multiple triggers within the window
%%    840 ns    Log    ID_SEQUENCER        TB seq.             Setting min_cycles = 1, max_cycles = 4
%%    930 ns    Log    ID_UVVM_ASSERTION   TB seq.(uvvm)       assert_value_from_min_to_max_cycles_after_trigger() => OK (first). tracked_value was equal to expected value in entire window. OK after 40 ns.
%% 
%% 
%%   1000 ns    Log    ID_LOG_HDR          TB seq.             Testing Triggering Assertion (std_logic_vector)
%% ----------------------------------------------------------------------------------------------------------------------------------------------------------------------------
%%   1000 ns    Log    ID_SEQUENCER        TB seq.             Testing triggering assert in each cycle within the window
%%   1000 ns    Log    ID_SEQUENCER        TB seq.             Setting min_cycles = 7, max_cycles = 10
%%   1120 ns    Alert  ERROR               TB seq.(uvvm)       assert_value_from_min_to_max_cycles_after_trigger() => Failed. tracked_value (1110) was not equal to 1111 after 70 ns(7-cycles).
%%   1280 ns    Alert  ERROR               TB seq.(uvvm)       assert_value_from_min_to_max_cycles_after_trigger() => Failed. tracked_value (1110) was not equal to 1111 after 80 ns(8-cycles). pipe: (1).
%%   1440 ns    Alert  ERROR               TB seq.(uvvm)       assert_value_from_min_to_max_cycles_after_trigger() => Failed. tracked_value (1110) was not equal to 1111 after 90 ns(9-cycles). pipe: (2).
%%   1600 ns    Alert  ERROR               TB seq.(uvvm)       assert_value_from_min_to_max_cycles_after_trigger() => Failed. tracked_value (1110) was not equal to 1111 after 100 ns(10-cycles). pipe: (3).
%%   1600 ns    Log    ID_UVVM_ASSERTION   TB seq.(uvvm)       assert_value_from_min_to_max_cycles_after_trigger() => OK (first). tracked_value was equal to expected value in entire window. OK after 100 ns.
%%   1650 ns    Log    ID_SEQUENCER        TB seq.             Testing invalid values within the window
%%   1650 ns    Log    ID_SEQUENCER        TB seq.             Hold "HHHH" from 7-cycles to 10-cycles
%%   1720 ns    Alert  ERROR               TB seq.(uvvm)       assert_value_from_min_to_max_cycles_after_trigger() => Failed. tracked_value (HHHH) was not equal to 1111 after 70 ns(7-cycles). pipe: (4).
%%   1800 ns    Log    ID_SEQUENCER        TB seq.             Hold "LLLL" from 7-cycles to 10-cycles
%%   1870 ns    Alert  ERROR               TB seq.(uvvm)       assert_value_from_min_to_max_cycles_after_trigger() => Failed. tracked_value (LLLL) was not equal to 1111 after 70 ns(7-cycles). pipe: (5).
%%   1950 ns    Log    ID_SEQUENCER        TB seq.             Hold "WWWW" from 7-cycles to 10-cycles
%%   2020 ns    Alert  ERROR               TB seq.(uvvm)       assert_value_from_min_to_max_cycles_after_trigger() => Failed. tracked_value (WWWW) was not equal to 1111 after 70 ns(7-cycles). pipe: (6).
%%   2100 ns    Log    ID_SEQUENCER        TB seq.             Hold "ZZZZ" from 7-cycles to 10-cycles
%%   2170 ns    Alert  ERROR               TB seq.(uvvm)       assert_value_from_min_to_max_cycles_after_trigger() => Failed. tracked_value (ZZZZ) was not equal to 1111 after 70 ns(7-cycles). pipe: (7).
%%   2250 ns    Log    ID_SEQUENCER        TB seq.             Hold "0000" from 7-cycles to 10-cycles
%%   2320 ns    Alert  ERROR               TB seq.(uvvm)       assert_value_from_min_to_max_cycles_after_trigger() => Failed. tracked_value (0000) was not equal to 1111 after 70 ns(7-cycles). pipe: (8).
%%   2400 ns    Log    ID_SEQUENCER        TB seq.             Hold "1111" from 7-cycles to 10-cycles
%%   2550 ns    Log    ID_SEQUENCER        TB seq.             Hold "XXXX" from 7-cycles to 10-cycles
%%   2620 ns    Alert  ERROR               TB seq.(uvvm)       assert_value_from_min_to_max_cycles_after_trigger() => Failed. tracked_value (XXXX) was not equal to 1111 after 70 ns(7-cycles). pipe: (10).
%%   2700 ns    Log    ID_SEQUENCER        TB seq.             Hold "UUUU" from 7-cycles to 10-cycles
%%   2770 ns    Alert  ERROR               TB seq.(uvvm)       assert_value_from_min_to_max_cycles_after_trigger() => Failed. tracked_value (UUUU) was not equal to 1111 after 70 ns(7-cycles).
%%   2850 ns    Log    ID_SEQUENCER        TB seq.             Testing triggering assert /w multiple triggers within the window
%%   2850 ns    Log    ID_SEQUENCER        TB seq.             Setting min_cycles = 1, max_cycles = 4
%%   2910 ns    Alert  ERROR               TB seq.(uvvm)       assert_value_from_min_to_max_cycles_after_trigger() => Failed. tracked_value (0000) was not equal to 1111 after 10 ns(1-cycles).
%%   2930 ns    Alert  ERROR               TB seq.(uvvm)       assert_value_from_min_to_max_cycles_after_trigger() => Failed. tracked_value (0000) was not equal to 1111 after 10 ns(1-cycles). pipe: (1).
%% 
%% 
%%   2970 ns    Log    ID_LOG_HDR          TB seq.             Testing pos_ack_kind: EVERY (std_logic_vector)
%% ----------------------------------------------------------------------------------------------------------------------------------------------------------------------------
%%   2970 ns    Log    ID_SEQUENCER        TB seq.             Expecting a positive acknowledge on each successful window sequence
%%   2970 ns    Log    ID_SEQUENCER        TB seq.             Setting min_cycles = 10, max_cycles = 20
%%   3020 ns    Log    ID_SEQUENCER        TB seq.             Hold "1111" from 10-cycles to 20-cycles
%%   3220 ns    Log    ID_UVVM_ASSERTION   TB seq.(uvvm)       assert_value_from_min_to_max_cycles_after_trigger() => OK. tracked_value was equal to expected value in entire window. OK after 200 ns.
%%   3270 ns    Log    ID_SEQUENCER        TB seq.             Setting min_cycles = 20, max_cycles = 30
%%   3320 ns    Log    ID_SEQUENCER        TB seq.             Hold "1111" from 20-cycles to 30-cycles
%%   3620 ns    Log    ID_UVVM_ASSERTION   TB seq.(uvvm)       assert_value_from_min_to_max_cycles_after_trigger() => OK. tracked_value was equal to expected value in entire window. OK after 300 ns.
%%   3670 ns    Log    ID_SEQUENCER        TB seq.             Setting min_cycles = 30, max_cycles = 40
%%   3720 ns    Log    ID_SEQUENCER        TB seq.             Hold "1111" from 30-cycles to 40-cycles
%%   4120 ns    Log    ID_UVVM_ASSERTION   TB seq.(uvvm)       assert_value_from_min_to_max_cycles_after_trigger() => OK. tracked_value was equal to expected value in entire window. OK after 400 ns.
%%   4170 ns    Log    ID_SEQUENCER        TB seq.             Setting min_cycles = 40, max_cycles = 50
%%   4220 ns    Log    ID_SEQUENCER        TB seq.             Hold "1111" from 40-cycles to 50-cycles
%%   4720 ns    Log    ID_UVVM_ASSERTION   TB seq.(uvvm)       assert_value_from_min_to_max_cycles_after_trigger() => OK. tracked_value was equal to expected value in entire window. OK after 500 ns.
%% 
%% 
%%   4850 ns    Log    ID_LOG_HDR          TB seq.             Testing Normal Operation (std_logic)
%% ----------------------------------------------------------------------------------------------------------------------------------------------------------------------------
%%   4850 ns    Log    ID_SEQUENCER        TB seq.             Testing tracked_value equal to exp_value = '1' within the window
%%   4850 ns    Log    ID_SEQUENCER        TB seq.             Setting min_cycles = 7, max_cycles = 10
%%   4900 ns    Log    ID_SEQUENCER        TB seq.             Hold '1' from 7-cycles to 10-cycles
%%   5000 ns    Log    ID_UVVM_ASSERTION   TB seq.(uvvm)       assert_value_from_min_to_max_cycles_after_trigger() => OK (first). tracked_value was equal to expected value in entire window. OK after 100 ns.
%%   5050 ns    Log    ID_SEQUENCER        TB seq.             Testing tracked_value equal to exp_value = '0' within the window
%%   5050 ns    Log    ID_SEQUENCER        TB seq.             Setting exp_value = '0'
%%   5100 ns    Log    ID_SEQUENCER        TB seq.             Hold '0' from 7-cycles to 10-cycles
%%   5200 ns    Log    ID_UVVM_ASSERTION   TB seq.(uvvm)       assert_value_from_min_to_max_cycles_after_trigger() => OK (first). tracked_value was equal to expected value in entire window. OK after 100 ns.
%%   5250 ns    Log    ID_SEQUENCER        TB seq.             Testing tracked_value equal to exp_value = '1' within the window /w min_cycles = 0
%%   5250 ns    Log    ID_SEQUENCER        TB seq.             Setting exp_value = '1'
%%   5300 ns    Log    ID_SEQUENCER        TB seq.             Setting min_cycles = 0, max_cycles = 4
%%   5350 ns    Log    ID_SEQUENCER        TB seq.             Hold '1' from 0-cycles to 4-cycles
%%   5390 ns    Log    ID_UVVM_ASSERTION   TB seq.(uvvm)       assert_value_from_min_to_max_cycles_after_trigger() => OK (first). tracked_value was equal to expected value in entire window. OK after 40 ns.
%%   5450 ns    Log    ID_SEQUENCER        TB seq.             Testing tracked_value equal to exp_value = '1' within the window /w min_cycles = max_cycles
%%   5450 ns    Log    ID_SEQUENCER        TB seq.             Setting min_cycles = 0, max_cycles = 0
%%   5500 ns    Log    ID_SEQUENCER        TB seq.             Hold '1' from 0-cycles to 0-cycles
%%   5500 ns    Log    ID_UVVM_ASSERTION   TB seq.(uvvm)       assert_value_from_min_to_max_cycles_after_trigger() => OK (first). tracked_value was equal to expected value in entire window. OK after 0 ns.
%%   5550 ns    Log    ID_SEQUENCER        TB seq.             Testing multiple triggers within the window
%%   5550 ns    Log    ID_SEQUENCER        TB seq.             Setting min_cycles = 1, max_cycles = 4
%%   5640 ns    Log    ID_UVVM_ASSERTION   TB seq.(uvvm)       assert_value_from_min_to_max_cycles_after_trigger() => OK (first). tracked_value was equal to expected value in entire window. OK after 40 ns.
%% 
%% 
%%   5710 ns    Log    ID_LOG_HDR          TB seq.             Testing Triggering Assertion (std_logic)
%% ----------------------------------------------------------------------------------------------------------------------------------------------------------------------------
%%   5710 ns    Log    ID_SEQUENCER        TB seq.             Testing all invalid bit patterns (containing at least one '0') within the window
%%   5710 ns    Log    ID_SEQUENCER        TB seq.             Setting min_cycles = 7, max_cycles = 10
%%   5760 ns    Log    ID_SEQUENCER        TB seq.             Testing the window, 7-cycles to 10-cycles
%%   5760 ns    Log    ID_SEQUENCER        TB seq.             Bit pattern: 0000
%%   5830 ns    Alert  ERROR               TB seq.(uvvm)       assert_value_from_min_to_max_cycles_after_trigger() => Failed. tracked_value (0) was not equal to 1 after 70 ns(7-cycles).
%%   5910 ns    Log    ID_SEQUENCER        TB seq.             Bit pattern: 0001
%%   5980 ns    Alert  ERROR               TB seq.(uvvm)       assert_value_from_min_to_max_cycles_after_trigger() => Failed. tracked_value (0) was not equal to 1 after 70 ns(7-cycles). pipe: (1).
%%   6060 ns    Log    ID_SEQUENCER        TB seq.             Bit pattern: 0010
%%   6130 ns    Alert  ERROR               TB seq.(uvvm)       assert_value_from_min_to_max_cycles_after_trigger() => Failed. tracked_value (0) was not equal to 1 after 70 ns(7-cycles). pipe: (2).
%%   6210 ns    Log    ID_SEQUENCER        TB seq.             Bit pattern: 0011
%%   6280 ns    Alert  ERROR               TB seq.(uvvm)       assert_value_from_min_to_max_cycles_after_trigger() => Failed. tracked_value (0) was not equal to 1 after 70 ns(7-cycles). pipe: (3).
%%   6360 ns    Log    ID_SEQUENCER        TB seq.             Bit pattern: 0100
%%   6430 ns    Alert  ERROR               TB seq.(uvvm)       assert_value_from_min_to_max_cycles_after_trigger() => Failed. tracked_value (0) was not equal to 1 after 70 ns(7-cycles). pipe: (4).
%%   6510 ns    Log    ID_SEQUENCER        TB seq.             Bit pattern: 0101
%%   6580 ns    Alert  ERROR               TB seq.(uvvm)       assert_value_from_min_to_max_cycles_after_trigger() => Failed. tracked_value (0) was not equal to 1 after 70 ns(7-cycles). pipe: (5).
%%   6660 ns    Log    ID_SEQUENCER        TB seq.             Bit pattern: 0110
%%   6730 ns    Alert  ERROR               TB seq.(uvvm)       assert_value_from_min_to_max_cycles_after_trigger() => Failed. tracked_value (0) was not equal to 1 after 70 ns(7-cycles). pipe: (6).
%%   6810 ns    Log    ID_SEQUENCER        TB seq.             Bit pattern: 0111
%%   6880 ns    Alert  ERROR               TB seq.(uvvm)       assert_value_from_min_to_max_cycles_after_trigger() => Failed. tracked_value (0) was not equal to 1 after 70 ns(7-cycles). pipe: (7).
%%   6960 ns    Log    ID_SEQUENCER        TB seq.             Bit pattern: 1000
%%   7040 ns    Alert  ERROR               TB seq.(uvvm)       assert_value_from_min_to_max_cycles_after_trigger() => Failed. tracked_value (0) was not equal to 1 after 80 ns(8-cycles). pipe: (8).
%%   7110 ns    Log    ID_SEQUENCER        TB seq.             Bit pattern: 1001
%%   7190 ns    Alert  ERROR               TB seq.(uvvm)       assert_value_from_min_to_max_cycles_after_trigger() => Failed. tracked_value (0) was not equal to 1 after 80 ns(8-cycles). pipe: (9).
%%   7260 ns    Log    ID_SEQUENCER        TB seq.             Bit pattern: 1010
%%   7340 ns    Alert  ERROR               TB seq.(uvvm)       assert_value_from_min_to_max_cycles_after_trigger() => Failed. tracked_value (0) was not equal to 1 after 80 ns(8-cycles). pipe: (10).
%%   7410 ns    Log    ID_SEQUENCER        TB seq.             Bit pattern: 1011
%%   7490 ns    Alert  ERROR               TB seq.(uvvm)       assert_value_from_min_to_max_cycles_after_trigger() => Failed. tracked_value (0) was not equal to 1 after 80 ns(8-cycles).
%%   7560 ns    Log    ID_SEQUENCER        TB seq.             Bit pattern: 1100
%%   7650 ns    Alert  ERROR               TB seq.(uvvm)       assert_value_from_min_to_max_cycles_after_trigger() => Failed. tracked_value (0) was not equal to 1 after 90 ns(9-cycles). pipe: (1).
%%   7710 ns    Log    ID_SEQUENCER        TB seq.             Bit pattern: 1101
%%   7800 ns    Alert  ERROR               TB seq.(uvvm)       assert_value_from_min_to_max_cycles_after_trigger() => Failed. tracked_value (0) was not equal to 1 after 90 ns(9-cycles). pipe: (2).
%%   7860 ns    Log    ID_SEQUENCER        TB seq.             Bit pattern: 1110
%%   7960 ns    Alert  ERROR               TB seq.(uvvm)       assert_value_from_min_to_max_cycles_after_trigger() => Failed. tracked_value (0) was not equal to 1 after 100 ns(10-cycles). pipe: (3).
%%   7960 ns    Log    ID_UVVM_ASSERTION   TB seq.(uvvm)       assert_value_from_min_to_max_cycles_after_trigger() => OK (first). tracked_value was equal to expected value in entire window. OK after 100 ns.
%%   8010 ns    Log    ID_SEQUENCER        TB seq.             Testing all invalid values within the window
%%   8010 ns    Log    ID_SEQUENCER        TB seq.             Hold 'U' from 7-cycles to 10-cycles
%%   8080 ns    Alert  ERROR               TB seq.(uvvm)       assert_value_from_min_to_max_cycles_after_trigger() => Failed. tracked_value (U) was not equal to 1 after 70 ns(7-cycles). pipe: (4).
%%   8160 ns    Log    ID_SEQUENCER        TB seq.             Hold 'X' from 7-cycles to 10-cycles
%%   8230 ns    Alert  ERROR               TB seq.(uvvm)       assert_value_from_min_to_max_cycles_after_trigger() => Failed. tracked_value (X) was not equal to 1 after 70 ns(7-cycles). pipe: (5).
%%   8310 ns    Log    ID_SEQUENCER        TB seq.             Hold '1' from 7-cycles to 10-cycles
%%   8460 ns    Log    ID_SEQUENCER        TB seq.             Hold '0' from 7-cycles to 10-cycles
%%   8530 ns    Alert  ERROR               TB seq.(uvvm)       assert_value_from_min_to_max_cycles_after_trigger() => Failed. tracked_value (0) was not equal to 1 after 70 ns(7-cycles). pipe: (7).
%%   8610 ns    Log    ID_SEQUENCER        TB seq.             Hold 'Z' from 7-cycles to 10-cycles
%%   8680 ns    Alert  ERROR               TB seq.(uvvm)       assert_value_from_min_to_max_cycles_after_trigger() => Failed. tracked_value (Z) was not equal to 1 after 70 ns(7-cycles). pipe: (8).
%%   8760 ns    Log    ID_SEQUENCER        TB seq.             Hold 'W' from 7-cycles to 10-cycles
%%   8830 ns    Alert  ERROR               TB seq.(uvvm)       assert_value_from_min_to_max_cycles_after_trigger() => Failed. tracked_value (W) was not equal to 1 after 70 ns(7-cycles). pipe: (9).
%%   8910 ns    Log    ID_SEQUENCER        TB seq.             Hold 'L' from 7-cycles to 10-cycles
%%   8980 ns    Alert  ERROR               TB seq.(uvvm)       assert_value_from_min_to_max_cycles_after_trigger() => Failed. tracked_value (L) was not equal to 1 after 70 ns(7-cycles). pipe: (10).
%%   9060 ns    Log    ID_SEQUENCER        TB seq.             Hold 'H' from 7-cycles to 10-cycles
%%   9130 ns    Alert  ERROR               TB seq.(uvvm)       assert_value_from_min_to_max_cycles_after_trigger() => Failed. tracked_value (H) was not equal to 1 after 70 ns(7-cycles).
%%   9210 ns    Log    ID_SEQUENCER        TB seq.             Testing triggering assert /w multiple triggers within the window
%%   9210 ns    Log    ID_SEQUENCER        TB seq.             Setting min_cycles = 1, max_cycles = 4
%%   9270 ns    Alert  ERROR               TB seq.(uvvm)       assert_value_from_min_to_max_cycles_after_trigger() => Failed. tracked_value (0) was not equal to 1 after 10 ns(1-cycles).
%%   9290 ns    Alert  ERROR               TB seq.(uvvm)       assert_value_from_min_to_max_cycles_after_trigger() => Failed. tracked_value (0) was not equal to 1 after 10 ns(1-cycles). pipe: (1).
%% 
%% 
%%   9330 ns    Log    ID_LOG_HDR          TB seq.             Testing pos_ack_kind: EVERY (std_logic)
%% ----------------------------------------------------------------------------------------------------------------------------------------------------------------------------
%%   9330 ns    Log    ID_SEQUENCER        TB seq.             Expecting a positive acknowledge on each successful window sequence
%%   9330 ns    Log    ID_SEQUENCER        TB seq.             Setting min_cycles = 10, max_cycles = 20
%%   9380 ns    Log    ID_SEQUENCER        TB seq.             Hold '1' from 10-cycles to 20-cycles
%%   9580 ns    Log    ID_UVVM_ASSERTION   TB seq.(uvvm)       assert_value_from_min_to_max_cycles_after_trigger() => OK. tracked_value was equal to expected value in entire window. OK after 200 ns.
%%   9630 ns    Log    ID_SEQUENCER        TB seq.             Setting min_cycles = 20, max_cycles = 30
%%   9680 ns    Log    ID_SEQUENCER        TB seq.             Hold '1' from 20-cycles to 30-cycles
%%   9980 ns    Log    ID_UVVM_ASSERTION   TB seq.(uvvm)       assert_value_from_min_to_max_cycles_after_trigger() => OK. tracked_value was equal to expected value in entire window. OK after 300 ns.
%%  10030 ns    Log    ID_SEQUENCER        TB seq.             Setting min_cycles = 30, max_cycles = 40
%%  10080 ns    Log    ID_SEQUENCER        TB seq.             Hold '1' from 30-cycles to 40-cycles
%%  10480 ns    Log    ID_UVVM_ASSERTION   TB seq.(uvvm)       assert_value_from_min_to_max_cycles_after_trigger() => OK. tracked_value was equal to expected value in entire window. OK after 400 ns.
%%  10530 ns    Log    ID_SEQUENCER        TB seq.             Setting min_cycles = 40, max_cycles = 50
%%  10580 ns    Log    ID_SEQUENCER        TB seq.             Hold '1' from 40-cycles to 50-cycles
%%  11080 ns    Log    ID_UVVM_ASSERTION   TB seq.(uvvm)       assert_value_from_min_to_max_cycles_after_trigger() => OK. tracked_value was equal to expected value in entire window. OK after 500 ns.
%% 
%% 
%%  11170 ns    Log    ID_LOG_HDR          TB seq.             Testing Assertion Enable (std_logic)
%% ----------------------------------------------------------------------------------------------------------------------------------------------------------------------------
%%  11170 ns    Log    ID_SEQUENCER        TB seq.             Assertion enabled as trigger is assigned, expecting alert when triggering assert
%%  11170 ns    Log    ID_SEQUENCER        TB seq.             Hold '0' from 40-cycles to 50-cycles
%%  11570 ns    Alert  ERROR               TB seq.(uvvm)       assert_value_from_min_to_max_cycles_after_trigger() => Failed. tracked_value (0) was not equal to 1 after 400 ns(40-cycles).
%%  11760 ns    Log    ID_SEQUENCER        TB seq.             Assertion enabled prior to trigger, expecting alert when triggering assert
%%  11770 ns    Log    ID_SEQUENCER        TB seq.             Hold '0' from 40-cycles to 50-cycles
%%  12170 ns    Alert  ERROR               TB seq.(uvvm)       assert_value_from_min_to_max_cycles_after_trigger() => Failed. tracked_value (0) was not equal to 1 after 400 ns(40-cycles).
%% 
%% 
%%  12320 ns    Log    ID_LOG_HDR          TB seq.             Testing CLK Disabled
%% ----------------------------------------------------------------------------------------------------------------------------------------------------------------------------
%%  12320 ns    Log    ID_SEQUENCER        TB seq.             Clock deactivated
%%  12360 ns    Log    ID_SEQUENCER        TB seq.             Triggering assertion while clk is disabled, expecting no behavior
%%  12400 ns    Log    ID_SEQUENCER        TB seq.             Hold '0' from 40-cycles to 50-cycles
%% 
%% ============================================================================================================================================================================
%%  *** INTERMEDIATE SUMMARY OF ALL ALERTS ***
%% ============================================================================================================================================================================
%%  12960 ns    DONE   NOCHECKS   assert_value_from_min_to_max_cycles_after_trigger  Passed: 0
%%    Expected      Failures: 0  Errors: -39  Warnings: 0  Passed: 0
%%    VHDL Asserts  Failures: 0  Errors: 0  Warnings: 0  Passed: 0
%%    Default       Failures: 0  Errors: 39  Warnings: 0  Passed: 0
%%    OSVVM         Failures: 0  Errors: 0  Warnings: 0  Passed: 0
%% ============================================================================================================================================================================
%% 
%% 
%% 
%%  12960 ns    Log    ID_LOG_HDR          TB seq.(uvvm)       SIMULATION COMPLETED
%% ----------------------------------------------------------------------------------------------------------------------------------------------------------------------------
