%%      0 ns    Log    ID_LOG_MSG_CTRL     TB seq.             disable_log_msg(ALL_MESSAGES).
%%      0 ns    Log    ID_LOG_MSG_CTRL     TB seq.             enable_log_msg(ID_LOG_HDR_LARGE).
%%      0 ns    Log    ID_LOG_MSG_CTRL     TB seq.             enable_log_msg(ID_LOG_HDR).
%%      0 ns    Log    ID_LOG_MSG_CTRL     TB seq.             enable_log_msg(ID_SEQUENCER).
%%      0 ns    Log    ID_LOG_MSG_CTRL     TB seq.             enable_log_msg(ID_UVVM_ASSERTION).
%% 
%% 
%% ============================================================================================================================================================================
%%    100 ns    Log    ID_LOG_HDR_LARGE    TB seq.(uvvm)       Testing the assertion: assert_stable_from_start_to_end_trigger
%% ============================================================================================================================================================================
%% 
%% 
%%    150 ns    Log    ID_LOG_HDR          TB seq.             Testing Normal Operation (std_logic_vector)
%% ----------------------------------------------------------------------------------------------------------------------------------------------------------------------------
%%    150 ns    Log    ID_SEQUENCER        TB seq.             Testing legal sequences (no std_logic_vector transitions) within the window
%%    150 ns    Log    ID_SEQUENCER        TB seq.             Hold "HHHH" from 0-cycle to 5-cycles
%%    200 ns    Log    ID_UVVM_ASSERTION   TB seq.(uvvm)       assert_stable_from_start_to_end_trigger() => OK (first). tracked_value was stable in window. OK after 50 ns.
%%    250 ns    Log    ID_SEQUENCER        TB seq.             Hold "LLLL" from 0-cycle to 5-cycles
%%    350 ns    Log    ID_SEQUENCER        TB seq.             Hold "WWWW" from 0-cycle to 5-cycles
%%    450 ns    Log    ID_SEQUENCER        TB seq.             Hold "ZZZZ" from 0-cycle to 5-cycles
%%    550 ns    Log    ID_SEQUENCER        TB seq.             Hold "0000" from 0-cycle to 5-cycles
%%    650 ns    Log    ID_SEQUENCER        TB seq.             Hold "1111" from 0-cycle to 5-cycles
%%    750 ns    Log    ID_SEQUENCER        TB seq.             Hold "XXXX" from 0-cycle to 5-cycles
%%    850 ns    Log    ID_SEQUENCER        TB seq.             Hold "UUUU" from 0-cycle to 5-cycles
%%    950 ns    Log    ID_SEQUENCER        TB seq.             Testing legal sequences (no std_logic_vector transitions) within the window /w start_trigger = end_trigger
%%    950 ns    Log    ID_SEQUENCER        TB seq.             Hold "HHHH" from 0-cycle to 0-cycles
%%   1000 ns    Log    ID_SEQUENCER        TB seq.             Hold "LLLL" from 0-cycle to 0-cycles
%%   1050 ns    Log    ID_SEQUENCER        TB seq.             Hold "WWWW" from 0-cycle to 0-cycles
%%   1100 ns    Log    ID_SEQUENCER        TB seq.             Hold "ZZZZ" from 0-cycle to 0-cycles
%%   1150 ns    Log    ID_SEQUENCER        TB seq.             Hold "0000" from 0-cycle to 0-cycles
%%   1200 ns    Log    ID_SEQUENCER        TB seq.             Hold "1111" from 0-cycle to 0-cycles
%%   1250 ns    Log    ID_SEQUENCER        TB seq.             Hold "XXXX" from 0-cycle to 0-cycles
%%   1300 ns    Log    ID_SEQUENCER        TB seq.             Hold "UUUU" from 0-cycle to 0-cycles
%%   1350 ns    Log    ID_SEQUENCER        TB seq.             Testing multiple triggers within the window
%%   1440 ns    Log    ID_UVVM_ASSERTION   TB seq.(uvvm)       assert_stable_from_start_to_end_trigger() => OK (first). tracked_value was stable in window. OK after 40 ns.
%% 
%% 
%%   1510 ns    Log    ID_LOG_HDR          TB seq.             Testing Triggering Assertion (std_logic_vector)
%% ----------------------------------------------------------------------------------------------------------------------------------------------------------------------------
%%   1510 ns    Log    ID_SEQUENCER        TB seq.             Testing invalid sequences (std_logic_vector transitions) within the window
%%   1510 ns    Log    ID_SEQUENCER        TB seq.             Change the value from "HHHH" to "LLLL", window (0-cycle to 5-cycles)
%%   1560 ns    Alert  ERROR               TB seq.(uvvm)       assert_stable_from_start_to_end_trigger() => Failed. tracked_value (LLLL) was not stable after 50 ns(5-cycles). pipe: (2).
%%   1610 ns    Log    ID_SEQUENCER        TB seq.             Change the value from "HHHH" to "WWWW", window (0-cycle to 5-cycles)
%%   1660 ns    Alert  ERROR               TB seq.(uvvm)       assert_stable_from_start_to_end_trigger() => Failed. tracked_value (WWWW) was not stable after 50 ns(5-cycles). pipe: (3).
%%   1710 ns    Log    ID_SEQUENCER        TB seq.             Change the value from "HHHH" to "ZZZZ", window (0-cycle to 5-cycles)
%%   1760 ns    Alert  ERROR               TB seq.(uvvm)       assert_stable_from_start_to_end_trigger() => Failed. tracked_value (ZZZZ) was not stable after 50 ns(5-cycles). pipe: (4).
%%   1810 ns    Log    ID_SEQUENCER        TB seq.             Change the value from "HHHH" to "0000", window (0-cycle to 5-cycles)
%%   1860 ns    Alert  ERROR               TB seq.(uvvm)       assert_stable_from_start_to_end_trigger() => Failed. tracked_value (0000) was not stable after 50 ns(5-cycles). pipe: (5).
%%   1910 ns    Log    ID_SEQUENCER        TB seq.             Change the value from "HHHH" to "1111", window (0-cycle to 5-cycles)
%%   1960 ns    Alert  ERROR               TB seq.(uvvm)       assert_stable_from_start_to_end_trigger() => Failed. tracked_value (1111) was not stable after 50 ns(5-cycles). pipe: (6).
%%   2010 ns    Log    ID_SEQUENCER        TB seq.             Change the value from "HHHH" to "XXXX", window (0-cycle to 5-cycles)
%%   2060 ns    Alert  ERROR               TB seq.(uvvm)       assert_stable_from_start_to_end_trigger() => Failed. tracked_value (XXXX) was not stable after 50 ns(5-cycles). pipe: (7).
%%   2110 ns    Log    ID_SEQUENCER        TB seq.             Change the value from "HHHH" to "UUUU", window (0-cycle to 5-cycles)
%%   2160 ns    Alert  ERROR               TB seq.(uvvm)       assert_stable_from_start_to_end_trigger() => Failed. tracked_value (UUUU) was not stable after 50 ns(5-cycles). pipe: (8).
%%   2210 ns    Log    ID_SEQUENCER        TB seq.             Change the value from "LLLL" to "HHHH", window (0-cycle to 5-cycles)
%%   2260 ns    Alert  ERROR               TB seq.(uvvm)       assert_stable_from_start_to_end_trigger() => Failed. tracked_value (HHHH) was not stable after 50 ns(5-cycles). pipe: (9).
%%   2310 ns    Log    ID_SEQUENCER        TB seq.             Change the value from "LLLL" to "WWWW", window (0-cycle to 5-cycles)
%%   2360 ns    Alert  ERROR               TB seq.(uvvm)       assert_stable_from_start_to_end_trigger() => Failed. tracked_value (WWWW) was not stable after 50 ns(5-cycles). pipe: (10).
%%   2410 ns    Log    ID_SEQUENCER        TB seq.             Change the value from "LLLL" to "ZZZZ", window (0-cycle to 5-cycles)
%%   2460 ns    Alert  ERROR               TB seq.(uvvm)       assert_stable_from_start_to_end_trigger() => Failed. tracked_value (ZZZZ) was not stable after 50 ns(5-cycles). pipe: (11).
%%   2510 ns    Log    ID_SEQUENCER        TB seq.             Change the value from "LLLL" to "0000", window (0-cycle to 5-cycles)
%%   2560 ns    Alert  ERROR               TB seq.(uvvm)       assert_stable_from_start_to_end_trigger() => Failed. tracked_value (0000) was not stable after 50 ns(5-cycles). pipe: (12).
%%   2610 ns    Log    ID_SEQUENCER        TB seq.             Change the value from "LLLL" to "1111", window (0-cycle to 5-cycles)
%%   2660 ns    Alert  ERROR               TB seq.(uvvm)       assert_stable_from_start_to_end_trigger() => Failed. tracked_value (1111) was not stable after 50 ns(5-cycles). pipe: (13).
%%   2710 ns    Log    ID_SEQUENCER        TB seq.             Change the value from "LLLL" to "XXXX", window (0-cycle to 5-cycles)
%%   2760 ns    Alert  ERROR               TB seq.(uvvm)       assert_stable_from_start_to_end_trigger() => Failed. tracked_value (XXXX) was not stable after 50 ns(5-cycles). pipe: (14).
%%   2810 ns    Log    ID_SEQUENCER        TB seq.             Change the value from "LLLL" to "UUUU", window (0-cycle to 5-cycles)
%%   2860 ns    Alert  ERROR               TB seq.(uvvm)       assert_stable_from_start_to_end_trigger() => Failed. tracked_value (UUUU) was not stable after 50 ns(5-cycles). pipe: (15).
%%   2910 ns    Log    ID_SEQUENCER        TB seq.             Change the value from "WWWW" to "HHHH", window (0-cycle to 5-cycles)
%%   2960 ns    Alert  ERROR               TB seq.(uvvm)       assert_stable_from_start_to_end_trigger() => Failed. tracked_value (HHHH) was not stable after 50 ns(5-cycles). pipe: (16).
%%   3010 ns    Log    ID_SEQUENCER        TB seq.             Change the value from "WWWW" to "LLLL", window (0-cycle to 5-cycles)
%%   3060 ns    Alert  ERROR               TB seq.(uvvm)       assert_stable_from_start_to_end_trigger() => Failed. tracked_value (LLLL) was not stable after 50 ns(5-cycles). pipe: (17).
%%   3110 ns    Log    ID_SEQUENCER        TB seq.             Change the value from "WWWW" to "ZZZZ", window (0-cycle to 5-cycles)
%%   3160 ns    Alert  ERROR               TB seq.(uvvm)       assert_stable_from_start_to_end_trigger() => Failed. tracked_value (ZZZZ) was not stable after 50 ns(5-cycles). pipe: (18).
%%   3210 ns    Log    ID_SEQUENCER        TB seq.             Change the value from "WWWW" to "0000", window (0-cycle to 5-cycles)
%%   3260 ns    Alert  ERROR               TB seq.(uvvm)       assert_stable_from_start_to_end_trigger() => Failed. tracked_value (0000) was not stable after 50 ns(5-cycles). pipe: (19).
%%   3310 ns    Log    ID_SEQUENCER        TB seq.             Change the value from "WWWW" to "1111", window (0-cycle to 5-cycles)
%%   3360 ns    Alert  ERROR               TB seq.(uvvm)       assert_stable_from_start_to_end_trigger() => Failed. tracked_value (1111) was not stable after 50 ns(5-cycles). pipe: (20).
%%   3410 ns    Log    ID_SEQUENCER        TB seq.             Change the value from "WWWW" to "XXXX", window (0-cycle to 5-cycles)
%%   3460 ns    Alert  ERROR               TB seq.(uvvm)       assert_stable_from_start_to_end_trigger() => Failed. tracked_value (XXXX) was not stable after 50 ns(5-cycles). pipe: (21).
%%   3510 ns    Log    ID_SEQUENCER        TB seq.             Change the value from "WWWW" to "UUUU", window (0-cycle to 5-cycles)
%%   3560 ns    Alert  ERROR               TB seq.(uvvm)       assert_stable_from_start_to_end_trigger() => Failed. tracked_value (UUUU) was not stable after 50 ns(5-cycles). pipe: (22).
%%   3610 ns    Log    ID_SEQUENCER        TB seq.             Change the value from "ZZZZ" to "HHHH", window (0-cycle to 5-cycles)
%%   3660 ns    Alert  ERROR               TB seq.(uvvm)       assert_stable_from_start_to_end_trigger() => Failed. tracked_value (HHHH) was not stable after 50 ns(5-cycles). pipe: (23).
%%   3710 ns    Log    ID_SEQUENCER        TB seq.             Change the value from "ZZZZ" to "LLLL", window (0-cycle to 5-cycles)
%%   3760 ns    Alert  ERROR               TB seq.(uvvm)       assert_stable_from_start_to_end_trigger() => Failed. tracked_value (LLLL) was not stable after 50 ns(5-cycles). pipe: (24).
%%   3810 ns    Log    ID_SEQUENCER        TB seq.             Change the value from "ZZZZ" to "WWWW", window (0-cycle to 5-cycles)
%%   3860 ns    Alert  ERROR               TB seq.(uvvm)       assert_stable_from_start_to_end_trigger() => Failed. tracked_value (WWWW) was not stable after 50 ns(5-cycles). pipe: (25).
%%   3910 ns    Log    ID_SEQUENCER        TB seq.             Change the value from "ZZZZ" to "0000", window (0-cycle to 5-cycles)
%%   3960 ns    Alert  ERROR               TB seq.(uvvm)       assert_stable_from_start_to_end_trigger() => Failed. tracked_value (0000) was not stable after 50 ns(5-cycles). pipe: (26).
%%   4010 ns    Log    ID_SEQUENCER        TB seq.             Change the value from "ZZZZ" to "1111", window (0-cycle to 5-cycles)
%%   4060 ns    Alert  ERROR               TB seq.(uvvm)       assert_stable_from_start_to_end_trigger() => Failed. tracked_value (1111) was not stable after 50 ns(5-cycles). pipe: (27).
%%   4110 ns    Log    ID_SEQUENCER        TB seq.             Change the value from "ZZZZ" to "XXXX", window (0-cycle to 5-cycles)
%%   4160 ns    Alert  ERROR               TB seq.(uvvm)       assert_stable_from_start_to_end_trigger() => Failed. tracked_value (XXXX) was not stable after 50 ns(5-cycles). pipe: (28).
%%   4210 ns    Log    ID_SEQUENCER        TB seq.             Change the value from "ZZZZ" to "UUUU", window (0-cycle to 5-cycles)
%%   4260 ns    Alert  ERROR               TB seq.(uvvm)       assert_stable_from_start_to_end_trigger() => Failed. tracked_value (UUUU) was not stable after 50 ns(5-cycles). pipe: (29).
%%   4310 ns    Log    ID_SEQUENCER        TB seq.             Change the value from "0000" to "HHHH", window (0-cycle to 5-cycles)
%%   4360 ns    Alert  ERROR               TB seq.(uvvm)       assert_stable_from_start_to_end_trigger() => Failed. tracked_value (HHHH) was not stable after 50 ns(5-cycles). pipe: (30).
%%   4410 ns    Log    ID_SEQUENCER        TB seq.             Change the value from "0000" to "LLLL", window (0-cycle to 5-cycles)
%%   4460 ns    Alert  ERROR               TB seq.(uvvm)       assert_stable_from_start_to_end_trigger() => Failed. tracked_value (LLLL) was not stable after 50 ns(5-cycles). pipe: (31).
%%   4510 ns    Log    ID_SEQUENCER        TB seq.             Change the value from "0000" to "WWWW", window (0-cycle to 5-cycles)
%%   4560 ns    Alert  ERROR               TB seq.(uvvm)       assert_stable_from_start_to_end_trigger() => Failed. tracked_value (WWWW) was not stable after 50 ns(5-cycles). pipe: (32).
%%   4610 ns    Log    ID_SEQUENCER        TB seq.             Change the value from "0000" to "ZZZZ", window (0-cycle to 5-cycles)
%%   4660 ns    Alert  ERROR               TB seq.(uvvm)       assert_stable_from_start_to_end_trigger() => Failed. tracked_value (ZZZZ) was not stable after 50 ns(5-cycles). pipe: (33).
%%   4710 ns    Log    ID_SEQUENCER        TB seq.             Change the value from "0000" to "1111", window (0-cycle to 5-cycles)
%%   4760 ns    Alert  ERROR               TB seq.(uvvm)       assert_stable_from_start_to_end_trigger() => Failed. tracked_value (1111) was not stable after 50 ns(5-cycles). pipe: (34).
%%   4810 ns    Log    ID_SEQUENCER        TB seq.             Change the value from "0000" to "XXXX", window (0-cycle to 5-cycles)
%%   4860 ns    Alert  ERROR               TB seq.(uvvm)       assert_stable_from_start_to_end_trigger() => Failed. tracked_value (XXXX) was not stable after 50 ns(5-cycles). pipe: (35).
%%   4910 ns    Log    ID_SEQUENCER        TB seq.             Change the value from "0000" to "UUUU", window (0-cycle to 5-cycles)
%%   4960 ns    Alert  ERROR               TB seq.(uvvm)       assert_stable_from_start_to_end_trigger() => Failed. tracked_value (UUUU) was not stable after 50 ns(5-cycles). pipe: (36).
%%   5010 ns    Log    ID_SEQUENCER        TB seq.             Change the value from "1111" to "HHHH", window (0-cycle to 5-cycles)
%%   5060 ns    Alert  ERROR               TB seq.(uvvm)       assert_stable_from_start_to_end_trigger() => Failed. tracked_value (HHHH) was not stable after 50 ns(5-cycles). pipe: (37).
%%   5110 ns    Log    ID_SEQUENCER        TB seq.             Change the value from "1111" to "LLLL", window (0-cycle to 5-cycles)
%%   5160 ns    Alert  ERROR               TB seq.(uvvm)       assert_stable_from_start_to_end_trigger() => Failed. tracked_value (LLLL) was not stable after 50 ns(5-cycles). pipe: (38).
%%   5210 ns    Log    ID_SEQUENCER        TB seq.             Change the value from "1111" to "WWWW", window (0-cycle to 5-cycles)
%%   5260 ns    Alert  ERROR               TB seq.(uvvm)       assert_stable_from_start_to_end_trigger() => Failed. tracked_value (WWWW) was not stable after 50 ns(5-cycles). pipe: (39).
%%   5310 ns    Log    ID_SEQUENCER        TB seq.             Change the value from "1111" to "ZZZZ", window (0-cycle to 5-cycles)
%%   5360 ns    Alert  ERROR               TB seq.(uvvm)       assert_stable_from_start_to_end_trigger() => Failed. tracked_value (ZZZZ) was not stable after 50 ns(5-cycles). pipe: (40).
%%   5410 ns    Log    ID_SEQUENCER        TB seq.             Change the value from "1111" to "0000", window (0-cycle to 5-cycles)
%%   5460 ns    Alert  ERROR               TB seq.(uvvm)       assert_stable_from_start_to_end_trigger() => Failed. tracked_value (0000) was not stable after 50 ns(5-cycles). pipe: (41).
%%   5510 ns    Log    ID_SEQUENCER        TB seq.             Change the value from "1111" to "XXXX", window (0-cycle to 5-cycles)
%%   5560 ns    Alert  ERROR               TB seq.(uvvm)       assert_stable_from_start_to_end_trigger() => Failed. tracked_value (XXXX) was not stable after 50 ns(5-cycles). pipe: (42).
%%   5610 ns    Log    ID_SEQUENCER        TB seq.             Change the value from "1111" to "UUUU", window (0-cycle to 5-cycles)
%%   5660 ns    Alert  ERROR               TB seq.(uvvm)       assert_stable_from_start_to_end_trigger() => Failed. tracked_value (UUUU) was not stable after 50 ns(5-cycles). pipe: (43).
%%   5710 ns    Log    ID_SEQUENCER        TB seq.             Change the value from "XXXX" to "HHHH", window (0-cycle to 5-cycles)
%%   5760 ns    Alert  ERROR               TB seq.(uvvm)       assert_stable_from_start_to_end_trigger() => Failed. tracked_value (HHHH) was not stable after 50 ns(5-cycles). pipe: (44).
%%   5810 ns    Log    ID_SEQUENCER        TB seq.             Change the value from "XXXX" to "LLLL", window (0-cycle to 5-cycles)
%%   5860 ns    Alert  ERROR               TB seq.(uvvm)       assert_stable_from_start_to_end_trigger() => Failed. tracked_value (LLLL) was not stable after 50 ns(5-cycles). pipe: (45).
%%   5910 ns    Log    ID_SEQUENCER        TB seq.             Change the value from "XXXX" to "WWWW", window (0-cycle to 5-cycles)
%%   5960 ns    Alert  ERROR               TB seq.(uvvm)       assert_stable_from_start_to_end_trigger() => Failed. tracked_value (WWWW) was not stable after 50 ns(5-cycles). pipe: (46).
%%   6010 ns    Log    ID_SEQUENCER        TB seq.             Change the value from "XXXX" to "ZZZZ", window (0-cycle to 5-cycles)
%%   6060 ns    Alert  ERROR               TB seq.(uvvm)       assert_stable_from_start_to_end_trigger() => Failed. tracked_value (ZZZZ) was not stable after 50 ns(5-cycles). pipe: (47).
%%   6110 ns    Log    ID_SEQUENCER        TB seq.             Change the value from "XXXX" to "0000", window (0-cycle to 5-cycles)
%%   6160 ns    Alert  ERROR               TB seq.(uvvm)       assert_stable_from_start_to_end_trigger() => Failed. tracked_value (0000) was not stable after 50 ns(5-cycles). pipe: (48).
%%   6210 ns    Log    ID_SEQUENCER        TB seq.             Change the value from "XXXX" to "1111", window (0-cycle to 5-cycles)
%%   6260 ns    Alert  ERROR               TB seq.(uvvm)       assert_stable_from_start_to_end_trigger() => Failed. tracked_value (1111) was not stable after 50 ns(5-cycles). pipe: (49).
%%   6310 ns    Log    ID_SEQUENCER        TB seq.             Change the value from "XXXX" to "UUUU", window (0-cycle to 5-cycles)
%%   6360 ns    Alert  ERROR               TB seq.(uvvm)       assert_stable_from_start_to_end_trigger() => Failed. tracked_value (UUUU) was not stable after 50 ns(5-cycles). pipe: (50).
%%   6410 ns    Log    ID_SEQUENCER        TB seq.             Change the value from "UUUU" to "HHHH", window (0-cycle to 5-cycles)
%%   6460 ns    Alert  ERROR               TB seq.(uvvm)       assert_stable_from_start_to_end_trigger() => Failed. tracked_value (HHHH) was not stable after 50 ns(5-cycles). pipe: (51).
%%   6510 ns    Log    ID_SEQUENCER        TB seq.             Change the value from "UUUU" to "LLLL", window (0-cycle to 5-cycles)
%%   6560 ns    Alert  ERROR               TB seq.(uvvm)       assert_stable_from_start_to_end_trigger() => Failed. tracked_value (LLLL) was not stable after 50 ns(5-cycles). pipe: (52).
%%   6610 ns    Log    ID_SEQUENCER        TB seq.             Change the value from "UUUU" to "WWWW", window (0-cycle to 5-cycles)
%%   6660 ns    Alert  ERROR               TB seq.(uvvm)       assert_stable_from_start_to_end_trigger() => Failed. tracked_value (WWWW) was not stable after 50 ns(5-cycles). pipe: (53).
%%   6710 ns    Log    ID_SEQUENCER        TB seq.             Change the value from "UUUU" to "ZZZZ", window (0-cycle to 5-cycles)
%%   6760 ns    Alert  ERROR               TB seq.(uvvm)       assert_stable_from_start_to_end_trigger() => Failed. tracked_value (ZZZZ) was not stable after 50 ns(5-cycles). pipe: (54).
%%   6810 ns    Log    ID_SEQUENCER        TB seq.             Change the value from "UUUU" to "0000", window (0-cycle to 5-cycles)
%%   6860 ns    Alert  ERROR               TB seq.(uvvm)       assert_stable_from_start_to_end_trigger() => Failed. tracked_value (0000) was not stable after 50 ns(5-cycles). pipe: (55).
%%   6910 ns    Log    ID_SEQUENCER        TB seq.             Change the value from "UUUU" to "1111", window (0-cycle to 5-cycles)
%%   6960 ns    Alert  ERROR               TB seq.(uvvm)       assert_stable_from_start_to_end_trigger() => Failed. tracked_value (1111) was not stable after 50 ns(5-cycles). pipe: (56).
%%   7010 ns    Log    ID_SEQUENCER        TB seq.             Change the value from "UUUU" to "XXXX", window (0-cycle to 5-cycles)
%%   7060 ns    Alert  ERROR               TB seq.(uvvm)       assert_stable_from_start_to_end_trigger() => Failed. tracked_value (XXXX) was not stable after 50 ns(5-cycles). pipe: (57).
%%   7110 ns    Log    ID_SEQUENCER        TB seq.             Testing triggering assert /w multiple triggers within the window
%%   7120 ns    Alert  ERROR               TB seq.(uvvm)       assert_stable_from_start_to_end_trigger() => Failed. tracked_value (1111) was not stable after 10 ns(1-cycles). pipe: (58).
%%   7140 ns    Alert  ERROR               TB seq.(uvvm)       assert_stable_from_start_to_end_trigger() => Failed. tracked_value (1111) was not stable after 10 ns(1-cycles). pipe: (59).
%% 
%% 
%%   7220 ns    Log    ID_LOG_HDR          TB seq.             Testing pos_ack_kind: EVERY (std_logic_vector)
%% ----------------------------------------------------------------------------------------------------------------------------------------------------------------------------
%%   7220 ns    Log    ID_SEQUENCER        TB seq.             Expecting a positive acknowledge on each successful window sequence
%%   7270 ns    Log    ID_SEQUENCER        TB seq.             Hold "1111" from 0-cycle to 5-cycles
%%   7320 ns    Log    ID_UVVM_ASSERTION   TB seq.(uvvm)       assert_stable_from_start_to_end_trigger() => OK. tracked_value was stable in window. OK after 50 ns.
%%   7370 ns    Log    ID_SEQUENCER        TB seq.             Hold "1111" from 0-cycle to 10-cycles
%%   7470 ns    Log    ID_UVVM_ASSERTION   TB seq.(uvvm)       assert_stable_from_start_to_end_trigger() => OK. tracked_value was stable in window. OK after 100 ns. pipe: (1).
%%   7520 ns    Log    ID_SEQUENCER        TB seq.             Hold "1111" from 0-cycle to 15-cycles
%%   7670 ns    Log    ID_UVVM_ASSERTION   TB seq.(uvvm)       assert_stable_from_start_to_end_trigger() => OK. tracked_value was stable in window. OK after 150 ns. pipe: (2).
%%   7720 ns    Log    ID_SEQUENCER        TB seq.             Hold "1111" from 0-cycle to 20-cycles
%%   7920 ns    Log    ID_UVVM_ASSERTION   TB seq.(uvvm)       assert_stable_from_start_to_end_trigger() => OK. tracked_value was stable in window. OK after 200 ns. pipe: (3).
%% 
%% 
%%   8060 ns    Log    ID_LOG_HDR          TB seq.             Testing Normal Operation (std_logic)
%% ----------------------------------------------------------------------------------------------------------------------------------------------------------------------------
%%   8060 ns    Log    ID_SEQUENCER        TB seq.             Testing all legal sequences (no std_logic transitions) within the window
%%   8060 ns    Log    ID_SEQUENCER        TB seq.             Hold 'U' from 0-cycle to 5-cycles
%%   8110 ns    Log    ID_UVVM_ASSERTION   TB seq.(uvvm)       assert_stable_from_start_to_end_trigger() => OK (first). tracked_value was stable in window. OK after 50 ns.
%%   8160 ns    Log    ID_SEQUENCER        TB seq.             Hold 'X' from 0-cycle to 5-cycles
%%   8260 ns    Log    ID_SEQUENCER        TB seq.             Hold '1' from 0-cycle to 5-cycles
%%   8360 ns    Log    ID_SEQUENCER        TB seq.             Hold '0' from 0-cycle to 5-cycles
%%   8460 ns    Log    ID_SEQUENCER        TB seq.             Hold 'Z' from 0-cycle to 5-cycles
%%   8560 ns    Log    ID_SEQUENCER        TB seq.             Hold 'W' from 0-cycle to 5-cycles
%%   8660 ns    Log    ID_SEQUENCER        TB seq.             Hold 'L' from 0-cycle to 5-cycles
%%   8760 ns    Log    ID_SEQUENCER        TB seq.             Hold 'H' from 0-cycle to 5-cycles
%%   8860 ns    Log    ID_SEQUENCER        TB seq.             Testing all legal sequences (no std_logic transitions) within the window /w start_trigger = end_trigger
%%   8860 ns    Log    ID_SEQUENCER        TB seq.             Hold 'U' from 0-cycle to 0-cycles
%%   8910 ns    Log    ID_SEQUENCER        TB seq.             Hold 'X' from 0-cycle to 0-cycles
%%   8960 ns    Log    ID_SEQUENCER        TB seq.             Hold '1' from 0-cycle to 0-cycles
%%   9010 ns    Log    ID_SEQUENCER        TB seq.             Hold '0' from 0-cycle to 0-cycles
%%   9060 ns    Log    ID_SEQUENCER        TB seq.             Hold 'Z' from 0-cycle to 0-cycles
%%   9110 ns    Log    ID_SEQUENCER        TB seq.             Hold 'W' from 0-cycle to 0-cycles
%%   9160 ns    Log    ID_SEQUENCER        TB seq.             Hold 'L' from 0-cycle to 0-cycles
%%   9210 ns    Log    ID_SEQUENCER        TB seq.             Hold 'H' from 0-cycle to 0-cycles
%%   9260 ns    Log    ID_SEQUENCER        TB seq.             Testing multiple triggers within the window
%%   9350 ns    Log    ID_UVVM_ASSERTION   TB seq.(uvvm)       assert_stable_from_start_to_end_trigger() => OK (first). tracked_value was stable in window. OK after 40 ns.
%% 
%% 
%%   9420 ns    Log    ID_LOG_HDR          TB seq.             Testing Triggering Assertion (std_logic)
%% ----------------------------------------------------------------------------------------------------------------------------------------------------------------------------
%%   9420 ns    Log    ID_SEQUENCER        TB seq.             Testing all invalid sequences (std_logic transitions) within the window
%%   9420 ns    Log    ID_SEQUENCER        TB seq.             Change the value from 'U' to 'X', window (0-cycle to 5-cycles)
%%   9470 ns    Alert  ERROR               TB seq.(uvvm)       assert_stable_from_start_to_end_trigger() => Failed. tracked_value (X) was not stable after 50 ns(5-cycles). pipe: (2).
%%   9520 ns    Log    ID_SEQUENCER        TB seq.             Change the value from 'U' to '1', window (0-cycle to 5-cycles)
%%   9570 ns    Alert  ERROR               TB seq.(uvvm)       assert_stable_from_start_to_end_trigger() => Failed. tracked_value (1) was not stable after 50 ns(5-cycles). pipe: (3).
%%   9620 ns    Log    ID_SEQUENCER        TB seq.             Change the value from 'U' to '0', window (0-cycle to 5-cycles)
%%   9670 ns    Alert  ERROR               TB seq.(uvvm)       assert_stable_from_start_to_end_trigger() => Failed. tracked_value (0) was not stable after 50 ns(5-cycles). pipe: (4).
%%   9720 ns    Log    ID_SEQUENCER        TB seq.             Change the value from 'U' to 'Z', window (0-cycle to 5-cycles)
%%   9770 ns    Alert  ERROR               TB seq.(uvvm)       assert_stable_from_start_to_end_trigger() => Failed. tracked_value (Z) was not stable after 50 ns(5-cycles). pipe: (5).
%%   9820 ns    Log    ID_SEQUENCER        TB seq.             Change the value from 'U' to 'W', window (0-cycle to 5-cycles)
%%   9870 ns    Alert  ERROR               TB seq.(uvvm)       assert_stable_from_start_to_end_trigger() => Failed. tracked_value (W) was not stable after 50 ns(5-cycles). pipe: (6).
%%   9920 ns    Log    ID_SEQUENCER        TB seq.             Change the value from 'U' to 'L', window (0-cycle to 5-cycles)
%%   9970 ns    Alert  ERROR               TB seq.(uvvm)       assert_stable_from_start_to_end_trigger() => Failed. tracked_value (L) was not stable after 50 ns(5-cycles). pipe: (7).
%%  10020 ns    Log    ID_SEQUENCER        TB seq.             Change the value from 'U' to 'H', window (0-cycle to 5-cycles)
%%  10070 ns    Alert  ERROR               TB seq.(uvvm)       assert_stable_from_start_to_end_trigger() => Failed. tracked_value (H) was not stable after 50 ns(5-cycles). pipe: (8).
%%  10120 ns    Log    ID_SEQUENCER        TB seq.             Change the value from 'X' to 'U', window (0-cycle to 5-cycles)
%%  10170 ns    Alert  ERROR               TB seq.(uvvm)       assert_stable_from_start_to_end_trigger() => Failed. tracked_value (U) was not stable after 50 ns(5-cycles). pipe: (9).
%%  10220 ns    Log    ID_SEQUENCER        TB seq.             Change the value from 'X' to '1', window (0-cycle to 5-cycles)
%%  10270 ns    Alert  ERROR               TB seq.(uvvm)       assert_stable_from_start_to_end_trigger() => Failed. tracked_value (1) was not stable after 50 ns(5-cycles). pipe: (10).
%%  10320 ns    Log    ID_SEQUENCER        TB seq.             Change the value from 'X' to '0', window (0-cycle to 5-cycles)
%%  10370 ns    Alert  ERROR               TB seq.(uvvm)       assert_stable_from_start_to_end_trigger() => Failed. tracked_value (0) was not stable after 50 ns(5-cycles). pipe: (11).
%%  10420 ns    Log    ID_SEQUENCER        TB seq.             Change the value from 'X' to 'Z', window (0-cycle to 5-cycles)
%%  10470 ns    Alert  ERROR               TB seq.(uvvm)       assert_stable_from_start_to_end_trigger() => Failed. tracked_value (Z) was not stable after 50 ns(5-cycles). pipe: (12).
%%  10520 ns    Log    ID_SEQUENCER        TB seq.             Change the value from 'X' to 'W', window (0-cycle to 5-cycles)
%%  10570 ns    Alert  ERROR               TB seq.(uvvm)       assert_stable_from_start_to_end_trigger() => Failed. tracked_value (W) was not stable after 50 ns(5-cycles). pipe: (13).
%%  10620 ns    Log    ID_SEQUENCER        TB seq.             Change the value from 'X' to 'L', window (0-cycle to 5-cycles)
%%  10670 ns    Alert  ERROR               TB seq.(uvvm)       assert_stable_from_start_to_end_trigger() => Failed. tracked_value (L) was not stable after 50 ns(5-cycles). pipe: (14).
%%  10720 ns    Log    ID_SEQUENCER        TB seq.             Change the value from 'X' to 'H', window (0-cycle to 5-cycles)
%%  10770 ns    Alert  ERROR               TB seq.(uvvm)       assert_stable_from_start_to_end_trigger() => Failed. tracked_value (H) was not stable after 50 ns(5-cycles). pipe: (15).
%%  10820 ns    Log    ID_SEQUENCER        TB seq.             Change the value from '1' to 'U', window (0-cycle to 5-cycles)
%%  10870 ns    Alert  ERROR               TB seq.(uvvm)       assert_stable_from_start_to_end_trigger() => Failed. tracked_value (U) was not stable after 50 ns(5-cycles). pipe: (16).
%%  10920 ns    Log    ID_SEQUENCER        TB seq.             Change the value from '1' to 'X', window (0-cycle to 5-cycles)
%%  10970 ns    Alert  ERROR               TB seq.(uvvm)       assert_stable_from_start_to_end_trigger() => Failed. tracked_value (X) was not stable after 50 ns(5-cycles). pipe: (17).
%%  11020 ns    Log    ID_SEQUENCER        TB seq.             Change the value from '1' to '0', window (0-cycle to 5-cycles)
%%  11070 ns    Alert  ERROR               TB seq.(uvvm)       assert_stable_from_start_to_end_trigger() => Failed. tracked_value (0) was not stable after 50 ns(5-cycles). pipe: (18).
%%  11120 ns    Log    ID_SEQUENCER        TB seq.             Change the value from '1' to 'Z', window (0-cycle to 5-cycles)
%%  11170 ns    Alert  ERROR               TB seq.(uvvm)       assert_stable_from_start_to_end_trigger() => Failed. tracked_value (Z) was not stable after 50 ns(5-cycles). pipe: (19).
%%  11220 ns    Log    ID_SEQUENCER        TB seq.             Change the value from '1' to 'W', window (0-cycle to 5-cycles)
%%  11270 ns    Alert  ERROR               TB seq.(uvvm)       assert_stable_from_start_to_end_trigger() => Failed. tracked_value (W) was not stable after 50 ns(5-cycles). pipe: (20).
%%  11320 ns    Log    ID_SEQUENCER        TB seq.             Change the value from '1' to 'L', window (0-cycle to 5-cycles)
%%  11370 ns    Alert  ERROR               TB seq.(uvvm)       assert_stable_from_start_to_end_trigger() => Failed. tracked_value (L) was not stable after 50 ns(5-cycles). pipe: (21).
%%  11420 ns    Log    ID_SEQUENCER        TB seq.             Change the value from '1' to 'H', window (0-cycle to 5-cycles)
%%  11470 ns    Alert  ERROR               TB seq.(uvvm)       assert_stable_from_start_to_end_trigger() => Failed. tracked_value (H) was not stable after 50 ns(5-cycles). pipe: (22).
%%  11520 ns    Log    ID_SEQUENCER        TB seq.             Change the value from '0' to 'U', window (0-cycle to 5-cycles)
%%  11570 ns    Alert  ERROR               TB seq.(uvvm)       assert_stable_from_start_to_end_trigger() => Failed. tracked_value (U) was not stable after 50 ns(5-cycles). pipe: (23).
%%  11620 ns    Log    ID_SEQUENCER        TB seq.             Change the value from '0' to 'X', window (0-cycle to 5-cycles)
%%  11670 ns    Alert  ERROR               TB seq.(uvvm)       assert_stable_from_start_to_end_trigger() => Failed. tracked_value (X) was not stable after 50 ns(5-cycles). pipe: (24).
%%  11720 ns    Log    ID_SEQUENCER        TB seq.             Change the value from '0' to '1', window (0-cycle to 5-cycles)
%%  11770 ns    Alert  ERROR               TB seq.(uvvm)       assert_stable_from_start_to_end_trigger() => Failed. tracked_value (1) was not stable after 50 ns(5-cycles). pipe: (25).
%%  11820 ns    Log    ID_SEQUENCER        TB seq.             Change the value from '0' to 'Z', window (0-cycle to 5-cycles)
%%  11870 ns    Alert  ERROR               TB seq.(uvvm)       assert_stable_from_start_to_end_trigger() => Failed. tracked_value (Z) was not stable after 50 ns(5-cycles). pipe: (26).
%%  11920 ns    Log    ID_SEQUENCER        TB seq.             Change the value from '0' to 'W', window (0-cycle to 5-cycles)
%%  11970 ns    Alert  ERROR               TB seq.(uvvm)       assert_stable_from_start_to_end_trigger() => Failed. tracked_value (W) was not stable after 50 ns(5-cycles). pipe: (27).
%%  12020 ns    Log    ID_SEQUENCER        TB seq.             Change the value from '0' to 'L', window (0-cycle to 5-cycles)
%%  12070 ns    Alert  ERROR               TB seq.(uvvm)       assert_stable_from_start_to_end_trigger() => Failed. tracked_value (L) was not stable after 50 ns(5-cycles). pipe: (28).
%%  12120 ns    Log    ID_SEQUENCER        TB seq.             Change the value from '0' to 'H', window (0-cycle to 5-cycles)
%%  12170 ns    Alert  ERROR               TB seq.(uvvm)       assert_stable_from_start_to_end_trigger() => Failed. tracked_value (H) was not stable after 50 ns(5-cycles). pipe: (29).
%%  12220 ns    Log    ID_SEQUENCER        TB seq.             Change the value from 'Z' to 'U', window (0-cycle to 5-cycles)
%%  12270 ns    Alert  ERROR               TB seq.(uvvm)       assert_stable_from_start_to_end_trigger() => Failed. tracked_value (U) was not stable after 50 ns(5-cycles). pipe: (30).
%%  12320 ns    Log    ID_SEQUENCER        TB seq.             Change the value from 'Z' to 'X', window (0-cycle to 5-cycles)
%%  12370 ns    Alert  ERROR               TB seq.(uvvm)       assert_stable_from_start_to_end_trigger() => Failed. tracked_value (X) was not stable after 50 ns(5-cycles). pipe: (31).
%%  12420 ns    Log    ID_SEQUENCER        TB seq.             Change the value from 'Z' to '1', window (0-cycle to 5-cycles)
%%  12470 ns    Alert  ERROR               TB seq.(uvvm)       assert_stable_from_start_to_end_trigger() => Failed. tracked_value (1) was not stable after 50 ns(5-cycles). pipe: (32).
%%  12520 ns    Log    ID_SEQUENCER        TB seq.             Change the value from 'Z' to '0', window (0-cycle to 5-cycles)
%%  12570 ns    Alert  ERROR               TB seq.(uvvm)       assert_stable_from_start_to_end_trigger() => Failed. tracked_value (0) was not stable after 50 ns(5-cycles). pipe: (33).
%%  12620 ns    Log    ID_SEQUENCER        TB seq.             Change the value from 'Z' to 'W', window (0-cycle to 5-cycles)
%%  12670 ns    Alert  ERROR               TB seq.(uvvm)       assert_stable_from_start_to_end_trigger() => Failed. tracked_value (W) was not stable after 50 ns(5-cycles). pipe: (34).
%%  12720 ns    Log    ID_SEQUENCER        TB seq.             Change the value from 'Z' to 'L', window (0-cycle to 5-cycles)
%%  12770 ns    Alert  ERROR               TB seq.(uvvm)       assert_stable_from_start_to_end_trigger() => Failed. tracked_value (L) was not stable after 50 ns(5-cycles). pipe: (35).
%%  12820 ns    Log    ID_SEQUENCER        TB seq.             Change the value from 'Z' to 'H', window (0-cycle to 5-cycles)
%%  12870 ns    Alert  ERROR               TB seq.(uvvm)       assert_stable_from_start_to_end_trigger() => Failed. tracked_value (H) was not stable after 50 ns(5-cycles). pipe: (36).
%%  12920 ns    Log    ID_SEQUENCER        TB seq.             Change the value from 'W' to 'U', window (0-cycle to 5-cycles)
%%  12970 ns    Alert  ERROR               TB seq.(uvvm)       assert_stable_from_start_to_end_trigger() => Failed. tracked_value (U) was not stable after 50 ns(5-cycles). pipe: (37).
%%  13020 ns    Log    ID_SEQUENCER        TB seq.             Change the value from 'W' to 'X', window (0-cycle to 5-cycles)
%%  13070 ns    Alert  ERROR               TB seq.(uvvm)       assert_stable_from_start_to_end_trigger() => Failed. tracked_value (X) was not stable after 50 ns(5-cycles). pipe: (38).
%%  13120 ns    Log    ID_SEQUENCER        TB seq.             Change the value from 'W' to '1', window (0-cycle to 5-cycles)
%%  13170 ns    Alert  ERROR               TB seq.(uvvm)       assert_stable_from_start_to_end_trigger() => Failed. tracked_value (1) was not stable after 50 ns(5-cycles). pipe: (39).
%%  13220 ns    Log    ID_SEQUENCER        TB seq.             Change the value from 'W' to '0', window (0-cycle to 5-cycles)
%%  13270 ns    Alert  ERROR               TB seq.(uvvm)       assert_stable_from_start_to_end_trigger() => Failed. tracked_value (0) was not stable after 50 ns(5-cycles). pipe: (40).
%%  13320 ns    Log    ID_SEQUENCER        TB seq.             Change the value from 'W' to 'Z', window (0-cycle to 5-cycles)
%%  13370 ns    Alert  ERROR               TB seq.(uvvm)       assert_stable_from_start_to_end_trigger() => Failed. tracked_value (Z) was not stable after 50 ns(5-cycles). pipe: (41).
%%  13420 ns    Log    ID_SEQUENCER        TB seq.             Change the value from 'W' to 'L', window (0-cycle to 5-cycles)
%%  13470 ns    Alert  ERROR               TB seq.(uvvm)       assert_stable_from_start_to_end_trigger() => Failed. tracked_value (L) was not stable after 50 ns(5-cycles). pipe: (42).
%%  13520 ns    Log    ID_SEQUENCER        TB seq.             Change the value from 'W' to 'H', window (0-cycle to 5-cycles)
%%  13570 ns    Alert  ERROR               TB seq.(uvvm)       assert_stable_from_start_to_end_trigger() => Failed. tracked_value (H) was not stable after 50 ns(5-cycles). pipe: (43).
%%  13620 ns    Log    ID_SEQUENCER        TB seq.             Change the value from 'L' to 'U', window (0-cycle to 5-cycles)
%%  13670 ns    Alert  ERROR               TB seq.(uvvm)       assert_stable_from_start_to_end_trigger() => Failed. tracked_value (U) was not stable after 50 ns(5-cycles). pipe: (44).
%%  13720 ns    Log    ID_SEQUENCER        TB seq.             Change the value from 'L' to 'X', window (0-cycle to 5-cycles)
%%  13770 ns    Alert  ERROR               TB seq.(uvvm)       assert_stable_from_start_to_end_trigger() => Failed. tracked_value (X) was not stable after 50 ns(5-cycles). pipe: (45).
%%  13820 ns    Log    ID_SEQUENCER        TB seq.             Change the value from 'L' to '1', window (0-cycle to 5-cycles)
%%  13870 ns    Alert  ERROR               TB seq.(uvvm)       assert_stable_from_start_to_end_trigger() => Failed. tracked_value (1) was not stable after 50 ns(5-cycles). pipe: (46).
%%  13920 ns    Log    ID_SEQUENCER        TB seq.             Change the value from 'L' to '0', window (0-cycle to 5-cycles)
%%  13970 ns    Alert  ERROR               TB seq.(uvvm)       assert_stable_from_start_to_end_trigger() => Failed. tracked_value (0) was not stable after 50 ns(5-cycles). pipe: (47).
%%  14020 ns    Log    ID_SEQUENCER        TB seq.             Change the value from 'L' to 'Z', window (0-cycle to 5-cycles)
%%  14070 ns    Alert  ERROR               TB seq.(uvvm)       assert_stable_from_start_to_end_trigger() => Failed. tracked_value (Z) was not stable after 50 ns(5-cycles). pipe: (48).
%%  14120 ns    Log    ID_SEQUENCER        TB seq.             Change the value from 'L' to 'W', window (0-cycle to 5-cycles)
%%  14170 ns    Alert  ERROR               TB seq.(uvvm)       assert_stable_from_start_to_end_trigger() => Failed. tracked_value (W) was not stable after 50 ns(5-cycles). pipe: (49).
%%  14220 ns    Log    ID_SEQUENCER        TB seq.             Change the value from 'L' to 'H', window (0-cycle to 5-cycles)
%%  14270 ns    Alert  ERROR               TB seq.(uvvm)       assert_stable_from_start_to_end_trigger() => Failed. tracked_value (H) was not stable after 50 ns(5-cycles). pipe: (50).
%%  14320 ns    Log    ID_SEQUENCER        TB seq.             Change the value from 'H' to 'U', window (0-cycle to 5-cycles)
%%  14370 ns    Alert  ERROR               TB seq.(uvvm)       assert_stable_from_start_to_end_trigger() => Failed. tracked_value (U) was not stable after 50 ns(5-cycles). pipe: (51).
%%  14420 ns    Log    ID_SEQUENCER        TB seq.             Change the value from 'H' to 'X', window (0-cycle to 5-cycles)
%%  14470 ns    Alert  ERROR               TB seq.(uvvm)       assert_stable_from_start_to_end_trigger() => Failed. tracked_value (X) was not stable after 50 ns(5-cycles). pipe: (52).
%%  14520 ns    Log    ID_SEQUENCER        TB seq.             Change the value from 'H' to '1', window (0-cycle to 5-cycles)
%%  14570 ns    Alert  ERROR               TB seq.(uvvm)       assert_stable_from_start_to_end_trigger() => Failed. tracked_value (1) was not stable after 50 ns(5-cycles). pipe: (53).
%%  14620 ns    Log    ID_SEQUENCER        TB seq.             Change the value from 'H' to '0', window (0-cycle to 5-cycles)
%%  14670 ns    Alert  ERROR               TB seq.(uvvm)       assert_stable_from_start_to_end_trigger() => Failed. tracked_value (0) was not stable after 50 ns(5-cycles). pipe: (54).
%%  14720 ns    Log    ID_SEQUENCER        TB seq.             Change the value from 'H' to 'Z', window (0-cycle to 5-cycles)
%%  14770 ns    Alert  ERROR               TB seq.(uvvm)       assert_stable_from_start_to_end_trigger() => Failed. tracked_value (Z) was not stable after 50 ns(5-cycles). pipe: (55).
%%  14820 ns    Log    ID_SEQUENCER        TB seq.             Change the value from 'H' to 'W', window (0-cycle to 5-cycles)
%%  14870 ns    Alert  ERROR               TB seq.(uvvm)       assert_stable_from_start_to_end_trigger() => Failed. tracked_value (W) was not stable after 50 ns(5-cycles). pipe: (56).
%%  14920 ns    Log    ID_SEQUENCER        TB seq.             Change the value from 'H' to 'L', window (0-cycle to 5-cycles)
%%  14970 ns    Alert  ERROR               TB seq.(uvvm)       assert_stable_from_start_to_end_trigger() => Failed. tracked_value (L) was not stable after 50 ns(5-cycles). pipe: (57).
%%  15020 ns    Log    ID_SEQUENCER        TB seq.             Testing triggering assert /w multiple triggers within the window
%%  15030 ns    Alert  ERROR               TB seq.(uvvm)       assert_stable_from_start_to_end_trigger() => Failed. tracked_value (1) was not stable after 10 ns(1-cycles). pipe: (58).
%%  15050 ns    Alert  ERROR               TB seq.(uvvm)       assert_stable_from_start_to_end_trigger() => Failed. tracked_value (1) was not stable after 10 ns(1-cycles). pipe: (59).
%% 
%% 
%%  15130 ns    Log    ID_LOG_HDR          TB seq.             Testing pos_ack_kind: EVERY (std_logic)
%% ----------------------------------------------------------------------------------------------------------------------------------------------------------------------------
%%  15130 ns    Log    ID_SEQUENCER        TB seq.             Expecting a positive acknowledge on each successful window sequence
%%  15180 ns    Log    ID_SEQUENCER        TB seq.             Hold '1' from 0-cycle to 5-cycles
%%  15230 ns    Log    ID_UVVM_ASSERTION   TB seq.(uvvm)       assert_stable_from_start_to_end_trigger() => OK. tracked_value was stable in window. OK after 50 ns.
%%  15280 ns    Log    ID_SEQUENCER        TB seq.             Hold '1' from 0-cycle to 10-cycles
%%  15380 ns    Log    ID_UVVM_ASSERTION   TB seq.(uvvm)       assert_stable_from_start_to_end_trigger() => OK. tracked_value was stable in window. OK after 100 ns. pipe: (1).
%%  15430 ns    Log    ID_SEQUENCER        TB seq.             Hold '1' from 0-cycle to 15-cycles
%%  15580 ns    Log    ID_UVVM_ASSERTION   TB seq.(uvvm)       assert_stable_from_start_to_end_trigger() => OK. tracked_value was stable in window. OK after 150 ns. pipe: (2).
%%  15630 ns    Log    ID_SEQUENCER        TB seq.             Hold '1' from 0-cycle to 20-cycles
%%  15830 ns    Log    ID_UVVM_ASSERTION   TB seq.(uvvm)       assert_stable_from_start_to_end_trigger() => OK. tracked_value was stable in window. OK after 200 ns. pipe: (3).
%% 
%% 
%%  15920 ns    Log    ID_LOG_HDR          TB seq.             Testing Assertion Enable (std_logic)
%% ----------------------------------------------------------------------------------------------------------------------------------------------------------------------------
%%  15920 ns    Log    ID_SEQUENCER        TB seq.             Assertion enabled as trigger is assigned, expecting alert when triggering assert
%%  15920 ns    Log    ID_SEQUENCER        TB seq.             Change the value from 'U' to '1', window (0-cycle to 5-cycles)
%%  15970 ns    Alert  ERROR               TB seq.(uvvm)       assert_stable_from_start_to_end_trigger() => Failed. tracked_value (1) was not stable after 50 ns(5-cycles).
%%  16060 ns    Log    ID_SEQUENCER        TB seq.             Assertion enabled prior to trigger, expecting alert when triggering assert
%%  16070 ns    Log    ID_SEQUENCER        TB seq.             Change the value from 'U' to '1', window (0-cycle to 5-cycles)
%%  16120 ns    Alert  ERROR               TB seq.(uvvm)       assert_stable_from_start_to_end_trigger() => Failed. tracked_value (1) was not stable after 50 ns(5-cycles).
%% 
%% 
%%  16170 ns    Log    ID_LOG_HDR          TB seq.             Testing CLK Disabled
%% ----------------------------------------------------------------------------------------------------------------------------------------------------------------------------
%%  16170 ns    Log    ID_SEQUENCER        TB seq.             Clock deactivated
%%  16210 ns    Log    ID_SEQUENCER        TB seq.             Triggering assertion while clk is disabled, expecting no behavior
%%  16250 ns    Log    ID_SEQUENCER        TB seq.             Change the value from 'U' to '1', window (0-cycle to 5-cycles)
%% 
%% ============================================================================================================================================================================
%%  *** INTERMEDIATE SUMMARY OF ALL ALERTS ***
%% ============================================================================================================================================================================
%%  16360 ns    DONE   NOCHECKS   assert_stable_from_start_to_end_trigger  Passed: 0
%%    Expected      Failures: 0  Errors: -118  Warnings: 0  Passed: 0
%%    VHDL Asserts  Failures: 0  Errors: 0  Warnings: 0  Passed: 0
%%    Default       Failures: 0  Errors: 118  Warnings: 0  Passed: 0
%%    OSVVM         Failures: 0  Errors: 0  Warnings: 0  Passed: 0
%% ============================================================================================================================================================================
%% 
%% 
%% 
%%  16360 ns    Log    ID_LOG_HDR          TB seq.(uvvm)       SIMULATION COMPLETED
%% ----------------------------------------------------------------------------------------------------------------------------------------------------------------------------
