%%      0 ns    Log    ID_LOG_MSG_CTRL     TB seq.             disable_log_msg(ALL_MESSAGES).
%%      0 ns    Log    ID_LOG_MSG_CTRL     TB seq.             enable_log_msg(ID_LOG_HDR_LARGE).
%%      0 ns    Log    ID_LOG_MSG_CTRL     TB seq.             enable_log_msg(ID_LOG_HDR).
%%      0 ns    Log    ID_LOG_MSG_CTRL     TB seq.             enable_log_msg(ID_SEQUENCER).
%%      0 ns    Log    ID_LOG_MSG_CTRL     TB seq.             enable_log_msg(ID_UVVM_ASSERTION).
%% 
%% 
%% ============================================================================================================================================================================
%%    100 ns    Log    ID_LOG_HDR_LARGE    TB seq.(uvvm)       Testing the assertion: assert_stable_from_min_to_max_cycles_after_trigger
%% ============================================================================================================================================================================
%% 
%% 
%%    140 ns    Log    ID_LOG_HDR          TB seq.             Testing Normal Operation (std_logic_vector)
%% ----------------------------------------------------------------------------------------------------------------------------------------------------------------------------
%%    140 ns    Log    ID_SEQUENCER        TB seq.             Testing legal sequences (no std_logic_vector transitions) within the window
%%    140 ns    Log    ID_SEQUENCER        TB seq.             Setting min_cycles = 7, max_cycles = 10
%%    190 ns    Log    ID_SEQUENCER        TB seq.             Hold "HHHH" from 7-cycles to 10-cycles
%%    340 ns    Log    ID_SEQUENCER        TB seq.             Hold "LLLL" from 7-cycles to 10-cycles
%%    490 ns    Log    ID_SEQUENCER        TB seq.             Hold "WWWW" from 7-cycles to 10-cycles
%%    640 ns    Log    ID_SEQUENCER        TB seq.             Hold "ZZZZ" from 7-cycles to 10-cycles
%%    790 ns    Log    ID_SEQUENCER        TB seq.             Hold "0000" from 7-cycles to 10-cycles
%%    940 ns    Log    ID_SEQUENCER        TB seq.             Hold "1111" from 7-cycles to 10-cycles
%%   1090 ns    Log    ID_SEQUENCER        TB seq.             Hold "XXXX" from 7-cycles to 10-cycles
%%   1240 ns    Log    ID_SEQUENCER        TB seq.             Hold "UUUU" from 7-cycles to 10-cycles
%%   1390 ns    Log    ID_SEQUENCER        TB seq.             Testing legal sequences (no std_logic_vector transitions) within the window /w min_cycles = 0
%%   1390 ns    Log    ID_SEQUENCER        TB seq.             Setting min_cycles = 0, max_cycles = 5
%%   1440 ns    Log    ID_SEQUENCER        TB seq.             Hold "HHHH" from 0-cycles to 5-cycles
%%   1550 ns    Log    ID_SEQUENCER        TB seq.             Hold "LLLL" from 0-cycles to 5-cycles
%%   1660 ns    Log    ID_SEQUENCER        TB seq.             Hold "WWWW" from 0-cycles to 5-cycles
%%   1770 ns    Log    ID_SEQUENCER        TB seq.             Hold "ZZZZ" from 0-cycles to 5-cycles
%%   1880 ns    Log    ID_SEQUENCER        TB seq.             Hold "0000" from 0-cycles to 5-cycles
%%   1990 ns    Log    ID_SEQUENCER        TB seq.             Hold "1111" from 0-cycles to 5-cycles
%%   2100 ns    Log    ID_SEQUENCER        TB seq.             Hold "XXXX" from 0-cycles to 5-cycles
%%   2210 ns    Log    ID_SEQUENCER        TB seq.             Hold "UUUU" from 0-cycles to 5-cycles
%%   2320 ns    Log    ID_SEQUENCER        TB seq.             Testing legal sequences (no std_logic_vector transitions) within the window /w min_cycles = max_cycles
%%   2320 ns    Log    ID_SEQUENCER        TB seq.             Setting min_cycles = 0, max_cycles = 0
%%   2370 ns    Log    ID_SEQUENCER        TB seq.             Hold "HHHH" from 0-cycles to 0-cycles
%%   2370 ns    Log    ID_UVVM_ASSERTION   TB seq.(uvvm)       assert_stable_from_min_to_max_cycles_after_trigger() => OK (first). tracked_value was stable in window. OK after 0 ns.
%%   2420 ns    Log    ID_SEQUENCER        TB seq.             Hold "LLLL" from 0-cycles to 0-cycles
%%   2470 ns    Log    ID_SEQUENCER        TB seq.             Hold "WWWW" from 0-cycles to 0-cycles
%%   2520 ns    Log    ID_SEQUENCER        TB seq.             Hold "ZZZZ" from 0-cycles to 0-cycles
%%   2570 ns    Log    ID_SEQUENCER        TB seq.             Hold "0000" from 0-cycles to 0-cycles
%%   2620 ns    Log    ID_SEQUENCER        TB seq.             Hold "1111" from 0-cycles to 0-cycles
%%   2670 ns    Log    ID_SEQUENCER        TB seq.             Hold "XXXX" from 0-cycles to 0-cycles
%%   2720 ns    Log    ID_SEQUENCER        TB seq.             Hold "UUUU" from 0-cycles to 0-cycles
%%   2770 ns    Log    ID_SEQUENCER        TB seq.             Testing multiple triggers within the window
%%   2770 ns    Log    ID_SEQUENCER        TB seq.             Setting min_cycles = 1, max_cycles = 4
%% 
%% 
%%   2930 ns    Log    ID_LOG_HDR          TB seq.             Testing Triggering Assertion (std_logic_vector)
%% ----------------------------------------------------------------------------------------------------------------------------------------------------------------------------
%%   2930 ns    Log    ID_SEQUENCER        TB seq.             Testing invalid sequences (std_logic_vector transitions) within the window
%%   2930 ns    Log    ID_SEQUENCER        TB seq.             Setting min_cycles = 7, max_cycles = 10
%%   2980 ns    Log    ID_SEQUENCER        TB seq.             Change the value from "HHHH" to "LLLL", window (7-cycles to 10-cycles)
%%   3070 ns    Alert  ERROR               TB seq.(uvvm)       assert_stable_from_min_to_max_cycles_after_trigger() => Failed. tracked_value (LLLL) was not stable after 90 ns(9-cycles).
%%   3120 ns    Log    ID_SEQUENCER        TB seq.             Change the value from "HHHH" to "WWWW", window (7-cycles to 10-cycles)
%%   3210 ns    Alert  ERROR               TB seq.(uvvm)       assert_stable_from_min_to_max_cycles_after_trigger() => Failed. tracked_value (WWWW) was not stable after 90 ns(9-cycles). pipe: (1).
%%   3260 ns    Log    ID_SEQUENCER        TB seq.             Change the value from "HHHH" to "ZZZZ", window (7-cycles to 10-cycles)
%%   3350 ns    Alert  ERROR               TB seq.(uvvm)       assert_stable_from_min_to_max_cycles_after_trigger() => Failed. tracked_value (ZZZZ) was not stable after 90 ns(9-cycles). pipe: (2).
%%   3400 ns    Log    ID_SEQUENCER        TB seq.             Change the value from "HHHH" to "0000", window (7-cycles to 10-cycles)
%%   3490 ns    Alert  ERROR               TB seq.(uvvm)       assert_stable_from_min_to_max_cycles_after_trigger() => Failed. tracked_value (0000) was not stable after 90 ns(9-cycles). pipe: (3).
%%   3540 ns    Log    ID_SEQUENCER        TB seq.             Change the value from "HHHH" to "1111", window (7-cycles to 10-cycles)
%%   3630 ns    Alert  ERROR               TB seq.(uvvm)       assert_stable_from_min_to_max_cycles_after_trigger() => Failed. tracked_value (1111) was not stable after 90 ns(9-cycles). pipe: (4).
%%   3680 ns    Log    ID_SEQUENCER        TB seq.             Change the value from "HHHH" to "XXXX", window (7-cycles to 10-cycles)
%%   3770 ns    Alert  ERROR               TB seq.(uvvm)       assert_stable_from_min_to_max_cycles_after_trigger() => Failed. tracked_value (XXXX) was not stable after 90 ns(9-cycles). pipe: (5).
%%   3820 ns    Log    ID_SEQUENCER        TB seq.             Change the value from "HHHH" to "UUUU", window (7-cycles to 10-cycles)
%%   3910 ns    Alert  ERROR               TB seq.(uvvm)       assert_stable_from_min_to_max_cycles_after_trigger() => Failed. tracked_value (UUUU) was not stable after 90 ns(9-cycles). pipe: (6).
%%   3960 ns    Log    ID_SEQUENCER        TB seq.             Change the value from "LLLL" to "HHHH", window (7-cycles to 10-cycles)
%%   4050 ns    Alert  ERROR               TB seq.(uvvm)       assert_stable_from_min_to_max_cycles_after_trigger() => Failed. tracked_value (HHHH) was not stable after 90 ns(9-cycles). pipe: (7).
%%   4100 ns    Log    ID_SEQUENCER        TB seq.             Change the value from "LLLL" to "WWWW", window (7-cycles to 10-cycles)
%%   4190 ns    Alert  ERROR               TB seq.(uvvm)       assert_stable_from_min_to_max_cycles_after_trigger() => Failed. tracked_value (WWWW) was not stable after 90 ns(9-cycles). pipe: (8).
%%   4240 ns    Log    ID_SEQUENCER        TB seq.             Change the value from "LLLL" to "ZZZZ", window (7-cycles to 10-cycles)
%%   4330 ns    Alert  ERROR               TB seq.(uvvm)       assert_stable_from_min_to_max_cycles_after_trigger() => Failed. tracked_value (ZZZZ) was not stable after 90 ns(9-cycles). pipe: (9).
%%   4380 ns    Log    ID_SEQUENCER        TB seq.             Change the value from "LLLL" to "0000", window (7-cycles to 10-cycles)
%%   4470 ns    Alert  ERROR               TB seq.(uvvm)       assert_stable_from_min_to_max_cycles_after_trigger() => Failed. tracked_value (0000) was not stable after 90 ns(9-cycles). pipe: (10).
%%   4520 ns    Log    ID_SEQUENCER        TB seq.             Change the value from "LLLL" to "1111", window (7-cycles to 10-cycles)
%%   4610 ns    Alert  ERROR               TB seq.(uvvm)       assert_stable_from_min_to_max_cycles_after_trigger() => Failed. tracked_value (1111) was not stable after 90 ns(9-cycles).
%%   4660 ns    Log    ID_SEQUENCER        TB seq.             Change the value from "LLLL" to "XXXX", window (7-cycles to 10-cycles)
%%   4750 ns    Alert  ERROR               TB seq.(uvvm)       assert_stable_from_min_to_max_cycles_after_trigger() => Failed. tracked_value (XXXX) was not stable after 90 ns(9-cycles). pipe: (1).
%%   4800 ns    Log    ID_SEQUENCER        TB seq.             Change the value from "LLLL" to "UUUU", window (7-cycles to 10-cycles)
%%   4890 ns    Alert  ERROR               TB seq.(uvvm)       assert_stable_from_min_to_max_cycles_after_trigger() => Failed. tracked_value (UUUU) was not stable after 90 ns(9-cycles). pipe: (2).
%%   4940 ns    Log    ID_SEQUENCER        TB seq.             Change the value from "WWWW" to "HHHH", window (7-cycles to 10-cycles)
%%   5030 ns    Alert  ERROR               TB seq.(uvvm)       assert_stable_from_min_to_max_cycles_after_trigger() => Failed. tracked_value (HHHH) was not stable after 90 ns(9-cycles). pipe: (3).
%%   5080 ns    Log    ID_SEQUENCER        TB seq.             Change the value from "WWWW" to "LLLL", window (7-cycles to 10-cycles)
%%   5170 ns    Alert  ERROR               TB seq.(uvvm)       assert_stable_from_min_to_max_cycles_after_trigger() => Failed. tracked_value (LLLL) was not stable after 90 ns(9-cycles). pipe: (4).
%%   5220 ns    Log    ID_SEQUENCER        TB seq.             Change the value from "WWWW" to "ZZZZ", window (7-cycles to 10-cycles)
%%   5310 ns    Alert  ERROR               TB seq.(uvvm)       assert_stable_from_min_to_max_cycles_after_trigger() => Failed. tracked_value (ZZZZ) was not stable after 90 ns(9-cycles). pipe: (5).
%%   5360 ns    Log    ID_SEQUENCER        TB seq.             Change the value from "WWWW" to "0000", window (7-cycles to 10-cycles)
%%   5450 ns    Alert  ERROR               TB seq.(uvvm)       assert_stable_from_min_to_max_cycles_after_trigger() => Failed. tracked_value (0000) was not stable after 90 ns(9-cycles). pipe: (6).
%%   5500 ns    Log    ID_SEQUENCER        TB seq.             Change the value from "WWWW" to "1111", window (7-cycles to 10-cycles)
%%   5590 ns    Alert  ERROR               TB seq.(uvvm)       assert_stable_from_min_to_max_cycles_after_trigger() => Failed. tracked_value (1111) was not stable after 90 ns(9-cycles). pipe: (7).
%%   5640 ns    Log    ID_SEQUENCER        TB seq.             Change the value from "WWWW" to "XXXX", window (7-cycles to 10-cycles)
%%   5730 ns    Alert  ERROR               TB seq.(uvvm)       assert_stable_from_min_to_max_cycles_after_trigger() => Failed. tracked_value (XXXX) was not stable after 90 ns(9-cycles). pipe: (8).
%%   5780 ns    Log    ID_SEQUENCER        TB seq.             Change the value from "WWWW" to "UUUU", window (7-cycles to 10-cycles)
%%   5870 ns    Alert  ERROR               TB seq.(uvvm)       assert_stable_from_min_to_max_cycles_after_trigger() => Failed. tracked_value (UUUU) was not stable after 90 ns(9-cycles). pipe: (9).
%%   5920 ns    Log    ID_SEQUENCER        TB seq.             Change the value from "ZZZZ" to "HHHH", window (7-cycles to 10-cycles)
%%   6010 ns    Alert  ERROR               TB seq.(uvvm)       assert_stable_from_min_to_max_cycles_after_trigger() => Failed. tracked_value (HHHH) was not stable after 90 ns(9-cycles). pipe: (10).
%%   6060 ns    Log    ID_SEQUENCER        TB seq.             Change the value from "ZZZZ" to "LLLL", window (7-cycles to 10-cycles)
%%   6150 ns    Alert  ERROR               TB seq.(uvvm)       assert_stable_from_min_to_max_cycles_after_trigger() => Failed. tracked_value (LLLL) was not stable after 90 ns(9-cycles).
%%   6200 ns    Log    ID_SEQUENCER        TB seq.             Change the value from "ZZZZ" to "WWWW", window (7-cycles to 10-cycles)
%%   6290 ns    Alert  ERROR               TB seq.(uvvm)       assert_stable_from_min_to_max_cycles_after_trigger() => Failed. tracked_value (WWWW) was not stable after 90 ns(9-cycles). pipe: (1).
%%   6340 ns    Log    ID_SEQUENCER        TB seq.             Change the value from "ZZZZ" to "0000", window (7-cycles to 10-cycles)
%%   6430 ns    Alert  ERROR               TB seq.(uvvm)       assert_stable_from_min_to_max_cycles_after_trigger() => Failed. tracked_value (0000) was not stable after 90 ns(9-cycles). pipe: (2).
%%   6480 ns    Log    ID_SEQUENCER        TB seq.             Change the value from "ZZZZ" to "1111", window (7-cycles to 10-cycles)
%%   6570 ns    Alert  ERROR               TB seq.(uvvm)       assert_stable_from_min_to_max_cycles_after_trigger() => Failed. tracked_value (1111) was not stable after 90 ns(9-cycles). pipe: (3).
%%   6620 ns    Log    ID_SEQUENCER        TB seq.             Change the value from "ZZZZ" to "XXXX", window (7-cycles to 10-cycles)
%%   6710 ns    Alert  ERROR               TB seq.(uvvm)       assert_stable_from_min_to_max_cycles_after_trigger() => Failed. tracked_value (XXXX) was not stable after 90 ns(9-cycles). pipe: (4).
%%   6760 ns    Log    ID_SEQUENCER        TB seq.             Change the value from "ZZZZ" to "UUUU", window (7-cycles to 10-cycles)
%%   6850 ns    Alert  ERROR               TB seq.(uvvm)       assert_stable_from_min_to_max_cycles_after_trigger() => Failed. tracked_value (UUUU) was not stable after 90 ns(9-cycles). pipe: (5).
%%   6900 ns    Log    ID_SEQUENCER        TB seq.             Change the value from "0000" to "HHHH", window (7-cycles to 10-cycles)
%%   6990 ns    Alert  ERROR               TB seq.(uvvm)       assert_stable_from_min_to_max_cycles_after_trigger() => Failed. tracked_value (HHHH) was not stable after 90 ns(9-cycles). pipe: (6).
%%   7040 ns    Log    ID_SEQUENCER        TB seq.             Change the value from "0000" to "LLLL", window (7-cycles to 10-cycles)
%%   7130 ns    Alert  ERROR               TB seq.(uvvm)       assert_stable_from_min_to_max_cycles_after_trigger() => Failed. tracked_value (LLLL) was not stable after 90 ns(9-cycles). pipe: (7).
%%   7180 ns    Log    ID_SEQUENCER        TB seq.             Change the value from "0000" to "WWWW", window (7-cycles to 10-cycles)
%%   7270 ns    Alert  ERROR               TB seq.(uvvm)       assert_stable_from_min_to_max_cycles_after_trigger() => Failed. tracked_value (WWWW) was not stable after 90 ns(9-cycles). pipe: (8).
%%   7320 ns    Log    ID_SEQUENCER        TB seq.             Change the value from "0000" to "ZZZZ", window (7-cycles to 10-cycles)
%%   7410 ns    Alert  ERROR               TB seq.(uvvm)       assert_stable_from_min_to_max_cycles_after_trigger() => Failed. tracked_value (ZZZZ) was not stable after 90 ns(9-cycles). pipe: (9).
%%   7460 ns    Log    ID_SEQUENCER        TB seq.             Change the value from "0000" to "1111", window (7-cycles to 10-cycles)
%%   7550 ns    Alert  ERROR               TB seq.(uvvm)       assert_stable_from_min_to_max_cycles_after_trigger() => Failed. tracked_value (1111) was not stable after 90 ns(9-cycles). pipe: (10).
%%   7600 ns    Log    ID_SEQUENCER        TB seq.             Change the value from "0000" to "XXXX", window (7-cycles to 10-cycles)
%%   7690 ns    Alert  ERROR               TB seq.(uvvm)       assert_stable_from_min_to_max_cycles_after_trigger() => Failed. tracked_value (XXXX) was not stable after 90 ns(9-cycles).
%%   7740 ns    Log    ID_SEQUENCER        TB seq.             Change the value from "0000" to "UUUU", window (7-cycles to 10-cycles)
%%   7830 ns    Alert  ERROR               TB seq.(uvvm)       assert_stable_from_min_to_max_cycles_after_trigger() => Failed. tracked_value (UUUU) was not stable after 90 ns(9-cycles). pipe: (1).
%%   7880 ns    Log    ID_SEQUENCER        TB seq.             Change the value from "1111" to "HHHH", window (7-cycles to 10-cycles)
%%   7970 ns    Alert  ERROR               TB seq.(uvvm)       assert_stable_from_min_to_max_cycles_after_trigger() => Failed. tracked_value (HHHH) was not stable after 90 ns(9-cycles). pipe: (2).
%%   8020 ns    Log    ID_SEQUENCER        TB seq.             Change the value from "1111" to "LLLL", window (7-cycles to 10-cycles)
%%   8110 ns    Alert  ERROR               TB seq.(uvvm)       assert_stable_from_min_to_max_cycles_after_trigger() => Failed. tracked_value (LLLL) was not stable after 90 ns(9-cycles). pipe: (3).
%%   8160 ns    Log    ID_SEQUENCER        TB seq.             Change the value from "1111" to "WWWW", window (7-cycles to 10-cycles)
%%   8250 ns    Alert  ERROR               TB seq.(uvvm)       assert_stable_from_min_to_max_cycles_after_trigger() => Failed. tracked_value (WWWW) was not stable after 90 ns(9-cycles). pipe: (4).
%%   8300 ns    Log    ID_SEQUENCER        TB seq.             Change the value from "1111" to "ZZZZ", window (7-cycles to 10-cycles)
%%   8390 ns    Alert  ERROR               TB seq.(uvvm)       assert_stable_from_min_to_max_cycles_after_trigger() => Failed. tracked_value (ZZZZ) was not stable after 90 ns(9-cycles). pipe: (5).
%%   8440 ns    Log    ID_SEQUENCER        TB seq.             Change the value from "1111" to "0000", window (7-cycles to 10-cycles)
%%   8530 ns    Alert  ERROR               TB seq.(uvvm)       assert_stable_from_min_to_max_cycles_after_trigger() => Failed. tracked_value (0000) was not stable after 90 ns(9-cycles). pipe: (6).
%%   8580 ns    Log    ID_SEQUENCER        TB seq.             Change the value from "1111" to "XXXX", window (7-cycles to 10-cycles)
%%   8670 ns    Alert  ERROR               TB seq.(uvvm)       assert_stable_from_min_to_max_cycles_after_trigger() => Failed. tracked_value (XXXX) was not stable after 90 ns(9-cycles). pipe: (7).
%%   8720 ns    Log    ID_SEQUENCER        TB seq.             Change the value from "1111" to "UUUU", window (7-cycles to 10-cycles)
%%   8810 ns    Alert  ERROR               TB seq.(uvvm)       assert_stable_from_min_to_max_cycles_after_trigger() => Failed. tracked_value (UUUU) was not stable after 90 ns(9-cycles). pipe: (8).
%%   8860 ns    Log    ID_SEQUENCER        TB seq.             Change the value from "XXXX" to "HHHH", window (7-cycles to 10-cycles)
%%   8950 ns    Alert  ERROR               TB seq.(uvvm)       assert_stable_from_min_to_max_cycles_after_trigger() => Failed. tracked_value (HHHH) was not stable after 90 ns(9-cycles). pipe: (9).
%%   9000 ns    Log    ID_SEQUENCER        TB seq.             Change the value from "XXXX" to "LLLL", window (7-cycles to 10-cycles)
%%   9090 ns    Alert  ERROR               TB seq.(uvvm)       assert_stable_from_min_to_max_cycles_after_trigger() => Failed. tracked_value (LLLL) was not stable after 90 ns(9-cycles). pipe: (10).
%%   9140 ns    Log    ID_SEQUENCER        TB seq.             Change the value from "XXXX" to "WWWW", window (7-cycles to 10-cycles)
%%   9230 ns    Alert  ERROR               TB seq.(uvvm)       assert_stable_from_min_to_max_cycles_after_trigger() => Failed. tracked_value (WWWW) was not stable after 90 ns(9-cycles).
%%   9280 ns    Log    ID_SEQUENCER        TB seq.             Change the value from "XXXX" to "ZZZZ", window (7-cycles to 10-cycles)
%%   9370 ns    Alert  ERROR               TB seq.(uvvm)       assert_stable_from_min_to_max_cycles_after_trigger() => Failed. tracked_value (ZZZZ) was not stable after 90 ns(9-cycles). pipe: (1).
%%   9420 ns    Log    ID_SEQUENCER        TB seq.             Change the value from "XXXX" to "0000", window (7-cycles to 10-cycles)
%%   9510 ns    Alert  ERROR               TB seq.(uvvm)       assert_stable_from_min_to_max_cycles_after_trigger() => Failed. tracked_value (0000) was not stable after 90 ns(9-cycles). pipe: (2).
%%   9560 ns    Log    ID_SEQUENCER        TB seq.             Change the value from "XXXX" to "1111", window (7-cycles to 10-cycles)
%%   9650 ns    Alert  ERROR               TB seq.(uvvm)       assert_stable_from_min_to_max_cycles_after_trigger() => Failed. tracked_value (1111) was not stable after 90 ns(9-cycles). pipe: (3).
%%   9700 ns    Log    ID_SEQUENCER        TB seq.             Change the value from "XXXX" to "UUUU", window (7-cycles to 10-cycles)
%%   9790 ns    Alert  ERROR               TB seq.(uvvm)       assert_stable_from_min_to_max_cycles_after_trigger() => Failed. tracked_value (UUUU) was not stable after 90 ns(9-cycles). pipe: (4).
%%   9840 ns    Log    ID_SEQUENCER        TB seq.             Change the value from "UUUU" to "HHHH", window (7-cycles to 10-cycles)
%%   9930 ns    Alert  ERROR               TB seq.(uvvm)       assert_stable_from_min_to_max_cycles_after_trigger() => Failed. tracked_value (HHHH) was not stable after 90 ns(9-cycles). pipe: (5).
%%   9980 ns    Log    ID_SEQUENCER        TB seq.             Change the value from "UUUU" to "LLLL", window (7-cycles to 10-cycles)
%%  10070 ns    Alert  ERROR               TB seq.(uvvm)       assert_stable_from_min_to_max_cycles_after_trigger() => Failed. tracked_value (LLLL) was not stable after 90 ns(9-cycles). pipe: (6).
%%  10120 ns    Log    ID_SEQUENCER        TB seq.             Change the value from "UUUU" to "WWWW", window (7-cycles to 10-cycles)
%%  10210 ns    Alert  ERROR               TB seq.(uvvm)       assert_stable_from_min_to_max_cycles_after_trigger() => Failed. tracked_value (WWWW) was not stable after 90 ns(9-cycles). pipe: (7).
%%  10260 ns    Log    ID_SEQUENCER        TB seq.             Change the value from "UUUU" to "ZZZZ", window (7-cycles to 10-cycles)
%%  10350 ns    Alert  ERROR               TB seq.(uvvm)       assert_stable_from_min_to_max_cycles_after_trigger() => Failed. tracked_value (ZZZZ) was not stable after 90 ns(9-cycles). pipe: (8).
%%  10400 ns    Log    ID_SEQUENCER        TB seq.             Change the value from "UUUU" to "0000", window (7-cycles to 10-cycles)
%%  10490 ns    Alert  ERROR               TB seq.(uvvm)       assert_stable_from_min_to_max_cycles_after_trigger() => Failed. tracked_value (0000) was not stable after 90 ns(9-cycles). pipe: (9).
%%  10540 ns    Log    ID_SEQUENCER        TB seq.             Change the value from "UUUU" to "1111", window (7-cycles to 10-cycles)
%%  10630 ns    Alert  ERROR               TB seq.(uvvm)       assert_stable_from_min_to_max_cycles_after_trigger() => Failed. tracked_value (1111) was not stable after 90 ns(9-cycles). pipe: (10).
%%  10680 ns    Log    ID_SEQUENCER        TB seq.             Change the value from "UUUU" to "XXXX", window (7-cycles to 10-cycles)
%%  10770 ns    Alert  ERROR               TB seq.(uvvm)       assert_stable_from_min_to_max_cycles_after_trigger() => Failed. tracked_value (XXXX) was not stable after 90 ns(9-cycles).
%%  10820 ns    Log    ID_SEQUENCER        TB seq.             Testing triggering assert /w multiple triggers within the window
%%  10820 ns    Log    ID_SEQUENCER        TB seq.             Setting min_cycles = 1, max_cycles = 4
%%  10880 ns    Alert  ERROR               TB seq.(uvvm)       assert_stable_from_min_to_max_cycles_after_trigger() => Failed. tracked_value (1111) was not stable after 10 ns(1-cycles).
%%  10900 ns    Alert  ERROR               TB seq.(uvvm)       assert_stable_from_min_to_max_cycles_after_trigger() => Failed. tracked_value (1111) was not stable after 10 ns(1-cycles). pipe: (1).
%% 
%% 
%%  10980 ns    Log    ID_LOG_HDR          TB seq.             Testing pos_ack_kind: EVERY (std_logic_vector)
%% ----------------------------------------------------------------------------------------------------------------------------------------------------------------------------
%%  10980 ns    Log    ID_SEQUENCER        TB seq.             Expecting a positive acknowledge on each successful window sequence
%%  10980 ns    Log    ID_SEQUENCER        TB seq.             Setting min_cycles = 0, max_cycles = 10
%%  11030 ns    Log    ID_SEQUENCER        TB seq.             Hold "1111" from 0-cycles to 10-cycles
%%  11190 ns    Log    ID_SEQUENCER        TB seq.             Setting min_cycles = 10, max_cycles = 20
%%  11240 ns    Log    ID_SEQUENCER        TB seq.             Hold "1111" from 10-cycles to 20-cycles
%%  11490 ns    Log    ID_SEQUENCER        TB seq.             Setting min_cycles = 20, max_cycles = 30
%%  11540 ns    Log    ID_SEQUENCER        TB seq.             Hold "1111" from 20-cycles to 30-cycles
%%  11890 ns    Log    ID_SEQUENCER        TB seq.             Setting min_cycles = 30, max_cycles = 40
%%  11940 ns    Log    ID_SEQUENCER        TB seq.             Hold "1111" from 30-cycles to 40-cycles
%% 
%% 
%%  12470 ns    Log    ID_LOG_HDR          TB seq.             Testing Normal Operation (std_logic)
%% ----------------------------------------------------------------------------------------------------------------------------------------------------------------------------
%%  12470 ns    Log    ID_SEQUENCER        TB seq.             Testing all legal sequences (no std_logic transitions) within the window
%%  12470 ns    Log    ID_SEQUENCER        TB seq.             Setting min_cycles = 7, max_cycles = 10
%%  12520 ns    Log    ID_SEQUENCER        TB seq.             Hold 'U' from 7-cycles to 10-cycles
%%  12670 ns    Log    ID_SEQUENCER        TB seq.             Hold 'X' from 7-cycles to 10-cycles
%%  12820 ns    Log    ID_SEQUENCER        TB seq.             Hold '1' from 7-cycles to 10-cycles
%%  12970 ns    Log    ID_SEQUENCER        TB seq.             Hold '0' from 7-cycles to 10-cycles
%%  13120 ns    Log    ID_SEQUENCER        TB seq.             Hold 'Z' from 7-cycles to 10-cycles
%%  13270 ns    Log    ID_SEQUENCER        TB seq.             Hold 'W' from 7-cycles to 10-cycles
%%  13420 ns    Log    ID_SEQUENCER        TB seq.             Hold 'L' from 7-cycles to 10-cycles
%%  13570 ns    Log    ID_SEQUENCER        TB seq.             Hold 'H' from 7-cycles to 10-cycles
%%  13720 ns    Log    ID_SEQUENCER        TB seq.             Testing all legal sequences (no std_logic transitions) within the window /w min_cycles = 0
%%  13720 ns    Log    ID_SEQUENCER        TB seq.             Setting min_cycles = 0, max_cycles = 5
%%  13770 ns    Log    ID_SEQUENCER        TB seq.             Hold 'U' from 0-cycles to 5-cycles
%%  13880 ns    Log    ID_SEQUENCER        TB seq.             Hold 'X' from 0-cycles to 5-cycles
%%  13990 ns    Log    ID_SEQUENCER        TB seq.             Hold '1' from 0-cycles to 5-cycles
%%  14100 ns    Log    ID_SEQUENCER        TB seq.             Hold '0' from 0-cycles to 5-cycles
%%  14210 ns    Log    ID_SEQUENCER        TB seq.             Hold 'Z' from 0-cycles to 5-cycles
%%  14320 ns    Log    ID_SEQUENCER        TB seq.             Hold 'W' from 0-cycles to 5-cycles
%%  14430 ns    Log    ID_SEQUENCER        TB seq.             Hold 'L' from 0-cycles to 5-cycles
%%  14540 ns    Log    ID_SEQUENCER        TB seq.             Hold 'H' from 0-cycles to 5-cycles
%%  14650 ns    Log    ID_SEQUENCER        TB seq.             Testing all legal sequences (no std_logic transitions) within the window /w min_cycles = max_cycles
%%  14650 ns    Log    ID_SEQUENCER        TB seq.             Setting min_cycles = 0, max_cycles = 0
%%  14700 ns    Log    ID_SEQUENCER        TB seq.             Hold 'U' from 0-cycles to 0-cycles
%%  14700 ns    Log    ID_UVVM_ASSERTION   TB seq.(uvvm)       assert_stable_from_min_to_max_cycles_after_trigger() => OK (first). tracked_value was stable in window. OK after 0 ns.
%%  14750 ns    Log    ID_SEQUENCER        TB seq.             Hold 'X' from 0-cycles to 0-cycles
%%  14800 ns    Log    ID_SEQUENCER        TB seq.             Hold '1' from 0-cycles to 0-cycles
%%  14850 ns    Log    ID_SEQUENCER        TB seq.             Hold '0' from 0-cycles to 0-cycles
%%  14900 ns    Log    ID_SEQUENCER        TB seq.             Hold 'Z' from 0-cycles to 0-cycles
%%  14950 ns    Log    ID_SEQUENCER        TB seq.             Hold 'W' from 0-cycles to 0-cycles
%%  15000 ns    Log    ID_SEQUENCER        TB seq.             Hold 'L' from 0-cycles to 0-cycles
%%  15050 ns    Log    ID_SEQUENCER        TB seq.             Hold 'H' from 0-cycles to 0-cycles
%%  15100 ns    Log    ID_SEQUENCER        TB seq.             Testing multiple triggers within the window
%%  15100 ns    Log    ID_SEQUENCER        TB seq.             Setting min_cycles = 1, max_cycles = 4
%% 
%% 
%%  15260 ns    Log    ID_LOG_HDR          TB seq.             Testing Triggering Assertion (std_logic)
%% ----------------------------------------------------------------------------------------------------------------------------------------------------------------------------
%%  15260 ns    Log    ID_SEQUENCER        TB seq.             Testing all invalid sequences (std_logic transitions) within the window
%%  15260 ns    Log    ID_SEQUENCER        TB seq.             Setting min_cycles = 7, max_cycles = 10
%%  15310 ns    Log    ID_SEQUENCER        TB seq.             Change the value from 'U' to 'X', window (7-cycles to 10-cycles)
%%  15400 ns    Alert  ERROR               TB seq.(uvvm)       assert_stable_from_min_to_max_cycles_after_trigger() => Failed. tracked_value (X) was not stable after 90 ns (9-cycles).
%%  15450 ns    Log    ID_SEQUENCER        TB seq.             Change the value from 'U' to '1', window (7-cycles to 10-cycles)
%%  15540 ns    Alert  ERROR               TB seq.(uvvm)       assert_stable_from_min_to_max_cycles_after_trigger() => Failed. tracked_value (1) was not stable after 90 ns (9-cycles). pipe: (1).
%%  15590 ns    Log    ID_SEQUENCER        TB seq.             Change the value from 'U' to '0', window (7-cycles to 10-cycles)
%%  15680 ns    Alert  ERROR               TB seq.(uvvm)       assert_stable_from_min_to_max_cycles_after_trigger() => Failed. tracked_value (0) was not stable after 90 ns (9-cycles). pipe: (2).
%%  15730 ns    Log    ID_SEQUENCER        TB seq.             Change the value from 'U' to 'Z', window (7-cycles to 10-cycles)
%%  15820 ns    Alert  ERROR               TB seq.(uvvm)       assert_stable_from_min_to_max_cycles_after_trigger() => Failed. tracked_value (Z) was not stable after 90 ns (9-cycles). pipe: (3).
%%  15870 ns    Log    ID_SEQUENCER        TB seq.             Change the value from 'U' to 'W', window (7-cycles to 10-cycles)
%%  15960 ns    Alert  ERROR               TB seq.(uvvm)       assert_stable_from_min_to_max_cycles_after_trigger() => Failed. tracked_value (W) was not stable after 90 ns (9-cycles). pipe: (4).
%%  16010 ns    Log    ID_SEQUENCER        TB seq.             Change the value from 'U' to 'L', window (7-cycles to 10-cycles)
%%  16100 ns    Alert  ERROR               TB seq.(uvvm)       assert_stable_from_min_to_max_cycles_after_trigger() => Failed. tracked_value (L) was not stable after 90 ns (9-cycles). pipe: (5).
%%  16150 ns    Log    ID_SEQUENCER        TB seq.             Change the value from 'U' to 'H', window (7-cycles to 10-cycles)
%%  16240 ns    Alert  ERROR               TB seq.(uvvm)       assert_stable_from_min_to_max_cycles_after_trigger() => Failed. tracked_value (H) was not stable after 90 ns (9-cycles). pipe: (6).
%%  16290 ns    Log    ID_SEQUENCER        TB seq.             Change the value from 'X' to 'U', window (7-cycles to 10-cycles)
%%  16380 ns    Alert  ERROR               TB seq.(uvvm)       assert_stable_from_min_to_max_cycles_after_trigger() => Failed. tracked_value (U) was not stable after 90 ns (9-cycles). pipe: (7).
%%  16430 ns    Log    ID_SEQUENCER        TB seq.             Change the value from 'X' to '1', window (7-cycles to 10-cycles)
%%  16520 ns    Alert  ERROR               TB seq.(uvvm)       assert_stable_from_min_to_max_cycles_after_trigger() => Failed. tracked_value (1) was not stable after 90 ns (9-cycles). pipe: (8).
%%  16570 ns    Log    ID_SEQUENCER        TB seq.             Change the value from 'X' to '0', window (7-cycles to 10-cycles)
%%  16660 ns    Alert  ERROR               TB seq.(uvvm)       assert_stable_from_min_to_max_cycles_after_trigger() => Failed. tracked_value (0) was not stable after 90 ns (9-cycles). pipe: (9).
%%  16710 ns    Log    ID_SEQUENCER        TB seq.             Change the value from 'X' to 'Z', window (7-cycles to 10-cycles)
%%  16800 ns    Alert  ERROR               TB seq.(uvvm)       assert_stable_from_min_to_max_cycles_after_trigger() => Failed. tracked_value (Z) was not stable after 90 ns (9-cycles). pipe: (10).
%%  16850 ns    Log    ID_SEQUENCER        TB seq.             Change the value from 'X' to 'W', window (7-cycles to 10-cycles)
%%  16940 ns    Alert  ERROR               TB seq.(uvvm)       assert_stable_from_min_to_max_cycles_after_trigger() => Failed. tracked_value (W) was not stable after 90 ns (9-cycles).
%%  16990 ns    Log    ID_SEQUENCER        TB seq.             Change the value from 'X' to 'L', window (7-cycles to 10-cycles)
%%  17080 ns    Alert  ERROR               TB seq.(uvvm)       assert_stable_from_min_to_max_cycles_after_trigger() => Failed. tracked_value (L) was not stable after 90 ns (9-cycles). pipe: (1).
%%  17130 ns    Log    ID_SEQUENCER        TB seq.             Change the value from 'X' to 'H', window (7-cycles to 10-cycles)
%%  17220 ns    Alert  ERROR               TB seq.(uvvm)       assert_stable_from_min_to_max_cycles_after_trigger() => Failed. tracked_value (H) was not stable after 90 ns (9-cycles). pipe: (2).
%%  17270 ns    Log    ID_SEQUENCER        TB seq.             Change the value from '1' to 'U', window (7-cycles to 10-cycles)
%%  17360 ns    Alert  ERROR               TB seq.(uvvm)       assert_stable_from_min_to_max_cycles_after_trigger() => Failed. tracked_value (U) was not stable after 90 ns (9-cycles). pipe: (3).
%%  17410 ns    Log    ID_SEQUENCER        TB seq.             Change the value from '1' to 'X', window (7-cycles to 10-cycles)
%%  17500 ns    Alert  ERROR               TB seq.(uvvm)       assert_stable_from_min_to_max_cycles_after_trigger() => Failed. tracked_value (X) was not stable after 90 ns (9-cycles). pipe: (4).
%%  17550 ns    Log    ID_SEQUENCER        TB seq.             Change the value from '1' to '0', window (7-cycles to 10-cycles)
%%  17640 ns    Alert  ERROR               TB seq.(uvvm)       assert_stable_from_min_to_max_cycles_after_trigger() => Failed. tracked_value (0) was not stable after 90 ns (9-cycles). pipe: (5).
%%  17690 ns    Log    ID_SEQUENCER        TB seq.             Change the value from '1' to 'Z', window (7-cycles to 10-cycles)
%%  17780 ns    Alert  ERROR               TB seq.(uvvm)       assert_stable_from_min_to_max_cycles_after_trigger() => Failed. tracked_value (Z) was not stable after 90 ns (9-cycles). pipe: (6).
%%  17830 ns    Log    ID_SEQUENCER        TB seq.             Change the value from '1' to 'W', window (7-cycles to 10-cycles)
%%  17920 ns    Alert  ERROR               TB seq.(uvvm)       assert_stable_from_min_to_max_cycles_after_trigger() => Failed. tracked_value (W) was not stable after 90 ns (9-cycles). pipe: (7).
%%  17970 ns    Log    ID_SEQUENCER        TB seq.             Change the value from '1' to 'L', window (7-cycles to 10-cycles)
%%  18060 ns    Alert  ERROR               TB seq.(uvvm)       assert_stable_from_min_to_max_cycles_after_trigger() => Failed. tracked_value (L) was not stable after 90 ns (9-cycles). pipe: (8).
%%  18110 ns    Log    ID_SEQUENCER        TB seq.             Change the value from '1' to 'H', window (7-cycles to 10-cycles)
%%  18200 ns    Alert  ERROR               TB seq.(uvvm)       assert_stable_from_min_to_max_cycles_after_trigger() => Failed. tracked_value (H) was not stable after 90 ns (9-cycles). pipe: (9).
%%  18250 ns    Log    ID_SEQUENCER        TB seq.             Change the value from '0' to 'U', window (7-cycles to 10-cycles)
%%  18340 ns    Alert  ERROR               TB seq.(uvvm)       assert_stable_from_min_to_max_cycles_after_trigger() => Failed. tracked_value (U) was not stable after 90 ns (9-cycles). pipe: (10).
%%  18390 ns    Log    ID_SEQUENCER        TB seq.             Change the value from '0' to 'X', window (7-cycles to 10-cycles)
%%  18480 ns    Alert  ERROR               TB seq.(uvvm)       assert_stable_from_min_to_max_cycles_after_trigger() => Failed. tracked_value (X) was not stable after 90 ns (9-cycles).
%%  18530 ns    Log    ID_SEQUENCER        TB seq.             Change the value from '0' to '1', window (7-cycles to 10-cycles)
%%  18620 ns    Alert  ERROR               TB seq.(uvvm)       assert_stable_from_min_to_max_cycles_after_trigger() => Failed. tracked_value (1) was not stable after 90 ns (9-cycles). pipe: (1).
%%  18670 ns    Log    ID_SEQUENCER        TB seq.             Change the value from '0' to 'Z', window (7-cycles to 10-cycles)
%%  18760 ns    Alert  ERROR               TB seq.(uvvm)       assert_stable_from_min_to_max_cycles_after_trigger() => Failed. tracked_value (Z) was not stable after 90 ns (9-cycles). pipe: (2).
%%  18810 ns    Log    ID_SEQUENCER        TB seq.             Change the value from '0' to 'W', window (7-cycles to 10-cycles)
%%  18900 ns    Alert  ERROR               TB seq.(uvvm)       assert_stable_from_min_to_max_cycles_after_trigger() => Failed. tracked_value (W) was not stable after 90 ns (9-cycles). pipe: (3).
%%  18950 ns    Log    ID_SEQUENCER        TB seq.             Change the value from '0' to 'L', window (7-cycles to 10-cycles)
%%  19040 ns    Alert  ERROR               TB seq.(uvvm)       assert_stable_from_min_to_max_cycles_after_trigger() => Failed. tracked_value (L) was not stable after 90 ns (9-cycles). pipe: (4).
%%  19090 ns    Log    ID_SEQUENCER        TB seq.             Change the value from '0' to 'H', window (7-cycles to 10-cycles)
%%  19180 ns    Alert  ERROR               TB seq.(uvvm)       assert_stable_from_min_to_max_cycles_after_trigger() => Failed. tracked_value (H) was not stable after 90 ns (9-cycles). pipe: (5).
%%  19230 ns    Log    ID_SEQUENCER        TB seq.             Change the value from 'Z' to 'U', window (7-cycles to 10-cycles)
%%  19320 ns    Alert  ERROR               TB seq.(uvvm)       assert_stable_from_min_to_max_cycles_after_trigger() => Failed. tracked_value (U) was not stable after 90 ns (9-cycles). pipe: (6).
%%  19370 ns    Log    ID_SEQUENCER        TB seq.             Change the value from 'Z' to 'X', window (7-cycles to 10-cycles)
%%  19460 ns    Alert  ERROR               TB seq.(uvvm)       assert_stable_from_min_to_max_cycles_after_trigger() => Failed. tracked_value (X) was not stable after 90 ns (9-cycles). pipe: (7).
%%  19510 ns    Log    ID_SEQUENCER        TB seq.             Change the value from 'Z' to '1', window (7-cycles to 10-cycles)
%%  19600 ns    Alert  ERROR               TB seq.(uvvm)       assert_stable_from_min_to_max_cycles_after_trigger() => Failed. tracked_value (1) was not stable after 90 ns (9-cycles). pipe: (8).
%%  19650 ns    Log    ID_SEQUENCER        TB seq.             Change the value from 'Z' to '0', window (7-cycles to 10-cycles)
%%  19740 ns    Alert  ERROR               TB seq.(uvvm)       assert_stable_from_min_to_max_cycles_after_trigger() => Failed. tracked_value (0) was not stable after 90 ns (9-cycles). pipe: (9).
%%  19790 ns    Log    ID_SEQUENCER        TB seq.             Change the value from 'Z' to 'W', window (7-cycles to 10-cycles)
%%  19880 ns    Alert  ERROR               TB seq.(uvvm)       assert_stable_from_min_to_max_cycles_after_trigger() => Failed. tracked_value (W) was not stable after 90 ns (9-cycles). pipe: (10).
%%  19930 ns    Log    ID_SEQUENCER        TB seq.             Change the value from 'Z' to 'L', window (7-cycles to 10-cycles)
%%  20020 ns    Alert  ERROR               TB seq.(uvvm)       assert_stable_from_min_to_max_cycles_after_trigger() => Failed. tracked_value (L) was not stable after 90 ns (9-cycles).
%%  20070 ns    Log    ID_SEQUENCER        TB seq.             Change the value from 'Z' to 'H', window (7-cycles to 10-cycles)
%%  20160 ns    Alert  ERROR               TB seq.(uvvm)       assert_stable_from_min_to_max_cycles_after_trigger() => Failed. tracked_value (H) was not stable after 90 ns (9-cycles). pipe: (1).
%%  20210 ns    Log    ID_SEQUENCER        TB seq.             Change the value from 'W' to 'U', window (7-cycles to 10-cycles)
%%  20300 ns    Alert  ERROR               TB seq.(uvvm)       assert_stable_from_min_to_max_cycles_after_trigger() => Failed. tracked_value (U) was not stable after 90 ns (9-cycles). pipe: (2).
%%  20350 ns    Log    ID_SEQUENCER        TB seq.             Change the value from 'W' to 'X', window (7-cycles to 10-cycles)
%%  20440 ns    Alert  ERROR               TB seq.(uvvm)       assert_stable_from_min_to_max_cycles_after_trigger() => Failed. tracked_value (X) was not stable after 90 ns (9-cycles). pipe: (3).
%%  20490 ns    Log    ID_SEQUENCER        TB seq.             Change the value from 'W' to '1', window (7-cycles to 10-cycles)
%%  20580 ns    Alert  ERROR               TB seq.(uvvm)       assert_stable_from_min_to_max_cycles_after_trigger() => Failed. tracked_value (1) was not stable after 90 ns (9-cycles). pipe: (4).
%%  20630 ns    Log    ID_SEQUENCER        TB seq.             Change the value from 'W' to '0', window (7-cycles to 10-cycles)
%%  20720 ns    Alert  ERROR               TB seq.(uvvm)       assert_stable_from_min_to_max_cycles_after_trigger() => Failed. tracked_value (0) was not stable after 90 ns (9-cycles). pipe: (5).
%%  20770 ns    Log    ID_SEQUENCER        TB seq.             Change the value from 'W' to 'Z', window (7-cycles to 10-cycles)
%%  20860 ns    Alert  ERROR               TB seq.(uvvm)       assert_stable_from_min_to_max_cycles_after_trigger() => Failed. tracked_value (Z) was not stable after 90 ns (9-cycles). pipe: (6).
%%  20910 ns    Log    ID_SEQUENCER        TB seq.             Change the value from 'W' to 'L', window (7-cycles to 10-cycles)
%%  21000 ns    Alert  ERROR               TB seq.(uvvm)       assert_stable_from_min_to_max_cycles_after_trigger() => Failed. tracked_value (L) was not stable after 90 ns (9-cycles). pipe: (7).
%%  21050 ns    Log    ID_SEQUENCER        TB seq.             Change the value from 'W' to 'H', window (7-cycles to 10-cycles)
%%  21140 ns    Alert  ERROR               TB seq.(uvvm)       assert_stable_from_min_to_max_cycles_after_trigger() => Failed. tracked_value (H) was not stable after 90 ns (9-cycles). pipe: (8).
%%  21190 ns    Log    ID_SEQUENCER        TB seq.             Change the value from 'L' to 'U', window (7-cycles to 10-cycles)
%%  21280 ns    Alert  ERROR               TB seq.(uvvm)       assert_stable_from_min_to_max_cycles_after_trigger() => Failed. tracked_value (U) was not stable after 90 ns (9-cycles). pipe: (9).
%%  21330 ns    Log    ID_SEQUENCER        TB seq.             Change the value from 'L' to 'X', window (7-cycles to 10-cycles)
%%  21420 ns    Alert  ERROR               TB seq.(uvvm)       assert_stable_from_min_to_max_cycles_after_trigger() => Failed. tracked_value (X) was not stable after 90 ns (9-cycles). pipe: (10).
%%  21470 ns    Log    ID_SEQUENCER        TB seq.             Change the value from 'L' to '1', window (7-cycles to 10-cycles)
%%  21560 ns    Alert  ERROR               TB seq.(uvvm)       assert_stable_from_min_to_max_cycles_after_trigger() => Failed. tracked_value (1) was not stable after 90 ns (9-cycles).
%%  21610 ns    Log    ID_SEQUENCER        TB seq.             Change the value from 'L' to '0', window (7-cycles to 10-cycles)
%%  21700 ns    Alert  ERROR               TB seq.(uvvm)       assert_stable_from_min_to_max_cycles_after_trigger() => Failed. tracked_value (0) was not stable after 90 ns (9-cycles). pipe: (1).
%%  21750 ns    Log    ID_SEQUENCER        TB seq.             Change the value from 'L' to 'Z', window (7-cycles to 10-cycles)
%%  21840 ns    Alert  ERROR               TB seq.(uvvm)       assert_stable_from_min_to_max_cycles_after_trigger() => Failed. tracked_value (Z) was not stable after 90 ns (9-cycles). pipe: (2).
%%  21890 ns    Log    ID_SEQUENCER        TB seq.             Change the value from 'L' to 'W', window (7-cycles to 10-cycles)
%%  21980 ns    Alert  ERROR               TB seq.(uvvm)       assert_stable_from_min_to_max_cycles_after_trigger() => Failed. tracked_value (W) was not stable after 90 ns (9-cycles). pipe: (3).
%%  22030 ns    Log    ID_SEQUENCER        TB seq.             Change the value from 'L' to 'H', window (7-cycles to 10-cycles)
%%  22120 ns    Alert  ERROR               TB seq.(uvvm)       assert_stable_from_min_to_max_cycles_after_trigger() => Failed. tracked_value (H) was not stable after 90 ns (9-cycles). pipe: (4).
%%  22170 ns    Log    ID_SEQUENCER        TB seq.             Change the value from 'H' to 'U', window (7-cycles to 10-cycles)
%%  22260 ns    Alert  ERROR               TB seq.(uvvm)       assert_stable_from_min_to_max_cycles_after_trigger() => Failed. tracked_value (U) was not stable after 90 ns (9-cycles). pipe: (5).
%%  22310 ns    Log    ID_SEQUENCER        TB seq.             Change the value from 'H' to 'X', window (7-cycles to 10-cycles)
%%  22400 ns    Alert  ERROR               TB seq.(uvvm)       assert_stable_from_min_to_max_cycles_after_trigger() => Failed. tracked_value (X) was not stable after 90 ns (9-cycles). pipe: (6).
%%  22450 ns    Log    ID_SEQUENCER        TB seq.             Change the value from 'H' to '1', window (7-cycles to 10-cycles)
%%  22540 ns    Alert  ERROR               TB seq.(uvvm)       assert_stable_from_min_to_max_cycles_after_trigger() => Failed. tracked_value (1) was not stable after 90 ns (9-cycles). pipe: (7).
%%  22590 ns    Log    ID_SEQUENCER        TB seq.             Change the value from 'H' to '0', window (7-cycles to 10-cycles)
%%  22680 ns    Alert  ERROR               TB seq.(uvvm)       assert_stable_from_min_to_max_cycles_after_trigger() => Failed. tracked_value (0) was not stable after 90 ns (9-cycles). pipe: (8).
%%  22730 ns    Log    ID_SEQUENCER        TB seq.             Change the value from 'H' to 'Z', window (7-cycles to 10-cycles)
%%  22820 ns    Alert  ERROR               TB seq.(uvvm)       assert_stable_from_min_to_max_cycles_after_trigger() => Failed. tracked_value (Z) was not stable after 90 ns (9-cycles). pipe: (9).
%%  22870 ns    Log    ID_SEQUENCER        TB seq.             Change the value from 'H' to 'W', window (7-cycles to 10-cycles)
%%  22960 ns    Alert  ERROR               TB seq.(uvvm)       assert_stable_from_min_to_max_cycles_after_trigger() => Failed. tracked_value (W) was not stable after 90 ns (9-cycles). pipe: (10).
%%  23010 ns    Log    ID_SEQUENCER        TB seq.             Change the value from 'H' to 'L', window (7-cycles to 10-cycles)
%%  23100 ns    Alert  ERROR               TB seq.(uvvm)       assert_stable_from_min_to_max_cycles_after_trigger() => Failed. tracked_value (L) was not stable after 90 ns (9-cycles).
%%  23150 ns    Log    ID_SEQUENCER        TB seq.             Testing triggering assert /w multiple triggers within the window
%%  23150 ns    Log    ID_SEQUENCER        TB seq.             Setting min_cycles = 1, max_cycles = 4
%%  23210 ns    Alert  ERROR               TB seq.(uvvm)       assert_stable_from_min_to_max_cycles_after_trigger() => Failed. tracked_value (1) was not stable after 10 ns (1-cycles).
%%  23230 ns    Alert  ERROR               TB seq.(uvvm)       assert_stable_from_min_to_max_cycles_after_trigger() => Failed. tracked_value (1) was not stable after 10 ns (1-cycles). pipe: (1).
%% 
%% 
%%  23310 ns    Log    ID_LOG_HDR          TB seq.             Testing pos_ack_kind: EVERY (std_logic)
%% ----------------------------------------------------------------------------------------------------------------------------------------------------------------------------
%%  23310 ns    Log    ID_SEQUENCER        TB seq.             Expecting a positive acknowledge on each successful window sequence
%%  23310 ns    Log    ID_SEQUENCER        TB seq.             Setting min_cycles = 0, max_cycles = 10
%%  23360 ns    Log    ID_SEQUENCER        TB seq.             Hold '1' from 0-cycles to 10-cycles
%%  23520 ns    Log    ID_SEQUENCER        TB seq.             Setting min_cycles = 10, max_cycles = 20
%%  23570 ns    Log    ID_SEQUENCER        TB seq.             Hold '1' from 10-cycles to 20-cycles
%%  23820 ns    Log    ID_SEQUENCER        TB seq.             Setting min_cycles = 20, max_cycles = 30
%%  23870 ns    Log    ID_SEQUENCER        TB seq.             Hold '1' from 20-cycles to 30-cycles
%%  24220 ns    Log    ID_SEQUENCER        TB seq.             Setting min_cycles = 30, max_cycles = 40
%%  24270 ns    Log    ID_SEQUENCER        TB seq.             Hold '1' from 30-cycles to 40-cycles
%% 
%% 
%%  24760 ns    Log    ID_LOG_HDR          TB seq.             Testing Assertion Enable (std_logic)
%% ----------------------------------------------------------------------------------------------------------------------------------------------------------------------------
%%  24760 ns    Log    ID_SEQUENCER        TB seq.             Assertion enabled as trigger is assigned, expecting alert when triggering assert
%%  24760 ns    Log    ID_SEQUENCER        TB seq.             Change the value from 'U' to '1', window (30-cycles to 40-cycles)
%%  25150 ns    Alert  ERROR               TB seq.(uvvm)       assert_stable_from_min_to_max_cycles_after_trigger() => Failed. tracked_value (1) was not stable after 390 ns (39-cycles).
%%  25240 ns    Log    ID_SEQUENCER        TB seq.             Assertion enabled prior to trigger, expecting alert when triggering assert
%%  25250 ns    Log    ID_SEQUENCER        TB seq.             Change the value from 'U' to '1', window (30-cycles to 40-cycles)
%%  25640 ns    Alert  ERROR               TB seq.(uvvm)       assert_stable_from_min_to_max_cycles_after_trigger() => Failed. tracked_value (1) was not stable after 390 ns (39-cycles).
%% 
%% 
%%  25690 ns    Log    ID_LOG_HDR          TB seq.             Testing CLK Disabled
%% ----------------------------------------------------------------------------------------------------------------------------------------------------------------------------
%%  25690 ns    Log    ID_SEQUENCER        TB seq.             Clock deactivated
%%  25730 ns    Log    ID_SEQUENCER        TB seq.             Triggering assertion while clk is disabled, expecting no behavior
%%  25770 ns    Log    ID_SEQUENCER        TB seq.             Change the value from 'U' to '1', window (30-cycles to 40-cycles)
%% 
%% ============================================================================================================================================================================
%%  *** FINAL SUMMARY OF ALL ALERTS ***
%% ============================================================================================================================================================================
%%  26220 ns    DONE   NOCHECKS   assert_stable_from_min_to_max_cycles_after_trigger  Passed: 0
%%    Expected      Failures: 0  Errors: -118  Warnings: 0  Passed: 0
%%    VHDL Asserts  Failures: 0  Errors: 0  Warnings: 0  Passed: 0
%%    Default       Failures: 0  Errors: 118  Warnings: 0  Passed: 0
%%    OSVVM         Failures: 0  Errors: 0  Warnings: 0  Passed: 0
%% ============================================================================================================================================================================
%% 
%% 
%% 
%%  26220 ns    Log    ID_LOG_HDR          TB seq.(uvvm)       SIMULATION COMPLETED
%% ----------------------------------------------------------------------------------------------------------------------------------------------------------------------------
