%%      0 ns    Log    ID_CONSTRUCTOR      CLOCK_GENERATOR_VVC,1  VVC instantiated.
%%      0 ns    Log    ID_CONSTRUCTOR_SUB  CLOCK_GENERATOR_VVC,1  Command queue instantiated and will give a warning when reaching 1000 elements in queue.
%%      0 ns    Log    ID_CONSTRUCTOR_SUB  CLOCK_GENERATOR_VVC,1  Result queue instantiated and will give a warning when reaching 1000 elements in queue.
%%      0 ns    Log    ID_CONSTRUCTOR      CLOCK_GENERATOR_VVC,2  VVC instantiated.
%%      0 ns    Log    ID_CONSTRUCTOR_SUB  CLOCK_GENERATOR_VVC,2  Command queue instantiated and will give a warning when reaching 1000 elements in queue.
%%      0 ns    Log    ID_CONSTRUCTOR_SUB  CLOCK_GENERATOR_VVC,2  Result queue instantiated and will give a warning when reaching 1000 elements in queue.
%%      0 ns    Log    ID_CONSTRUCTOR      CLOCK_GENERATOR_VVC,3  VVC instantiated.
%%      0 ns    Log    ID_CONSTRUCTOR_SUB  CLOCK_GENERATOR_VVC,3  Command queue instantiated and will give a warning when reaching 1000 elements in queue.
%%      0 ns    Log    ID_CONSTRUCTOR_SUB  CLOCK_GENERATOR_VVC,3  Result queue instantiated and will give a warning when reaching 1000 elements in queue.
%%      0 ns    Log    ID_CMD_INTERPRETER  CLOCK_GENERATOR_VVC,1  Interpreter: Waiting for command
%%      0 ns    Log    ID_CMD_INTERPRETER  CLOCK_GENERATOR_VVC,2  Interpreter: Waiting for command
%%      0 ns    Log    ID_CMD_INTERPRETER  CLOCK_GENERATOR_VVC,3  Interpreter: Waiting for command
%%      0 ns    Log    ID_LOG_MSG_CTRL     TB seq.             disable_log_msg(ID_UVVM_CMD_ACK).
%%      0 ns    Log    ID_LOG_MSG_CTRL     TB seq.             disable_log_msg(ID_AWAIT_COMPLETION).
%%      0 ns    Log    ID_LOG_MSG_CTRL     TB seq.             disable_log_msg(ID_AWAIT_COMPLETION_WAIT).
%%      0 ns    Log    ID_UVVM_SEND_CMD    TB seq.(uvvm)       disable_log_msg(CLOCK_GENERATOR_VVC,ALL_INSTANCES, ALL_MESSAGES):. [1]
%%      0 ns    Log    ID_CMD_EXECUTOR_WA  CLOCK_GENERATOR_VVC,1  Executor: Waiting for command
%%      0 ns    Log    ID_CMD_EXECUTOR_WA  CLOCK_GENERATOR_VVC,2  Executor: Waiting for command
%%      0 ns    Log    ID_CMD_EXECUTOR_WA  CLOCK_GENERATOR_VVC,3  Executor: Waiting for command
%%      0 ns    Log    ID_CMD_INTERPRETER  CLOCK_GENERATOR_VVC,1  disable_log_msg(CLOCK_GENERATOR_VVC,ALL_INSTANCES, ALL_MESSAGES). Command received  [1]
%%      0 ns    Log    ID_LOG_MSG_CTRL     CLOCK_GENERATOR_VVC,1  disable_log_msg(ALL_MESSAGES). ' [1]'
%%      0 ns    Log    ID_CMD_INTERPRETER  CLOCK_GENERATOR_VVC,2  disable_log_msg(CLOCK_GENERATOR_VVC,ALL_INSTANCES, ALL_MESSAGES). Command received  [1]
%%      0 ns    Log    ID_LOG_MSG_CTRL     CLOCK_GENERATOR_VVC,2  disable_log_msg(ALL_MESSAGES). ' [1]'
%%      0 ns    Log    ID_CMD_INTERPRETER  CLOCK_GENERATOR_VVC,3  disable_log_msg(CLOCK_GENERATOR_VVC,ALL_INSTANCES, ALL_MESSAGES). Command received  [1]
%%      0 ns    Log    ID_LOG_MSG_CTRL     CLOCK_GENERATOR_VVC,3  disable_log_msg(ALL_MESSAGES). ' [1]'
%%      0 ns    Log    ID_UVVM_SEND_CMD    TB seq.(uvvm)       enable_log_msg(CLOCK_GENERATOR_VVC,ALL_INSTANCES, ID_CLOCK_GEN):. [2]
%%      0 ns    Log    ID_LOG_MSG_CTRL     CLOCK_GENERATOR_VVC,1  enable_log_msg(ID_CLOCK_GEN). ' [2]'
%%      0 ns    Log    ID_LOG_MSG_CTRL     CLOCK_GENERATOR_VVC,2  enable_log_msg(ID_CLOCK_GEN). ' [2]'
%%      0 ns    Log    ID_LOG_MSG_CTRL     CLOCK_GENERATOR_VVC,3  enable_log_msg(ID_CLOCK_GEN). ' [2]'
%%      
%%      -----------------------------------------------------------------------------------------------------------------------------------------------------------------------
%%      ***  REPORT OF GLOBAL CTRL ***
%%      -----------------------------------------------------------------------------------------------------------------------------------------------------------------------
%%                                IGNORE    STOP_LIMIT
%%                NOTE         :  REGARD    integer'high
%%                TB_NOTE      :  REGARD    integer'high
%%                WARNING      :  REGARD    integer'high
%%                TB_WARNING   :  REGARD    integer'high
%%                MANUAL_CHECK :  REGARD    integer'high
%%                ERROR        :  REGARD    integer'high
%%                TB_ERROR     :  REGARD    integer'high
%%                FAILURE      :  REGARD         1
%%                TB_FAILURE   :  REGARD         1
%%      -----------------------------------------------------------------------------------------------------------------------------------------------------------------------
%%      
%%      
%%      -----------------------------------------------------------------------------------------------------------------------------------------------------------------------
%%      ***  REPORT OF MSG ID PANEL ***
%%      -----------------------------------------------------------------------------------------------------------------------------------------------------------------------
%%                ID                             Status
%%                ------------------------       ------
%%                ID_UTIL_BURIED               : DISABLED
%%                ID_BITVIS_DEBUG              : DISABLED
%%                ID_UTIL_SETUP                : ENABLED
%%                ID_LOG_MSG_CTRL              : ENABLED
%%                ID_ALERT_CTRL                : ENABLED
%%                ID_FINISH_OR_STOP            : ENABLED
%%                ID_CLOCK_GEN                 : ENABLED
%%                ID_GEN_PULSE                 : ENABLED
%%                ID_BLOCKING                  : ENABLED
%%                ID_WATCHDOG                  : ENABLED
%%                ID_RAND_GEN                  : DISABLED
%%                ID_RAND_CONF                 : DISABLED
%%                ID_FUNC_COV_BINS             : DISABLED
%%                ID_FUNC_COV_BINS_INFO        : DISABLED
%%                ID_FUNC_COV_RAND             : DISABLED
%%                ID_FUNC_COV_SAMPLE           : DISABLED
%%                ID_FUNC_COV_CONFIG           : DISABLED
%%                ID_POS_ACK                   : ENABLED
%%                ID_UVVM_ASSERTION            : ENABLED
%%                ID_LOG_HDR                   : ENABLED
%%                ID_LOG_HDR_LARGE             : ENABLED
%%                ID_LOG_HDR_XL                : ENABLED
%%                ID_SEQUENCER                 : ENABLED
%%                ID_SEQUENCER_SUB             : ENABLED
%%                ID_BFM                       : ENABLED
%%                ID_BFM_WAIT                  : ENABLED
%%                ID_BFM_POLL                  : ENABLED
%%                ID_BFM_POLL_SUMMARY          : ENABLED
%%                ID_CHANNEL_BFM               : ENABLED
%%                ID_TERMINATE_CMD             : ENABLED
%%                ID_SEGMENT_INITIATE          : ENABLED
%%                ID_SEGMENT_COMPLETE          : ENABLED
%%                ID_SEGMENT_HDR               : ENABLED
%%                ID_SEGMENT_DATA              : ENABLED
%%                ID_PACKET_INITIATE           : ENABLED
%%                ID_PACKET_PREAMBLE           : ENABLED
%%                ID_PACKET_COMPLETE           : ENABLED
%%                ID_PACKET_HDR                : ENABLED
%%                ID_PACKET_DATA               : ENABLED
%%                ID_PACKET_CHECKSUM           : ENABLED
%%                ID_PACKET_GAP                : ENABLED
%%                ID_PACKET_PAYLOAD            : ENABLED
%%                ID_FRAME_INITIATE            : ENABLED
%%                ID_FRAME_COMPLETE            : ENABLED
%%                ID_FRAME_HDR                 : ENABLED
%%                ID_FRAME_DATA                : ENABLED
%%                ID_COVERAGE_MAKEBIN          : DISABLED
%%                ID_COVERAGE_ADDBIN           : DISABLED
%%                ID_COVERAGE_ICOVER           : DISABLED
%%                ID_COVERAGE_CONFIG           : ENABLED
%%                ID_COVERAGE_SUMMARY          : ENABLED
%%                ID_COVERAGE_HOLES            : ENABLED
%%                ID_UVVM_SEND_CMD             : ENABLED
%%                ID_UVVM_CMD_ACK              : DISABLED
%%                ID_UVVM_CMD_RESULT           : ENABLED
%%                ID_CMD_INTERPRETER           : ENABLED
%%                ID_CMD_INTERPRETER_WAIT      : ENABLED
%%                ID_IMMEDIATE_CMD             : ENABLED
%%                ID_IMMEDIATE_CMD_WAIT        : ENABLED
%%                ID_CMD_EXECUTOR              : ENABLED
%%                ID_CMD_EXECUTOR_WAIT         : ENABLED
%%                ID_CHANNEL_EXECUTOR          : ENABLED
%%                ID_CHANNEL_EXECUTOR_WAIT     : ENABLED
%%                ID_NEW_HVVC_CMD_SEQ          : ENABLED
%%                ID_INSERTED_DELAY            : ENABLED
%%                ID_OLD_AWAIT_COMPLETION      : ENABLED
%%                ID_AWAIT_COMPLETION          : DISABLED
%%                ID_AWAIT_COMPLETION_LIST     : ENABLED
%%                ID_AWAIT_COMPLETION_WAIT     : DISABLED
%%                ID_AWAIT_COMPLETION_END      : ENABLED
%%                ID_AWAIT_UVVM_COMPLETION     : ENABLED
%%                ID_UVVM_DATA_QUEUE           : ENABLED
%%                ID_CONSTRUCTOR               : ENABLED
%%                ID_CONSTRUCTOR_SUB           : ENABLED
%%                ID_VVC_ACTIVITY              : ENABLED
%%                ID_MONITOR                   : ENABLED
%%                ID_MONITOR_ERROR             : ENABLED
%%                ID_DATA                      : ENABLED
%%                ID_CTRL                      : ENABLED
%%                ID_SPEC_COV_INIT             : ENABLED
%%                ID_SPEC_COV_REQS             : ENABLED
%%                ID_SPEC_COV                  : ENABLED
%%                ID_FILE_OPEN_CLOSE           : ENABLED
%%                ID_FILE_PARSER               : ENABLED
%%      -----------------------------------------------------------------------------------------------------------------------------------------------------------------------
%%      
%% 
%% 
%% ============================================================================================================================================================================
%%      0 ns    Log    ID_LOG_HDR_LARGE    CLOCK_GEN_VVC_TB    Sequencer starting
%% ============================================================================================================================================================================
%% 
%% 
%%      0 ns    Log    ID_LOG_HDR          CLOCK_GEN_VVC_TB    Check that clk_1, clk_2 and clk_3 are not running
%% ----------------------------------------------------------------------------------------------------------------------------------------------------------------------------
%%      0 ns    Log    PASSED              CLOCK_GEN_VVC_TB    check_value(sl, 0) => OK. Value was 0. 'Check that clock 1 line is low'
%%      0 ns    Log    PASSED              CLOCK_GEN_VVC_TB    check_value(sl, 0) => OK. Value was 0. 'Check that clock 2 line is low'
%%      0 ns    Log    PASSED              CLOCK_GEN_VVC_TB    check_value(sl, 0) => OK. Value was 0. 'Check that clock 3 line is low'
%%    100 ns    Log    ID_SEQUENCER        CLOCK_GEN_VVC_TB    Check of clock of clock not running PASSED.
%%    300 ns    Log    ID_SEQUENCER        CLOCK_GEN_VVC_TB    Check of clock of clock not running PASSED.
%%    700 ns    Log    ID_SEQUENCER        CLOCK_GEN_VVC_TB    Check of clock of clock not running PASSED.
%% 
%% 
%%    700 ns    Log    ID_LOG_HDR          CLOCK_GEN_VVC_TB    Activate clock 1
%% ----------------------------------------------------------------------------------------------------------------------------------------------------------------------------
%%    700 ns    Log    ID_UVVM_SEND_CMD    CLOCK_GEN_VVC_TB    start_clock(CLOCK_GENERATOR_VVC,1): 'Start clock 1'. [3]
%%    700 ns    Log    ID_CLOCK_GEN        CLOCK_GENERATOR_VVC,1  Clock 'Clock 1' started
%%    760 ns    Log    ID_SEQUENCER        CLOCK_GEN_VVC_TB    Check of clock period and clock high time PASSED.
%% 
%% 
%%    760 ns    Log    ID_LOG_HDR          CLOCK_GEN_VVC_TB    Deactivate clock 1
%% ----------------------------------------------------------------------------------------------------------------------------------------------------------------------------
%%    760 ns    Log    ID_UVVM_SEND_CMD    CLOCK_GEN_VVC_TB    stop_clock(CLOCK_GENERATOR_VVC,1): 'Stop clock 1'. [4]
%%    765 ns    Log    ID_CLOCK_GEN        CLOCK_GENERATOR_VVC,1  Clock 'Clock 1' stopped
%%    870 ns    Log    ID_SEQUENCER        CLOCK_GEN_VVC_TB    Check of clock of clock not running PASSED.
%% 
%% 
%%    870 ns    Log    ID_LOG_HDR          CLOCK_GEN_VVC_TB    Change clock period and clock high time of clock 1
%% ----------------------------------------------------------------------------------------------------------------------------------------------------------------------------
%%    870 ns    Log    ID_UVVM_SEND_CMD    TB seq.(uvvm)       set_clock_period(CLOCK_GENERATOR_VVC,1, 50000 ps): 'Change clock period to 50 ns'. [5]
%%    870 ns    Log    ID_CLOCK_GEN        CLOCK_GENERATOR_VVC,1  Clock 'Clock 1' period set to 50000 ps
%%    870 ns    Log    ID_UVVM_SEND_CMD    TB seq.(uvvm)       set_clock_high_time(CLOCK_GENERATOR_VVC,1, 35000 ps): 'Change clock high time to 35 ns'. [6]
%%    870 ns    Log    ID_CLOCK_GEN        CLOCK_GENERATOR_VVC,1  Clock 'Clock 1' high time set to 35000 ps
%%    870 ns    Log    ID_AWAIT_COMPLETIO  CLOCK_GEN_VVC_TB    await_completion(CLOCK_GENERATOR_VVC,1, 1000 ns)=> CLOCK_GENERATOR_VVC,1 finished. 'Waiting for clock generator update' [7]
%% 
%% 
%%    870 ns    Log    ID_LOG_HDR          CLOCK_GEN_VVC_TB    Activate clock 1
%% ----------------------------------------------------------------------------------------------------------------------------------------------------------------------------
%%    870 ns    Log    ID_UVVM_SEND_CMD    CLOCK_GEN_VVC_TB    start_clock(CLOCK_GENERATOR_VVC,1): 'Start clock 1'. [8]
%%    870 ns    Log    ID_CLOCK_GEN        CLOCK_GENERATOR_VVC,1  Clock 'Clock 1' started
%%    870 ns    Log    ID_AWAIT_COMPLETIO  CLOCK_GEN_VVC_TB    await_completion(CLOCK_GENERATOR_VVC,1, 1000 ns)=> CLOCK_GENERATOR_VVC,1 finished. 'Waiting for clock generator update' [9]
%%   1170 ns    Log    ID_SEQUENCER        CLOCK_GEN_VVC_TB    Check of clock period and clock high time PASSED.
%% 
%% 
%%   1170 ns    Log    ID_LOG_HDR          CLOCK_GEN_VVC_TB    Activate clock 2
%% ----------------------------------------------------------------------------------------------------------------------------------------------------------------------------
%%   1170 ns    Log    ID_UVVM_SEND_CMD    CLOCK_GEN_VVC_TB    start_clock(CLOCK_GENERATOR_VVC,2): 'Start clock 2'. [10]
%%   1170 ns    Log    ID_CLOCK_GEN        CLOCK_GENERATOR_VVC,2  Clock 'Clock 2' started
%%   1290 ns    Log    ID_SEQUENCER        CLOCK_GEN_VVC_TB    Check of clock period and clock high time PASSED.
%% 
%% 
%%   1290 ns    Log    ID_LOG_HDR          CLOCK_GEN_VVC_TB    Deactivate clock 2
%% ----------------------------------------------------------------------------------------------------------------------------------------------------------------------------
%%   1290 ns    Log    ID_UVVM_SEND_CMD    CLOCK_GEN_VVC_TB    stop_clock(CLOCK_GENERATOR_VVC,2): 'Stop clock 2'. [11]
%%   1302 ns    Log    ID_CLOCK_GEN        CLOCK_GENERATOR_VVC,2  Clock 'Clock 2' stopped
%%   1510 ns    Log    ID_SEQUENCER        CLOCK_GEN_VVC_TB    Check of clock of clock not running PASSED.
%% 
%% 
%%   1510 ns    Log    ID_LOG_HDR          CLOCK_GEN_VVC_TB    Change clock period and clock high time of clock 2
%% ----------------------------------------------------------------------------------------------------------------------------------------------------------------------------
%%   1510 ns    Log    ID_UVVM_SEND_CMD    TB seq.(uvvm)       set_clock_period(CLOCK_GENERATOR_VVC,2, 100000 ps): 'Set clock period to 100 ns'. [12]
%%   1510 ns    Log    ID_CLOCK_GEN        CLOCK_GENERATOR_VVC,2  Clock 'Clock 2' period set to 100000 ps
%%   1510 ns    Log    ID_UVVM_SEND_CMD    TB seq.(uvvm)       set_clock_high_time(CLOCK_GENERATOR_VVC,2, 50000 ps): 'Set clock high time to 50 ns'. [13]
%%   1510 ns    Log    ID_CLOCK_GEN        CLOCK_GENERATOR_VVC,2  Clock 'Clock 2' high time set to 50000 ps
%%   1510 ns    Log    ID_AWAIT_COMPLETIO  CLOCK_GEN_VVC_TB    await_completion(CLOCK_GENERATOR_VVC,2, 1000 ns)=> CLOCK_GENERATOR_VVC,2 finished. 'Waiting for clock generator update' [14]
%% 
%% 
%%   1510 ns    Log    ID_LOG_HDR          CLOCK_GEN_VVC_TB    Activate clock 2
%% ----------------------------------------------------------------------------------------------------------------------------------------------------------------------------
%%   1510 ns    Log    ID_UVVM_SEND_CMD    CLOCK_GEN_VVC_TB    start_clock(CLOCK_GENERATOR_VVC,2): 'Start clock 2'. [15]
%%   1510 ns    Log    ID_CLOCK_GEN        CLOCK_GENERATOR_VVC,2  Clock 'Clock 2' started
%%   1510 ns    Log    ID_AWAIT_COMPLETIO  CLOCK_GEN_VVC_TB    await_completion(CLOCK_GENERATOR_VVC,2, 1000 ns)=> CLOCK_GENERATOR_VVC,2 finished. 'Waiting for clock generator update' [16]
%%   2110 ns    Log    ID_SEQUENCER        CLOCK_GEN_VVC_TB    Check of clock period and clock high time PASSED.
%% 
%% 
%%   2110 ns    Log    ID_LOG_HDR          CLOCK_GEN_VVC_TB    Deactivate clock 2
%% ----------------------------------------------------------------------------------------------------------------------------------------------------------------------------
%%   2110 ns    Log    ID_UVVM_SEND_CMD    CLOCK_GEN_VVC_TB    stop_clock(CLOCK_GENERATOR_VVC,2): 'Stop clock 2'. [17]
%%   2160 ns    Log    ID_CLOCK_GEN        CLOCK_GENERATOR_VVC,2  Clock 'Clock 2' stopped
%%   3210 ns    Log    ID_SEQUENCER        CLOCK_GEN_VVC_TB    Check of clock of clock not running PASSED.
%% 
%% 
%%   3210 ns    Log    ID_LOG_HDR          CLOCK_GEN_VVC_TB    Change clock high time of clock 2
%% ----------------------------------------------------------------------------------------------------------------------------------------------------------------------------
%%   3210 ns    Log    ID_UVVM_SEND_CMD    TB seq.(uvvm)       set_clock_high_time(CLOCK_GENERATOR_VVC,2, 1000 ps): 'Set clock high time to 1 ns'. [18]
%%   3210 ns    Log    ID_CLOCK_GEN        CLOCK_GENERATOR_VVC,2  Clock 'Clock 2' high time set to 1000 ps
%%   3210 ns    Log    ID_AWAIT_COMPLETIO  CLOCK_GEN_VVC_TB    await_completion(CLOCK_GENERATOR_VVC,2, 1000 ns)=> CLOCK_GENERATOR_VVC,2 finished. 'Waiting for clock generator update' [19]
%% 
%% 
%%   3210 ns    Log    ID_LOG_HDR          CLOCK_GEN_VVC_TB    Activate clock 2
%% ----------------------------------------------------------------------------------------------------------------------------------------------------------------------------
%%   3210 ns    Log    ID_UVVM_SEND_CMD    CLOCK_GEN_VVC_TB    start_clock(CLOCK_GENERATOR_VVC,2): 'Start clock 2'. [20]
%%   3210 ns    Log    ID_CLOCK_GEN        CLOCK_GENERATOR_VVC,2  Clock 'Clock 2' started
%%   3210 ns    Log    ID_AWAIT_COMPLETIO  CLOCK_GEN_VVC_TB    await_completion(CLOCK_GENERATOR_VVC,2, 1000 ns)=> CLOCK_GENERATOR_VVC,2 finished. 'Waiting for clock generator update' [21]
%%   3810 ns    Log    ID_SEQUENCER        CLOCK_GEN_VVC_TB    Check of clock period and clock high time PASSED.
%% 
%% 
%%   3810 ns    Log    ID_LOG_HDR          CLOCK_GEN_VVC_TB    Change clock high time of clock 2
%% ----------------------------------------------------------------------------------------------------------------------------------------------------------------------------
%%   3810 ns    Log    ID_UVVM_SEND_CMD    TB seq.(uvvm)       set_clock_high_time(CLOCK_GENERATOR_VVC,2, 99000 ps): 'Set clock high time to 99 ns'. [22]
%%   3910 ns    Log    ID_CLOCK_GEN        CLOCK_GENERATOR_VVC,2  Clock 'Clock 2' high time set to 99000 ps
%%   3910 ns    Log    ID_AWAIT_COMPLETIO  CLOCK_GEN_VVC_TB    await_completion(CLOCK_GENERATOR_VVC,2, 1000 ns)=> CLOCK_GENERATOR_VVC,2 finished. 'Waiting for clock generator update' [23]
%%   4510 ns    Log    ID_SEQUENCER        CLOCK_GEN_VVC_TB    Check of clock period and clock high time PASSED.
%% 
%% 
%%   4510 ns    Log    ID_LOG_HDR          CLOCK_GEN_VVC_TB    Change clock period of clock 2
%% ----------------------------------------------------------------------------------------------------------------------------------------------------------------------------
%%   4510 ns    Log    ID_UVVM_SEND_CMD    TB seq.(uvvm)       set_clock_period(CLOCK_GENERATOR_VVC,2, 200000 ps): 'Set clock period to 200 ns'. [24]
%%   4510 ns    Log    ID_UVVM_SEND_CMD    TB seq.(uvvm)       set_clock_high_time(CLOCK_GENERATOR_VVC,2, 150000 ps): 'Set clock high time to 150 ns'. [25]
%%   4610 ns    Log    ID_CLOCK_GEN        CLOCK_GENERATOR_VVC,2  Clock 'Clock 2' period set to 200000 ps
%%   4810 ns    Log    ID_CLOCK_GEN        CLOCK_GENERATOR_VVC,2  Clock 'Clock 2' high time set to 150000 ps
%%   4810 ns    Log    ID_AWAIT_COMPLETIO  CLOCK_GEN_VVC_TB    await_completion(CLOCK_GENERATOR_VVC,2, 1000 ns)=> CLOCK_GENERATOR_VVC,2 finished. 'Waiting for clock generator update' [26]
%%   6010 ns    Log    ID_SEQUENCER        CLOCK_GEN_VVC_TB    Check of clock period and clock high time PASSED.
%% 
%% 
%%   6010 ns    Log    ID_LOG_HDR          CLOCK_GEN_VVC_TB    Change clock period of clock 2
%% ----------------------------------------------------------------------------------------------------------------------------------------------------------------------------
%%   6010 ns    Log    ID_UVVM_SEND_CMD    TB seq.(uvvm)       set_clock_high_time(CLOCK_GENERATOR_VVC,2, 39600 ps): 'Set clock high time to 39.6 ns'. [27]
%%   6010 ns    Log    ID_UVVM_SEND_CMD    TB seq.(uvvm)       set_clock_period(CLOCK_GENERATOR_VVC,2, 40000 ps): 'Set clock period to 40 ns'. [28]
%%   6210 ns    Log    ID_CLOCK_GEN        CLOCK_GENERATOR_VVC,2  Clock 'Clock 2' high time set to 39600 ps
%%   6410 ns    Log    ID_CLOCK_GEN        CLOCK_GENERATOR_VVC,2  Clock 'Clock 2' period set to 40000 ps
%%   6410 ns    Log    ID_AWAIT_COMPLETIO  CLOCK_GEN_VVC_TB    await_completion(CLOCK_GENERATOR_VVC,2, 1000 ns)=> CLOCK_GENERATOR_VVC,2 finished. 'Waiting for clock generator update' [29]
%%   6650 ns    Log    ID_SEQUENCER        CLOCK_GEN_VVC_TB    Check of clock period and clock high time PASSED.
%% 
%% 
%%   6650 ns    Log    ID_LOG_HDR          CLOCK_GEN_VVC_TB    Deactivate clock 2
%% ----------------------------------------------------------------------------------------------------------------------------------------------------------------------------
%%   6650 ns    Log    ID_UVVM_SEND_CMD    CLOCK_GEN_VVC_TB    stop_clock(CLOCK_GENERATOR_VVC,2): 'Stop clock 2'. [30]
%% 6689.6 ns    Log    ID_CLOCK_GEN        CLOCK_GENERATOR_VVC,2  Clock 'Clock 2' stopped
%%   7690 ns    Log    ID_SEQUENCER        CLOCK_GEN_VVC_TB    Check of clock of clock not running PASSED.
%% 
%% 
%%   7690 ns    Log    ID_LOG_HDR          CLOCK_GEN_VVC_TB    Change clock period of clock 2
%% ----------------------------------------------------------------------------------------------------------------------------------------------------------------------------
%%   7690 ns    Log    ID_UVVM_SEND_CMD    TB seq.(uvvm)       set_clock_period(CLOCK_GENERATOR_VVC,2, 40000 ps): 'Set clock period to 40 ns'. [31]
%%   7690 ns    Log    ID_CLOCK_GEN        CLOCK_GENERATOR_VVC,2  Clock 'Clock 2' period set to 40000 ps
%%   7690 ns    Log    ID_AWAIT_COMPLETIO  CLOCK_GEN_VVC_TB    await_completion(CLOCK_GENERATOR_VVC,2, 1000 ns)=> CLOCK_GENERATOR_VVC,2 finished. 'Waiting for clock generator update' [32]
%% 
%% 
%%   7690 ns    Log    ID_LOG_HDR          CLOCK_GEN_VVC_TB    Activate clock 2
%% ----------------------------------------------------------------------------------------------------------------------------------------------------------------------------
%%   7690 ns    Log    ID_UVVM_SEND_CMD    CLOCK_GEN_VVC_TB    start_clock(CLOCK_GENERATOR_VVC,2): 'Start clock 2'. [33]
%%   7690 ns    Log    ID_CLOCK_GEN        CLOCK_GENERATOR_VVC,2  Clock 'Clock 2' started
%%   7690 ns    Log    ID_AWAIT_COMPLETIO  CLOCK_GEN_VVC_TB    await_completion(CLOCK_GENERATOR_VVC,2, 1000 ns)=> CLOCK_GENERATOR_VVC,2 finished. 'Waiting for clock generator update' [34]
%%   7930 ns    Log    ID_SEQUENCER        CLOCK_GEN_VVC_TB    Check of clock period and clock high time PASSED.
%% 
%% 
%%   7930 ns    Log    ID_LOG_HDR          CLOCK_GEN_VVC_TB    Set clock 2 high time to same as clock period, expect tb_error
%% ----------------------------------------------------------------------------------------------------------------------------------------------------------------------------
%%   7930 ns    Log    ID_UVVM_SEND_CMD    TB seq.(uvvm)       set_clock_high_time(CLOCK_GENERATOR_VVC,2, 40000 ps): 'Set clock high time to 40 ns'. [35]
%%   7970 ns    Alert  ERROR               CLOCK_GENERATOR_VVC,2  Clock 2: clock period must be larger than clock high time; clock period: 40000 ps, clock high time: 40000 ps
%%   7970 ns    Log    ID_CLOCK_GEN        CLOCK_GENERATOR_VVC,2  Clock 'Clock 2' high time set to 40000 ps
%%   7970 ns    Log    ID_AWAIT_COMPLETIO  CLOCK_GEN_VVC_TB    await_completion(CLOCK_GENERATOR_VVC,2, 1000 ns)=> CLOCK_GENERATOR_VVC,2 finished. 'Waiting for clock generator update' [36]
%%   7970 ns    Log    ID_UVVM_SEND_CMD    CLOCK_GEN_VVC_TB    stop_clock(CLOCK_GENERATOR_VVC,2): 'Stop clock 2'. [37]
%% 
%% 
%%   7970 ns    Log    ID_LOG_HDR          CLOCK_GEN_VVC_TB    Activate clock 3
%% ----------------------------------------------------------------------------------------------------------------------------------------------------------------------------
%%   7970 ns    Log    ID_UVVM_SEND_CMD    CLOCK_GEN_VVC_TB    start_clock(CLOCK_GENERATOR_VVC,3): 'Start clock 3'. [38]
%%   7970 ns    Log    ID_CLOCK_GEN        CLOCK_GENERATOR_VVC,3  Clock 'Clock 3' started
%%   8010 ns    Log    ID_CLOCK_GEN        CLOCK_GENERATOR_VVC,2  Clock 'Clock 2' stopped
%%   8210 ns    Log    ID_SEQUENCER        CLOCK_GEN_VVC_TB    Check of clock period and clock high time PASSED.
%% 
%% ============================================================================================================================================================================
%%  *** FINAL SUMMARY OF ALL ALERTS ***
%% ============================================================================================================================================================================
%%   9210 ns    DONE   PASSED   clock_generator_tb  Passed: 3  Affirmations Checked: 3
%%    Expected      Failures: 0  Errors: -1  Warnings: 0  Passed: 0
%%    VHDL Asserts  Failures: 0  Errors: 0  Warnings: 0  Passed: 0
%%    Default       Failures: 0  Errors: 1  Warnings: 0  Passed: 0
%%    OSVVM         Failures: 0  Errors: 0  Warnings: 0  Passed: 0
%% ============================================================================================================================================================================
%% 
%% 
%% 
%%   9210 ns    Log    ID_LOG_HDR          CLOCK_GEN_VVC_TB    SIMULATION COMPLETED
%% ----------------------------------------------------------------------------------------------------------------------------------------------------------------------------
