%%           0.0 ns  Log    ID_CONSTRUCTOR      SBI_VVC,0           VVC instantiated.
%%           0.0 ns  Log    ID_CONSTRUCTOR_SUB  SBI_VVC,0           Command queue instantiated and will give a warning when reaching 1000 elements in queue.
%%           0.0 ns  Log    ID_CONSTRUCTOR_SUB  SBI_VVC,0           Result queue instantiated and will give a warning when reaching 1000 elements in queue.
%%           0.0 ns  Log    ID_CONSTRUCTOR      I2C_VVC,3           VVC instantiated.
%%           0.0 ns  Log    ID_CONSTRUCTOR_SUB  I2C_VVC,3           Command queue instantiated and will give a warning when reaching 1000 elements in queue.
%%           0.0 ns  Log    ID_CONSTRUCTOR_SUB  I2C_VVC,3           Result queue instantiated and will give a warning when reaching 1000 elements in queue.
%%           0.0 ns  Log    ID_CONSTRUCTOR      I2C_VVC,6           VVC instantiated.
%%           0.0 ns  Log    ID_CONSTRUCTOR_SUB  I2C_VVC,6           Command queue instantiated and will give a warning when reaching 1000 elements in queue.
%%           0.0 ns  Log    ID_CONSTRUCTOR_SUB  I2C_VVC,6           Result queue instantiated and will give a warning when reaching 1000 elements in queue.
%%           0.0 ns  Log    ID_CONSTRUCTOR      I2C_VVC,4           VVC instantiated.
%%           0.0 ns  Log    ID_CONSTRUCTOR_SUB  I2C_VVC,4           Command queue instantiated and will give a warning when reaching 1000 elements in queue.
%%           0.0 ns  Log    ID_CONSTRUCTOR_SUB  I2C_VVC,4           Result queue instantiated and will give a warning when reaching 1000 elements in queue.
%%           0.0 ns  Log    ID_CONSTRUCTOR      I2C_VVC,5           VVC instantiated.
%%           0.0 ns  Log    ID_CONSTRUCTOR_SUB  I2C_VVC,5           Command queue instantiated and will give a warning when reaching 1000 elements in queue.
%%           0.0 ns  Log    ID_CONSTRUCTOR_SUB  I2C_VVC,5           Result queue instantiated and will give a warning when reaching 1000 elements in queue.
%%           0.0 ns  Log    ID_CONSTRUCTOR      I2C_VVC,2           VVC instantiated.
%%           0.0 ns  Log    ID_CONSTRUCTOR_SUB  I2C_VVC,2           Command queue instantiated and will give a warning when reaching 1000 elements in queue.
%%           0.0 ns  Log    ID_CONSTRUCTOR_SUB  I2C_VVC,2           Result queue instantiated and will give a warning when reaching 1000 elements in queue.
%%           0.0 ns  Log    ID_CONSTRUCTOR      WISHBONE_VVC,0      VVC instantiated.
%%           0.0 ns  Log    ID_CONSTRUCTOR_SUB  WISHBONE_VVC,0      Command queue instantiated and will give a warning when reaching 1000 elements in queue.
%%           0.0 ns  Log    ID_CONSTRUCTOR_SUB  WISHBONE_VVC,0      Result queue instantiated and will give a warning when reaching 1000 elements in queue.
%%           0.0 ns  Log    ID_CONSTRUCTOR      I2C_VVC,1           VVC instantiated.
%%           0.0 ns  Log    ID_CONSTRUCTOR_SUB  I2C_VVC,1           Command queue instantiated and will give a warning when reaching 1000 elements in queue.
%%           0.0 ns  Log    ID_CONSTRUCTOR_SUB  I2C_VVC,1           Result queue instantiated and will give a warning when reaching 1000 elements in queue.
%%           0.0 ns  Log    ID_CONSTRUCTOR      I2C_VVC,0           VVC instantiated.
%%           0.0 ns  Log    ID_CONSTRUCTOR_SUB  I2C_VVC,0           Command queue instantiated and will give a warning when reaching 1000 elements in queue.
%%           0.0 ns  Log    ID_CONSTRUCTOR_SUB  I2C_VVC,0           Result queue instantiated and will give a warning when reaching 1000 elements in queue.
%%           0.0 ns  Log    ID_CMD_INTERPRETER  SBI_VVC,0           Interpreter: Waiting for command
%%           0.0 ns  Log    ID_CMD_INTERPRETER  I2C_VVC,3           Interpreter: Waiting for command
%%           0.0 ns  Log    ID_CMD_INTERPRETER  I2C_VVC,6           Interpreter: Waiting for command
%%           0.0 ns  Log    ID_CMD_INTERPRETER  I2C_VVC,4           Interpreter: Waiting for command
%%           0.0 ns  Log    ID_CMD_INTERPRETER  I2C_VVC,5           Interpreter: Waiting for command
%%           0.0 ns  Log    ID_CMD_INTERPRETER  I2C_VVC,2           Interpreter: Waiting for command
%%           0.0 ns  Log    ID_CMD_INTERPRETER  WISHBONE_VVC,0      Interpreter: Waiting for command
%%           0.0 ns  Log    ID_CMD_INTERPRETER  I2C_VVC,1           Interpreter: Waiting for command
%%           0.0 ns  Log    ID_CMD_INTERPRETER  I2C_VVC,0           Interpreter: Waiting for command
%%           0.0 ns  Log    ID_CTRL             SBI_VVC_SB,0        enable() => SB enabled. 'SBI VVC SB Enabled'
%%           0.0 ns  Log    ID_CTRL             SBI_VVC_SB,0        config() => config applied to SB.
%%           0.0 ns  Log    ID_CTRL             SBI_VVC_SB,0        enable_log_msg() => message id id_data enabled.
%%           0.0 ns  Log    ID_CTRL             I2C_VVC_SB,3        enable() => SB enabled. 'I2C VVC SB Enabled'
%%           0.0 ns  Log    ID_CTRL             I2C_VVC_SB,3        config() => config applied to SB.
%%           0.0 ns  Log    ID_CTRL             I2C_VVC_SB,3        enable_log_msg() => message id id_data enabled.
%%           0.0 ns  Log    ID_CTRL             I2C_VVC_SB,6        enable() => SB enabled. 'I2C VVC SB Enabled'
%%           0.0 ns  Log    ID_CTRL             I2C_VVC_SB,6        config() => config applied to SB.
%%           0.0 ns  Log    ID_CTRL             I2C_VVC_SB,6        enable_log_msg() => message id id_data enabled.
%%           0.0 ns  Log    ID_CTRL             I2C_VVC_SB,4        enable() => SB enabled. 'I2C VVC SB Enabled'
%%           0.0 ns  Log    ID_CTRL             I2C_VVC_SB,4        config() => config applied to SB.
%%           0.0 ns  Log    ID_CTRL             I2C_VVC_SB,4        enable_log_msg() => message id id_data enabled.
%%           0.0 ns  Log    ID_CTRL             I2C_VVC_SB,5        enable() => SB enabled. 'I2C VVC SB Enabled'
%%           0.0 ns  Log    ID_CTRL             I2C_VVC_SB,5        config() => config applied to SB.
%%           0.0 ns  Log    ID_CTRL             I2C_VVC_SB,5        enable_log_msg() => message id id_data enabled.
%%           0.0 ns  Log    ID_CTRL             I2C_VVC_SB,2        enable() => SB enabled. 'I2C VVC SB Enabled'
%%           0.0 ns  Log    ID_CTRL             I2C_VVC_SB,2        config() => config applied to SB.
%%           0.0 ns  Log    ID_CTRL             I2C_VVC_SB,2        enable_log_msg() => message id id_data enabled.
%%           0.0 ns  Log    ID_CTRL             WISHBONE_VVC_SB,0   enable() => SB enabled. 'WISHBONE VVC SB Enabled'
%%           0.0 ns  Log    ID_CTRL             WISHBONE_VVC_SB,0   config() => config applied to SB.
%%           0.0 ns  Log    ID_CTRL             WISHBONE_VVC_SB,0   enable_log_msg() => message id id_data enabled.
%%           0.0 ns  Log    ID_CTRL             I2C_VVC_SB,1        enable() => SB enabled. 'I2C VVC SB Enabled'
%%           0.0 ns  Log    ID_CTRL             I2C_VVC_SB,1        config() => config applied to SB.
%%           0.0 ns  Log    ID_CTRL             I2C_VVC_SB,1        enable_log_msg() => message id id_data enabled.
%%           0.0 ns  Log    ID_CTRL             I2C_VVC_SB,0        enable() => SB enabled. 'I2C VVC SB Enabled'
%%           0.0 ns  Log    ID_CTRL             I2C_VVC_SB,0        config() => config applied to SB.
%%           0.0 ns  Log    ID_CTRL             I2C_VVC_SB,0        enable_log_msg() => message id id_data enabled.
%%           0.0 ns  Log    ID_LOG_MSG_CTRL     TB seq.             disable_log_msg(ID_AWAIT_COMPLETION).
%%           0.0 ns  Log    ID_LOG_MSG_CTRL     TB seq.             disable_log_msg(ID_AWAIT_COMPLETION_LIST).
%%           0.0 ns  Log    ID_LOG_MSG_CTRL     TB seq.             disable_log_msg(ID_AWAIT_COMPLETION_WAIT).
%%           0.0 ns  Log    ID_LOG_MSG_CTRL     TB seq.             disable_log_msg(ID_AWAIT_COMPLETION_END).
%%           0.0 ns  Log    ID_LOG_MSG_CTRL     TB seq.             disable_log_msg(ID_UVVM_CMD_ACK).
%%           0.0 ns  Log    ID_LOG_MSG_CTRL     TB seq.             disable_log_msg(ID_POS_ACK).
%%           0.0 ns  Log    ID_LOG_MSG_CTRL     TB seq.             disable_log_msg(ID_UVVM_CMD_RESULT).
%%           0.0 ns  Log    ID_UVVM_SEND_CMD    TB seq.(uvvm)       disable_log_msg(VVC_BROADCAST, ID_CMD_EXECUTOR): [1]
%%           0.0 ns  Log    ID_UVVM_SEND_CMD    SBI_VVC,0           disable_log_msg(VVC_BROADCAST, ID_CMD_EXECUTOR): [1]
%%           0.0 ns  Log    ID_UVVM_SEND_CMD    I2C_VVC,3           disable_log_msg(VVC_BROADCAST, ID_CMD_EXECUTOR): [1]
%%           0.0 ns  Log    ID_UVVM_SEND_CMD    I2C_VVC,6           disable_log_msg(VVC_BROADCAST, ID_CMD_EXECUTOR): [1]
%%           0.0 ns  Log    ID_UVVM_SEND_CMD    I2C_VVC,4           disable_log_msg(VVC_BROADCAST, ID_CMD_EXECUTOR): [1]
%%           0.0 ns  Log    ID_UVVM_SEND_CMD    I2C_VVC,5           disable_log_msg(VVC_BROADCAST, ID_CMD_EXECUTOR): [1]
%%           0.0 ns  Log    ID_UVVM_SEND_CMD    I2C_VVC,2           disable_log_msg(VVC_BROADCAST, ID_CMD_EXECUTOR): [1]
%%           0.0 ns  Log    ID_UVVM_SEND_CMD    WISHBONE_VVC,0      disable_log_msg(VVC_BROADCAST, ID_CMD_EXECUTOR): [1]
%%           0.0 ns  Log    ID_UVVM_SEND_CMD    I2C_VVC,1           disable_log_msg(VVC_BROADCAST, ID_CMD_EXECUTOR): [1]
%%           0.0 ns  Log    ID_UVVM_SEND_CMD    I2C_VVC,0           disable_log_msg(VVC_BROADCAST, ID_CMD_EXECUTOR): [1]
%%           0.0 ns  Log    ID_CMD_EXECUTOR_WA  SBI_VVC,0           Executor: Waiting for command
%%           0.0 ns  Log    ID_CMD_EXECUTOR_WA  I2C_VVC,3           Executor: Waiting for command
%%           0.0 ns  Log    ID_CMD_EXECUTOR_WA  I2C_VVC,6           Executor: Waiting for command
%%           0.0 ns  Log    ID_CMD_EXECUTOR_WA  I2C_VVC,4           Executor: Waiting for command
%%           0.0 ns  Log    ID_CMD_EXECUTOR_WA  I2C_VVC,5           Executor: Waiting for command
%%           0.0 ns  Log    ID_CMD_EXECUTOR_WA  I2C_VVC,2           Executor: Waiting for command
%%           0.0 ns  Log    ID_CMD_EXECUTOR_WA  WISHBONE_VVC,0      Executor: Waiting for command
%%           0.0 ns  Log    ID_CMD_EXECUTOR_WA  I2C_VVC,1           Executor: Waiting for command
%%           0.0 ns  Log    ID_CMD_EXECUTOR_WA  I2C_VVC,0           Executor: Waiting for command
%%           0.0 ns  Log    ID_CMD_INTERPRETER  SBI_VVC,0           disable_log_msg(VVC_BROADCAST, ID_CMD_EXECUTOR). Command received  [1]
%%           0.0 ns  Log    ID_LOG_MSG_CTRL     SBI_VVC,0           disable_log_msg(ID_CMD_EXECUTOR). ' [1]'
%%           0.0 ns  Log    ID_CMD_INTERPRETER  I2C_VVC,3           disable_log_msg(VVC_BROADCAST, ID_CMD_EXECUTOR). Command received  [1]
%%           0.0 ns  Log    ID_LOG_MSG_CTRL     I2C_VVC,3           disable_log_msg(ID_CMD_EXECUTOR). ' [1]'
%%           0.0 ns  Log    ID_CMD_INTERPRETER  I2C_VVC,6           disable_log_msg(VVC_BROADCAST, ID_CMD_EXECUTOR). Command received  [1]
%%           0.0 ns  Log    ID_LOG_MSG_CTRL     I2C_VVC,6           disable_log_msg(ID_CMD_EXECUTOR). ' [1]'
%%           0.0 ns  Log    ID_CMD_INTERPRETER  I2C_VVC,4           disable_log_msg(VVC_BROADCAST, ID_CMD_EXECUTOR). Command received  [1]
%%           0.0 ns  Log    ID_LOG_MSG_CTRL     I2C_VVC,4           disable_log_msg(ID_CMD_EXECUTOR). ' [1]'
%%           0.0 ns  Log    ID_CMD_INTERPRETER  I2C_VVC,5           disable_log_msg(VVC_BROADCAST, ID_CMD_EXECUTOR). Command received  [1]
%%           0.0 ns  Log    ID_LOG_MSG_CTRL     I2C_VVC,5           disable_log_msg(ID_CMD_EXECUTOR). ' [1]'
%%           0.0 ns  Log    ID_CMD_INTERPRETER  I2C_VVC,2           disable_log_msg(VVC_BROADCAST, ID_CMD_EXECUTOR). Command received  [1]
%%           0.0 ns  Log    ID_LOG_MSG_CTRL     I2C_VVC,2           disable_log_msg(ID_CMD_EXECUTOR). ' [1]'
%%           0.0 ns  Log    ID_CMD_INTERPRETER  WISHBONE_VVC,0      disable_log_msg(VVC_BROADCAST, ID_CMD_EXECUTOR). Command received  [1]
%%           0.0 ns  Log    ID_LOG_MSG_CTRL     WISHBONE_VVC,0      disable_log_msg(ID_CMD_EXECUTOR). ' [1]'
%%           0.0 ns  Log    ID_CMD_INTERPRETER  I2C_VVC,1           disable_log_msg(VVC_BROADCAST, ID_CMD_EXECUTOR). Command received  [1]
%%           0.0 ns  Log    ID_LOG_MSG_CTRL     I2C_VVC,1           disable_log_msg(ID_CMD_EXECUTOR). ' [1]'
%%           0.0 ns  Log    ID_CMD_INTERPRETER  I2C_VVC,0           disable_log_msg(VVC_BROADCAST, ID_CMD_EXECUTOR). Command received  [1]
%%           0.0 ns  Log    ID_LOG_MSG_CTRL     I2C_VVC,0           disable_log_msg(ID_CMD_EXECUTOR). ' [1]'
%%           0.0 ns  Log    ID_CMD_INTERPRETER  I2C_VVC,3           Interpreter: Waiting for command
%%           0.0 ns  Log    ID_CMD_INTERPRETER  I2C_VVC,6           Interpreter: Waiting for command
%%           0.0 ns  Log    ID_CMD_INTERPRETER  I2C_VVC,4           Interpreter: Waiting for command
%%           0.0 ns  Log    ID_CMD_INTERPRETER  I2C_VVC,5           Interpreter: Waiting for command
%%           0.0 ns  Log    ID_CMD_INTERPRETER  I2C_VVC,2           Interpreter: Waiting for command
%%           0.0 ns  Log    ID_CMD_INTERPRETER  I2C_VVC,1           Interpreter: Waiting for command
%%           0.0 ns  Log    ID_CMD_INTERPRETER  I2C_VVC,0           Interpreter: Waiting for command
%%           0.0 ns  Log    ID_CMD_INTERPRETER  WISHBONE_VVC,0      Interpreter: Waiting for command
%%           0.0 ns  Log    ID_CMD_INTERPRETER  SBI_VVC,0           Interpreter: Waiting for command
%%           0.0 ns  Log    ID_UVVM_SEND_CMD    TB seq.(uvvm)       disable_log_msg(VVC_BROADCAST, ID_CMD_EXECUTOR_WAIT): [2]
%%           0.0 ns  Log    ID_UVVM_SEND_CMD    I2C_VVC,3           disable_log_msg(VVC_BROADCAST, ID_CMD_EXECUTOR_WAIT): [2]
%%           0.0 ns  Log    ID_UVVM_SEND_CMD    I2C_VVC,6           disable_log_msg(VVC_BROADCAST, ID_CMD_EXECUTOR_WAIT): [2]
%%           0.0 ns  Log    ID_UVVM_SEND_CMD    I2C_VVC,4           disable_log_msg(VVC_BROADCAST, ID_CMD_EXECUTOR_WAIT): [2]
%%           0.0 ns  Log    ID_UVVM_SEND_CMD    I2C_VVC,5           disable_log_msg(VVC_BROADCAST, ID_CMD_EXECUTOR_WAIT): [2]
%%           0.0 ns  Log    ID_UVVM_SEND_CMD    I2C_VVC,2           disable_log_msg(VVC_BROADCAST, ID_CMD_EXECUTOR_WAIT): [2]
%%           0.0 ns  Log    ID_UVVM_SEND_CMD    I2C_VVC,1           disable_log_msg(VVC_BROADCAST, ID_CMD_EXECUTOR_WAIT): [2]
%%           0.0 ns  Log    ID_UVVM_SEND_CMD    I2C_VVC,0           disable_log_msg(VVC_BROADCAST, ID_CMD_EXECUTOR_WAIT): [2]
%%           0.0 ns  Log    ID_UVVM_SEND_CMD    WISHBONE_VVC,0      disable_log_msg(VVC_BROADCAST, ID_CMD_EXECUTOR_WAIT): [2]
%%           0.0 ns  Log    ID_UVVM_SEND_CMD    SBI_VVC,0           disable_log_msg(VVC_BROADCAST, ID_CMD_EXECUTOR_WAIT): [2]
%%           0.0 ns  Log    ID_CMD_INTERPRETER  I2C_VVC,3           disable_log_msg(VVC_BROADCAST, ID_CMD_EXECUTOR_WAIT). Command received  [2]
%%           0.0 ns  Log    ID_LOG_MSG_CTRL     I2C_VVC,3           disable_log_msg(ID_CMD_EXECUTOR_WAIT). ' [2]'
%%           0.0 ns  Log    ID_CMD_INTERPRETER  I2C_VVC,6           disable_log_msg(VVC_BROADCAST, ID_CMD_EXECUTOR_WAIT). Command received  [2]
%%           0.0 ns  Log    ID_LOG_MSG_CTRL     I2C_VVC,6           disable_log_msg(ID_CMD_EXECUTOR_WAIT). ' [2]'
%%           0.0 ns  Log    ID_CMD_INTERPRETER  I2C_VVC,4           disable_log_msg(VVC_BROADCAST, ID_CMD_EXECUTOR_WAIT). Command received  [2]
%%           0.0 ns  Log    ID_LOG_MSG_CTRL     I2C_VVC,4           disable_log_msg(ID_CMD_EXECUTOR_WAIT). ' [2]'
%%           0.0 ns  Log    ID_CMD_INTERPRETER  I2C_VVC,5           disable_log_msg(VVC_BROADCAST, ID_CMD_EXECUTOR_WAIT). Command received  [2]
%%           0.0 ns  Log    ID_LOG_MSG_CTRL     I2C_VVC,5           disable_log_msg(ID_CMD_EXECUTOR_WAIT). ' [2]'
%%           0.0 ns  Log    ID_CMD_INTERPRETER  I2C_VVC,2           disable_log_msg(VVC_BROADCAST, ID_CMD_EXECUTOR_WAIT). Command received  [2]
%%           0.0 ns  Log    ID_LOG_MSG_CTRL     I2C_VVC,2           disable_log_msg(ID_CMD_EXECUTOR_WAIT). ' [2]'
%%           0.0 ns  Log    ID_CMD_INTERPRETER  I2C_VVC,1           disable_log_msg(VVC_BROADCAST, ID_CMD_EXECUTOR_WAIT). Command received  [2]
%%           0.0 ns  Log    ID_LOG_MSG_CTRL     I2C_VVC,1           disable_log_msg(ID_CMD_EXECUTOR_WAIT). ' [2]'
%%           0.0 ns  Log    ID_CMD_INTERPRETER  I2C_VVC,0           disable_log_msg(VVC_BROADCAST, ID_CMD_EXECUTOR_WAIT). Command received  [2]
%%           0.0 ns  Log    ID_LOG_MSG_CTRL     I2C_VVC,0           disable_log_msg(ID_CMD_EXECUTOR_WAIT). ' [2]'
%%           0.0 ns  Log    ID_CMD_INTERPRETER  WISHBONE_VVC,0      disable_log_msg(VVC_BROADCAST, ID_CMD_EXECUTOR_WAIT). Command received  [2]
%%           0.0 ns  Log    ID_LOG_MSG_CTRL     WISHBONE_VVC,0      disable_log_msg(ID_CMD_EXECUTOR_WAIT). ' [2]'
%%           0.0 ns  Log    ID_CMD_INTERPRETER  SBI_VVC,0           disable_log_msg(VVC_BROADCAST, ID_CMD_EXECUTOR_WAIT). Command received  [2]
%%           0.0 ns  Log    ID_LOG_MSG_CTRL     SBI_VVC,0           disable_log_msg(ID_CMD_EXECUTOR_WAIT). ' [2]'
%%           0.0 ns  Log    ID_CMD_INTERPRETER  SBI_VVC,0           Interpreter: Waiting for command
%%           0.0 ns  Log    ID_CMD_INTERPRETER  WISHBONE_VVC,0      Interpreter: Waiting for command
%%           0.0 ns  Log    ID_CMD_INTERPRETER  I2C_VVC,3           Interpreter: Waiting for command
%%           0.0 ns  Log    ID_CMD_INTERPRETER  I2C_VVC,6           Interpreter: Waiting for command
%%           0.0 ns  Log    ID_CMD_INTERPRETER  I2C_VVC,4           Interpreter: Waiting for command
%%           0.0 ns  Log    ID_CMD_INTERPRETER  I2C_VVC,5           Interpreter: Waiting for command
%%           0.0 ns  Log    ID_CMD_INTERPRETER  I2C_VVC,2           Interpreter: Waiting for command
%%           0.0 ns  Log    ID_CMD_INTERPRETER  I2C_VVC,1           Interpreter: Waiting for command
%%           0.0 ns  Log    ID_CMD_INTERPRETER  I2C_VVC,0           Interpreter: Waiting for command
%%           0.0 ns  Log    ID_UVVM_SEND_CMD    TB seq.(uvvm)       disable_log_msg(VVC_BROADCAST, ID_CMD_INTERPRETER): [3]
%%           0.0 ns  Log    ID_UVVM_SEND_CMD    SBI_VVC,0           disable_log_msg(VVC_BROADCAST, ID_CMD_INTERPRETER): [3]
%%           0.0 ns  Log    ID_UVVM_SEND_CMD    WISHBONE_VVC,0      disable_log_msg(VVC_BROADCAST, ID_CMD_INTERPRETER): [3]
%%           0.0 ns  Log    ID_UVVM_SEND_CMD    I2C_VVC,3           disable_log_msg(VVC_BROADCAST, ID_CMD_INTERPRETER): [3]
%%           0.0 ns  Log    ID_UVVM_SEND_CMD    I2C_VVC,6           disable_log_msg(VVC_BROADCAST, ID_CMD_INTERPRETER): [3]
%%           0.0 ns  Log    ID_UVVM_SEND_CMD    I2C_VVC,4           disable_log_msg(VVC_BROADCAST, ID_CMD_INTERPRETER): [3]
%%           0.0 ns  Log    ID_UVVM_SEND_CMD    I2C_VVC,5           disable_log_msg(VVC_BROADCAST, ID_CMD_INTERPRETER): [3]
%%           0.0 ns  Log    ID_UVVM_SEND_CMD    I2C_VVC,2           disable_log_msg(VVC_BROADCAST, ID_CMD_INTERPRETER): [3]
%%           0.0 ns  Log    ID_UVVM_SEND_CMD    I2C_VVC,1           disable_log_msg(VVC_BROADCAST, ID_CMD_INTERPRETER): [3]
%%           0.0 ns  Log    ID_UVVM_SEND_CMD    I2C_VVC,0           disable_log_msg(VVC_BROADCAST, ID_CMD_INTERPRETER): [3]
%%           0.0 ns  Log    ID_CMD_INTERPRETER  SBI_VVC,0           disable_log_msg(VVC_BROADCAST, ID_CMD_INTERPRETER). Command received  [3]
%%           0.0 ns  Log    ID_LOG_MSG_CTRL     SBI_VVC,0           disable_log_msg(ID_CMD_INTERPRETER). ' [3]'
%%           0.0 ns  Log    ID_CMD_INTERPRETER  WISHBONE_VVC,0      disable_log_msg(VVC_BROADCAST, ID_CMD_INTERPRETER). Command received  [3]
%%           0.0 ns  Log    ID_LOG_MSG_CTRL     WISHBONE_VVC,0      disable_log_msg(ID_CMD_INTERPRETER). ' [3]'
%%           0.0 ns  Log    ID_CMD_INTERPRETER  I2C_VVC,3           disable_log_msg(VVC_BROADCAST, ID_CMD_INTERPRETER). Command received  [3]
%%           0.0 ns  Log    ID_LOG_MSG_CTRL     I2C_VVC,3           disable_log_msg(ID_CMD_INTERPRETER). ' [3]'
%%           0.0 ns  Log    ID_CMD_INTERPRETER  I2C_VVC,6           disable_log_msg(VVC_BROADCAST, ID_CMD_INTERPRETER). Command received  [3]
%%           0.0 ns  Log    ID_LOG_MSG_CTRL     I2C_VVC,6           disable_log_msg(ID_CMD_INTERPRETER). ' [3]'
%%           0.0 ns  Log    ID_CMD_INTERPRETER  I2C_VVC,4           disable_log_msg(VVC_BROADCAST, ID_CMD_INTERPRETER). Command received  [3]
%%           0.0 ns  Log    ID_LOG_MSG_CTRL     I2C_VVC,4           disable_log_msg(ID_CMD_INTERPRETER). ' [3]'
%%           0.0 ns  Log    ID_CMD_INTERPRETER  I2C_VVC,5           disable_log_msg(VVC_BROADCAST, ID_CMD_INTERPRETER). Command received  [3]
%%           0.0 ns  Log    ID_LOG_MSG_CTRL     I2C_VVC,5           disable_log_msg(ID_CMD_INTERPRETER). ' [3]'
%%           0.0 ns  Log    ID_CMD_INTERPRETER  I2C_VVC,2           disable_log_msg(VVC_BROADCAST, ID_CMD_INTERPRETER). Command received  [3]
%%           0.0 ns  Log    ID_LOG_MSG_CTRL     I2C_VVC,2           disable_log_msg(ID_CMD_INTERPRETER). ' [3]'
%%           0.0 ns  Log    ID_CMD_INTERPRETER  I2C_VVC,1           disable_log_msg(VVC_BROADCAST, ID_CMD_INTERPRETER). Command received  [3]
%%           0.0 ns  Log    ID_LOG_MSG_CTRL     I2C_VVC,1           disable_log_msg(ID_CMD_INTERPRETER). ' [3]'
%%           0.0 ns  Log    ID_CMD_INTERPRETER  I2C_VVC,0           disable_log_msg(VVC_BROADCAST, ID_CMD_INTERPRETER). Command received  [3]
%%           0.0 ns  Log    ID_LOG_MSG_CTRL     I2C_VVC,0           disable_log_msg(ID_CMD_INTERPRETER). ' [3]'
%%           0.0 ns  Log    ID_CMD_INTERPRETER  I2C_VVC,3           Interpreter: Waiting for command
%%           0.0 ns  Log    ID_CMD_INTERPRETER  I2C_VVC,6           Interpreter: Waiting for command
%%           0.0 ns  Log    ID_CMD_INTERPRETER  I2C_VVC,4           Interpreter: Waiting for command
%%           0.0 ns  Log    ID_CMD_INTERPRETER  I2C_VVC,5           Interpreter: Waiting for command
%%           0.0 ns  Log    ID_CMD_INTERPRETER  I2C_VVC,2           Interpreter: Waiting for command
%%           0.0 ns  Log    ID_CMD_INTERPRETER  I2C_VVC,1           Interpreter: Waiting for command
%%           0.0 ns  Log    ID_CMD_INTERPRETER  I2C_VVC,0           Interpreter: Waiting for command
%%           0.0 ns  Log    ID_CMD_INTERPRETER  WISHBONE_VVC,0      Interpreter: Waiting for command
%%           0.0 ns  Log    ID_CMD_INTERPRETER  SBI_VVC,0           Interpreter: Waiting for command
%%           0.0 ns  Log    ID_UVVM_SEND_CMD    TB seq.(uvvm)       disable_log_msg(VVC_BROADCAST, ID_CMD_INTERPRETER_WAIT): [4]
%%           0.0 ns  Log    ID_UVVM_SEND_CMD    I2C_VVC,3           disable_log_msg(VVC_BROADCAST, ID_CMD_INTERPRETER_WAIT): [4]
%%           0.0 ns  Log    ID_UVVM_SEND_CMD    I2C_VVC,6           disable_log_msg(VVC_BROADCAST, ID_CMD_INTERPRETER_WAIT): [4]
%%           0.0 ns  Log    ID_UVVM_SEND_CMD    I2C_VVC,4           disable_log_msg(VVC_BROADCAST, ID_CMD_INTERPRETER_WAIT): [4]
%%           0.0 ns  Log    ID_UVVM_SEND_CMD    I2C_VVC,5           disable_log_msg(VVC_BROADCAST, ID_CMD_INTERPRETER_WAIT): [4]
%%           0.0 ns  Log    ID_UVVM_SEND_CMD    I2C_VVC,2           disable_log_msg(VVC_BROADCAST, ID_CMD_INTERPRETER_WAIT): [4]
%%           0.0 ns  Log    ID_UVVM_SEND_CMD    I2C_VVC,1           disable_log_msg(VVC_BROADCAST, ID_CMD_INTERPRETER_WAIT): [4]
%%           0.0 ns  Log    ID_UVVM_SEND_CMD    I2C_VVC,0           disable_log_msg(VVC_BROADCAST, ID_CMD_INTERPRETER_WAIT): [4]
%%           0.0 ns  Log    ID_UVVM_SEND_CMD    WISHBONE_VVC,0      disable_log_msg(VVC_BROADCAST, ID_CMD_INTERPRETER_WAIT): [4]
%%           0.0 ns  Log    ID_UVVM_SEND_CMD    SBI_VVC,0           disable_log_msg(VVC_BROADCAST, ID_CMD_INTERPRETER_WAIT): [4]
%%           0.0 ns  Log    ID_LOG_MSG_CTRL     I2C_VVC,3           disable_log_msg(ID_CMD_INTERPRETER_WAIT). ' [4]'
%%           0.0 ns  Log    ID_LOG_MSG_CTRL     I2C_VVC,6           disable_log_msg(ID_CMD_INTERPRETER_WAIT). ' [4]'
%%           0.0 ns  Log    ID_LOG_MSG_CTRL     I2C_VVC,4           disable_log_msg(ID_CMD_INTERPRETER_WAIT). ' [4]'
%%           0.0 ns  Log    ID_LOG_MSG_CTRL     I2C_VVC,5           disable_log_msg(ID_CMD_INTERPRETER_WAIT). ' [4]'
%%           0.0 ns  Log    ID_LOG_MSG_CTRL     I2C_VVC,2           disable_log_msg(ID_CMD_INTERPRETER_WAIT). ' [4]'
%%           0.0 ns  Log    ID_LOG_MSG_CTRL     I2C_VVC,1           disable_log_msg(ID_CMD_INTERPRETER_WAIT). ' [4]'
%%           0.0 ns  Log    ID_LOG_MSG_CTRL     I2C_VVC,0           disable_log_msg(ID_CMD_INTERPRETER_WAIT). ' [4]'
%%           0.0 ns  Log    ID_LOG_MSG_CTRL     WISHBONE_VVC,0      disable_log_msg(ID_CMD_INTERPRETER_WAIT). ' [4]'
%%           0.0 ns  Log    ID_LOG_MSG_CTRL     SBI_VVC,0           disable_log_msg(ID_CMD_INTERPRETER_WAIT). ' [4]'
%%           0.0 ns  Log    ID_UVVM_SEND_CMD    TB seq.(uvvm)       disable_log_msg(VVC_BROADCAST, ID_IMMEDIATE_CMD): [5]
%%           0.0 ns  Log    ID_UVVM_SEND_CMD    SBI_VVC,0           disable_log_msg(VVC_BROADCAST, ID_IMMEDIATE_CMD): [5]
%%           0.0 ns  Log    ID_UVVM_SEND_CMD    WISHBONE_VVC,0      disable_log_msg(VVC_BROADCAST, ID_IMMEDIATE_CMD): [5]
%%           0.0 ns  Log    ID_UVVM_SEND_CMD    I2C_VVC,3           disable_log_msg(VVC_BROADCAST, ID_IMMEDIATE_CMD): [5]
%%           0.0 ns  Log    ID_UVVM_SEND_CMD    I2C_VVC,6           disable_log_msg(VVC_BROADCAST, ID_IMMEDIATE_CMD): [5]
%%           0.0 ns  Log    ID_UVVM_SEND_CMD    I2C_VVC,4           disable_log_msg(VVC_BROADCAST, ID_IMMEDIATE_CMD): [5]
%%           0.0 ns  Log    ID_UVVM_SEND_CMD    I2C_VVC,5           disable_log_msg(VVC_BROADCAST, ID_IMMEDIATE_CMD): [5]
%%           0.0 ns  Log    ID_UVVM_SEND_CMD    I2C_VVC,2           disable_log_msg(VVC_BROADCAST, ID_IMMEDIATE_CMD): [5]
%%           0.0 ns  Log    ID_UVVM_SEND_CMD    I2C_VVC,1           disable_log_msg(VVC_BROADCAST, ID_IMMEDIATE_CMD): [5]
%%           0.0 ns  Log    ID_UVVM_SEND_CMD    I2C_VVC,0           disable_log_msg(VVC_BROADCAST, ID_IMMEDIATE_CMD): [5]
%%           0.0 ns  Log    ID_LOG_MSG_CTRL     SBI_VVC,0           disable_log_msg(ID_IMMEDIATE_CMD). ' [5]'
%%           0.0 ns  Log    ID_LOG_MSG_CTRL     WISHBONE_VVC,0      disable_log_msg(ID_IMMEDIATE_CMD). ' [5]'
%%           0.0 ns  Log    ID_LOG_MSG_CTRL     I2C_VVC,3           disable_log_msg(ID_IMMEDIATE_CMD). ' [5]'
%%           0.0 ns  Log    ID_LOG_MSG_CTRL     I2C_VVC,6           disable_log_msg(ID_IMMEDIATE_CMD). ' [5]'
%%           0.0 ns  Log    ID_LOG_MSG_CTRL     I2C_VVC,4           disable_log_msg(ID_IMMEDIATE_CMD). ' [5]'
%%           0.0 ns  Log    ID_LOG_MSG_CTRL     I2C_VVC,5           disable_log_msg(ID_IMMEDIATE_CMD). ' [5]'
%%           0.0 ns  Log    ID_LOG_MSG_CTRL     I2C_VVC,2           disable_log_msg(ID_IMMEDIATE_CMD). ' [5]'
%%           0.0 ns  Log    ID_LOG_MSG_CTRL     I2C_VVC,1           disable_log_msg(ID_IMMEDIATE_CMD). ' [5]'
%%           0.0 ns  Log    ID_LOG_MSG_CTRL     I2C_VVC,0           disable_log_msg(ID_IMMEDIATE_CMD). ' [5]'
%%      
%%      -----------------------------------------------------------------------------------------------------------------------------------------------------------------------
%%      ***  REPORT OF GLOBAL CTRL ***
%%      -----------------------------------------------------------------------------------------------------------------------------------------------------------------------
%%                                IGNORE    STOP_LIMIT
%%                NOTE         :  REGARD         0
%%                TB_NOTE      :  REGARD         0
%%                WARNING      :  REGARD         0
%%                TB_WARNING   :  REGARD         0
%%                MANUAL_CHECK :  REGARD         0
%%                ERROR        :  REGARD         0
%%                TB_ERROR     :  REGARD         0
%%                FAILURE      :  REGARD         1
%%                TB_FAILURE   :  REGARD         1
%%      -----------------------------------------------------------------------------------------------------------------------------------------------------------------------
%%      
%%      
%%      -----------------------------------------------------------------------------------------------------------------------------------------------------------------------
%%      ***  REPORT OF MSG ID PANEL ***
%%      -----------------------------------------------------------------------------------------------------------------------------------------------------------------------
%%                ID                             Status
%%                ------------------------       ------
%%                ID_UTIL_BURIED               : DISABLED
%%                ID_BITVIS_DEBUG              : DISABLED
%%                ID_UTIL_SETUP                : ENABLED
%%                ID_LOG_MSG_CTRL              : ENABLED
%%                ID_ALERT_CTRL                : ENABLED
%%                ID_FINISH_OR_STOP            : ENABLED
%%                ID_CLOCK_GEN                 : ENABLED
%%                ID_GEN_PULSE                 : ENABLED
%%                ID_BLOCKING                  : ENABLED
%%                ID_WATCHDOG                  : ENABLED
%%                ID_RAND_GEN                  : DISABLED
%%                ID_RAND_CONF                 : DISABLED
%%                ID_FUNC_COV_BINS             : DISABLED
%%                ID_FUNC_COV_BINS_INFO        : DISABLED
%%                ID_FUNC_COV_RAND             : DISABLED
%%                ID_FUNC_COV_SAMPLE           : DISABLED
%%                ID_FUNC_COV_CONFIG           : DISABLED
%%                ID_POS_ACK                   : DISABLED
%%                ID_UVVM_ASSERTION            : ENABLED
%%                ID_LOG_HDR                   : ENABLED
%%                ID_LOG_HDR_LARGE             : ENABLED
%%                ID_LOG_HDR_XL                : ENABLED
%%                ID_SEQUENCER                 : ENABLED
%%                ID_SEQUENCER_SUB             : ENABLED
%%                ID_BFM                       : ENABLED
%%                ID_BFM_WAIT                  : ENABLED
%%                ID_BFM_POLL                  : ENABLED
%%                ID_BFM_POLL_SUMMARY          : ENABLED
%%                ID_CHANNEL_BFM               : ENABLED
%%                ID_TERMINATE_CMD             : ENABLED
%%                ID_SEGMENT_INITIATE          : ENABLED
%%                ID_SEGMENT_COMPLETE          : ENABLED
%%                ID_SEGMENT_HDR               : ENABLED
%%                ID_SEGMENT_DATA              : ENABLED
%%                ID_PACKET_INITIATE           : ENABLED
%%                ID_PACKET_PREAMBLE           : ENABLED
%%                ID_PACKET_COMPLETE           : ENABLED
%%                ID_PACKET_HDR                : ENABLED
%%                ID_PACKET_DATA               : ENABLED
%%                ID_PACKET_CHECKSUM           : ENABLED
%%                ID_PACKET_GAP                : ENABLED
%%                ID_PACKET_PAYLOAD            : ENABLED
%%                ID_FRAME_INITIATE            : ENABLED
%%                ID_FRAME_COMPLETE            : ENABLED
%%                ID_FRAME_HDR                 : ENABLED
%%                ID_FRAME_DATA                : ENABLED
%%                ID_COVERAGE_MAKEBIN          : DISABLED
%%                ID_COVERAGE_ADDBIN           : DISABLED
%%                ID_COVERAGE_ICOVER           : DISABLED
%%                ID_COVERAGE_CONFIG           : ENABLED
%%                ID_COVERAGE_SUMMARY          : ENABLED
%%                ID_COVERAGE_HOLES            : ENABLED
%%                ID_UVVM_SEND_CMD             : ENABLED
%%                ID_UVVM_CMD_ACK              : DISABLED
%%                ID_UVVM_CMD_RESULT           : DISABLED
%%                ID_CMD_INTERPRETER           : ENABLED
%%                ID_CMD_INTERPRETER_WAIT      : ENABLED
%%                ID_IMMEDIATE_CMD             : ENABLED
%%                ID_IMMEDIATE_CMD_WAIT        : ENABLED
%%                ID_CMD_EXECUTOR              : ENABLED
%%                ID_CMD_EXECUTOR_WAIT         : ENABLED
%%                ID_CHANNEL_EXECUTOR          : ENABLED
%%                ID_CHANNEL_EXECUTOR_WAIT     : ENABLED
%%                ID_NEW_HVVC_CMD_SEQ          : ENABLED
%%                ID_INSERTED_DELAY            : ENABLED
%%                ID_OLD_AWAIT_COMPLETION      : ENABLED
%%                ID_AWAIT_COMPLETION          : DISABLED
%%                ID_AWAIT_COMPLETION_LIST     : DISABLED
%%                ID_AWAIT_COMPLETION_WAIT     : DISABLED
%%                ID_AWAIT_COMPLETION_END      : DISABLED
%%                ID_AWAIT_UVVM_COMPLETION     : ENABLED
%%                ID_UVVM_DATA_QUEUE           : ENABLED
%%                ID_CONSTRUCTOR               : ENABLED
%%                ID_CONSTRUCTOR_SUB           : ENABLED
%%                ID_VVC_ACTIVITY              : ENABLED
%%                ID_MONITOR                   : ENABLED
%%                ID_MONITOR_ERROR             : ENABLED
%%                ID_DATA                      : ENABLED
%%                ID_CTRL                      : ENABLED
%%                ID_SPEC_COV_INIT             : ENABLED
%%                ID_SPEC_COV_REQS             : ENABLED
%%                ID_SPEC_COV                  : ENABLED
%%                ID_FILE_OPEN_CLOSE           : ENABLED
%%                ID_FILE_PARSER               : ENABLED
%%      -----------------------------------------------------------------------------------------------------------------------------------------------------------------------
%%      
%% 
%%           0.0 ns  Log    ID_SEQUENCER        TB seq.             Setting inter-bfm delay
%%          12.5 ns  Log    ID_GEN_PULSE        TB seq.             Pulsed to 1 for 12500 ps. 'Trigger DUT reset'
%%     1000012.5 ns  Log    ID_UVVM_SEND_CMD    TB seq.(uvvm)       wishbone_write(WISHBONE_VVC,0, x"0", x"13"): 'Set SCL prescaler LSB'. [6]
%%     1000012.5 ns  Log    ID_UVVM_SEND_CMD    TB seq.(uvvm)       wishbone_write(WISHBONE_VVC,0, x"1", x"00"): 'Set SCL prescaler MSB'. [7]
%%     1000012.5 ns  Log    ID_UVVM_SEND_CMD    TB seq.(uvvm)       wishbone_write(WISHBONE_VVC,0, x"2", x"80"): 'Enable DUT'. [8]
%%     1000032.5 ns  Log    ID_BFM              WISHBONE_VVC,0      wishbone_write(A:x"0", x"13") completed. ' 'Set SCL prescaler LSB'  [6]'
%%     1000052.5 ns  Log    ID_BFM              WISHBONE_VVC,0      wishbone_write(A:x"1", x"00") completed. ' 'Set SCL prescaler MSB'  [7]'
%%     1000072.5 ns  Log    ID_BFM              WISHBONE_VVC,0      wishbone_write(A:x"2", x"80") completed. ' 'Enable DUT'  [8]'
%%     1000072.5 ns  Log    ID_UVVM_SEND_CMD    TB seq.(uvvm)       i2c_slave_check(I2C_VVC,4): 'Master to Slave check'. [10]
%%     1000072.5 ns  Log    ID_UVVM_SEND_CMD    TB seq.(uvvm)       i2c_master_transmit(I2C_VVC,5): 'Master to Slave transmit'. [11]
%%     1000072.5 ns  Log    ID_UVVM_SEND_CMD    TB seq.(uvvm)       i2c_slave_check(I2C_VVC,4): 'Master to Slave check'. [12]
%%     1000072.5 ns  Log    ID_UVVM_SEND_CMD    TB seq.(uvvm)       i2c_master_transmit(I2C_VVC,5): 'Master to Slave transmit'. [13]
%%     1000072.5 ns  Log    ID_UVVM_SEND_CMD    TB seq.(uvvm)       i2c_slave_check(I2C_VVC,4): 'Master to Slave check'. [14]
%%     1000072.5 ns  Log    ID_UVVM_SEND_CMD    TB seq.(uvvm)       i2c_master_transmit(I2C_VVC,5): 'Master to Slave transmit'. [15]
%%     1000072.5 ns  Log    ID_UVVM_SEND_CMD    TB seq.(uvvm)       i2c_slave_check(I2C_VVC,4): 'Master to Slave check'. [16]
%%     1000072.5 ns  Log    ID_UVVM_SEND_CMD    TB seq.(uvvm)       i2c_master_transmit(I2C_VVC,5): 'Master to Slave transmit'. [17]
%%     1000072.5 ns  Log    ID_UVVM_SEND_CMD    TB seq.(uvvm)       i2c_slave_check(I2C_VVC,4): 'Master to Slave check'. [18]
%%     1000072.5 ns  Log    ID_UVVM_SEND_CMD    TB seq.(uvvm)       i2c_master_transmit(I2C_VVC,5): 'Master to Slave transmit'. [19]
%%     1000072.5 ns  Log    ID_UVVM_SEND_CMD    TB seq.(uvvm)       i2c_slave_check(I2C_VVC,4): 'Master to Slave check'. [20]
%%     1000072.5 ns  Log    ID_UVVM_SEND_CMD    TB seq.(uvvm)       i2c_master_transmit(I2C_VVC,5): 'Master to Slave transmit'. [21]
%%     1000072.5 ns  Log    ID_UVVM_SEND_CMD    TB seq.(uvvm)       i2c_slave_check(I2C_VVC,4): 'Master to Slave check'. [22]
%%     1000072.5 ns  Log    ID_UVVM_SEND_CMD    TB seq.(uvvm)       i2c_master_transmit(I2C_VVC,5): 'Master to Slave transmit'. [23]
%%     1000072.5 ns  Log    ID_UVVM_SEND_CMD    TB seq.(uvvm)       i2c_slave_check(I2C_VVC,4): 'Master to Slave check'. [24]
%%     1000072.5 ns  Log    ID_UVVM_SEND_CMD    TB seq.(uvvm)       i2c_master_transmit(I2C_VVC,5): 'Master to Slave transmit'. [25]
%%     1000072.5 ns  Log    ID_UVVM_SEND_CMD    TB seq.(uvvm)       i2c_slave_check(I2C_VVC,4): 'Master to Slave check'. [26]
%%     1000072.5 ns  Log    ID_UVVM_SEND_CMD    TB seq.(uvvm)       i2c_master_transmit(I2C_VVC,5): 'Master to Slave transmit'. [27]
%%     1000072.5 ns  Log    ID_UVVM_SEND_CMD    TB seq.(uvvm)       i2c_slave_check(I2C_VVC,4): 'Master to Slave check'. [28]
%%     1000072.5 ns  Log    ID_UVVM_SEND_CMD    TB seq.(uvvm)       i2c_master_transmit(I2C_VVC,5): 'Master to Slave transmit'. [29]
%%     1000072.5 ns  Log    ID_UVVM_SEND_CMD    TB seq.(uvvm)       i2c_slave_check(I2C_VVC,4): 'Master to Slave check'. [30]
%%     1000072.5 ns  Log    ID_UVVM_SEND_CMD    TB seq.(uvvm)       i2c_master_transmit(I2C_VVC,5): 'Master to Slave transmit'. [31]
%%     1000072.5 ns  Log    ID_UVVM_SEND_CMD    TB seq.(uvvm)       i2c_slave_check(I2C_VVC,4): 'Master to Slave check'. [32]
%%     1000072.5 ns  Log    ID_UVVM_SEND_CMD    TB seq.(uvvm)       i2c_master_transmit(I2C_VVC,5): 'Master to Slave transmit'. [33]
%%     1000072.5 ns  Log    ID_UVVM_SEND_CMD    TB seq.(uvvm)       i2c_slave_check(I2C_VVC,4): 'Master to Slave check'. [34]
%%     1000072.5 ns  Log    ID_UVVM_SEND_CMD    TB seq.(uvvm)       i2c_master_transmit(I2C_VVC,5): 'Master to Slave transmit'. [35]
%%     1000072.5 ns  Log    ID_UVVM_SEND_CMD    TB seq.(uvvm)       i2c_slave_check(I2C_VVC,4): 'Master to Slave check'. [36]
%%     1000072.5 ns  Log    ID_UVVM_SEND_CMD    TB seq.(uvvm)       i2c_master_transmit(I2C_VVC,5): 'Master to Slave transmit'. [37]
%%     1000072.5 ns  Log    ID_UVVM_SEND_CMD    TB seq.(uvvm)       i2c_slave_check(I2C_VVC,4): 'Master to Slave check'. [38]
%%     1000072.5 ns  Log    ID_UVVM_SEND_CMD    TB seq.(uvvm)       i2c_master_transmit(I2C_VVC,5): 'Master to Slave transmit'. [39]
%%     1000072.5 ns  Log    ID_UVVM_SEND_CMD    TB seq.(uvvm)       i2c_slave_check(I2C_VVC,4): 'Master to Slave check'. [40]
%%     1000072.5 ns  Log    ID_UVVM_SEND_CMD    TB seq.(uvvm)       i2c_master_transmit(I2C_VVC,5): 'Master to Slave transmit'. [41]
%%     1000072.5 ns  Log    ID_UVVM_SEND_CMD    TB seq.(uvvm)       i2c_slave_check(I2C_VVC,4): 'Master to Slave check'. [42]
%%     1000072.5 ns  Log    ID_UVVM_SEND_CMD    TB seq.(uvvm)       i2c_master_transmit(I2C_VVC,5): 'Master to Slave transmit'. [43]
%%     1000072.5 ns  Log    ID_UVVM_SEND_CMD    TB seq.(uvvm)       i2c_slave_check(I2C_VVC,4): 'Master to Slave check'. [44]
%%     1000072.5 ns  Log    ID_UVVM_SEND_CMD    TB seq.(uvvm)       i2c_master_transmit(I2C_VVC,5): 'Master to Slave transmit'. [45]
%%     1000072.5 ns  Log    ID_UVVM_SEND_CMD    TB seq.(uvvm)       i2c_slave_check(I2C_VVC,4): 'Master to Slave check'. [46]
%%     1000072.5 ns  Log    ID_UVVM_SEND_CMD    TB seq.(uvvm)       i2c_master_transmit(I2C_VVC,5): 'Master to Slave transmit'. [47]
%%     1000072.5 ns  Log    ID_UVVM_SEND_CMD    TB seq.(uvvm)       i2c_slave_check(I2C_VVC,4): 'Master to Slave check'. [48]
%%     1000072.5 ns  Log    ID_UVVM_SEND_CMD    TB seq.(uvvm)       i2c_master_transmit(I2C_VVC,5): 'Master to Slave transmit'. [49]
%%     1000072.5 ns  Log    ID_UVVM_SEND_CMD    TB seq.(uvvm)       i2c_slave_check(I2C_VVC,4): 'Master to Slave check'. [50]
%%     1000072.5 ns  Log    ID_UVVM_SEND_CMD    TB seq.(uvvm)       i2c_master_transmit(I2C_VVC,5): 'Master to Slave transmit'. [51]
%%     1000072.5 ns  Log    ID_UVVM_SEND_CMD    TB seq.(uvvm)       i2c_slave_check(I2C_VVC,4): 'Master to Slave check'. [52]
%%     1000072.5 ns  Log    ID_UVVM_SEND_CMD    TB seq.(uvvm)       i2c_master_transmit(I2C_VVC,5): 'Master to Slave transmit'. [53]
%%     1000072.5 ns  Log    ID_UVVM_SEND_CMD    TB seq.(uvvm)       i2c_slave_check(I2C_VVC,4): 'Master to Slave check'. [54]
%%     1000072.5 ns  Log    ID_UVVM_SEND_CMD    TB seq.(uvvm)       i2c_master_transmit(I2C_VVC,5): 'Master to Slave transmit'. [55]
%%     1000072.5 ns  Log    ID_UVVM_SEND_CMD    TB seq.(uvvm)       i2c_slave_check(I2C_VVC,4): 'Master to Slave check'. [56]
%%     1000072.5 ns  Log    ID_UVVM_SEND_CMD    TB seq.(uvvm)       i2c_master_transmit(I2C_VVC,5): 'Master to Slave transmit'. [57]
%%     1000072.5 ns  Log    ID_UVVM_SEND_CMD    TB seq.(uvvm)       i2c_slave_check(I2C_VVC,4): 'Master to Slave check'. [58]
%%     1000072.5 ns  Log    ID_UVVM_SEND_CMD    TB seq.(uvvm)       i2c_master_transmit(I2C_VVC,5): 'Master to Slave transmit'. [59]
%%     1000072.5 ns  Log    ID_UVVM_SEND_CMD    TB seq.(uvvm)       i2c_slave_check(I2C_VVC,4): 'Master to Slave check'. [60]
%%     1000072.5 ns  Log    ID_UVVM_SEND_CMD    TB seq.(uvvm)       i2c_master_transmit(I2C_VVC,5): 'Master to Slave transmit'. [61]
%%     1000072.5 ns  Log    ID_UVVM_SEND_CMD    TB seq.(uvvm)       i2c_slave_check(I2C_VVC,4): 'Master to Slave check'. [62]
%%     1000072.5 ns  Log    ID_UVVM_SEND_CMD    TB seq.(uvvm)       i2c_master_transmit(I2C_VVC,5): 'Master to Slave transmit'. [63]
%%     1000072.5 ns  Log    ID_UVVM_SEND_CMD    TB seq.(uvvm)       i2c_slave_check(I2C_VVC,4): 'Master to Slave check'. [64]
%%     1000072.5 ns  Log    ID_UVVM_SEND_CMD    TB seq.(uvvm)       i2c_master_transmit(I2C_VVC,5): 'Master to Slave transmit'. [65]
%%     1000072.5 ns  Log    ID_UVVM_SEND_CMD    TB seq.(uvvm)       i2c_slave_check(I2C_VVC,4): 'Master to Slave check'. [66]
%%     1000072.5 ns  Log    ID_UVVM_SEND_CMD    TB seq.(uvvm)       i2c_master_transmit(I2C_VVC,5): 'Master to Slave transmit'. [67]
%%     1000072.5 ns  Log    ID_UVVM_SEND_CMD    TB seq.(uvvm)       i2c_slave_check(I2C_VVC,4): 'Master to Slave check'. [68]
%%     1000072.5 ns  Log    ID_UVVM_SEND_CMD    TB seq.(uvvm)       i2c_master_transmit(I2C_VVC,5): 'Master to Slave transmit'. [69]
%%     1000072.5 ns  Log    ID_UVVM_SEND_CMD    TB seq.(uvvm)       i2c_slave_check(I2C_VVC,4): 'Master to Slave check'. [70]
%%     1000072.5 ns  Log    ID_UVVM_SEND_CMD    TB seq.(uvvm)       i2c_master_transmit(I2C_VVC,5): 'Master to Slave transmit'. [71]
%%     1000072.5 ns  Log    ID_UVVM_SEND_CMD    TB seq.(uvvm)       i2c_slave_check(I2C_VVC,4): 'Master to Slave check'. [72]
%%     1000072.5 ns  Log    ID_UVVM_SEND_CMD    TB seq.(uvvm)       i2c_master_transmit(I2C_VVC,5): 'Master to Slave transmit'. [73]
%%     1000072.5 ns  Log    ID_UVVM_SEND_CMD    TB seq.(uvvm)       i2c_slave_check(I2C_VVC,4): 'Master to Slave check'. [74]
%%     1000072.5 ns  Log    ID_UVVM_SEND_CMD    TB seq.(uvvm)       i2c_master_transmit(I2C_VVC,5): 'Master to Slave transmit'. [75]
%%     1000072.5 ns  Log    ID_UVVM_SEND_CMD    TB seq.(uvvm)       i2c_slave_check(I2C_VVC,4): 'Master to Slave check'. [76]
%%     1000072.5 ns  Log    ID_UVVM_SEND_CMD    TB seq.(uvvm)       i2c_master_transmit(I2C_VVC,5): 'Master to Slave transmit'. [77]
%%     1000072.5 ns  Log    ID_UVVM_SEND_CMD    TB seq.(uvvm)       i2c_slave_check(I2C_VVC,4): 'Master to Slave check'. [78]
%%     1000072.5 ns  Log    ID_UVVM_SEND_CMD    TB seq.(uvvm)       i2c_master_transmit(I2C_VVC,5): 'Master to Slave transmit'. [79]
%%     1000072.5 ns  Log    ID_UVVM_SEND_CMD    TB seq.(uvvm)       i2c_slave_check(I2C_VVC,4): 'Master to Slave check'. [80]
%%     1000072.5 ns  Log    ID_UVVM_SEND_CMD    TB seq.(uvvm)       i2c_master_transmit(I2C_VVC,5): 'Master to Slave transmit'. [81]
%%     1000072.5 ns  Log    ID_UVVM_SEND_CMD    TB seq.(uvvm)       i2c_slave_check(I2C_VVC,4): 'Master to Slave check'. [82]
%%     1000072.5 ns  Log    ID_UVVM_SEND_CMD    TB seq.(uvvm)       i2c_master_transmit(I2C_VVC,5): 'Master to Slave transmit'. [83]
%%     1000072.5 ns  Log    ID_UVVM_SEND_CMD    TB seq.(uvvm)       i2c_slave_check(I2C_VVC,4): 'Master to Slave check'. [84]
%%     1000072.5 ns  Log    ID_UVVM_SEND_CMD    TB seq.(uvvm)       i2c_master_transmit(I2C_VVC,5): 'Master to Slave transmit'. [85]
%%     1000072.5 ns  Log    ID_UVVM_SEND_CMD    TB seq.(uvvm)       i2c_slave_check(I2C_VVC,4): 'Master to Slave check'. [86]
%%     1000072.5 ns  Log    ID_UVVM_SEND_CMD    TB seq.(uvvm)       i2c_master_transmit(I2C_VVC,5): 'Master to Slave transmit'. [87]
%%     1000072.5 ns  Log    ID_UVVM_SEND_CMD    TB seq.(uvvm)       i2c_slave_check(I2C_VVC,4): 'Master to Slave check'. [88]
%%     1000072.5 ns  Log    ID_UVVM_SEND_CMD    TB seq.(uvvm)       i2c_master_transmit(I2C_VVC,5): 'Master to Slave transmit'. [89]
%%     1000072.5 ns  Log    ID_UVVM_SEND_CMD    TB seq.(uvvm)       i2c_slave_check(I2C_VVC,4): 'Master to Slave check'. [90]
%%     1000072.5 ns  Log    ID_UVVM_SEND_CMD    TB seq.(uvvm)       i2c_master_transmit(I2C_VVC,5): 'Master to Slave transmit'. [91]
%%     1000072.5 ns  Log    ID_UVVM_SEND_CMD    TB seq.(uvvm)       i2c_slave_check(I2C_VVC,4): 'Master to Slave check'. [92]
%%     1000072.5 ns  Log    ID_UVVM_SEND_CMD    TB seq.(uvvm)       i2c_master_transmit(I2C_VVC,5): 'Master to Slave transmit'. [93]
%%     1000072.5 ns  Log    ID_UVVM_SEND_CMD    TB seq.(uvvm)       i2c_slave_check(I2C_VVC,4): 'Master to Slave check'. [94]
%%     1000072.5 ns  Log    ID_UVVM_SEND_CMD    TB seq.(uvvm)       i2c_master_transmit(I2C_VVC,5): 'Master to Slave transmit'. [95]
%%     1000072.5 ns  Log    ID_UVVM_SEND_CMD    TB seq.(uvvm)       i2c_slave_check(I2C_VVC,4): 'Master to Slave check'. [96]
%%     1000072.5 ns  Log    ID_UVVM_SEND_CMD    TB seq.(uvvm)       i2c_master_transmit(I2C_VVC,5): 'Master to Slave transmit'. [97]
%%     1000072.5 ns  Log    ID_UVVM_SEND_CMD    TB seq.(uvvm)       i2c_slave_check(I2C_VVC,4): 'Master to Slave check'. [98]
%%     1000072.5 ns  Log    ID_UVVM_SEND_CMD    TB seq.(uvvm)       i2c_master_transmit(I2C_VVC,5): 'Master to Slave transmit'. [99]
%%     1000072.5 ns  Log    ID_UVVM_SEND_CMD    TB seq.(uvvm)       i2c_slave_check(I2C_VVC,4): 'Master to Slave check'. [100]
%%     1000072.5 ns  Log    ID_UVVM_SEND_CMD    TB seq.(uvvm)       i2c_master_transmit(I2C_VVC,5): 'Master to Slave transmit'. [101]
%%     1000072.5 ns  Log    ID_UVVM_SEND_CMD    TB seq.(uvvm)       i2c_slave_check(I2C_VVC,4): 'Master to Slave check'. [102]
%%     1000072.5 ns  Log    ID_UVVM_SEND_CMD    TB seq.(uvvm)       i2c_master_transmit(I2C_VVC,5): 'Master to Slave transmit'. [103]
%%     1000072.5 ns  Log    ID_UVVM_SEND_CMD    TB seq.(uvvm)       i2c_slave_check(I2C_VVC,4): 'Master to Slave check'. [104]
%%     1000072.5 ns  Log    ID_UVVM_SEND_CMD    TB seq.(uvvm)       i2c_master_transmit(I2C_VVC,5): 'Master to Slave transmit'. [105]
%%     1000072.5 ns  Log    ID_UVVM_SEND_CMD    TB seq.(uvvm)       i2c_slave_check(I2C_VVC,4): 'Master to Slave check'. [106]
%%     1000072.5 ns  Log    ID_UVVM_SEND_CMD    TB seq.(uvvm)       i2c_master_transmit(I2C_VVC,5): 'Master to Slave transmit'. [107]
%%     1000072.5 ns  Log    ID_UVVM_SEND_CMD    TB seq.(uvvm)       i2c_slave_check(I2C_VVC,4): 'Master to Slave check'. [108]
%%     1000072.5 ns  Log    ID_UVVM_SEND_CMD    TB seq.(uvvm)       i2c_master_transmit(I2C_VVC,5): 'Master to Slave transmit'. [109]
%%     1000072.5 ns  Log    ID_UVVM_SEND_CMD    TB seq.(uvvm)       i2c_slave_check(I2C_VVC,4): 'Master to Slave check'. [110]
%%     1000072.5 ns  Log    ID_UVVM_SEND_CMD    TB seq.(uvvm)       i2c_master_transmit(I2C_VVC,5): 'Master to Slave transmit'. [111]
%%     1000072.5 ns  Log    ID_UVVM_SEND_CMD    TB seq.(uvvm)       i2c_slave_check(I2C_VVC,4): 'Master to Slave check'. [112]
%%     1000072.5 ns  Log    ID_UVVM_SEND_CMD    TB seq.(uvvm)       i2c_master_transmit(I2C_VVC,5): 'Master to Slave transmit'. [113]
%%     1000072.5 ns  Log    ID_UVVM_SEND_CMD    TB seq.(uvvm)       i2c_slave_check(I2C_VVC,4): 'Master to Slave check'. [114]
%%     1000072.5 ns  Log    ID_UVVM_SEND_CMD    TB seq.(uvvm)       i2c_master_transmit(I2C_VVC,5): 'Master to Slave transmit'. [115]
%%     1000072.5 ns  Log    ID_UVVM_SEND_CMD    TB seq.(uvvm)       i2c_slave_check(I2C_VVC,4): 'Master to Slave check'. [116]
%%     1000072.5 ns  Log    ID_UVVM_SEND_CMD    TB seq.(uvvm)       i2c_master_transmit(I2C_VVC,5): 'Master to Slave transmit'. [117]
%%     1000072.5 ns  Log    ID_UVVM_SEND_CMD    TB seq.(uvvm)       i2c_slave_check(I2C_VVC,4): 'Master to Slave check'. [118]
%%     1000072.5 ns  Log    ID_UVVM_SEND_CMD    TB seq.(uvvm)       i2c_master_transmit(I2C_VVC,5): 'Master to Slave transmit'. [119]
%%     1000072.5 ns  Log    ID_UVVM_SEND_CMD    TB seq.(uvvm)       i2c_slave_check(I2C_VVC,4): 'Master to Slave check'. [120]
%%     1000072.5 ns  Log    ID_UVVM_SEND_CMD    TB seq.(uvvm)       i2c_master_transmit(I2C_VVC,5): 'Master to Slave transmit'. [121]
%%     1000072.5 ns  Log    ID_UVVM_SEND_CMD    TB seq.(uvvm)       i2c_slave_check(I2C_VVC,4): 'Master to Slave check'. [122]
%%     1000072.5 ns  Log    ID_UVVM_SEND_CMD    TB seq.(uvvm)       i2c_master_transmit(I2C_VVC,5): 'Master to Slave transmit'. [123]
%%     1000072.5 ns  Log    ID_UVVM_SEND_CMD    TB seq.(uvvm)       i2c_slave_check(I2C_VVC,4): 'Master to Slave check'. [124]
%%     1000072.5 ns  Log    ID_UVVM_SEND_CMD    TB seq.(uvvm)       i2c_master_transmit(I2C_VVC,5): 'Master to Slave transmit'. [125]
%%     1000072.5 ns  Log    ID_UVVM_SEND_CMD    TB seq.(uvvm)       i2c_slave_check(I2C_VVC,4): 'Master to Slave check'. [126]
%%     1000072.5 ns  Log    ID_UVVM_SEND_CMD    TB seq.(uvvm)       i2c_master_transmit(I2C_VVC,5): 'Master to Slave transmit'. [127]
%%     1000072.5 ns  Log    ID_UVVM_SEND_CMD    TB seq.(uvvm)       i2c_slave_check(I2C_VVC,4): 'Master to Slave check'. [128]
%%     1000072.5 ns  Log    ID_UVVM_SEND_CMD    TB seq.(uvvm)       i2c_master_transmit(I2C_VVC,5): 'Master to Slave transmit'. [129]
%%     1000072.5 ns  Log    ID_UVVM_SEND_CMD    TB seq.(uvvm)       i2c_slave_check(I2C_VVC,4): 'Master to Slave check'. [130]
%%     1000072.5 ns  Log    ID_UVVM_SEND_CMD    TB seq.(uvvm)       i2c_master_transmit(I2C_VVC,5): 'Master to Slave transmit'. [131]
%%     1000072.5 ns  Log    ID_UVVM_SEND_CMD    TB seq.(uvvm)       i2c_slave_check(I2C_VVC,4): 'Master to Slave check'. [132]
%%     1000072.5 ns  Log    ID_UVVM_SEND_CMD    TB seq.(uvvm)       i2c_master_transmit(I2C_VVC,5): 'Master to Slave transmit'. [133]
%%     1000072.5 ns  Log    ID_UVVM_SEND_CMD    TB seq.(uvvm)       i2c_slave_check(I2C_VVC,4): 'Master to Slave check'. [134]
%%     1000072.5 ns  Log    ID_UVVM_SEND_CMD    TB seq.(uvvm)       i2c_master_transmit(I2C_VVC,5): 'Master to Slave transmit'. [135]
%%     1000072.5 ns  Log    ID_UVVM_SEND_CMD    TB seq.(uvvm)       i2c_slave_check(I2C_VVC,4): 'Master to Slave check'. [136]
%%     1000072.5 ns  Log    ID_UVVM_SEND_CMD    TB seq.(uvvm)       i2c_master_transmit(I2C_VVC,5): 'Master to Slave transmit'. [137]
%%     1000072.5 ns  Log    ID_UVVM_SEND_CMD    TB seq.(uvvm)       i2c_slave_check(I2C_VVC,4): 'Master to Slave check'. [138]
%%     1000072.5 ns  Log    ID_UVVM_SEND_CMD    TB seq.(uvvm)       i2c_master_transmit(I2C_VVC,5): 'Master to Slave transmit'. [139]
%%     1000072.5 ns  Log    ID_UVVM_SEND_CMD    TB seq.(uvvm)       i2c_slave_check(I2C_VVC,4): 'Master to Slave check'. [140]
%%     1000072.5 ns  Log    ID_UVVM_SEND_CMD    TB seq.(uvvm)       i2c_master_transmit(I2C_VVC,5): 'Master to Slave transmit'. [141]
%%     1000072.5 ns  Log    ID_UVVM_SEND_CMD    TB seq.(uvvm)       i2c_slave_check(I2C_VVC,4): 'Master to Slave check'. [142]
%%     1000072.5 ns  Log    ID_UVVM_SEND_CMD    TB seq.(uvvm)       i2c_master_transmit(I2C_VVC,5): 'Master to Slave transmit'. [143]
%%     1000072.5 ns  Log    ID_UVVM_SEND_CMD    TB seq.(uvvm)       i2c_slave_check(I2C_VVC,4): 'Master to Slave check'. [144]
%%     1000072.5 ns  Log    ID_UVVM_SEND_CMD    TB seq.(uvvm)       i2c_master_transmit(I2C_VVC,5): 'Master to Slave transmit'. [145]
%%     1000072.5 ns  Log    ID_UVVM_SEND_CMD    TB seq.(uvvm)       i2c_slave_check(I2C_VVC,4): 'Master to Slave check'. [146]
%%     1000072.5 ns  Log    ID_UVVM_SEND_CMD    TB seq.(uvvm)       i2c_master_transmit(I2C_VVC,5): 'Master to Slave transmit'. [147]
%%     1000072.5 ns  Log    ID_UVVM_SEND_CMD    TB seq.(uvvm)       i2c_slave_check(I2C_VVC,4): 'Master to Slave check'. [148]
%%     1000072.5 ns  Log    ID_UVVM_SEND_CMD    TB seq.(uvvm)       i2c_master_transmit(I2C_VVC,5): 'Master to Slave transmit'. [149]
%%     1000072.5 ns  Log    ID_UVVM_SEND_CMD    TB seq.(uvvm)       i2c_slave_check(I2C_VVC,4): 'Master to Slave check'. [150]
%%     1000072.5 ns  Log    ID_UVVM_SEND_CMD    TB seq.(uvvm)       i2c_master_transmit(I2C_VVC,5): 'Master to Slave transmit'. [151]
%%     1000072.5 ns  Log    ID_UVVM_SEND_CMD    TB seq.(uvvm)       i2c_slave_check(I2C_VVC,4): 'Master to Slave check'. [152]
%%     1000072.5 ns  Log    ID_UVVM_SEND_CMD    TB seq.(uvvm)       i2c_master_transmit(I2C_VVC,5): 'Master to Slave transmit'. [153]
%%     1000072.5 ns  Log    ID_UVVM_SEND_CMD    TB seq.(uvvm)       i2c_slave_check(I2C_VVC,4): 'Master to Slave check'. [154]
%%     1000072.5 ns  Log    ID_UVVM_SEND_CMD    TB seq.(uvvm)       i2c_master_transmit(I2C_VVC,5): 'Master to Slave transmit'. [155]
%%     1000072.5 ns  Log    ID_UVVM_SEND_CMD    TB seq.(uvvm)       i2c_slave_check(I2C_VVC,4): 'Master to Slave check'. [156]
%%     1000072.5 ns  Log    ID_UVVM_SEND_CMD    TB seq.(uvvm)       i2c_master_transmit(I2C_VVC,5): 'Master to Slave transmit'. [157]
%%     1000072.5 ns  Log    ID_UVVM_SEND_CMD    TB seq.(uvvm)       i2c_slave_check(I2C_VVC,4): 'Master to Slave check'. [158]
%%     1000072.5 ns  Log    ID_UVVM_SEND_CMD    TB seq.(uvvm)       i2c_master_transmit(I2C_VVC,5): 'Master to Slave transmit'. [159]
%%     1000072.5 ns  Log    ID_UVVM_SEND_CMD    TB seq.(uvvm)       i2c_slave_check(I2C_VVC,4): 'Master to Slave check'. [160]
%%     1000072.5 ns  Log    ID_UVVM_SEND_CMD    TB seq.(uvvm)       i2c_master_transmit(I2C_VVC,5): 'Master to Slave transmit'. [161]
%%     1000072.5 ns  Log    ID_UVVM_SEND_CMD    TB seq.(uvvm)       i2c_slave_check(I2C_VVC,4): 'Master to Slave check'. [162]
%%     1000072.5 ns  Log    ID_UVVM_SEND_CMD    TB seq.(uvvm)       i2c_master_transmit(I2C_VVC,5): 'Master to Slave transmit'. [163]
%%     1000072.5 ns  Log    ID_UVVM_SEND_CMD    TB seq.(uvvm)       i2c_slave_check(I2C_VVC,4): 'Master to Slave check'. [164]
%%     1000072.5 ns  Log    ID_UVVM_SEND_CMD    TB seq.(uvvm)       i2c_master_transmit(I2C_VVC,5): 'Master to Slave transmit'. [165]
%%     1000072.5 ns  Log    ID_UVVM_SEND_CMD    TB seq.(uvvm)       i2c_slave_check(I2C_VVC,4): 'Master to Slave check'. [166]
%%     1000072.5 ns  Log    ID_UVVM_SEND_CMD    TB seq.(uvvm)       i2c_master_transmit(I2C_VVC,5): 'Master to Slave transmit'. [167]
%%     1000072.5 ns  Log    ID_UVVM_SEND_CMD    TB seq.(uvvm)       i2c_slave_check(I2C_VVC,4): 'Master to Slave check'. [168]
%%     1000072.5 ns  Log    ID_UVVM_SEND_CMD    TB seq.(uvvm)       i2c_master_transmit(I2C_VVC,5): 'Master to Slave transmit'. [169]
%%     1000072.5 ns  Log    ID_UVVM_SEND_CMD    TB seq.(uvvm)       i2c_slave_check(I2C_VVC,4): 'Master to Slave check'. [170]
%%     1000072.5 ns  Log    ID_UVVM_SEND_CMD    TB seq.(uvvm)       i2c_master_transmit(I2C_VVC,5): 'Master to Slave transmit'. [171]
%%     1000072.5 ns  Log    ID_UVVM_SEND_CMD    TB seq.(uvvm)       i2c_slave_check(I2C_VVC,4): 'Master to Slave check'. [172]
%%     1000072.5 ns  Log    ID_UVVM_SEND_CMD    TB seq.(uvvm)       i2c_master_transmit(I2C_VVC,5): 'Master to Slave transmit'. [173]
%%     1000072.5 ns  Log    ID_UVVM_SEND_CMD    TB seq.(uvvm)       i2c_slave_check(I2C_VVC,4): 'Master to Slave check'. [174]
%%     1000072.5 ns  Log    ID_UVVM_SEND_CMD    TB seq.(uvvm)       i2c_master_transmit(I2C_VVC,5): 'Master to Slave transmit'. [175]
%%     1000072.5 ns  Log    ID_UVVM_SEND_CMD    TB seq.(uvvm)       i2c_slave_check(I2C_VVC,4): 'Master to Slave check'. [176]
%%     1000072.5 ns  Log    ID_UVVM_SEND_CMD    TB seq.(uvvm)       i2c_master_transmit(I2C_VVC,5): 'Master to Slave transmit'. [177]
%%     1000072.5 ns  Log    ID_UVVM_SEND_CMD    TB seq.(uvvm)       i2c_slave_check(I2C_VVC,4): 'Master to Slave check'. [178]
%%     1000072.5 ns  Log    ID_UVVM_SEND_CMD    TB seq.(uvvm)       i2c_master_transmit(I2C_VVC,5): 'Master to Slave transmit'. [179]
%%     1000072.5 ns  Log    ID_UVVM_SEND_CMD    TB seq.(uvvm)       i2c_slave_check(I2C_VVC,4): 'Master to Slave check'. [180]
%%     1000072.5 ns  Log    ID_UVVM_SEND_CMD    TB seq.(uvvm)       i2c_master_transmit(I2C_VVC,5): 'Master to Slave transmit'. [181]
%%     1000072.5 ns  Log    ID_UVVM_SEND_CMD    TB seq.(uvvm)       i2c_slave_check(I2C_VVC,4): 'Master to Slave check'. [182]
%%     1000072.5 ns  Log    ID_UVVM_SEND_CMD    TB seq.(uvvm)       i2c_master_transmit(I2C_VVC,5): 'Master to Slave transmit'. [183]
%%     1000072.5 ns  Log    ID_UVVM_SEND_CMD    TB seq.(uvvm)       i2c_slave_check(I2C_VVC,4): 'Master to Slave check'. [184]
%%     1000072.5 ns  Log    ID_UVVM_SEND_CMD    TB seq.(uvvm)       i2c_master_transmit(I2C_VVC,5): 'Master to Slave transmit'. [185]
%%     1000072.5 ns  Log    ID_UVVM_SEND_CMD    TB seq.(uvvm)       i2c_slave_check(I2C_VVC,4): 'Master to Slave check'. [186]
%%     1000072.5 ns  Log    ID_UVVM_SEND_CMD    TB seq.(uvvm)       i2c_master_transmit(I2C_VVC,5): 'Master to Slave transmit'. [187]
%%     1000072.5 ns  Log    ID_UVVM_SEND_CMD    TB seq.(uvvm)       i2c_slave_check(I2C_VVC,4): 'Master to Slave check'. [188]
%%     1000072.5 ns  Log    ID_UVVM_SEND_CMD    TB seq.(uvvm)       i2c_master_transmit(I2C_VVC,5): 'Master to Slave transmit'. [189]
%%     1000072.5 ns  Log    ID_UVVM_SEND_CMD    TB seq.(uvvm)       i2c_slave_check(I2C_VVC,4): 'Master to Slave check'. [190]
%%     1000072.5 ns  Log    ID_UVVM_SEND_CMD    TB seq.(uvvm)       i2c_master_transmit(I2C_VVC,5): 'Master to Slave transmit'. [191]
%%     1000072.5 ns  Log    ID_UVVM_SEND_CMD    TB seq.(uvvm)       i2c_slave_check(I2C_VVC,4): 'Master to Slave check'. [192]
%%     1000072.5 ns  Log    ID_UVVM_SEND_CMD    TB seq.(uvvm)       i2c_master_transmit(I2C_VVC,5): 'Master to Slave transmit'. [193]
%%     1000072.5 ns  Log    ID_UVVM_SEND_CMD    TB seq.(uvvm)       i2c_slave_check(I2C_VVC,4): 'Master to Slave check'. [194]
%%     1000072.5 ns  Log    ID_UVVM_SEND_CMD    TB seq.(uvvm)       i2c_master_transmit(I2C_VVC,5): 'Master to Slave transmit'. [195]
%%     1000072.5 ns  Log    ID_UVVM_SEND_CMD    TB seq.(uvvm)       i2c_slave_check(I2C_VVC,4): 'Master to Slave check'. [196]
%%     1000072.5 ns  Log    ID_UVVM_SEND_CMD    TB seq.(uvvm)       i2c_master_transmit(I2C_VVC,5): 'Master to Slave transmit'. [197]
%%     1000072.5 ns  Log    ID_UVVM_SEND_CMD    TB seq.(uvvm)       i2c_slave_check(I2C_VVC,4): 'Master to Slave check'. [198]
%%     1000072.5 ns  Log    ID_UVVM_SEND_CMD    TB seq.(uvvm)       i2c_master_transmit(I2C_VVC,5): 'Master to Slave transmit'. [199]
%%     1000072.5 ns  Log    ID_UVVM_SEND_CMD    TB seq.(uvvm)       i2c_slave_check(I2C_VVC,4): 'Master to Slave check'. [200]
%%     1000072.5 ns  Log    ID_UVVM_SEND_CMD    TB seq.(uvvm)       i2c_master_transmit(I2C_VVC,5): 'Master to Slave transmit'. [201]
%%     1000072.5 ns  Log    ID_UVVM_SEND_CMD    TB seq.(uvvm)       i2c_slave_check(I2C_VVC,4): 'Master to Slave check'. [202]
%%     1000072.5 ns  Log    ID_UVVM_SEND_CMD    TB seq.(uvvm)       i2c_master_transmit(I2C_VVC,5): 'Master to Slave transmit'. [203]
%%     1000072.5 ns  Log    ID_UVVM_SEND_CMD    TB seq.(uvvm)       i2c_slave_check(I2C_VVC,4): 'Master to Slave check'. [204]
%%     1000072.5 ns  Log    ID_UVVM_SEND_CMD    TB seq.(uvvm)       i2c_master_transmit(I2C_VVC,5): 'Master to Slave transmit'. [205]
%%     1000072.5 ns  Log    ID_UVVM_SEND_CMD    TB seq.(uvvm)       i2c_slave_check(I2C_VVC,4): 'Master to Slave check'. [206]
%%     1000072.5 ns  Log    ID_UVVM_SEND_CMD    TB seq.(uvvm)       i2c_master_transmit(I2C_VVC,5): 'Master to Slave transmit'. [207]
%%     1000072.5 ns  Log    ID_UVVM_SEND_CMD    TB seq.(uvvm)       i2c_slave_check(I2C_VVC,4): 'Master to Slave check'. [208]
%%     1000072.5 ns  Log    ID_UVVM_SEND_CMD    TB seq.(uvvm)       i2c_master_transmit(I2C_VVC,5): 'Master to Slave transmit'. [209]
%%     1000072.5 ns  Log    ID_UVVM_SEND_CMD    TB seq.(uvvm)       i2c_slave_check(I2C_VVC,4): 'Master to Slave check'. [210]
%%     1000072.5 ns  Log    ID_UVVM_SEND_CMD    TB seq.(uvvm)       i2c_master_transmit(I2C_VVC,5): 'Master to Slave transmit'. [211]
%%     1031227.5 ns  Log    ID_BFM              I2C_VVC,4           i2c_slave_check((x"22"))=> OK, read data = (x"22"). ' 'Master to Slave check'  [10]'
%%     1031732.5 ns  Log    ID_BFM              I2C_VVC,5           i2c_master_transmit(A:x"2D5", (x"22"))=> (x"22"). ' 'Master to Slave transmit'  [11]'
%%     1062887.5 ns  Log    ID_BFM              I2C_VVC,4           i2c_slave_check((x"E3"))=> OK, read data = (x"E3"). ' 'Master to Slave check'  [12]'
%%     1063392.5 ns  Log    ID_BFM              I2C_VVC,5           i2c_master_transmit(A:x"2D5", (x"E3"))=> (x"E3"). ' 'Master to Slave transmit'  [13]'
%%     1094547.5 ns  Log    ID_BFM              I2C_VVC,4           i2c_slave_check((x"70"))=> OK, read data = (x"70"). ' 'Master to Slave check'  [14]'
%%     1095052.5 ns  Log    ID_BFM              I2C_VVC,5           i2c_master_transmit(A:x"2D5", (x"70"))=> (x"70"). ' 'Master to Slave transmit'  [15]'
%%     1126207.5 ns  Log    ID_BFM              I2C_VVC,4           i2c_slave_check((x"99"))=> OK, read data = (x"99"). ' 'Master to Slave check'  [16]'
%%     1126712.5 ns  Log    ID_BFM              I2C_VVC,5           i2c_master_transmit(A:x"2D5", (x"99"))=> (x"99"). ' 'Master to Slave transmit'  [17]'
%%     1157867.5 ns  Log    ID_BFM              I2C_VVC,4           i2c_slave_check((x"2B"))=> OK, read data = (x"2B"). ' 'Master to Slave check'  [18]'
%%     1158372.5 ns  Log    ID_BFM              I2C_VVC,5           i2c_master_transmit(A:x"2D5", (x"2B"))=> (x"2B"). ' 'Master to Slave transmit'  [19]'
%%     1189527.5 ns  Log    ID_BFM              I2C_VVC,4           i2c_slave_check((x"11"))=> OK, read data = (x"11"). ' 'Master to Slave check'  [20]'
%%     1190032.5 ns  Log    ID_BFM              I2C_VVC,5           i2c_master_transmit(A:x"2D5", (x"11"))=> (x"11"). ' 'Master to Slave transmit'  [21]'
%%     1221187.5 ns  Log    ID_BFM              I2C_VVC,4           i2c_slave_check((x"2C"))=> OK, read data = (x"2C"). ' 'Master to Slave check'  [22]'
%%     1221692.5 ns  Log    ID_BFM              I2C_VVC,5           i2c_master_transmit(A:x"2D5", (x"2C"))=> (x"2C"). ' 'Master to Slave transmit'  [23]'
%%     1252847.5 ns  Log    ID_BFM              I2C_VVC,4           i2c_slave_check((x"9C"))=> OK, read data = (x"9C"). ' 'Master to Slave check'  [24]'
%%     1253352.5 ns  Log    ID_BFM              I2C_VVC,5           i2c_master_transmit(A:x"2D5", (x"9C"))=> (x"9C"). ' 'Master to Slave transmit'  [25]'
%%     1284507.5 ns  Log    ID_BFM              I2C_VVC,4           i2c_slave_check((x"80"))=> OK, read data = (x"80"). ' 'Master to Slave check'  [26]'
%%     1285012.5 ns  Log    ID_BFM              I2C_VVC,5           i2c_master_transmit(A:x"2D5", (x"80"))=> (x"80"). ' 'Master to Slave transmit'  [27]'
%%     1316167.5 ns  Log    ID_BFM              I2C_VVC,4           i2c_slave_check((x"CB"))=> OK, read data = (x"CB"). ' 'Master to Slave check'  [28]'
%%     1316672.5 ns  Log    ID_BFM              I2C_VVC,5           i2c_master_transmit(A:x"2D5", (x"CB"))=> (x"CB"). ' 'Master to Slave transmit'  [29]'
%%     1347827.5 ns  Log    ID_BFM              I2C_VVC,4           i2c_slave_check((x"64"))=> OK, read data = (x"64"). ' 'Master to Slave check'  [30]'
%%     1348332.5 ns  Log    ID_BFM              I2C_VVC,5           i2c_master_transmit(A:x"2D5", (x"64"))=> (x"64"). ' 'Master to Slave transmit'  [31]'
%%     1379487.5 ns  Log    ID_BFM              I2C_VVC,4           i2c_slave_check((x"4F"))=> OK, read data = (x"4F"). ' 'Master to Slave check'  [32]'
%%     1379992.5 ns  Log    ID_BFM              I2C_VVC,5           i2c_master_transmit(A:x"2D5", (x"4F"))=> (x"4F"). ' 'Master to Slave transmit'  [33]'
%%     1411147.5 ns  Log    ID_BFM              I2C_VVC,4           i2c_slave_check((x"21"))=> OK, read data = (x"21"). ' 'Master to Slave check'  [34]'
%%     1411652.5 ns  Log    ID_BFM              I2C_VVC,5           i2c_master_transmit(A:x"2D5", (x"21"))=> (x"21"). ' 'Master to Slave transmit'  [35]'
%%     1442807.5 ns  Log    ID_BFM              I2C_VVC,4           i2c_slave_check((x"92"))=> OK, read data = (x"92"). ' 'Master to Slave check'  [36]'
%%     1443312.5 ns  Log    ID_BFM              I2C_VVC,5           i2c_master_transmit(A:x"2D5", (x"92"))=> (x"92"). ' 'Master to Slave transmit'  [37]'
%%     1474467.5 ns  Log    ID_BFM              I2C_VVC,4           i2c_slave_check((x"60"))=> OK, read data = (x"60"). ' 'Master to Slave check'  [38]'
%%     1474972.5 ns  Log    ID_BFM              I2C_VVC,5           i2c_master_transmit(A:x"2D5", (x"60"))=> (x"60"). ' 'Master to Slave transmit'  [39]'
%%     1506127.5 ns  Log    ID_BFM              I2C_VVC,4           i2c_slave_check((x"7B"))=> OK, read data = (x"7B"). ' 'Master to Slave check'  [40]'
%%     1506632.5 ns  Log    ID_BFM              I2C_VVC,5           i2c_master_transmit(A:x"2D5", (x"7B"))=> (x"7B"). ' 'Master to Slave transmit'  [41]'
%%     1537787.5 ns  Log    ID_BFM              I2C_VVC,4           i2c_slave_check((x"60"))=> OK, read data = (x"60"). ' 'Master to Slave check'  [42]'
%%     1538292.5 ns  Log    ID_BFM              I2C_VVC,5           i2c_master_transmit(A:x"2D5", (x"60"))=> (x"60"). ' 'Master to Slave transmit'  [43]'
%%     1569447.5 ns  Log    ID_BFM              I2C_VVC,4           i2c_slave_check((x"8B"))=> OK, read data = (x"8B"). ' 'Master to Slave check'  [44]'
%%     1569952.5 ns  Log    ID_BFM              I2C_VVC,5           i2c_master_transmit(A:x"2D5", (x"8B"))=> (x"8B"). ' 'Master to Slave transmit'  [45]'
%%     1601107.5 ns  Log    ID_BFM              I2C_VVC,4           i2c_slave_check((x"C5"))=> OK, read data = (x"C5"). ' 'Master to Slave check'  [46]'
%%     1601612.5 ns  Log    ID_BFM              I2C_VVC,5           i2c_master_transmit(A:x"2D5", (x"C5"))=> (x"C5"). ' 'Master to Slave transmit'  [47]'
%%     1632767.5 ns  Log    ID_BFM              I2C_VVC,4           i2c_slave_check((x"88"))=> OK, read data = (x"88"). ' 'Master to Slave check'  [48]'
%%     1633272.5 ns  Log    ID_BFM              I2C_VVC,5           i2c_master_transmit(A:x"2D5", (x"88"))=> (x"88"). ' 'Master to Slave transmit'  [49]'
%%     1664427.5 ns  Log    ID_BFM              I2C_VVC,4           i2c_slave_check((x"06"))=> OK, read data = (x"6"). ' 'Master to Slave check'  [50]'
%%     1664932.5 ns  Log    ID_BFM              I2C_VVC,5           i2c_master_transmit(A:x"2D5", (x"06"))=> (x"6"). ' 'Master to Slave transmit'  [51]'
%%     1696087.5 ns  Log    ID_BFM              I2C_VVC,4           i2c_slave_check((x"5D"))=> OK, read data = (x"5D"). ' 'Master to Slave check'  [52]'
%%     1696592.5 ns  Log    ID_BFM              I2C_VVC,5           i2c_master_transmit(A:x"2D5", (x"5D"))=> (x"5D"). ' 'Master to Slave transmit'  [53]'
%%     1727747.5 ns  Log    ID_BFM              I2C_VVC,4           i2c_slave_check((x"56"))=> OK, read data = (x"56"). ' 'Master to Slave check'  [54]'
%%     1728252.5 ns  Log    ID_BFM              I2C_VVC,5           i2c_master_transmit(A:x"2D5", (x"56"))=> (x"56"). ' 'Master to Slave transmit'  [55]'
%%     1759407.5 ns  Log    ID_BFM              I2C_VVC,4           i2c_slave_check((x"65"))=> OK, read data = (x"65"). ' 'Master to Slave check'  [56]'
%%     1759912.5 ns  Log    ID_BFM              I2C_VVC,5           i2c_master_transmit(A:x"2D5", (x"65"))=> (x"65"). ' 'Master to Slave transmit'  [57]'
%%     1791067.5 ns  Log    ID_BFM              I2C_VVC,4           i2c_slave_check((x"6B"))=> OK, read data = (x"6B"). ' 'Master to Slave check'  [58]'
%%     1791572.5 ns  Log    ID_BFM              I2C_VVC,5           i2c_master_transmit(A:x"2D5", (x"6B"))=> (x"6B"). ' 'Master to Slave transmit'  [59]'
%%     1822727.5 ns  Log    ID_BFM              I2C_VVC,4           i2c_slave_check((x"1C"))=> OK, read data = (x"1C"). ' 'Master to Slave check'  [60]'
%%     1823232.5 ns  Log    ID_BFM              I2C_VVC,5           i2c_master_transmit(A:x"2D5", (x"1C"))=> (x"1C"). ' 'Master to Slave transmit'  [61]'
%%     1854387.5 ns  Log    ID_BFM              I2C_VVC,4           i2c_slave_check((x"1F"))=> OK, read data = (x"1F"). ' 'Master to Slave check'  [62]'
%%     1854892.5 ns  Log    ID_BFM              I2C_VVC,5           i2c_master_transmit(A:x"2D5", (x"1F"))=> (x"1F"). ' 'Master to Slave transmit'  [63]'
%%     1886047.5 ns  Log    ID_BFM              I2C_VVC,4           i2c_slave_check((x"12"))=> OK, read data = (x"12"). ' 'Master to Slave check'  [64]'
%%     1886552.5 ns  Log    ID_BFM              I2C_VVC,5           i2c_master_transmit(A:x"2D5", (x"12"))=> (x"12"). ' 'Master to Slave transmit'  [65]'
%%     1917707.5 ns  Log    ID_BFM              I2C_VVC,4           i2c_slave_check((x"B1"))=> OK, read data = (x"B1"). ' 'Master to Slave check'  [66]'
%%     1918212.5 ns  Log    ID_BFM              I2C_VVC,5           i2c_master_transmit(A:x"2D5", (x"B1"))=> (x"B1"). ' 'Master to Slave transmit'  [67]'
%%     1949367.5 ns  Log    ID_BFM              I2C_VVC,4           i2c_slave_check((x"B6"))=> OK, read data = (x"B6"). ' 'Master to Slave check'  [68]'
%%     1949872.5 ns  Log    ID_BFM              I2C_VVC,5           i2c_master_transmit(A:x"2D5", (x"B6"))=> (x"B6"). ' 'Master to Slave transmit'  [69]'
%%     1981027.5 ns  Log    ID_BFM              I2C_VVC,4           i2c_slave_check((x"8B"))=> OK, read data = (x"8B"). ' 'Master to Slave check'  [70]'
%%     1981532.5 ns  Log    ID_BFM              I2C_VVC,5           i2c_master_transmit(A:x"2D5", (x"8B"))=> (x"8B"). ' 'Master to Slave transmit'  [71]'
%%     2012687.5 ns  Log    ID_BFM              I2C_VVC,4           i2c_slave_check((x"BB"))=> OK, read data = (x"BB"). ' 'Master to Slave check'  [72]'
%%     2013192.5 ns  Log    ID_BFM              I2C_VVC,5           i2c_master_transmit(A:x"2D5", (x"BB"))=> (x"BB"). ' 'Master to Slave transmit'  [73]'
%%     2044347.5 ns  Log    ID_BFM              I2C_VVC,4           i2c_slave_check((x"8E"))=> OK, read data = (x"8E"). ' 'Master to Slave check'  [74]'
%%     2044852.5 ns  Log    ID_BFM              I2C_VVC,5           i2c_master_transmit(A:x"2D5", (x"8E"))=> (x"8E"). ' 'Master to Slave transmit'  [75]'
%%     2076007.5 ns  Log    ID_BFM              I2C_VVC,4           i2c_slave_check((x"71"))=> OK, read data = (x"71"). ' 'Master to Slave check'  [76]'
%%     2076512.5 ns  Log    ID_BFM              I2C_VVC,5           i2c_master_transmit(A:x"2D5", (x"71"))=> (x"71"). ' 'Master to Slave transmit'  [77]'
%%     2107667.5 ns  Log    ID_BFM              I2C_VVC,4           i2c_slave_check((x"A2"))=> OK, read data = (x"A2"). ' 'Master to Slave check'  [78]'
%%     2108172.5 ns  Log    ID_BFM              I2C_VVC,5           i2c_master_transmit(A:x"2D5", (x"A2"))=> (x"A2"). ' 'Master to Slave transmit'  [79]'
%%     2139327.5 ns  Log    ID_BFM              I2C_VVC,4           i2c_slave_check((x"EE"))=> OK, read data = (x"EE"). ' 'Master to Slave check'  [80]'
%%     2139832.5 ns  Log    ID_BFM              I2C_VVC,5           i2c_master_transmit(A:x"2D5", (x"EE"))=> (x"EE"). ' 'Master to Slave transmit'  [81]'
%%     2170987.5 ns  Log    ID_BFM              I2C_VVC,4           i2c_slave_check((x"50"))=> OK, read data = (x"50"). ' 'Master to Slave check'  [82]'
%%     2171492.5 ns  Log    ID_BFM              I2C_VVC,5           i2c_master_transmit(A:x"2D5", (x"50"))=> (x"50"). ' 'Master to Slave transmit'  [83]'
%%     2202647.5 ns  Log    ID_BFM              I2C_VVC,4           i2c_slave_check((x"FF"))=> OK, read data = (x"FF"). ' 'Master to Slave check'  [84]'
%%     2203152.5 ns  Log    ID_BFM              I2C_VVC,5           i2c_master_transmit(A:x"2D5", (x"FF"))=> (x"FF"). ' 'Master to Slave transmit'  [85]'
%%     2234307.5 ns  Log    ID_BFM              I2C_VVC,4           i2c_slave_check((x"B7"))=> OK, read data = (x"B7"). ' 'Master to Slave check'  [86]'
%%     2234812.5 ns  Log    ID_BFM              I2C_VVC,5           i2c_master_transmit(A:x"2D5", (x"B7"))=> (x"B7"). ' 'Master to Slave transmit'  [87]'
%%     2265967.5 ns  Log    ID_BFM              I2C_VVC,4           i2c_slave_check((x"51"))=> OK, read data = (x"51"). ' 'Master to Slave check'  [88]'
%%     2266472.5 ns  Log    ID_BFM              I2C_VVC,5           i2c_master_transmit(A:x"2D5", (x"51"))=> (x"51"). ' 'Master to Slave transmit'  [89]'
%%     2297627.5 ns  Log    ID_BFM              I2C_VVC,4           i2c_slave_check((x"2F"))=> OK, read data = (x"2F"). ' 'Master to Slave check'  [90]'
%%     2298132.5 ns  Log    ID_BFM              I2C_VVC,5           i2c_master_transmit(A:x"2D5", (x"2F"))=> (x"2F"). ' 'Master to Slave transmit'  [91]'
%%     2329287.5 ns  Log    ID_BFM              I2C_VVC,4           i2c_slave_check((x"AC"))=> OK, read data = (x"AC"). ' 'Master to Slave check'  [92]'
%%     2329792.5 ns  Log    ID_BFM              I2C_VVC,5           i2c_master_transmit(A:x"2D5", (x"AC"))=> (x"AC"). ' 'Master to Slave transmit'  [93]'
%%     2360947.5 ns  Log    ID_BFM              I2C_VVC,4           i2c_slave_check((x"10"))=> OK, read data = (x"10"). ' 'Master to Slave check'  [94]'
%%     2361452.5 ns  Log    ID_BFM              I2C_VVC,5           i2c_master_transmit(A:x"2D5", (x"10"))=> (x"10"). ' 'Master to Slave transmit'  [95]'
%%     2392607.5 ns  Log    ID_BFM              I2C_VVC,4           i2c_slave_check((x"09"))=> OK, read data = (x"9"). ' 'Master to Slave check'  [96]'
%%     2393112.5 ns  Log    ID_BFM              I2C_VVC,5           i2c_master_transmit(A:x"2D5", (x"09"))=> (x"9"). ' 'Master to Slave transmit'  [97]'
%%     2424267.5 ns  Log    ID_BFM              I2C_VVC,4           i2c_slave_check((x"99"))=> OK, read data = (x"99"). ' 'Master to Slave check'  [98]'
%%     2424772.5 ns  Log    ID_BFM              I2C_VVC,5           i2c_master_transmit(A:x"2D5", (x"99"))=> (x"99"). ' 'Master to Slave transmit'  [99]'
%%     2455927.5 ns  Log    ID_BFM              I2C_VVC,4           i2c_slave_check((x"F7"))=> OK, read data = (x"F7"). ' 'Master to Slave check'  [100]'
%%     2456432.5 ns  Log    ID_BFM              I2C_VVC,5           i2c_master_transmit(A:x"2D5", (x"F7"))=> (x"F7"). ' 'Master to Slave transmit'  [101]'
%%     2487587.5 ns  Log    ID_BFM              I2C_VVC,4           i2c_slave_check((x"3A"))=> OK, read data = (x"3A"). ' 'Master to Slave check'  [102]'
%%     2488092.5 ns  Log    ID_BFM              I2C_VVC,5           i2c_master_transmit(A:x"2D5", (x"3A"))=> (x"3A"). ' 'Master to Slave transmit'  [103]'
%%     2519247.5 ns  Log    ID_BFM              I2C_VVC,4           i2c_slave_check((x"00"))=> OK, read data = (x"00"). ' 'Master to Slave check'  [104]'
%%     2519752.5 ns  Log    ID_BFM              I2C_VVC,5           i2c_master_transmit(A:x"2D5", (x"00"))=> (x"00"). ' 'Master to Slave transmit'  [105]'
%%     2550907.5 ns  Log    ID_BFM              I2C_VVC,4           i2c_slave_check((x"ED"))=> OK, read data = (x"ED"). ' 'Master to Slave check'  [106]'
%%     2551412.5 ns  Log    ID_BFM              I2C_VVC,5           i2c_master_transmit(A:x"2D5", (x"ED"))=> (x"ED"). ' 'Master to Slave transmit'  [107]'
%%     2582567.5 ns  Log    ID_BFM              I2C_VVC,4           i2c_slave_check((x"C1"))=> OK, read data = (x"C1"). ' 'Master to Slave check'  [108]'
%%     2583072.5 ns  Log    ID_BFM              I2C_VVC,5           i2c_master_transmit(A:x"2D5", (x"C1"))=> (x"C1"). ' 'Master to Slave transmit'  [109]'
%%     2614227.5 ns  Log    ID_BFM              I2C_VVC,4           i2c_slave_check((x"3B"))=> OK, read data = (x"3B"). ' 'Master to Slave check'  [110]'
%%     2614732.5 ns  Log    ID_BFM              I2C_VVC,5           i2c_master_transmit(A:x"2D5", (x"3B"))=> (x"3B"). ' 'Master to Slave transmit'  [111]'
%%     2645887.5 ns  Log    ID_BFM              I2C_VVC,4           i2c_slave_check((x"40"))=> OK, read data = (x"40"). ' 'Master to Slave check'  [112]'
%%     2646392.5 ns  Log    ID_BFM              I2C_VVC,5           i2c_master_transmit(A:x"2D5", (x"40"))=> (x"40"). ' 'Master to Slave transmit'  [113]'
%%     2677547.5 ns  Log    ID_BFM              I2C_VVC,4           i2c_slave_check((x"D5"))=> OK, read data = (x"D5"). ' 'Master to Slave check'  [114]'
%%     2678052.5 ns  Log    ID_BFM              I2C_VVC,5           i2c_master_transmit(A:x"2D5", (x"D5"))=> (x"D5"). ' 'Master to Slave transmit'  [115]'
%%     2709207.5 ns  Log    ID_BFM              I2C_VVC,4           i2c_slave_check((x"DC"))=> OK, read data = (x"DC"). ' 'Master to Slave check'  [116]'
%%     2709712.5 ns  Log    ID_BFM              I2C_VVC,5           i2c_master_transmit(A:x"2D5", (x"DC"))=> (x"DC"). ' 'Master to Slave transmit'  [117]'
%%     2740867.5 ns  Log    ID_BFM              I2C_VVC,4           i2c_slave_check((x"E6"))=> OK, read data = (x"E6"). ' 'Master to Slave check'  [118]'
%%     2741372.5 ns  Log    ID_BFM              I2C_VVC,5           i2c_master_transmit(A:x"2D5", (x"E6"))=> (x"E6"). ' 'Master to Slave transmit'  [119]'
%%     2772527.5 ns  Log    ID_BFM              I2C_VVC,4           i2c_slave_check((x"A6"))=> OK, read data = (x"A6"). ' 'Master to Slave check'  [120]'
%%     2773032.5 ns  Log    ID_BFM              I2C_VVC,5           i2c_master_transmit(A:x"2D5", (x"A6"))=> (x"A6"). ' 'Master to Slave transmit'  [121]'
%%     2804187.5 ns  Log    ID_BFM              I2C_VVC,4           i2c_slave_check((x"1F"))=> OK, read data = (x"1F"). ' 'Master to Slave check'  [122]'
%%     2804692.5 ns  Log    ID_BFM              I2C_VVC,5           i2c_master_transmit(A:x"2D5", (x"1F"))=> (x"1F"). ' 'Master to Slave transmit'  [123]'
%%     2835847.5 ns  Log    ID_BFM              I2C_VVC,4           i2c_slave_check((x"E3"))=> OK, read data = (x"E3"). ' 'Master to Slave check'  [124]'
%%     2836352.5 ns  Log    ID_BFM              I2C_VVC,5           i2c_master_transmit(A:x"2D5", (x"E3"))=> (x"E3"). ' 'Master to Slave transmit'  [125]'
%%     2867507.5 ns  Log    ID_BFM              I2C_VVC,4           i2c_slave_check((x"D8"))=> OK, read data = (x"D8"). ' 'Master to Slave check'  [126]'
%%     2868012.5 ns  Log    ID_BFM              I2C_VVC,5           i2c_master_transmit(A:x"2D5", (x"D8"))=> (x"D8"). ' 'Master to Slave transmit'  [127]'
%%     2899167.5 ns  Log    ID_BFM              I2C_VVC,4           i2c_slave_check((x"04"))=> OK, read data = (x"4"). ' 'Master to Slave check'  [128]'
%%     2899672.5 ns  Log    ID_BFM              I2C_VVC,5           i2c_master_transmit(A:x"2D5", (x"04"))=> (x"4"). ' 'Master to Slave transmit'  [129]'
%%     2930827.5 ns  Log    ID_BFM              I2C_VVC,4           i2c_slave_check((x"C4"))=> OK, read data = (x"C4"). ' 'Master to Slave check'  [130]'
%%     2931332.5 ns  Log    ID_BFM              I2C_VVC,5           i2c_master_transmit(A:x"2D5", (x"C4"))=> (x"C4"). ' 'Master to Slave transmit'  [131]'
%%     2962487.5 ns  Log    ID_BFM              I2C_VVC,4           i2c_slave_check((x"EA"))=> OK, read data = (x"EA"). ' 'Master to Slave check'  [132]'
%%     2962992.5 ns  Log    ID_BFM              I2C_VVC,5           i2c_master_transmit(A:x"2D5", (x"EA"))=> (x"EA"). ' 'Master to Slave transmit'  [133]'
%%     2994147.5 ns  Log    ID_BFM              I2C_VVC,4           i2c_slave_check((x"63"))=> OK, read data = (x"63"). ' 'Master to Slave check'  [134]'
%%     2994652.5 ns  Log    ID_BFM              I2C_VVC,5           i2c_master_transmit(A:x"2D5", (x"63"))=> (x"63"). ' 'Master to Slave transmit'  [135]'
%%     3025807.5 ns  Log    ID_BFM              I2C_VVC,4           i2c_slave_check((x"2C"))=> OK, read data = (x"2C"). ' 'Master to Slave check'  [136]'
%%     3026312.5 ns  Log    ID_BFM              I2C_VVC,5           i2c_master_transmit(A:x"2D5", (x"2C"))=> (x"2C"). ' 'Master to Slave transmit'  [137]'
%%     3057467.5 ns  Log    ID_BFM              I2C_VVC,4           i2c_slave_check((x"D0"))=> OK, read data = (x"D0"). ' 'Master to Slave check'  [138]'
%%     3057972.5 ns  Log    ID_BFM              I2C_VVC,5           i2c_master_transmit(A:x"2D5", (x"D0"))=> (x"D0"). ' 'Master to Slave transmit'  [139]'
%%     3089127.5 ns  Log    ID_BFM              I2C_VVC,4           i2c_slave_check((x"02"))=> OK, read data = (x"2"). ' 'Master to Slave check'  [140]'
%%     3089632.5 ns  Log    ID_BFM              I2C_VVC,5           i2c_master_transmit(A:x"2D5", (x"02"))=> (x"2"). ' 'Master to Slave transmit'  [141]'
%%     3120787.5 ns  Log    ID_BFM              I2C_VVC,4           i2c_slave_check((x"25"))=> OK, read data = (x"25"). ' 'Master to Slave check'  [142]'
%%     3121292.5 ns  Log    ID_BFM              I2C_VVC,5           i2c_master_transmit(A:x"2D5", (x"25"))=> (x"25"). ' 'Master to Slave transmit'  [143]'
%%     3152447.5 ns  Log    ID_BFM              I2C_VVC,4           i2c_slave_check((x"92"))=> OK, read data = (x"92"). ' 'Master to Slave check'  [144]'
%%     3152952.5 ns  Log    ID_BFM              I2C_VVC,5           i2c_master_transmit(A:x"2D5", (x"92"))=> (x"92"). ' 'Master to Slave transmit'  [145]'
%%     3184107.5 ns  Log    ID_BFM              I2C_VVC,4           i2c_slave_check((x"E1"))=> OK, read data = (x"E1"). ' 'Master to Slave check'  [146]'
%%     3184612.5 ns  Log    ID_BFM              I2C_VVC,5           i2c_master_transmit(A:x"2D5", (x"E1"))=> (x"E1"). ' 'Master to Slave transmit'  [147]'
%%     3215767.5 ns  Log    ID_BFM              I2C_VVC,4           i2c_slave_check((x"29"))=> OK, read data = (x"29"). ' 'Master to Slave check'  [148]'
%%     3216272.5 ns  Log    ID_BFM              I2C_VVC,5           i2c_master_transmit(A:x"2D5", (x"29"))=> (x"29"). ' 'Master to Slave transmit'  [149]'
%%     3247427.5 ns  Log    ID_BFM              I2C_VVC,4           i2c_slave_check((x"A3"))=> OK, read data = (x"A3"). ' 'Master to Slave check'  [150]'
%%     3247932.5 ns  Log    ID_BFM              I2C_VVC,5           i2c_master_transmit(A:x"2D5", (x"A3"))=> (x"A3"). ' 'Master to Slave transmit'  [151]'
%%     3279087.5 ns  Log    ID_BFM              I2C_VVC,4           i2c_slave_check((x"E0"))=> OK, read data = (x"E0"). ' 'Master to Slave check'  [152]'
%%     3279592.5 ns  Log    ID_BFM              I2C_VVC,5           i2c_master_transmit(A:x"2D5", (x"E0"))=> (x"E0"). ' 'Master to Slave transmit'  [153]'
%%     3310747.5 ns  Log    ID_BFM              I2C_VVC,4           i2c_slave_check((x"4D"))=> OK, read data = (x"4D"). ' 'Master to Slave check'  [154]'
%%     3311252.5 ns  Log    ID_BFM              I2C_VVC,5           i2c_master_transmit(A:x"2D5", (x"4D"))=> (x"4D"). ' 'Master to Slave transmit'  [155]'
%%     3342407.5 ns  Log    ID_BFM              I2C_VVC,4           i2c_slave_check((x"D4"))=> OK, read data = (x"D4"). ' 'Master to Slave check'  [156]'
%%     3342912.5 ns  Log    ID_BFM              I2C_VVC,5           i2c_master_transmit(A:x"2D5", (x"D4"))=> (x"D4"). ' 'Master to Slave transmit'  [157]'
%%     3374067.5 ns  Log    ID_BFM              I2C_VVC,4           i2c_slave_check((x"01"))=> OK, read data = (x"1"). ' 'Master to Slave check'  [158]'
%%     3374572.5 ns  Log    ID_BFM              I2C_VVC,5           i2c_master_transmit(A:x"2D5", (x"01"))=> (x"1"). ' 'Master to Slave transmit'  [159]'
%%     3405727.5 ns  Log    ID_BFM              I2C_VVC,4           i2c_slave_check((x"41"))=> OK, read data = (x"41"). ' 'Master to Slave check'  [160]'
%%     3406232.5 ns  Log    ID_BFM              I2C_VVC,5           i2c_master_transmit(A:x"2D5", (x"41"))=> (x"41"). ' 'Master to Slave transmit'  [161]'
%%     3437387.5 ns  Log    ID_BFM              I2C_VVC,4           i2c_slave_check((x"D2"))=> OK, read data = (x"D2"). ' 'Master to Slave check'  [162]'
%%     3437892.5 ns  Log    ID_BFM              I2C_VVC,5           i2c_master_transmit(A:x"2D5", (x"D2"))=> (x"D2"). ' 'Master to Slave transmit'  [163]'
%%     3469047.5 ns  Log    ID_BFM              I2C_VVC,4           i2c_slave_check((x"C1"))=> OK, read data = (x"C1"). ' 'Master to Slave check'  [164]'
%%     3469552.5 ns  Log    ID_BFM              I2C_VVC,5           i2c_master_transmit(A:x"2D5", (x"C1"))=> (x"C1"). ' 'Master to Slave transmit'  [165]'
%%     3500707.5 ns  Log    ID_BFM              I2C_VVC,4           i2c_slave_check((x"78"))=> OK, read data = (x"78"). ' 'Master to Slave check'  [166]'
%%     3501212.5 ns  Log    ID_BFM              I2C_VVC,5           i2c_master_transmit(A:x"2D5", (x"78"))=> (x"78"). ' 'Master to Slave transmit'  [167]'
%%     3532367.5 ns  Log    ID_BFM              I2C_VVC,4           i2c_slave_check((x"8A"))=> OK, read data = (x"8A"). ' 'Master to Slave check'  [168]'
%%     3532872.5 ns  Log    ID_BFM              I2C_VVC,5           i2c_master_transmit(A:x"2D5", (x"8A"))=> (x"8A"). ' 'Master to Slave transmit'  [169]'
%%     3564027.5 ns  Log    ID_BFM              I2C_VVC,4           i2c_slave_check((x"72"))=> OK, read data = (x"72"). ' 'Master to Slave check'  [170]'
%%     3564532.5 ns  Log    ID_BFM              I2C_VVC,5           i2c_master_transmit(A:x"2D5", (x"72"))=> (x"72"). ' 'Master to Slave transmit'  [171]'
%%     3595687.5 ns  Log    ID_BFM              I2C_VVC,4           i2c_slave_check((x"3F"))=> OK, read data = (x"3F"). ' 'Master to Slave check'  [172]'
%%     3596192.5 ns  Log    ID_BFM              I2C_VVC,5           i2c_master_transmit(A:x"2D5", (x"3F"))=> (x"3F"). ' 'Master to Slave transmit'  [173]'
%%     3627347.5 ns  Log    ID_BFM              I2C_VVC,4           i2c_slave_check((x"51"))=> OK, read data = (x"51"). ' 'Master to Slave check'  [174]'
%%     3627852.5 ns  Log    ID_BFM              I2C_VVC,5           i2c_master_transmit(A:x"2D5", (x"51"))=> (x"51"). ' 'Master to Slave transmit'  [175]'
%%     3659007.5 ns  Log    ID_BFM              I2C_VVC,4           i2c_slave_check((x"B5"))=> OK, read data = (x"B5"). ' 'Master to Slave check'  [176]'
%%     3659512.5 ns  Log    ID_BFM              I2C_VVC,5           i2c_master_transmit(A:x"2D5", (x"B5"))=> (x"B5"). ' 'Master to Slave transmit'  [177]'
%%     3690667.5 ns  Log    ID_BFM              I2C_VVC,4           i2c_slave_check((x"63"))=> OK, read data = (x"63"). ' 'Master to Slave check'  [178]'
%%     3691172.5 ns  Log    ID_BFM              I2C_VVC,5           i2c_master_transmit(A:x"2D5", (x"63"))=> (x"63"). ' 'Master to Slave transmit'  [179]'
%%     3722327.5 ns  Log    ID_BFM              I2C_VVC,4           i2c_slave_check((x"65"))=> OK, read data = (x"65"). ' 'Master to Slave check'  [180]'
%%     3722832.5 ns  Log    ID_BFM              I2C_VVC,5           i2c_master_transmit(A:x"2D5", (x"65"))=> (x"65"). ' 'Master to Slave transmit'  [181]'
%%     3753987.5 ns  Log    ID_BFM              I2C_VVC,4           i2c_slave_check((x"C5"))=> OK, read data = (x"C5"). ' 'Master to Slave check'  [182]'
%%     3754492.5 ns  Log    ID_BFM              I2C_VVC,5           i2c_master_transmit(A:x"2D5", (x"C5"))=> (x"C5"). ' 'Master to Slave transmit'  [183]'
%%     3785647.5 ns  Log    ID_BFM              I2C_VVC,4           i2c_slave_check((x"4A"))=> OK, read data = (x"4A"). ' 'Master to Slave check'  [184]'
%%     3786152.5 ns  Log    ID_BFM              I2C_VVC,5           i2c_master_transmit(A:x"2D5", (x"4A"))=> (x"4A"). ' 'Master to Slave transmit'  [185]'
%%     3817307.5 ns  Log    ID_BFM              I2C_VVC,4           i2c_slave_check((x"9A"))=> OK, read data = (x"9A"). ' 'Master to Slave check'  [186]'
%%     3817812.5 ns  Log    ID_BFM              I2C_VVC,5           i2c_master_transmit(A:x"2D5", (x"9A"))=> (x"9A"). ' 'Master to Slave transmit'  [187]'
%%     3848967.5 ns  Log    ID_BFM              I2C_VVC,4           i2c_slave_check((x"C5"))=> OK, read data = (x"C5"). ' 'Master to Slave check'  [188]'
%%     3849472.5 ns  Log    ID_BFM              I2C_VVC,5           i2c_master_transmit(A:x"2D5", (x"C5"))=> (x"C5"). ' 'Master to Slave transmit'  [189]'
%%     3880627.5 ns  Log    ID_BFM              I2C_VVC,4           i2c_slave_check((x"35"))=> OK, read data = (x"35"). ' 'Master to Slave check'  [190]'
%%     3881132.5 ns  Log    ID_BFM              I2C_VVC,5           i2c_master_transmit(A:x"2D5", (x"35"))=> (x"35"). ' 'Master to Slave transmit'  [191]'
%%     3912287.5 ns  Log    ID_BFM              I2C_VVC,4           i2c_slave_check((x"BD"))=> OK, read data = (x"BD"). ' 'Master to Slave check'  [192]'
%%     3912792.5 ns  Log    ID_BFM              I2C_VVC,5           i2c_master_transmit(A:x"2D5", (x"BD"))=> (x"BD"). ' 'Master to Slave transmit'  [193]'
%%     3943947.5 ns  Log    ID_BFM              I2C_VVC,4           i2c_slave_check((x"41"))=> OK, read data = (x"41"). ' 'Master to Slave check'  [194]'
%%     3944452.5 ns  Log    ID_BFM              I2C_VVC,5           i2c_master_transmit(A:x"2D5", (x"41"))=> (x"41"). ' 'Master to Slave transmit'  [195]'
%%     3975607.5 ns  Log    ID_BFM              I2C_VVC,4           i2c_slave_check((x"67"))=> OK, read data = (x"67"). ' 'Master to Slave check'  [196]'
%%     3976112.5 ns  Log    ID_BFM              I2C_VVC,5           i2c_master_transmit(A:x"2D5", (x"67"))=> (x"67"). ' 'Master to Slave transmit'  [197]'
%%     4007267.5 ns  Log    ID_BFM              I2C_VVC,4           i2c_slave_check((x"E2"))=> OK, read data = (x"E2"). ' 'Master to Slave check'  [198]'
%%     4007772.5 ns  Log    ID_BFM              I2C_VVC,5           i2c_master_transmit(A:x"2D5", (x"E2"))=> (x"E2"). ' 'Master to Slave transmit'  [199]'
%%     4038927.5 ns  Log    ID_BFM              I2C_VVC,4           i2c_slave_check((x"22"))=> OK, read data = (x"22"). ' 'Master to Slave check'  [200]'
%%     4039432.5 ns  Log    ID_BFM              I2C_VVC,5           i2c_master_transmit(A:x"2D5", (x"22"))=> (x"22"). ' 'Master to Slave transmit'  [201]'
%%     4070587.5 ns  Log    ID_BFM              I2C_VVC,4           i2c_slave_check((x"17"))=> OK, read data = (x"17"). ' 'Master to Slave check'  [202]'
%%     4071092.5 ns  Log    ID_BFM              I2C_VVC,5           i2c_master_transmit(A:x"2D5", (x"17"))=> (x"17"). ' 'Master to Slave transmit'  [203]'
%%     4102247.5 ns  Log    ID_BFM              I2C_VVC,4           i2c_slave_check((x"5C"))=> OK, read data = (x"5C"). ' 'Master to Slave check'  [204]'
%%     4102752.5 ns  Log    ID_BFM              I2C_VVC,5           i2c_master_transmit(A:x"2D5", (x"5C"))=> (x"5C"). ' 'Master to Slave transmit'  [205]'
%%     4133907.5 ns  Log    ID_BFM              I2C_VVC,4           i2c_slave_check((x"CC"))=> OK, read data = (x"CC"). ' 'Master to Slave check'  [206]'
%%     4134412.5 ns  Log    ID_BFM              I2C_VVC,5           i2c_master_transmit(A:x"2D5", (x"CC"))=> (x"CC"). ' 'Master to Slave transmit'  [207]'
%%     4165567.5 ns  Log    ID_BFM              I2C_VVC,4           i2c_slave_check((x"BA"))=> OK, read data = (x"BA"). ' 'Master to Slave check'  [208]'
%%     4166072.5 ns  Log    ID_BFM              I2C_VVC,5           i2c_master_transmit(A:x"2D5", (x"BA"))=> (x"BA"). ' 'Master to Slave transmit'  [209]'
%%     4197227.5 ns  Log    ID_BFM              I2C_VVC,4           i2c_slave_check((x"E0"))=> OK, read data = (x"E0"). ' 'Master to Slave check'  [210]'
%%     4197732.5 ns  Log    ID_BFM              I2C_VVC,5           i2c_master_transmit(A:x"2D5", (x"E0"))=> (x"E0"). ' 'Master to Slave transmit'  [211]'
%%     4197733.5 ns  Log    ID_AWAIT_UVVM_COMP  I2C_VVC_TB          await_uvvm_completion() => OK. All VVCs are inactive. Condition occurred after 1 ns
%%     4197733.5 ns  Log    ID_AWAIT_UVVM_COMP  I2C_VVC_TB          await_uvvm_completion()() => OK. All UVVM scoreboards are empty. Condition occurred after 0 ns
%% 
%% ============================================================================================================================================================================
%%  *** INTERMEDIATE SUMMARY OF ALL ALERTS ***
%% ============================================================================================================================================================================
%%     4197733.5 ns  DONE   NOCHECKS  master_to_slave_VVC-to-VVC_10_bit_addressing  Passed: 0
%%    Expected      Failures: 0  Errors: 0  Warnings: 0  Passed: 0
%%    VHDL Asserts  Failures: 0  Errors: 0  Warnings: 0  Passed: 0
%%    Default       Failures: 0  Errors: 0  Warnings: 0  Passed: 0
%%    OSVVM         Failures: 0  Errors: 0  Warnings: 0  Passed: 0
%% ============================================================================================================================================================================
%% 
%% 
%% 
%%     4197733.5 ns  Log    ID_LOG_HDR          I2C_VVC_TB          SIMULATION COMPLETED
%% ----------------------------------------------------------------------------------------------------------------------------------------------------------------------------
