%%           0.0 ns  Log    ID_CONSTRUCTOR      SBI_VVC,0           VVC instantiated.
%%           0.0 ns  Log    ID_CONSTRUCTOR_SUB  SBI_VVC,0           Command queue instantiated and will give a warning when reaching 1000 elements in queue.
%%           0.0 ns  Log    ID_CONSTRUCTOR_SUB  SBI_VVC,0           Result queue instantiated and will give a warning when reaching 1000 elements in queue.
%%           0.0 ns  Log    ID_CONSTRUCTOR      I2C_VVC,3           VVC instantiated.
%%           0.0 ns  Log    ID_CONSTRUCTOR_SUB  I2C_VVC,3           Command queue instantiated and will give a warning when reaching 1000 elements in queue.
%%           0.0 ns  Log    ID_CONSTRUCTOR_SUB  I2C_VVC,3           Result queue instantiated and will give a warning when reaching 1000 elements in queue.
%%           0.0 ns  Log    ID_CONSTRUCTOR      I2C_VVC,6           VVC instantiated.
%%           0.0 ns  Log    ID_CONSTRUCTOR_SUB  I2C_VVC,6           Command queue instantiated and will give a warning when reaching 1000 elements in queue.
%%           0.0 ns  Log    ID_CONSTRUCTOR_SUB  I2C_VVC,6           Result queue instantiated and will give a warning when reaching 1000 elements in queue.
%%           0.0 ns  Log    ID_CONSTRUCTOR      I2C_VVC,4           VVC instantiated.
%%           0.0 ns  Log    ID_CONSTRUCTOR_SUB  I2C_VVC,4           Command queue instantiated and will give a warning when reaching 1000 elements in queue.
%%           0.0 ns  Log    ID_CONSTRUCTOR_SUB  I2C_VVC,4           Result queue instantiated and will give a warning when reaching 1000 elements in queue.
%%           0.0 ns  Log    ID_CONSTRUCTOR      I2C_VVC,5           VVC instantiated.
%%           0.0 ns  Log    ID_CONSTRUCTOR_SUB  I2C_VVC,5           Command queue instantiated and will give a warning when reaching 1000 elements in queue.
%%           0.0 ns  Log    ID_CONSTRUCTOR_SUB  I2C_VVC,5           Result queue instantiated and will give a warning when reaching 1000 elements in queue.
%%           0.0 ns  Log    ID_CONSTRUCTOR      I2C_VVC,2           VVC instantiated.
%%           0.0 ns  Log    ID_CONSTRUCTOR_SUB  I2C_VVC,2           Command queue instantiated and will give a warning when reaching 1000 elements in queue.
%%           0.0 ns  Log    ID_CONSTRUCTOR_SUB  I2C_VVC,2           Result queue instantiated and will give a warning when reaching 1000 elements in queue.
%%           0.0 ns  Log    ID_CONSTRUCTOR      WISHBONE_VVC,0      VVC instantiated.
%%           0.0 ns  Log    ID_CONSTRUCTOR_SUB  WISHBONE_VVC,0      Command queue instantiated and will give a warning when reaching 1000 elements in queue.
%%           0.0 ns  Log    ID_CONSTRUCTOR_SUB  WISHBONE_VVC,0      Result queue instantiated and will give a warning when reaching 1000 elements in queue.
%%           0.0 ns  Log    ID_CONSTRUCTOR      I2C_VVC,1           VVC instantiated.
%%           0.0 ns  Log    ID_CONSTRUCTOR_SUB  I2C_VVC,1           Command queue instantiated and will give a warning when reaching 1000 elements in queue.
%%           0.0 ns  Log    ID_CONSTRUCTOR_SUB  I2C_VVC,1           Result queue instantiated and will give a warning when reaching 1000 elements in queue.
%%           0.0 ns  Log    ID_CONSTRUCTOR      I2C_VVC,0           VVC instantiated.
%%           0.0 ns  Log    ID_CONSTRUCTOR_SUB  I2C_VVC,0           Command queue instantiated and will give a warning when reaching 1000 elements in queue.
%%           0.0 ns  Log    ID_CONSTRUCTOR_SUB  I2C_VVC,0           Result queue instantiated and will give a warning when reaching 1000 elements in queue.
%%           0.0 ns  Log    ID_CMD_INTERPRETER  SBI_VVC,0           Interpreter: Waiting for command
%%           0.0 ns  Log    ID_CMD_INTERPRETER  I2C_VVC,3           Interpreter: Waiting for command
%%           0.0 ns  Log    ID_CMD_INTERPRETER  I2C_VVC,6           Interpreter: Waiting for command
%%           0.0 ns  Log    ID_CMD_INTERPRETER  I2C_VVC,4           Interpreter: Waiting for command
%%           0.0 ns  Log    ID_CMD_INTERPRETER  I2C_VVC,5           Interpreter: Waiting for command
%%           0.0 ns  Log    ID_CMD_INTERPRETER  I2C_VVC,2           Interpreter: Waiting for command
%%           0.0 ns  Log    ID_CMD_INTERPRETER  WISHBONE_VVC,0      Interpreter: Waiting for command
%%           0.0 ns  Log    ID_CMD_INTERPRETER  I2C_VVC,1           Interpreter: Waiting for command
%%           0.0 ns  Log    ID_CMD_INTERPRETER  I2C_VVC,0           Interpreter: Waiting for command
%%           0.0 ns  Log    ID_CTRL             SBI_VVC_SB,0        enable() => SB enabled. 'SBI VVC SB Enabled'
%%           0.0 ns  Log    ID_CTRL             SBI_VVC_SB,0        config() => config applied to SB.
%%           0.0 ns  Log    ID_CTRL             SBI_VVC_SB,0        enable_log_msg() => message id id_data enabled.
%%           0.0 ns  Log    ID_CTRL             I2C_VVC_SB,3        enable() => SB enabled. 'I2C VVC SB Enabled'
%%           0.0 ns  Log    ID_CTRL             I2C_VVC_SB,3        config() => config applied to SB.
%%           0.0 ns  Log    ID_CTRL             I2C_VVC_SB,3        enable_log_msg() => message id id_data enabled.
%%           0.0 ns  Log    ID_CTRL             I2C_VVC_SB,6        enable() => SB enabled. 'I2C VVC SB Enabled'
%%           0.0 ns  Log    ID_CTRL             I2C_VVC_SB,6        config() => config applied to SB.
%%           0.0 ns  Log    ID_CTRL             I2C_VVC_SB,6        enable_log_msg() => message id id_data enabled.
%%           0.0 ns  Log    ID_CTRL             I2C_VVC_SB,4        enable() => SB enabled. 'I2C VVC SB Enabled'
%%           0.0 ns  Log    ID_CTRL             I2C_VVC_SB,4        config() => config applied to SB.
%%           0.0 ns  Log    ID_CTRL             I2C_VVC_SB,4        enable_log_msg() => message id id_data enabled.
%%           0.0 ns  Log    ID_CTRL             I2C_VVC_SB,5        enable() => SB enabled. 'I2C VVC SB Enabled'
%%           0.0 ns  Log    ID_CTRL             I2C_VVC_SB,5        config() => config applied to SB.
%%           0.0 ns  Log    ID_CTRL             I2C_VVC_SB,5        enable_log_msg() => message id id_data enabled.
%%           0.0 ns  Log    ID_CTRL             I2C_VVC_SB,2        enable() => SB enabled. 'I2C VVC SB Enabled'
%%           0.0 ns  Log    ID_CTRL             I2C_VVC_SB,2        config() => config applied to SB.
%%           0.0 ns  Log    ID_CTRL             I2C_VVC_SB,2        enable_log_msg() => message id id_data enabled.
%%           0.0 ns  Log    ID_CTRL             WISHBONE_VVC_SB,0   enable() => SB enabled. 'WISHBONE VVC SB Enabled'
%%           0.0 ns  Log    ID_CTRL             WISHBONE_VVC_SB,0   config() => config applied to SB.
%%           0.0 ns  Log    ID_CTRL             WISHBONE_VVC_SB,0   enable_log_msg() => message id id_data enabled.
%%           0.0 ns  Log    ID_CTRL             I2C_VVC_SB,1        enable() => SB enabled. 'I2C VVC SB Enabled'
%%           0.0 ns  Log    ID_CTRL             I2C_VVC_SB,1        config() => config applied to SB.
%%           0.0 ns  Log    ID_CTRL             I2C_VVC_SB,1        enable_log_msg() => message id id_data enabled.
%%           0.0 ns  Log    ID_CTRL             I2C_VVC_SB,0        enable() => SB enabled. 'I2C VVC SB Enabled'
%%           0.0 ns  Log    ID_CTRL             I2C_VVC_SB,0        config() => config applied to SB.
%%           0.0 ns  Log    ID_CTRL             I2C_VVC_SB,0        enable_log_msg() => message id id_data enabled.
%%           0.0 ns  Log    ID_LOG_MSG_CTRL     TB seq.             disable_log_msg(ID_AWAIT_COMPLETION).
%%           0.0 ns  Log    ID_LOG_MSG_CTRL     TB seq.             disable_log_msg(ID_AWAIT_COMPLETION_LIST).
%%           0.0 ns  Log    ID_LOG_MSG_CTRL     TB seq.             disable_log_msg(ID_AWAIT_COMPLETION_WAIT).
%%           0.0 ns  Log    ID_LOG_MSG_CTRL     TB seq.             disable_log_msg(ID_AWAIT_COMPLETION_END).
%%           0.0 ns  Log    ID_LOG_MSG_CTRL     TB seq.             disable_log_msg(ID_UVVM_CMD_ACK).
%%           0.0 ns  Log    ID_LOG_MSG_CTRL     TB seq.             disable_log_msg(ID_POS_ACK).
%%           0.0 ns  Log    ID_LOG_MSG_CTRL     TB seq.             disable_log_msg(ID_UVVM_CMD_RESULT).
%%           0.0 ns  Log    ID_UVVM_SEND_CMD    TB seq.(uvvm)       disable_log_msg(VVC_BROADCAST, ID_CMD_EXECUTOR): [1]
%%           0.0 ns  Log    ID_UVVM_SEND_CMD    SBI_VVC,0           disable_log_msg(VVC_BROADCAST, ID_CMD_EXECUTOR): [1]
%%           0.0 ns  Log    ID_UVVM_SEND_CMD    I2C_VVC,3           disable_log_msg(VVC_BROADCAST, ID_CMD_EXECUTOR): [1]
%%           0.0 ns  Log    ID_UVVM_SEND_CMD    I2C_VVC,6           disable_log_msg(VVC_BROADCAST, ID_CMD_EXECUTOR): [1]
%%           0.0 ns  Log    ID_UVVM_SEND_CMD    I2C_VVC,4           disable_log_msg(VVC_BROADCAST, ID_CMD_EXECUTOR): [1]
%%           0.0 ns  Log    ID_UVVM_SEND_CMD    I2C_VVC,5           disable_log_msg(VVC_BROADCAST, ID_CMD_EXECUTOR): [1]
%%           0.0 ns  Log    ID_UVVM_SEND_CMD    I2C_VVC,2           disable_log_msg(VVC_BROADCAST, ID_CMD_EXECUTOR): [1]
%%           0.0 ns  Log    ID_UVVM_SEND_CMD    WISHBONE_VVC,0      disable_log_msg(VVC_BROADCAST, ID_CMD_EXECUTOR): [1]
%%           0.0 ns  Log    ID_UVVM_SEND_CMD    I2C_VVC,1           disable_log_msg(VVC_BROADCAST, ID_CMD_EXECUTOR): [1]
%%           0.0 ns  Log    ID_UVVM_SEND_CMD    I2C_VVC,0           disable_log_msg(VVC_BROADCAST, ID_CMD_EXECUTOR): [1]
%%           0.0 ns  Log    ID_CMD_EXECUTOR_WA  SBI_VVC,0           Executor: Waiting for command
%%           0.0 ns  Log    ID_CMD_EXECUTOR_WA  I2C_VVC,3           Executor: Waiting for command
%%           0.0 ns  Log    ID_CMD_EXECUTOR_WA  I2C_VVC,6           Executor: Waiting for command
%%           0.0 ns  Log    ID_CMD_EXECUTOR_WA  I2C_VVC,4           Executor: Waiting for command
%%           0.0 ns  Log    ID_CMD_EXECUTOR_WA  I2C_VVC,5           Executor: Waiting for command
%%           0.0 ns  Log    ID_CMD_EXECUTOR_WA  I2C_VVC,2           Executor: Waiting for command
%%           0.0 ns  Log    ID_CMD_EXECUTOR_WA  WISHBONE_VVC,0      Executor: Waiting for command
%%           0.0 ns  Log    ID_CMD_EXECUTOR_WA  I2C_VVC,1           Executor: Waiting for command
%%           0.0 ns  Log    ID_CMD_EXECUTOR_WA  I2C_VVC,0           Executor: Waiting for command
%%           0.0 ns  Log    ID_CMD_INTERPRETER  SBI_VVC,0           disable_log_msg(VVC_BROADCAST, ID_CMD_EXECUTOR). Command received  [1]
%%           0.0 ns  Log    ID_LOG_MSG_CTRL     SBI_VVC,0           disable_log_msg(ID_CMD_EXECUTOR). ' [1]'
%%           0.0 ns  Log    ID_CMD_INTERPRETER  I2C_VVC,3           disable_log_msg(VVC_BROADCAST, ID_CMD_EXECUTOR). Command received  [1]
%%           0.0 ns  Log    ID_LOG_MSG_CTRL     I2C_VVC,3           disable_log_msg(ID_CMD_EXECUTOR). ' [1]'
%%           0.0 ns  Log    ID_CMD_INTERPRETER  I2C_VVC,6           disable_log_msg(VVC_BROADCAST, ID_CMD_EXECUTOR). Command received  [1]
%%           0.0 ns  Log    ID_LOG_MSG_CTRL     I2C_VVC,6           disable_log_msg(ID_CMD_EXECUTOR). ' [1]'
%%           0.0 ns  Log    ID_CMD_INTERPRETER  I2C_VVC,4           disable_log_msg(VVC_BROADCAST, ID_CMD_EXECUTOR). Command received  [1]
%%           0.0 ns  Log    ID_LOG_MSG_CTRL     I2C_VVC,4           disable_log_msg(ID_CMD_EXECUTOR). ' [1]'
%%           0.0 ns  Log    ID_CMD_INTERPRETER  I2C_VVC,5           disable_log_msg(VVC_BROADCAST, ID_CMD_EXECUTOR). Command received  [1]
%%           0.0 ns  Log    ID_LOG_MSG_CTRL     I2C_VVC,5           disable_log_msg(ID_CMD_EXECUTOR). ' [1]'
%%           0.0 ns  Log    ID_CMD_INTERPRETER  I2C_VVC,2           disable_log_msg(VVC_BROADCAST, ID_CMD_EXECUTOR). Command received  [1]
%%           0.0 ns  Log    ID_LOG_MSG_CTRL     I2C_VVC,2           disable_log_msg(ID_CMD_EXECUTOR). ' [1]'
%%           0.0 ns  Log    ID_CMD_INTERPRETER  WISHBONE_VVC,0      disable_log_msg(VVC_BROADCAST, ID_CMD_EXECUTOR). Command received  [1]
%%           0.0 ns  Log    ID_LOG_MSG_CTRL     WISHBONE_VVC,0      disable_log_msg(ID_CMD_EXECUTOR). ' [1]'
%%           0.0 ns  Log    ID_CMD_INTERPRETER  I2C_VVC,1           disable_log_msg(VVC_BROADCAST, ID_CMD_EXECUTOR). Command received  [1]
%%           0.0 ns  Log    ID_LOG_MSG_CTRL     I2C_VVC,1           disable_log_msg(ID_CMD_EXECUTOR). ' [1]'
%%           0.0 ns  Log    ID_CMD_INTERPRETER  I2C_VVC,0           disable_log_msg(VVC_BROADCAST, ID_CMD_EXECUTOR). Command received  [1]
%%           0.0 ns  Log    ID_LOG_MSG_CTRL     I2C_VVC,0           disable_log_msg(ID_CMD_EXECUTOR). ' [1]'
%%           0.0 ns  Log    ID_CMD_INTERPRETER  I2C_VVC,3           Interpreter: Waiting for command
%%           0.0 ns  Log    ID_CMD_INTERPRETER  I2C_VVC,6           Interpreter: Waiting for command
%%           0.0 ns  Log    ID_CMD_INTERPRETER  I2C_VVC,4           Interpreter: Waiting for command
%%           0.0 ns  Log    ID_CMD_INTERPRETER  I2C_VVC,5           Interpreter: Waiting for command
%%           0.0 ns  Log    ID_CMD_INTERPRETER  I2C_VVC,2           Interpreter: Waiting for command
%%           0.0 ns  Log    ID_CMD_INTERPRETER  I2C_VVC,1           Interpreter: Waiting for command
%%           0.0 ns  Log    ID_CMD_INTERPRETER  I2C_VVC,0           Interpreter: Waiting for command
%%           0.0 ns  Log    ID_CMD_INTERPRETER  WISHBONE_VVC,0      Interpreter: Waiting for command
%%           0.0 ns  Log    ID_CMD_INTERPRETER  SBI_VVC,0           Interpreter: Waiting for command
%%           0.0 ns  Log    ID_UVVM_SEND_CMD    TB seq.(uvvm)       disable_log_msg(VVC_BROADCAST, ID_CMD_EXECUTOR_WAIT): [2]
%%           0.0 ns  Log    ID_UVVM_SEND_CMD    I2C_VVC,3           disable_log_msg(VVC_BROADCAST, ID_CMD_EXECUTOR_WAIT): [2]
%%           0.0 ns  Log    ID_UVVM_SEND_CMD    I2C_VVC,6           disable_log_msg(VVC_BROADCAST, ID_CMD_EXECUTOR_WAIT): [2]
%%           0.0 ns  Log    ID_UVVM_SEND_CMD    I2C_VVC,4           disable_log_msg(VVC_BROADCAST, ID_CMD_EXECUTOR_WAIT): [2]
%%           0.0 ns  Log    ID_UVVM_SEND_CMD    I2C_VVC,5           disable_log_msg(VVC_BROADCAST, ID_CMD_EXECUTOR_WAIT): [2]
%%           0.0 ns  Log    ID_UVVM_SEND_CMD    I2C_VVC,2           disable_log_msg(VVC_BROADCAST, ID_CMD_EXECUTOR_WAIT): [2]
%%           0.0 ns  Log    ID_UVVM_SEND_CMD    I2C_VVC,1           disable_log_msg(VVC_BROADCAST, ID_CMD_EXECUTOR_WAIT): [2]
%%           0.0 ns  Log    ID_UVVM_SEND_CMD    I2C_VVC,0           disable_log_msg(VVC_BROADCAST, ID_CMD_EXECUTOR_WAIT): [2]
%%           0.0 ns  Log    ID_UVVM_SEND_CMD    WISHBONE_VVC,0      disable_log_msg(VVC_BROADCAST, ID_CMD_EXECUTOR_WAIT): [2]
%%           0.0 ns  Log    ID_UVVM_SEND_CMD    SBI_VVC,0           disable_log_msg(VVC_BROADCAST, ID_CMD_EXECUTOR_WAIT): [2]
%%           0.0 ns  Log    ID_CMD_INTERPRETER  I2C_VVC,3           disable_log_msg(VVC_BROADCAST, ID_CMD_EXECUTOR_WAIT). Command received  [2]
%%           0.0 ns  Log    ID_LOG_MSG_CTRL     I2C_VVC,3           disable_log_msg(ID_CMD_EXECUTOR_WAIT). ' [2]'
%%           0.0 ns  Log    ID_CMD_INTERPRETER  I2C_VVC,6           disable_log_msg(VVC_BROADCAST, ID_CMD_EXECUTOR_WAIT). Command received  [2]
%%           0.0 ns  Log    ID_LOG_MSG_CTRL     I2C_VVC,6           disable_log_msg(ID_CMD_EXECUTOR_WAIT). ' [2]'
%%           0.0 ns  Log    ID_CMD_INTERPRETER  I2C_VVC,4           disable_log_msg(VVC_BROADCAST, ID_CMD_EXECUTOR_WAIT). Command received  [2]
%%           0.0 ns  Log    ID_LOG_MSG_CTRL     I2C_VVC,4           disable_log_msg(ID_CMD_EXECUTOR_WAIT). ' [2]'
%%           0.0 ns  Log    ID_CMD_INTERPRETER  I2C_VVC,5           disable_log_msg(VVC_BROADCAST, ID_CMD_EXECUTOR_WAIT). Command received  [2]
%%           0.0 ns  Log    ID_LOG_MSG_CTRL     I2C_VVC,5           disable_log_msg(ID_CMD_EXECUTOR_WAIT). ' [2]'
%%           0.0 ns  Log    ID_CMD_INTERPRETER  I2C_VVC,2           disable_log_msg(VVC_BROADCAST, ID_CMD_EXECUTOR_WAIT). Command received  [2]
%%           0.0 ns  Log    ID_LOG_MSG_CTRL     I2C_VVC,2           disable_log_msg(ID_CMD_EXECUTOR_WAIT). ' [2]'
%%           0.0 ns  Log    ID_CMD_INTERPRETER  I2C_VVC,1           disable_log_msg(VVC_BROADCAST, ID_CMD_EXECUTOR_WAIT). Command received  [2]
%%           0.0 ns  Log    ID_LOG_MSG_CTRL     I2C_VVC,1           disable_log_msg(ID_CMD_EXECUTOR_WAIT). ' [2]'
%%           0.0 ns  Log    ID_CMD_INTERPRETER  I2C_VVC,0           disable_log_msg(VVC_BROADCAST, ID_CMD_EXECUTOR_WAIT). Command received  [2]
%%           0.0 ns  Log    ID_LOG_MSG_CTRL     I2C_VVC,0           disable_log_msg(ID_CMD_EXECUTOR_WAIT). ' [2]'
%%           0.0 ns  Log    ID_CMD_INTERPRETER  WISHBONE_VVC,0      disable_log_msg(VVC_BROADCAST, ID_CMD_EXECUTOR_WAIT). Command received  [2]
%%           0.0 ns  Log    ID_LOG_MSG_CTRL     WISHBONE_VVC,0      disable_log_msg(ID_CMD_EXECUTOR_WAIT). ' [2]'
%%           0.0 ns  Log    ID_CMD_INTERPRETER  SBI_VVC,0           disable_log_msg(VVC_BROADCAST, ID_CMD_EXECUTOR_WAIT). Command received  [2]
%%           0.0 ns  Log    ID_LOG_MSG_CTRL     SBI_VVC,0           disable_log_msg(ID_CMD_EXECUTOR_WAIT). ' [2]'
%%           0.0 ns  Log    ID_CMD_INTERPRETER  SBI_VVC,0           Interpreter: Waiting for command
%%           0.0 ns  Log    ID_CMD_INTERPRETER  WISHBONE_VVC,0      Interpreter: Waiting for command
%%           0.0 ns  Log    ID_CMD_INTERPRETER  I2C_VVC,3           Interpreter: Waiting for command
%%           0.0 ns  Log    ID_CMD_INTERPRETER  I2C_VVC,6           Interpreter: Waiting for command
%%           0.0 ns  Log    ID_CMD_INTERPRETER  I2C_VVC,4           Interpreter: Waiting for command
%%           0.0 ns  Log    ID_CMD_INTERPRETER  I2C_VVC,5           Interpreter: Waiting for command
%%           0.0 ns  Log    ID_CMD_INTERPRETER  I2C_VVC,2           Interpreter: Waiting for command
%%           0.0 ns  Log    ID_CMD_INTERPRETER  I2C_VVC,1           Interpreter: Waiting for command
%%           0.0 ns  Log    ID_CMD_INTERPRETER  I2C_VVC,0           Interpreter: Waiting for command
%%           0.0 ns  Log    ID_UVVM_SEND_CMD    TB seq.(uvvm)       disable_log_msg(VVC_BROADCAST, ID_CMD_INTERPRETER): [3]
%%           0.0 ns  Log    ID_UVVM_SEND_CMD    SBI_VVC,0           disable_log_msg(VVC_BROADCAST, ID_CMD_INTERPRETER): [3]
%%           0.0 ns  Log    ID_UVVM_SEND_CMD    WISHBONE_VVC,0      disable_log_msg(VVC_BROADCAST, ID_CMD_INTERPRETER): [3]
%%           0.0 ns  Log    ID_UVVM_SEND_CMD    I2C_VVC,3           disable_log_msg(VVC_BROADCAST, ID_CMD_INTERPRETER): [3]
%%           0.0 ns  Log    ID_UVVM_SEND_CMD    I2C_VVC,6           disable_log_msg(VVC_BROADCAST, ID_CMD_INTERPRETER): [3]
%%           0.0 ns  Log    ID_UVVM_SEND_CMD    I2C_VVC,4           disable_log_msg(VVC_BROADCAST, ID_CMD_INTERPRETER): [3]
%%           0.0 ns  Log    ID_UVVM_SEND_CMD    I2C_VVC,5           disable_log_msg(VVC_BROADCAST, ID_CMD_INTERPRETER): [3]
%%           0.0 ns  Log    ID_UVVM_SEND_CMD    I2C_VVC,2           disable_log_msg(VVC_BROADCAST, ID_CMD_INTERPRETER): [3]
%%           0.0 ns  Log    ID_UVVM_SEND_CMD    I2C_VVC,1           disable_log_msg(VVC_BROADCAST, ID_CMD_INTERPRETER): [3]
%%           0.0 ns  Log    ID_UVVM_SEND_CMD    I2C_VVC,0           disable_log_msg(VVC_BROADCAST, ID_CMD_INTERPRETER): [3]
%%           0.0 ns  Log    ID_CMD_INTERPRETER  SBI_VVC,0           disable_log_msg(VVC_BROADCAST, ID_CMD_INTERPRETER). Command received  [3]
%%           0.0 ns  Log    ID_LOG_MSG_CTRL     SBI_VVC,0           disable_log_msg(ID_CMD_INTERPRETER). ' [3]'
%%           0.0 ns  Log    ID_CMD_INTERPRETER  WISHBONE_VVC,0      disable_log_msg(VVC_BROADCAST, ID_CMD_INTERPRETER). Command received  [3]
%%           0.0 ns  Log    ID_LOG_MSG_CTRL     WISHBONE_VVC,0      disable_log_msg(ID_CMD_INTERPRETER). ' [3]'
%%           0.0 ns  Log    ID_CMD_INTERPRETER  I2C_VVC,3           disable_log_msg(VVC_BROADCAST, ID_CMD_INTERPRETER). Command received  [3]
%%           0.0 ns  Log    ID_LOG_MSG_CTRL     I2C_VVC,3           disable_log_msg(ID_CMD_INTERPRETER). ' [3]'
%%           0.0 ns  Log    ID_CMD_INTERPRETER  I2C_VVC,6           disable_log_msg(VVC_BROADCAST, ID_CMD_INTERPRETER). Command received  [3]
%%           0.0 ns  Log    ID_LOG_MSG_CTRL     I2C_VVC,6           disable_log_msg(ID_CMD_INTERPRETER). ' [3]'
%%           0.0 ns  Log    ID_CMD_INTERPRETER  I2C_VVC,4           disable_log_msg(VVC_BROADCAST, ID_CMD_INTERPRETER). Command received  [3]
%%           0.0 ns  Log    ID_LOG_MSG_CTRL     I2C_VVC,4           disable_log_msg(ID_CMD_INTERPRETER). ' [3]'
%%           0.0 ns  Log    ID_CMD_INTERPRETER  I2C_VVC,5           disable_log_msg(VVC_BROADCAST, ID_CMD_INTERPRETER). Command received  [3]
%%           0.0 ns  Log    ID_LOG_MSG_CTRL     I2C_VVC,5           disable_log_msg(ID_CMD_INTERPRETER). ' [3]'
%%           0.0 ns  Log    ID_CMD_INTERPRETER  I2C_VVC,2           disable_log_msg(VVC_BROADCAST, ID_CMD_INTERPRETER). Command received  [3]
%%           0.0 ns  Log    ID_LOG_MSG_CTRL     I2C_VVC,2           disable_log_msg(ID_CMD_INTERPRETER). ' [3]'
%%           0.0 ns  Log    ID_CMD_INTERPRETER  I2C_VVC,1           disable_log_msg(VVC_BROADCAST, ID_CMD_INTERPRETER). Command received  [3]
%%           0.0 ns  Log    ID_LOG_MSG_CTRL     I2C_VVC,1           disable_log_msg(ID_CMD_INTERPRETER). ' [3]'
%%           0.0 ns  Log    ID_CMD_INTERPRETER  I2C_VVC,0           disable_log_msg(VVC_BROADCAST, ID_CMD_INTERPRETER). Command received  [3]
%%           0.0 ns  Log    ID_LOG_MSG_CTRL     I2C_VVC,0           disable_log_msg(ID_CMD_INTERPRETER). ' [3]'
%%           0.0 ns  Log    ID_CMD_INTERPRETER  I2C_VVC,3           Interpreter: Waiting for command
%%           0.0 ns  Log    ID_CMD_INTERPRETER  I2C_VVC,6           Interpreter: Waiting for command
%%           0.0 ns  Log    ID_CMD_INTERPRETER  I2C_VVC,4           Interpreter: Waiting for command
%%           0.0 ns  Log    ID_CMD_INTERPRETER  I2C_VVC,5           Interpreter: Waiting for command
%%           0.0 ns  Log    ID_CMD_INTERPRETER  I2C_VVC,2           Interpreter: Waiting for command
%%           0.0 ns  Log    ID_CMD_INTERPRETER  I2C_VVC,1           Interpreter: Waiting for command
%%           0.0 ns  Log    ID_CMD_INTERPRETER  I2C_VVC,0           Interpreter: Waiting for command
%%           0.0 ns  Log    ID_CMD_INTERPRETER  WISHBONE_VVC,0      Interpreter: Waiting for command
%%           0.0 ns  Log    ID_CMD_INTERPRETER  SBI_VVC,0           Interpreter: Waiting for command
%%           0.0 ns  Log    ID_UVVM_SEND_CMD    TB seq.(uvvm)       disable_log_msg(VVC_BROADCAST, ID_CMD_INTERPRETER_WAIT): [4]
%%           0.0 ns  Log    ID_UVVM_SEND_CMD    I2C_VVC,3           disable_log_msg(VVC_BROADCAST, ID_CMD_INTERPRETER_WAIT): [4]
%%           0.0 ns  Log    ID_UVVM_SEND_CMD    I2C_VVC,6           disable_log_msg(VVC_BROADCAST, ID_CMD_INTERPRETER_WAIT): [4]
%%           0.0 ns  Log    ID_UVVM_SEND_CMD    I2C_VVC,4           disable_log_msg(VVC_BROADCAST, ID_CMD_INTERPRETER_WAIT): [4]
%%           0.0 ns  Log    ID_UVVM_SEND_CMD    I2C_VVC,5           disable_log_msg(VVC_BROADCAST, ID_CMD_INTERPRETER_WAIT): [4]
%%           0.0 ns  Log    ID_UVVM_SEND_CMD    I2C_VVC,2           disable_log_msg(VVC_BROADCAST, ID_CMD_INTERPRETER_WAIT): [4]
%%           0.0 ns  Log    ID_UVVM_SEND_CMD    I2C_VVC,1           disable_log_msg(VVC_BROADCAST, ID_CMD_INTERPRETER_WAIT): [4]
%%           0.0 ns  Log    ID_UVVM_SEND_CMD    I2C_VVC,0           disable_log_msg(VVC_BROADCAST, ID_CMD_INTERPRETER_WAIT): [4]
%%           0.0 ns  Log    ID_UVVM_SEND_CMD    WISHBONE_VVC,0      disable_log_msg(VVC_BROADCAST, ID_CMD_INTERPRETER_WAIT): [4]
%%           0.0 ns  Log    ID_UVVM_SEND_CMD    SBI_VVC,0           disable_log_msg(VVC_BROADCAST, ID_CMD_INTERPRETER_WAIT): [4]
%%           0.0 ns  Log    ID_LOG_MSG_CTRL     I2C_VVC,3           disable_log_msg(ID_CMD_INTERPRETER_WAIT). ' [4]'
%%           0.0 ns  Log    ID_LOG_MSG_CTRL     I2C_VVC,6           disable_log_msg(ID_CMD_INTERPRETER_WAIT). ' [4]'
%%           0.0 ns  Log    ID_LOG_MSG_CTRL     I2C_VVC,4           disable_log_msg(ID_CMD_INTERPRETER_WAIT). ' [4]'
%%           0.0 ns  Log    ID_LOG_MSG_CTRL     I2C_VVC,5           disable_log_msg(ID_CMD_INTERPRETER_WAIT). ' [4]'
%%           0.0 ns  Log    ID_LOG_MSG_CTRL     I2C_VVC,2           disable_log_msg(ID_CMD_INTERPRETER_WAIT). ' [4]'
%%           0.0 ns  Log    ID_LOG_MSG_CTRL     I2C_VVC,1           disable_log_msg(ID_CMD_INTERPRETER_WAIT). ' [4]'
%%           0.0 ns  Log    ID_LOG_MSG_CTRL     I2C_VVC,0           disable_log_msg(ID_CMD_INTERPRETER_WAIT). ' [4]'
%%           0.0 ns  Log    ID_LOG_MSG_CTRL     WISHBONE_VVC,0      disable_log_msg(ID_CMD_INTERPRETER_WAIT). ' [4]'
%%           0.0 ns  Log    ID_LOG_MSG_CTRL     SBI_VVC,0           disable_log_msg(ID_CMD_INTERPRETER_WAIT). ' [4]'
%%           0.0 ns  Log    ID_UVVM_SEND_CMD    TB seq.(uvvm)       disable_log_msg(VVC_BROADCAST, ID_IMMEDIATE_CMD): [5]
%%           0.0 ns  Log    ID_UVVM_SEND_CMD    SBI_VVC,0           disable_log_msg(VVC_BROADCAST, ID_IMMEDIATE_CMD): [5]
%%           0.0 ns  Log    ID_UVVM_SEND_CMD    WISHBONE_VVC,0      disable_log_msg(VVC_BROADCAST, ID_IMMEDIATE_CMD): [5]
%%           0.0 ns  Log    ID_UVVM_SEND_CMD    I2C_VVC,3           disable_log_msg(VVC_BROADCAST, ID_IMMEDIATE_CMD): [5]
%%           0.0 ns  Log    ID_UVVM_SEND_CMD    I2C_VVC,6           disable_log_msg(VVC_BROADCAST, ID_IMMEDIATE_CMD): [5]
%%           0.0 ns  Log    ID_UVVM_SEND_CMD    I2C_VVC,4           disable_log_msg(VVC_BROADCAST, ID_IMMEDIATE_CMD): [5]
%%           0.0 ns  Log    ID_UVVM_SEND_CMD    I2C_VVC,5           disable_log_msg(VVC_BROADCAST, ID_IMMEDIATE_CMD): [5]
%%           0.0 ns  Log    ID_UVVM_SEND_CMD    I2C_VVC,2           disable_log_msg(VVC_BROADCAST, ID_IMMEDIATE_CMD): [5]
%%           0.0 ns  Log    ID_UVVM_SEND_CMD    I2C_VVC,1           disable_log_msg(VVC_BROADCAST, ID_IMMEDIATE_CMD): [5]
%%           0.0 ns  Log    ID_UVVM_SEND_CMD    I2C_VVC,0           disable_log_msg(VVC_BROADCAST, ID_IMMEDIATE_CMD): [5]
%%           0.0 ns  Log    ID_LOG_MSG_CTRL     SBI_VVC,0           disable_log_msg(ID_IMMEDIATE_CMD). ' [5]'
%%           0.0 ns  Log    ID_LOG_MSG_CTRL     WISHBONE_VVC,0      disable_log_msg(ID_IMMEDIATE_CMD). ' [5]'
%%           0.0 ns  Log    ID_LOG_MSG_CTRL     I2C_VVC,3           disable_log_msg(ID_IMMEDIATE_CMD). ' [5]'
%%           0.0 ns  Log    ID_LOG_MSG_CTRL     I2C_VVC,6           disable_log_msg(ID_IMMEDIATE_CMD). ' [5]'
%%           0.0 ns  Log    ID_LOG_MSG_CTRL     I2C_VVC,4           disable_log_msg(ID_IMMEDIATE_CMD). ' [5]'
%%           0.0 ns  Log    ID_LOG_MSG_CTRL     I2C_VVC,5           disable_log_msg(ID_IMMEDIATE_CMD). ' [5]'
%%           0.0 ns  Log    ID_LOG_MSG_CTRL     I2C_VVC,2           disable_log_msg(ID_IMMEDIATE_CMD). ' [5]'
%%           0.0 ns  Log    ID_LOG_MSG_CTRL     I2C_VVC,1           disable_log_msg(ID_IMMEDIATE_CMD). ' [5]'
%%           0.0 ns  Log    ID_LOG_MSG_CTRL     I2C_VVC,0           disable_log_msg(ID_IMMEDIATE_CMD). ' [5]'
%%      
%%      -----------------------------------------------------------------------------------------------------------------------------------------------------------------------
%%      ***  REPORT OF GLOBAL CTRL ***
%%      -----------------------------------------------------------------------------------------------------------------------------------------------------------------------
%%                                IGNORE    STOP_LIMIT
%%                NOTE         :  REGARD         0
%%                TB_NOTE      :  REGARD         0
%%                WARNING      :  REGARD         0
%%                TB_WARNING   :  REGARD         0
%%                MANUAL_CHECK :  REGARD         0
%%                ERROR        :  REGARD         0
%%                TB_ERROR     :  REGARD         0
%%                FAILURE      :  REGARD         1
%%                TB_FAILURE   :  REGARD         1
%%      -----------------------------------------------------------------------------------------------------------------------------------------------------------------------
%%      
%%      
%%      -----------------------------------------------------------------------------------------------------------------------------------------------------------------------
%%      ***  REPORT OF MSG ID PANEL ***
%%      -----------------------------------------------------------------------------------------------------------------------------------------------------------------------
%%                ID                             Status
%%                ------------------------       ------
%%                ID_UTIL_BURIED               : DISABLED
%%                ID_BITVIS_DEBUG              : DISABLED
%%                ID_UTIL_SETUP                : ENABLED
%%                ID_LOG_MSG_CTRL              : ENABLED
%%                ID_ALERT_CTRL                : ENABLED
%%                ID_FINISH_OR_STOP            : ENABLED
%%                ID_CLOCK_GEN                 : ENABLED
%%                ID_GEN_PULSE                 : ENABLED
%%                ID_BLOCKING                  : ENABLED
%%                ID_WATCHDOG                  : ENABLED
%%                ID_RAND_GEN                  : DISABLED
%%                ID_RAND_CONF                 : DISABLED
%%                ID_FUNC_COV_BINS             : DISABLED
%%                ID_FUNC_COV_BINS_INFO        : DISABLED
%%                ID_FUNC_COV_RAND             : DISABLED
%%                ID_FUNC_COV_SAMPLE           : DISABLED
%%                ID_FUNC_COV_CONFIG           : DISABLED
%%                ID_POS_ACK                   : DISABLED
%%                ID_UVVM_ASSERTION            : ENABLED
%%                ID_LOG_HDR                   : ENABLED
%%                ID_LOG_HDR_LARGE             : ENABLED
%%                ID_LOG_HDR_XL                : ENABLED
%%                ID_SEQUENCER                 : ENABLED
%%                ID_SEQUENCER_SUB             : ENABLED
%%                ID_BFM                       : ENABLED
%%                ID_BFM_WAIT                  : ENABLED
%%                ID_BFM_POLL                  : ENABLED
%%                ID_BFM_POLL_SUMMARY          : ENABLED
%%                ID_CHANNEL_BFM               : ENABLED
%%                ID_TERMINATE_CMD             : ENABLED
%%                ID_SEGMENT_INITIATE          : ENABLED
%%                ID_SEGMENT_COMPLETE          : ENABLED
%%                ID_SEGMENT_HDR               : ENABLED
%%                ID_SEGMENT_DATA              : ENABLED
%%                ID_PACKET_INITIATE           : ENABLED
%%                ID_PACKET_PREAMBLE           : ENABLED
%%                ID_PACKET_COMPLETE           : ENABLED
%%                ID_PACKET_HDR                : ENABLED
%%                ID_PACKET_DATA               : ENABLED
%%                ID_PACKET_CHECKSUM           : ENABLED
%%                ID_PACKET_GAP                : ENABLED
%%                ID_PACKET_PAYLOAD            : ENABLED
%%                ID_FRAME_INITIATE            : ENABLED
%%                ID_FRAME_COMPLETE            : ENABLED
%%                ID_FRAME_HDR                 : ENABLED
%%                ID_FRAME_DATA                : ENABLED
%%                ID_COVERAGE_MAKEBIN          : DISABLED
%%                ID_COVERAGE_ADDBIN           : DISABLED
%%                ID_COVERAGE_ICOVER           : DISABLED
%%                ID_COVERAGE_CONFIG           : ENABLED
%%                ID_COVERAGE_SUMMARY          : ENABLED
%%                ID_COVERAGE_HOLES            : ENABLED
%%                ID_UVVM_SEND_CMD             : ENABLED
%%                ID_UVVM_CMD_ACK              : DISABLED
%%                ID_UVVM_CMD_RESULT           : DISABLED
%%                ID_CMD_INTERPRETER           : ENABLED
%%                ID_CMD_INTERPRETER_WAIT      : ENABLED
%%                ID_IMMEDIATE_CMD             : ENABLED
%%                ID_IMMEDIATE_CMD_WAIT        : ENABLED
%%                ID_CMD_EXECUTOR              : ENABLED
%%                ID_CMD_EXECUTOR_WAIT         : ENABLED
%%                ID_CHANNEL_EXECUTOR          : ENABLED
%%                ID_CHANNEL_EXECUTOR_WAIT     : ENABLED
%%                ID_NEW_HVVC_CMD_SEQ          : ENABLED
%%                ID_INSERTED_DELAY            : ENABLED
%%                ID_OLD_AWAIT_COMPLETION      : ENABLED
%%                ID_AWAIT_COMPLETION          : DISABLED
%%                ID_AWAIT_COMPLETION_LIST     : DISABLED
%%                ID_AWAIT_COMPLETION_WAIT     : DISABLED
%%                ID_AWAIT_COMPLETION_END      : DISABLED
%%                ID_AWAIT_UVVM_COMPLETION     : ENABLED
%%                ID_UVVM_DATA_QUEUE           : ENABLED
%%                ID_CONSTRUCTOR               : ENABLED
%%                ID_CONSTRUCTOR_SUB           : ENABLED
%%                ID_VVC_ACTIVITY              : ENABLED
%%                ID_MONITOR                   : ENABLED
%%                ID_MONITOR_ERROR             : ENABLED
%%                ID_DATA                      : ENABLED
%%                ID_CTRL                      : ENABLED
%%                ID_SPEC_COV_INIT             : ENABLED
%%                ID_SPEC_COV_REQS             : ENABLED
%%                ID_SPEC_COV                  : ENABLED
%%                ID_FILE_OPEN_CLOSE           : ENABLED
%%                ID_FILE_PARSER               : ENABLED
%%      -----------------------------------------------------------------------------------------------------------------------------------------------------------------------
%%      
%% 
%%           0.0 ns  Log    ID_SEQUENCER        TB seq.             Setting inter-bfm delay
%%          12.5 ns  Log    ID_GEN_PULSE        TB seq.             Pulsed to 1 for 12500 ps. 'Trigger DUT reset'
%%     1000012.5 ns  Log    ID_UVVM_SEND_CMD    TB seq.(uvvm)       wishbone_write(WISHBONE_VVC,0, x"0", x"13"): 'Set SCL prescaler LSB'. [6]
%%     1000012.5 ns  Log    ID_UVVM_SEND_CMD    TB seq.(uvvm)       wishbone_write(WISHBONE_VVC,0, x"1", x"00"): 'Set SCL prescaler MSB'. [7]
%%     1000012.5 ns  Log    ID_UVVM_SEND_CMD    TB seq.(uvvm)       wishbone_write(WISHBONE_VVC,0, x"2", x"80"): 'Enable DUT'. [8]
%%     1000032.5 ns  Log    ID_BFM              WISHBONE_VVC,0      wishbone_write(A:x"0", x"13") completed. ' 'Set SCL prescaler LSB'  [6]'
%%     1000052.5 ns  Log    ID_BFM              WISHBONE_VVC,0      wishbone_write(A:x"1", x"00") completed. ' 'Set SCL prescaler MSB'  [7]'
%%     1000072.5 ns  Log    ID_BFM              WISHBONE_VVC,0      wishbone_write(A:x"2", x"80") completed. ' 'Enable DUT'  [8]'
%%     1000072.5 ns  Log    ID_UVVM_SEND_CMD    TB seq.(uvvm)       i2c_slave_transmit(I2C_VVC,4): 'Slave to Master transmit'. [10]
%%     1000072.5 ns  Log    ID_UVVM_SEND_CMD    TB seq.(uvvm)       i2c_master_check(I2C_VVC,5): 'Slave to Master check'. [11]
%%     1000072.5 ns  Log    ID_UVVM_SEND_CMD    TB seq.(uvvm)       i2c_slave_transmit(I2C_VVC,4): 'Slave to Master transmit'. [12]
%%     1000072.5 ns  Log    ID_UVVM_SEND_CMD    TB seq.(uvvm)       i2c_master_check(I2C_VVC,5): 'Slave to Master check'. [13]
%%     1000072.5 ns  Log    ID_UVVM_SEND_CMD    TB seq.(uvvm)       i2c_slave_transmit(I2C_VVC,4): 'Slave to Master transmit'. [14]
%%     1000072.5 ns  Log    ID_UVVM_SEND_CMD    TB seq.(uvvm)       i2c_master_check(I2C_VVC,5): 'Slave to Master check'. [15]
%%     1000072.5 ns  Log    ID_UVVM_SEND_CMD    TB seq.(uvvm)       i2c_slave_transmit(I2C_VVC,4): 'Slave to Master transmit'. [16]
%%     1000072.5 ns  Log    ID_UVVM_SEND_CMD    TB seq.(uvvm)       i2c_master_check(I2C_VVC,5): 'Slave to Master check'. [17]
%%     1000072.5 ns  Log    ID_UVVM_SEND_CMD    TB seq.(uvvm)       i2c_slave_transmit(I2C_VVC,4): 'Slave to Master transmit'. [18]
%%     1000072.5 ns  Log    ID_UVVM_SEND_CMD    TB seq.(uvvm)       i2c_master_check(I2C_VVC,5): 'Slave to Master check'. [19]
%%     1000072.5 ns  Log    ID_UVVM_SEND_CMD    TB seq.(uvvm)       i2c_slave_transmit(I2C_VVC,4): 'Slave to Master transmit'. [20]
%%     1000072.5 ns  Log    ID_UVVM_SEND_CMD    TB seq.(uvvm)       i2c_master_check(I2C_VVC,5): 'Slave to Master check'. [21]
%%     1000072.5 ns  Log    ID_UVVM_SEND_CMD    TB seq.(uvvm)       i2c_slave_transmit(I2C_VVC,4): 'Slave to Master transmit'. [22]
%%     1000072.5 ns  Log    ID_UVVM_SEND_CMD    TB seq.(uvvm)       i2c_master_check(I2C_VVC,5): 'Slave to Master check'. [23]
%%     1000072.5 ns  Log    ID_UVVM_SEND_CMD    TB seq.(uvvm)       i2c_slave_transmit(I2C_VVC,4): 'Slave to Master transmit'. [24]
%%     1000072.5 ns  Log    ID_UVVM_SEND_CMD    TB seq.(uvvm)       i2c_master_check(I2C_VVC,5): 'Slave to Master check'. [25]
%%     1000072.5 ns  Log    ID_UVVM_SEND_CMD    TB seq.(uvvm)       i2c_slave_transmit(I2C_VVC,4): 'Slave to Master transmit'. [26]
%%     1000072.5 ns  Log    ID_UVVM_SEND_CMD    TB seq.(uvvm)       i2c_master_check(I2C_VVC,5): 'Slave to Master check'. [27]
%%     1000072.5 ns  Log    ID_UVVM_SEND_CMD    TB seq.(uvvm)       i2c_slave_transmit(I2C_VVC,4): 'Slave to Master transmit'. [28]
%%     1000072.5 ns  Log    ID_UVVM_SEND_CMD    TB seq.(uvvm)       i2c_master_check(I2C_VVC,5): 'Slave to Master check'. [29]
%%     1000072.5 ns  Log    ID_UVVM_SEND_CMD    TB seq.(uvvm)       i2c_slave_transmit(I2C_VVC,4): 'Slave to Master transmit'. [30]
%%     1000072.5 ns  Log    ID_UVVM_SEND_CMD    TB seq.(uvvm)       i2c_master_check(I2C_VVC,5): 'Slave to Master check'. [31]
%%     1000072.5 ns  Log    ID_UVVM_SEND_CMD    TB seq.(uvvm)       i2c_slave_transmit(I2C_VVC,4): 'Slave to Master transmit'. [32]
%%     1000072.5 ns  Log    ID_UVVM_SEND_CMD    TB seq.(uvvm)       i2c_master_check(I2C_VVC,5): 'Slave to Master check'. [33]
%%     1000072.5 ns  Log    ID_UVVM_SEND_CMD    TB seq.(uvvm)       i2c_slave_transmit(I2C_VVC,4): 'Slave to Master transmit'. [34]
%%     1000072.5 ns  Log    ID_UVVM_SEND_CMD    TB seq.(uvvm)       i2c_master_check(I2C_VVC,5): 'Slave to Master check'. [35]
%%     1000072.5 ns  Log    ID_UVVM_SEND_CMD    TB seq.(uvvm)       i2c_slave_transmit(I2C_VVC,4): 'Slave to Master transmit'. [36]
%%     1000072.5 ns  Log    ID_UVVM_SEND_CMD    TB seq.(uvvm)       i2c_master_check(I2C_VVC,5): 'Slave to Master check'. [37]
%%     1000072.5 ns  Log    ID_UVVM_SEND_CMD    TB seq.(uvvm)       i2c_slave_transmit(I2C_VVC,4): 'Slave to Master transmit'. [38]
%%     1000072.5 ns  Log    ID_UVVM_SEND_CMD    TB seq.(uvvm)       i2c_master_check(I2C_VVC,5): 'Slave to Master check'. [39]
%%     1000072.5 ns  Log    ID_UVVM_SEND_CMD    TB seq.(uvvm)       i2c_slave_transmit(I2C_VVC,4): 'Slave to Master transmit'. [40]
%%     1000072.5 ns  Log    ID_UVVM_SEND_CMD    TB seq.(uvvm)       i2c_master_check(I2C_VVC,5): 'Slave to Master check'. [41]
%%     1000072.5 ns  Log    ID_UVVM_SEND_CMD    TB seq.(uvvm)       i2c_slave_transmit(I2C_VVC,4): 'Slave to Master transmit'. [42]
%%     1000072.5 ns  Log    ID_UVVM_SEND_CMD    TB seq.(uvvm)       i2c_master_check(I2C_VVC,5): 'Slave to Master check'. [43]
%%     1000072.5 ns  Log    ID_UVVM_SEND_CMD    TB seq.(uvvm)       i2c_slave_transmit(I2C_VVC,4): 'Slave to Master transmit'. [44]
%%     1000072.5 ns  Log    ID_UVVM_SEND_CMD    TB seq.(uvvm)       i2c_master_check(I2C_VVC,5): 'Slave to Master check'. [45]
%%     1000072.5 ns  Log    ID_UVVM_SEND_CMD    TB seq.(uvvm)       i2c_slave_transmit(I2C_VVC,4): 'Slave to Master transmit'. [46]
%%     1000072.5 ns  Log    ID_UVVM_SEND_CMD    TB seq.(uvvm)       i2c_master_check(I2C_VVC,5): 'Slave to Master check'. [47]
%%     1000072.5 ns  Log    ID_UVVM_SEND_CMD    TB seq.(uvvm)       i2c_slave_transmit(I2C_VVC,4): 'Slave to Master transmit'. [48]
%%     1000072.5 ns  Log    ID_UVVM_SEND_CMD    TB seq.(uvvm)       i2c_master_check(I2C_VVC,5): 'Slave to Master check'. [49]
%%     1000072.5 ns  Log    ID_UVVM_SEND_CMD    TB seq.(uvvm)       i2c_slave_transmit(I2C_VVC,4): 'Slave to Master transmit'. [50]
%%     1000072.5 ns  Log    ID_UVVM_SEND_CMD    TB seq.(uvvm)       i2c_master_check(I2C_VVC,5): 'Slave to Master check'. [51]
%%     1000072.5 ns  Log    ID_UVVM_SEND_CMD    TB seq.(uvvm)       i2c_slave_transmit(I2C_VVC,4): 'Slave to Master transmit'. [52]
%%     1000072.5 ns  Log    ID_UVVM_SEND_CMD    TB seq.(uvvm)       i2c_master_check(I2C_VVC,5): 'Slave to Master check'. [53]
%%     1000072.5 ns  Log    ID_UVVM_SEND_CMD    TB seq.(uvvm)       i2c_slave_transmit(I2C_VVC,4): 'Slave to Master transmit'. [54]
%%     1000072.5 ns  Log    ID_UVVM_SEND_CMD    TB seq.(uvvm)       i2c_master_check(I2C_VVC,5): 'Slave to Master check'. [55]
%%     1000072.5 ns  Log    ID_UVVM_SEND_CMD    TB seq.(uvvm)       i2c_slave_transmit(I2C_VVC,4): 'Slave to Master transmit'. [56]
%%     1000072.5 ns  Log    ID_UVVM_SEND_CMD    TB seq.(uvvm)       i2c_master_check(I2C_VVC,5): 'Slave to Master check'. [57]
%%     1000072.5 ns  Log    ID_UVVM_SEND_CMD    TB seq.(uvvm)       i2c_slave_transmit(I2C_VVC,4): 'Slave to Master transmit'. [58]
%%     1000072.5 ns  Log    ID_UVVM_SEND_CMD    TB seq.(uvvm)       i2c_master_check(I2C_VVC,5): 'Slave to Master check'. [59]
%%     1000072.5 ns  Log    ID_UVVM_SEND_CMD    TB seq.(uvvm)       i2c_slave_transmit(I2C_VVC,4): 'Slave to Master transmit'. [60]
%%     1000072.5 ns  Log    ID_UVVM_SEND_CMD    TB seq.(uvvm)       i2c_master_check(I2C_VVC,5): 'Slave to Master check'. [61]
%%     1000072.5 ns  Log    ID_UVVM_SEND_CMD    TB seq.(uvvm)       i2c_slave_transmit(I2C_VVC,4): 'Slave to Master transmit'. [62]
%%     1000072.5 ns  Log    ID_UVVM_SEND_CMD    TB seq.(uvvm)       i2c_master_check(I2C_VVC,5): 'Slave to Master check'. [63]
%%     1000072.5 ns  Log    ID_UVVM_SEND_CMD    TB seq.(uvvm)       i2c_slave_transmit(I2C_VVC,4): 'Slave to Master transmit'. [64]
%%     1000072.5 ns  Log    ID_UVVM_SEND_CMD    TB seq.(uvvm)       i2c_master_check(I2C_VVC,5): 'Slave to Master check'. [65]
%%     1000072.5 ns  Log    ID_UVVM_SEND_CMD    TB seq.(uvvm)       i2c_slave_transmit(I2C_VVC,4): 'Slave to Master transmit'. [66]
%%     1000072.5 ns  Log    ID_UVVM_SEND_CMD    TB seq.(uvvm)       i2c_master_check(I2C_VVC,5): 'Slave to Master check'. [67]
%%     1000072.5 ns  Log    ID_UVVM_SEND_CMD    TB seq.(uvvm)       i2c_slave_transmit(I2C_VVC,4): 'Slave to Master transmit'. [68]
%%     1000072.5 ns  Log    ID_UVVM_SEND_CMD    TB seq.(uvvm)       i2c_master_check(I2C_VVC,5): 'Slave to Master check'. [69]
%%     1000072.5 ns  Log    ID_UVVM_SEND_CMD    TB seq.(uvvm)       i2c_slave_transmit(I2C_VVC,4): 'Slave to Master transmit'. [70]
%%     1000072.5 ns  Log    ID_UVVM_SEND_CMD    TB seq.(uvvm)       i2c_master_check(I2C_VVC,5): 'Slave to Master check'. [71]
%%     1000072.5 ns  Log    ID_UVVM_SEND_CMD    TB seq.(uvvm)       i2c_slave_transmit(I2C_VVC,4): 'Slave to Master transmit'. [72]
%%     1000072.5 ns  Log    ID_UVVM_SEND_CMD    TB seq.(uvvm)       i2c_master_check(I2C_VVC,5): 'Slave to Master check'. [73]
%%     1000072.5 ns  Log    ID_UVVM_SEND_CMD    TB seq.(uvvm)       i2c_slave_transmit(I2C_VVC,4): 'Slave to Master transmit'. [74]
%%     1000072.5 ns  Log    ID_UVVM_SEND_CMD    TB seq.(uvvm)       i2c_master_check(I2C_VVC,5): 'Slave to Master check'. [75]
%%     1000072.5 ns  Log    ID_UVVM_SEND_CMD    TB seq.(uvvm)       i2c_slave_transmit(I2C_VVC,4): 'Slave to Master transmit'. [76]
%%     1000072.5 ns  Log    ID_UVVM_SEND_CMD    TB seq.(uvvm)       i2c_master_check(I2C_VVC,5): 'Slave to Master check'. [77]
%%     1000072.5 ns  Log    ID_UVVM_SEND_CMD    TB seq.(uvvm)       i2c_slave_transmit(I2C_VVC,4): 'Slave to Master transmit'. [78]
%%     1000072.5 ns  Log    ID_UVVM_SEND_CMD    TB seq.(uvvm)       i2c_master_check(I2C_VVC,5): 'Slave to Master check'. [79]
%%     1000072.5 ns  Log    ID_UVVM_SEND_CMD    TB seq.(uvvm)       i2c_slave_transmit(I2C_VVC,4): 'Slave to Master transmit'. [80]
%%     1000072.5 ns  Log    ID_UVVM_SEND_CMD    TB seq.(uvvm)       i2c_master_check(I2C_VVC,5): 'Slave to Master check'. [81]
%%     1000072.5 ns  Log    ID_UVVM_SEND_CMD    TB seq.(uvvm)       i2c_slave_transmit(I2C_VVC,4): 'Slave to Master transmit'. [82]
%%     1000072.5 ns  Log    ID_UVVM_SEND_CMD    TB seq.(uvvm)       i2c_master_check(I2C_VVC,5): 'Slave to Master check'. [83]
%%     1000072.5 ns  Log    ID_UVVM_SEND_CMD    TB seq.(uvvm)       i2c_slave_transmit(I2C_VVC,4): 'Slave to Master transmit'. [84]
%%     1000072.5 ns  Log    ID_UVVM_SEND_CMD    TB seq.(uvvm)       i2c_master_check(I2C_VVC,5): 'Slave to Master check'. [85]
%%     1000072.5 ns  Log    ID_UVVM_SEND_CMD    TB seq.(uvvm)       i2c_slave_transmit(I2C_VVC,4): 'Slave to Master transmit'. [86]
%%     1000072.5 ns  Log    ID_UVVM_SEND_CMD    TB seq.(uvvm)       i2c_master_check(I2C_VVC,5): 'Slave to Master check'. [87]
%%     1000072.5 ns  Log    ID_UVVM_SEND_CMD    TB seq.(uvvm)       i2c_slave_transmit(I2C_VVC,4): 'Slave to Master transmit'. [88]
%%     1000072.5 ns  Log    ID_UVVM_SEND_CMD    TB seq.(uvvm)       i2c_master_check(I2C_VVC,5): 'Slave to Master check'. [89]
%%     1000072.5 ns  Log    ID_UVVM_SEND_CMD    TB seq.(uvvm)       i2c_slave_transmit(I2C_VVC,4): 'Slave to Master transmit'. [90]
%%     1000072.5 ns  Log    ID_UVVM_SEND_CMD    TB seq.(uvvm)       i2c_master_check(I2C_VVC,5): 'Slave to Master check'. [91]
%%     1000072.5 ns  Log    ID_UVVM_SEND_CMD    TB seq.(uvvm)       i2c_slave_transmit(I2C_VVC,4): 'Slave to Master transmit'. [92]
%%     1000072.5 ns  Log    ID_UVVM_SEND_CMD    TB seq.(uvvm)       i2c_master_check(I2C_VVC,5): 'Slave to Master check'. [93]
%%     1000072.5 ns  Log    ID_UVVM_SEND_CMD    TB seq.(uvvm)       i2c_slave_transmit(I2C_VVC,4): 'Slave to Master transmit'. [94]
%%     1000072.5 ns  Log    ID_UVVM_SEND_CMD    TB seq.(uvvm)       i2c_master_check(I2C_VVC,5): 'Slave to Master check'. [95]
%%     1000072.5 ns  Log    ID_UVVM_SEND_CMD    TB seq.(uvvm)       i2c_slave_transmit(I2C_VVC,4): 'Slave to Master transmit'. [96]
%%     1000072.5 ns  Log    ID_UVVM_SEND_CMD    TB seq.(uvvm)       i2c_master_check(I2C_VVC,5): 'Slave to Master check'. [97]
%%     1000072.5 ns  Log    ID_UVVM_SEND_CMD    TB seq.(uvvm)       i2c_slave_transmit(I2C_VVC,4): 'Slave to Master transmit'. [98]
%%     1000072.5 ns  Log    ID_UVVM_SEND_CMD    TB seq.(uvvm)       i2c_master_check(I2C_VVC,5): 'Slave to Master check'. [99]
%%     1000072.5 ns  Log    ID_UVVM_SEND_CMD    TB seq.(uvvm)       i2c_slave_transmit(I2C_VVC,4): 'Slave to Master transmit'. [100]
%%     1000072.5 ns  Log    ID_UVVM_SEND_CMD    TB seq.(uvvm)       i2c_master_check(I2C_VVC,5): 'Slave to Master check'. [101]
%%     1000072.5 ns  Log    ID_UVVM_SEND_CMD    TB seq.(uvvm)       i2c_slave_transmit(I2C_VVC,4): 'Slave to Master transmit'. [102]
%%     1000072.5 ns  Log    ID_UVVM_SEND_CMD    TB seq.(uvvm)       i2c_master_check(I2C_VVC,5): 'Slave to Master check'. [103]
%%     1000072.5 ns  Log    ID_UVVM_SEND_CMD    TB seq.(uvvm)       i2c_slave_transmit(I2C_VVC,4): 'Slave to Master transmit'. [104]
%%     1000072.5 ns  Log    ID_UVVM_SEND_CMD    TB seq.(uvvm)       i2c_master_check(I2C_VVC,5): 'Slave to Master check'. [105]
%%     1000072.5 ns  Log    ID_UVVM_SEND_CMD    TB seq.(uvvm)       i2c_slave_transmit(I2C_VVC,4): 'Slave to Master transmit'. [106]
%%     1000072.5 ns  Log    ID_UVVM_SEND_CMD    TB seq.(uvvm)       i2c_master_check(I2C_VVC,5): 'Slave to Master check'. [107]
%%     1000072.5 ns  Log    ID_UVVM_SEND_CMD    TB seq.(uvvm)       i2c_slave_transmit(I2C_VVC,4): 'Slave to Master transmit'. [108]
%%     1000072.5 ns  Log    ID_UVVM_SEND_CMD    TB seq.(uvvm)       i2c_master_check(I2C_VVC,5): 'Slave to Master check'. [109]
%%     1000072.5 ns  Log    ID_UVVM_SEND_CMD    TB seq.(uvvm)       i2c_slave_transmit(I2C_VVC,4): 'Slave to Master transmit'. [110]
%%     1000072.5 ns  Log    ID_UVVM_SEND_CMD    TB seq.(uvvm)       i2c_master_check(I2C_VVC,5): 'Slave to Master check'. [111]
%%     1000072.5 ns  Log    ID_UVVM_SEND_CMD    TB seq.(uvvm)       i2c_slave_transmit(I2C_VVC,4): 'Slave to Master transmit'. [112]
%%     1000072.5 ns  Log    ID_UVVM_SEND_CMD    TB seq.(uvvm)       i2c_master_check(I2C_VVC,5): 'Slave to Master check'. [113]
%%     1000072.5 ns  Log    ID_UVVM_SEND_CMD    TB seq.(uvvm)       i2c_slave_transmit(I2C_VVC,4): 'Slave to Master transmit'. [114]
%%     1000072.5 ns  Log    ID_UVVM_SEND_CMD    TB seq.(uvvm)       i2c_master_check(I2C_VVC,5): 'Slave to Master check'. [115]
%%     1000072.5 ns  Log    ID_UVVM_SEND_CMD    TB seq.(uvvm)       i2c_slave_transmit(I2C_VVC,4): 'Slave to Master transmit'. [116]
%%     1000072.5 ns  Log    ID_UVVM_SEND_CMD    TB seq.(uvvm)       i2c_master_check(I2C_VVC,5): 'Slave to Master check'. [117]
%%     1000072.5 ns  Log    ID_UVVM_SEND_CMD    TB seq.(uvvm)       i2c_slave_transmit(I2C_VVC,4): 'Slave to Master transmit'. [118]
%%     1000072.5 ns  Log    ID_UVVM_SEND_CMD    TB seq.(uvvm)       i2c_master_check(I2C_VVC,5): 'Slave to Master check'. [119]
%%     1000072.5 ns  Log    ID_UVVM_SEND_CMD    TB seq.(uvvm)       i2c_slave_transmit(I2C_VVC,4): 'Slave to Master transmit'. [120]
%%     1000072.5 ns  Log    ID_UVVM_SEND_CMD    TB seq.(uvvm)       i2c_master_check(I2C_VVC,5): 'Slave to Master check'. [121]
%%     1000072.5 ns  Log    ID_UVVM_SEND_CMD    TB seq.(uvvm)       i2c_slave_transmit(I2C_VVC,4): 'Slave to Master transmit'. [122]
%%     1000072.5 ns  Log    ID_UVVM_SEND_CMD    TB seq.(uvvm)       i2c_master_check(I2C_VVC,5): 'Slave to Master check'. [123]
%%     1000072.5 ns  Log    ID_UVVM_SEND_CMD    TB seq.(uvvm)       i2c_slave_transmit(I2C_VVC,4): 'Slave to Master transmit'. [124]
%%     1000072.5 ns  Log    ID_UVVM_SEND_CMD    TB seq.(uvvm)       i2c_master_check(I2C_VVC,5): 'Slave to Master check'. [125]
%%     1000072.5 ns  Log    ID_UVVM_SEND_CMD    TB seq.(uvvm)       i2c_slave_transmit(I2C_VVC,4): 'Slave to Master transmit'. [126]
%%     1000072.5 ns  Log    ID_UVVM_SEND_CMD    TB seq.(uvvm)       i2c_master_check(I2C_VVC,5): 'Slave to Master check'. [127]
%%     1000072.5 ns  Log    ID_UVVM_SEND_CMD    TB seq.(uvvm)       i2c_slave_transmit(I2C_VVC,4): 'Slave to Master transmit'. [128]
%%     1000072.5 ns  Log    ID_UVVM_SEND_CMD    TB seq.(uvvm)       i2c_master_check(I2C_VVC,5): 'Slave to Master check'. [129]
%%     1000072.5 ns  Log    ID_UVVM_SEND_CMD    TB seq.(uvvm)       i2c_slave_transmit(I2C_VVC,4): 'Slave to Master transmit'. [130]
%%     1000072.5 ns  Log    ID_UVVM_SEND_CMD    TB seq.(uvvm)       i2c_master_check(I2C_VVC,5): 'Slave to Master check'. [131]
%%     1000072.5 ns  Log    ID_UVVM_SEND_CMD    TB seq.(uvvm)       i2c_slave_transmit(I2C_VVC,4): 'Slave to Master transmit'. [132]
%%     1000072.5 ns  Log    ID_UVVM_SEND_CMD    TB seq.(uvvm)       i2c_master_check(I2C_VVC,5): 'Slave to Master check'. [133]
%%     1000072.5 ns  Log    ID_UVVM_SEND_CMD    TB seq.(uvvm)       i2c_slave_transmit(I2C_VVC,4): 'Slave to Master transmit'. [134]
%%     1000072.5 ns  Log    ID_UVVM_SEND_CMD    TB seq.(uvvm)       i2c_master_check(I2C_VVC,5): 'Slave to Master check'. [135]
%%     1000072.5 ns  Log    ID_UVVM_SEND_CMD    TB seq.(uvvm)       i2c_slave_transmit(I2C_VVC,4): 'Slave to Master transmit'. [136]
%%     1000072.5 ns  Log    ID_UVVM_SEND_CMD    TB seq.(uvvm)       i2c_master_check(I2C_VVC,5): 'Slave to Master check'. [137]
%%     1000072.5 ns  Log    ID_UVVM_SEND_CMD    TB seq.(uvvm)       i2c_slave_transmit(I2C_VVC,4): 'Slave to Master transmit'. [138]
%%     1000072.5 ns  Log    ID_UVVM_SEND_CMD    TB seq.(uvvm)       i2c_master_check(I2C_VVC,5): 'Slave to Master check'. [139]
%%     1000072.5 ns  Log    ID_UVVM_SEND_CMD    TB seq.(uvvm)       i2c_slave_transmit(I2C_VVC,4): 'Slave to Master transmit'. [140]
%%     1000072.5 ns  Log    ID_UVVM_SEND_CMD    TB seq.(uvvm)       i2c_master_check(I2C_VVC,5): 'Slave to Master check'. [141]
%%     1000072.5 ns  Log    ID_UVVM_SEND_CMD    TB seq.(uvvm)       i2c_slave_transmit(I2C_VVC,4): 'Slave to Master transmit'. [142]
%%     1000072.5 ns  Log    ID_UVVM_SEND_CMD    TB seq.(uvvm)       i2c_master_check(I2C_VVC,5): 'Slave to Master check'. [143]
%%     1000072.5 ns  Log    ID_UVVM_SEND_CMD    TB seq.(uvvm)       i2c_slave_transmit(I2C_VVC,4): 'Slave to Master transmit'. [144]
%%     1000072.5 ns  Log    ID_UVVM_SEND_CMD    TB seq.(uvvm)       i2c_master_check(I2C_VVC,5): 'Slave to Master check'. [145]
%%     1000072.5 ns  Log    ID_UVVM_SEND_CMD    TB seq.(uvvm)       i2c_slave_transmit(I2C_VVC,4): 'Slave to Master transmit'. [146]
%%     1000072.5 ns  Log    ID_UVVM_SEND_CMD    TB seq.(uvvm)       i2c_master_check(I2C_VVC,5): 'Slave to Master check'. [147]
%%     1000072.5 ns  Log    ID_UVVM_SEND_CMD    TB seq.(uvvm)       i2c_slave_transmit(I2C_VVC,4): 'Slave to Master transmit'. [148]
%%     1000072.5 ns  Log    ID_UVVM_SEND_CMD    TB seq.(uvvm)       i2c_master_check(I2C_VVC,5): 'Slave to Master check'. [149]
%%     1000072.5 ns  Log    ID_UVVM_SEND_CMD    TB seq.(uvvm)       i2c_slave_transmit(I2C_VVC,4): 'Slave to Master transmit'. [150]
%%     1000072.5 ns  Log    ID_UVVM_SEND_CMD    TB seq.(uvvm)       i2c_master_check(I2C_VVC,5): 'Slave to Master check'. [151]
%%     1000072.5 ns  Log    ID_UVVM_SEND_CMD    TB seq.(uvvm)       i2c_slave_transmit(I2C_VVC,4): 'Slave to Master transmit'. [152]
%%     1000072.5 ns  Log    ID_UVVM_SEND_CMD    TB seq.(uvvm)       i2c_master_check(I2C_VVC,5): 'Slave to Master check'. [153]
%%     1000072.5 ns  Log    ID_UVVM_SEND_CMD    TB seq.(uvvm)       i2c_slave_transmit(I2C_VVC,4): 'Slave to Master transmit'. [154]
%%     1000072.5 ns  Log    ID_UVVM_SEND_CMD    TB seq.(uvvm)       i2c_master_check(I2C_VVC,5): 'Slave to Master check'. [155]
%%     1000072.5 ns  Log    ID_UVVM_SEND_CMD    TB seq.(uvvm)       i2c_slave_transmit(I2C_VVC,4): 'Slave to Master transmit'. [156]
%%     1000072.5 ns  Log    ID_UVVM_SEND_CMD    TB seq.(uvvm)       i2c_master_check(I2C_VVC,5): 'Slave to Master check'. [157]
%%     1000072.5 ns  Log    ID_UVVM_SEND_CMD    TB seq.(uvvm)       i2c_slave_transmit(I2C_VVC,4): 'Slave to Master transmit'. [158]
%%     1000072.5 ns  Log    ID_UVVM_SEND_CMD    TB seq.(uvvm)       i2c_master_check(I2C_VVC,5): 'Slave to Master check'. [159]
%%     1000072.5 ns  Log    ID_UVVM_SEND_CMD    TB seq.(uvvm)       i2c_slave_transmit(I2C_VVC,4): 'Slave to Master transmit'. [160]
%%     1000072.5 ns  Log    ID_UVVM_SEND_CMD    TB seq.(uvvm)       i2c_master_check(I2C_VVC,5): 'Slave to Master check'. [161]
%%     1000072.5 ns  Log    ID_UVVM_SEND_CMD    TB seq.(uvvm)       i2c_slave_transmit(I2C_VVC,4): 'Slave to Master transmit'. [162]
%%     1000072.5 ns  Log    ID_UVVM_SEND_CMD    TB seq.(uvvm)       i2c_master_check(I2C_VVC,5): 'Slave to Master check'. [163]
%%     1000072.5 ns  Log    ID_UVVM_SEND_CMD    TB seq.(uvvm)       i2c_slave_transmit(I2C_VVC,4): 'Slave to Master transmit'. [164]
%%     1000072.5 ns  Log    ID_UVVM_SEND_CMD    TB seq.(uvvm)       i2c_master_check(I2C_VVC,5): 'Slave to Master check'. [165]
%%     1000072.5 ns  Log    ID_UVVM_SEND_CMD    TB seq.(uvvm)       i2c_slave_transmit(I2C_VVC,4): 'Slave to Master transmit'. [166]
%%     1000072.5 ns  Log    ID_UVVM_SEND_CMD    TB seq.(uvvm)       i2c_master_check(I2C_VVC,5): 'Slave to Master check'. [167]
%%     1000072.5 ns  Log    ID_UVVM_SEND_CMD    TB seq.(uvvm)       i2c_slave_transmit(I2C_VVC,4): 'Slave to Master transmit'. [168]
%%     1000072.5 ns  Log    ID_UVVM_SEND_CMD    TB seq.(uvvm)       i2c_master_check(I2C_VVC,5): 'Slave to Master check'. [169]
%%     1000072.5 ns  Log    ID_UVVM_SEND_CMD    TB seq.(uvvm)       i2c_slave_transmit(I2C_VVC,4): 'Slave to Master transmit'. [170]
%%     1000072.5 ns  Log    ID_UVVM_SEND_CMD    TB seq.(uvvm)       i2c_master_check(I2C_VVC,5): 'Slave to Master check'. [171]
%%     1000072.5 ns  Log    ID_UVVM_SEND_CMD    TB seq.(uvvm)       i2c_slave_transmit(I2C_VVC,4): 'Slave to Master transmit'. [172]
%%     1000072.5 ns  Log    ID_UVVM_SEND_CMD    TB seq.(uvvm)       i2c_master_check(I2C_VVC,5): 'Slave to Master check'. [173]
%%     1000072.5 ns  Log    ID_UVVM_SEND_CMD    TB seq.(uvvm)       i2c_slave_transmit(I2C_VVC,4): 'Slave to Master transmit'. [174]
%%     1000072.5 ns  Log    ID_UVVM_SEND_CMD    TB seq.(uvvm)       i2c_master_check(I2C_VVC,5): 'Slave to Master check'. [175]
%%     1000072.5 ns  Log    ID_UVVM_SEND_CMD    TB seq.(uvvm)       i2c_slave_transmit(I2C_VVC,4): 'Slave to Master transmit'. [176]
%%     1000072.5 ns  Log    ID_UVVM_SEND_CMD    TB seq.(uvvm)       i2c_master_check(I2C_VVC,5): 'Slave to Master check'. [177]
%%     1000072.5 ns  Log    ID_UVVM_SEND_CMD    TB seq.(uvvm)       i2c_slave_transmit(I2C_VVC,4): 'Slave to Master transmit'. [178]
%%     1000072.5 ns  Log    ID_UVVM_SEND_CMD    TB seq.(uvvm)       i2c_master_check(I2C_VVC,5): 'Slave to Master check'. [179]
%%     1000072.5 ns  Log    ID_UVVM_SEND_CMD    TB seq.(uvvm)       i2c_slave_transmit(I2C_VVC,4): 'Slave to Master transmit'. [180]
%%     1000072.5 ns  Log    ID_UVVM_SEND_CMD    TB seq.(uvvm)       i2c_master_check(I2C_VVC,5): 'Slave to Master check'. [181]
%%     1000072.5 ns  Log    ID_UVVM_SEND_CMD    TB seq.(uvvm)       i2c_slave_transmit(I2C_VVC,4): 'Slave to Master transmit'. [182]
%%     1000072.5 ns  Log    ID_UVVM_SEND_CMD    TB seq.(uvvm)       i2c_master_check(I2C_VVC,5): 'Slave to Master check'. [183]
%%     1000072.5 ns  Log    ID_UVVM_SEND_CMD    TB seq.(uvvm)       i2c_slave_transmit(I2C_VVC,4): 'Slave to Master transmit'. [184]
%%     1000072.5 ns  Log    ID_UVVM_SEND_CMD    TB seq.(uvvm)       i2c_master_check(I2C_VVC,5): 'Slave to Master check'. [185]
%%     1000072.5 ns  Log    ID_UVVM_SEND_CMD    TB seq.(uvvm)       i2c_slave_transmit(I2C_VVC,4): 'Slave to Master transmit'. [186]
%%     1000072.5 ns  Log    ID_UVVM_SEND_CMD    TB seq.(uvvm)       i2c_master_check(I2C_VVC,5): 'Slave to Master check'. [187]
%%     1000072.5 ns  Log    ID_UVVM_SEND_CMD    TB seq.(uvvm)       i2c_slave_transmit(I2C_VVC,4): 'Slave to Master transmit'. [188]
%%     1000072.5 ns  Log    ID_UVVM_SEND_CMD    TB seq.(uvvm)       i2c_master_check(I2C_VVC,5): 'Slave to Master check'. [189]
%%     1000072.5 ns  Log    ID_UVVM_SEND_CMD    TB seq.(uvvm)       i2c_slave_transmit(I2C_VVC,4): 'Slave to Master transmit'. [190]
%%     1000072.5 ns  Log    ID_UVVM_SEND_CMD    TB seq.(uvvm)       i2c_master_check(I2C_VVC,5): 'Slave to Master check'. [191]
%%     1000072.5 ns  Log    ID_UVVM_SEND_CMD    TB seq.(uvvm)       i2c_slave_transmit(I2C_VVC,4): 'Slave to Master transmit'. [192]
%%     1000072.5 ns  Log    ID_UVVM_SEND_CMD    TB seq.(uvvm)       i2c_master_check(I2C_VVC,5): 'Slave to Master check'. [193]
%%     1000072.5 ns  Log    ID_UVVM_SEND_CMD    TB seq.(uvvm)       i2c_slave_transmit(I2C_VVC,4): 'Slave to Master transmit'. [194]
%%     1000072.5 ns  Log    ID_UVVM_SEND_CMD    TB seq.(uvvm)       i2c_master_check(I2C_VVC,5): 'Slave to Master check'. [195]
%%     1000072.5 ns  Log    ID_UVVM_SEND_CMD    TB seq.(uvvm)       i2c_slave_transmit(I2C_VVC,4): 'Slave to Master transmit'. [196]
%%     1000072.5 ns  Log    ID_UVVM_SEND_CMD    TB seq.(uvvm)       i2c_master_check(I2C_VVC,5): 'Slave to Master check'. [197]
%%     1000072.5 ns  Log    ID_UVVM_SEND_CMD    TB seq.(uvvm)       i2c_slave_transmit(I2C_VVC,4): 'Slave to Master transmit'. [198]
%%     1000072.5 ns  Log    ID_UVVM_SEND_CMD    TB seq.(uvvm)       i2c_master_check(I2C_VVC,5): 'Slave to Master check'. [199]
%%     1000072.5 ns  Log    ID_UVVM_SEND_CMD    TB seq.(uvvm)       i2c_slave_transmit(I2C_VVC,4): 'Slave to Master transmit'. [200]
%%     1000072.5 ns  Log    ID_UVVM_SEND_CMD    TB seq.(uvvm)       i2c_master_check(I2C_VVC,5): 'Slave to Master check'. [201]
%%     1000072.5 ns  Log    ID_UVVM_SEND_CMD    TB seq.(uvvm)       i2c_slave_transmit(I2C_VVC,4): 'Slave to Master transmit'. [202]
%%     1000072.5 ns  Log    ID_UVVM_SEND_CMD    TB seq.(uvvm)       i2c_master_check(I2C_VVC,5): 'Slave to Master check'. [203]
%%     1000072.5 ns  Log    ID_UVVM_SEND_CMD    TB seq.(uvvm)       i2c_slave_transmit(I2C_VVC,4): 'Slave to Master transmit'. [204]
%%     1000072.5 ns  Log    ID_UVVM_SEND_CMD    TB seq.(uvvm)       i2c_master_check(I2C_VVC,5): 'Slave to Master check'. [205]
%%     1000072.5 ns  Log    ID_UVVM_SEND_CMD    TB seq.(uvvm)       i2c_slave_transmit(I2C_VVC,4): 'Slave to Master transmit'. [206]
%%     1000072.5 ns  Log    ID_UVVM_SEND_CMD    TB seq.(uvvm)       i2c_master_check(I2C_VVC,5): 'Slave to Master check'. [207]
%%     1000072.5 ns  Log    ID_UVVM_SEND_CMD    TB seq.(uvvm)       i2c_slave_transmit(I2C_VVC,4): 'Slave to Master transmit'. [208]
%%     1000072.5 ns  Log    ID_UVVM_SEND_CMD    TB seq.(uvvm)       i2c_master_check(I2C_VVC,5): 'Slave to Master check'. [209]
%%     1000072.5 ns  Log    ID_UVVM_SEND_CMD    TB seq.(uvvm)       i2c_slave_transmit(I2C_VVC,4): 'Slave to Master transmit'. [210]
%%     1000072.5 ns  Log    ID_UVVM_SEND_CMD    TB seq.(uvvm)       i2c_master_check(I2C_VVC,5): 'Slave to Master check'. [211]
%%     1042582.5 ns  Log    ID_BFM              I2C_VVC,4           i2c_slave_transmit((x"22"))=> (x"22"). ' 'Slave to Master transmit'  [10]'
%%     1043087.5 ns  Log    ID_BFM              I2C_VVC,5           i2c_master_check(A:x"2D5", (x"22"))=> OK, read data = (x"22"). ' 'Slave to Master check'  [11]'
%%     1085597.5 ns  Log    ID_BFM              I2C_VVC,4           i2c_slave_transmit((x"E3"))=> (x"E3"). ' 'Slave to Master transmit'  [12]'
%%     1086102.5 ns  Log    ID_BFM              I2C_VVC,5           i2c_master_check(A:x"2D5", (x"E3"))=> OK, read data = (x"E3"). ' 'Slave to Master check'  [13]'
%%     1128612.5 ns  Log    ID_BFM              I2C_VVC,4           i2c_slave_transmit((x"70"))=> (x"70"). ' 'Slave to Master transmit'  [14]'
%%     1129117.5 ns  Log    ID_BFM              I2C_VVC,5           i2c_master_check(A:x"2D5", (x"70"))=> OK, read data = (x"70"). ' 'Slave to Master check'  [15]'
%%     1171627.5 ns  Log    ID_BFM              I2C_VVC,4           i2c_slave_transmit((x"99"))=> (x"99"). ' 'Slave to Master transmit'  [16]'
%%     1172132.5 ns  Log    ID_BFM              I2C_VVC,5           i2c_master_check(A:x"2D5", (x"99"))=> OK, read data = (x"99"). ' 'Slave to Master check'  [17]'
%%     1214642.5 ns  Log    ID_BFM              I2C_VVC,4           i2c_slave_transmit((x"2B"))=> (x"2B"). ' 'Slave to Master transmit'  [18]'
%%     1215147.5 ns  Log    ID_BFM              I2C_VVC,5           i2c_master_check(A:x"2D5", (x"2B"))=> OK, read data = (x"2B"). ' 'Slave to Master check'  [19]'
%%     1257657.5 ns  Log    ID_BFM              I2C_VVC,4           i2c_slave_transmit((x"11"))=> (x"11"). ' 'Slave to Master transmit'  [20]'
%%     1258162.5 ns  Log    ID_BFM              I2C_VVC,5           i2c_master_check(A:x"2D5", (x"11"))=> OK, read data = (x"11"). ' 'Slave to Master check'  [21]'
%%     1300672.5 ns  Log    ID_BFM              I2C_VVC,4           i2c_slave_transmit((x"2C"))=> (x"2C"). ' 'Slave to Master transmit'  [22]'
%%     1301177.5 ns  Log    ID_BFM              I2C_VVC,5           i2c_master_check(A:x"2D5", (x"2C"))=> OK, read data = (x"2C"). ' 'Slave to Master check'  [23]'
%%     1343687.5 ns  Log    ID_BFM              I2C_VVC,4           i2c_slave_transmit((x"9C"))=> (x"9C"). ' 'Slave to Master transmit'  [24]'
%%     1344192.5 ns  Log    ID_BFM              I2C_VVC,5           i2c_master_check(A:x"2D5", (x"9C"))=> OK, read data = (x"9C"). ' 'Slave to Master check'  [25]'
%%     1386702.5 ns  Log    ID_BFM              I2C_VVC,4           i2c_slave_transmit((x"80"))=> (x"80"). ' 'Slave to Master transmit'  [26]'
%%     1387207.5 ns  Log    ID_BFM              I2C_VVC,5           i2c_master_check(A:x"2D5", (x"80"))=> OK, read data = (x"80"). ' 'Slave to Master check'  [27]'
%%     1429717.5 ns  Log    ID_BFM              I2C_VVC,4           i2c_slave_transmit((x"CB"))=> (x"CB"). ' 'Slave to Master transmit'  [28]'
%%     1430222.5 ns  Log    ID_BFM              I2C_VVC,5           i2c_master_check(A:x"2D5", (x"CB"))=> OK, read data = (x"CB"). ' 'Slave to Master check'  [29]'
%%     1472732.5 ns  Log    ID_BFM              I2C_VVC,4           i2c_slave_transmit((x"64"))=> (x"64"). ' 'Slave to Master transmit'  [30]'
%%     1473237.5 ns  Log    ID_BFM              I2C_VVC,5           i2c_master_check(A:x"2D5", (x"64"))=> OK, read data = (x"64"). ' 'Slave to Master check'  [31]'
%%     1515747.5 ns  Log    ID_BFM              I2C_VVC,4           i2c_slave_transmit((x"4F"))=> (x"4F"). ' 'Slave to Master transmit'  [32]'
%%     1516252.5 ns  Log    ID_BFM              I2C_VVC,5           i2c_master_check(A:x"2D5", (x"4F"))=> OK, read data = (x"4F"). ' 'Slave to Master check'  [33]'
%%     1558762.5 ns  Log    ID_BFM              I2C_VVC,4           i2c_slave_transmit((x"21"))=> (x"21"). ' 'Slave to Master transmit'  [34]'
%%     1559267.5 ns  Log    ID_BFM              I2C_VVC,5           i2c_master_check(A:x"2D5", (x"21"))=> OK, read data = (x"21"). ' 'Slave to Master check'  [35]'
%%     1601777.5 ns  Log    ID_BFM              I2C_VVC,4           i2c_slave_transmit((x"92"))=> (x"92"). ' 'Slave to Master transmit'  [36]'
%%     1602282.5 ns  Log    ID_BFM              I2C_VVC,5           i2c_master_check(A:x"2D5", (x"92"))=> OK, read data = (x"92"). ' 'Slave to Master check'  [37]'
%%     1644792.5 ns  Log    ID_BFM              I2C_VVC,4           i2c_slave_transmit((x"60"))=> (x"60"). ' 'Slave to Master transmit'  [38]'
%%     1645297.5 ns  Log    ID_BFM              I2C_VVC,5           i2c_master_check(A:x"2D5", (x"60"))=> OK, read data = (x"60"). ' 'Slave to Master check'  [39]'
%%     1687807.5 ns  Log    ID_BFM              I2C_VVC,4           i2c_slave_transmit((x"7B"))=> (x"7B"). ' 'Slave to Master transmit'  [40]'
%%     1688312.5 ns  Log    ID_BFM              I2C_VVC,5           i2c_master_check(A:x"2D5", (x"7B"))=> OK, read data = (x"7B"). ' 'Slave to Master check'  [41]'
%%     1730822.5 ns  Log    ID_BFM              I2C_VVC,4           i2c_slave_transmit((x"60"))=> (x"60"). ' 'Slave to Master transmit'  [42]'
%%     1731327.5 ns  Log    ID_BFM              I2C_VVC,5           i2c_master_check(A:x"2D5", (x"60"))=> OK, read data = (x"60"). ' 'Slave to Master check'  [43]'
%%     1773837.5 ns  Log    ID_BFM              I2C_VVC,4           i2c_slave_transmit((x"8B"))=> (x"8B"). ' 'Slave to Master transmit'  [44]'
%%     1774342.5 ns  Log    ID_BFM              I2C_VVC,5           i2c_master_check(A:x"2D5", (x"8B"))=> OK, read data = (x"8B"). ' 'Slave to Master check'  [45]'
%%     1816852.5 ns  Log    ID_BFM              I2C_VVC,4           i2c_slave_transmit((x"C5"))=> (x"C5"). ' 'Slave to Master transmit'  [46]'
%%     1817357.5 ns  Log    ID_BFM              I2C_VVC,5           i2c_master_check(A:x"2D5", (x"C5"))=> OK, read data = (x"C5"). ' 'Slave to Master check'  [47]'
%%     1859867.5 ns  Log    ID_BFM              I2C_VVC,4           i2c_slave_transmit((x"88"))=> (x"88"). ' 'Slave to Master transmit'  [48]'
%%     1860372.5 ns  Log    ID_BFM              I2C_VVC,5           i2c_master_check(A:x"2D5", (x"88"))=> OK, read data = (x"88"). ' 'Slave to Master check'  [49]'
%%     1902882.5 ns  Log    ID_BFM              I2C_VVC,4           i2c_slave_transmit((x"06"))=> (x"6"). ' 'Slave to Master transmit'  [50]'
%%     1903387.5 ns  Log    ID_BFM              I2C_VVC,5           i2c_master_check(A:x"2D5", (x"06"))=> OK, read data = (x"6"). ' 'Slave to Master check'  [51]'
%%     1945897.5 ns  Log    ID_BFM              I2C_VVC,4           i2c_slave_transmit((x"5D"))=> (x"5D"). ' 'Slave to Master transmit'  [52]'
%%     1946402.5 ns  Log    ID_BFM              I2C_VVC,5           i2c_master_check(A:x"2D5", (x"5D"))=> OK, read data = (x"5D"). ' 'Slave to Master check'  [53]'
%%     1988912.5 ns  Log    ID_BFM              I2C_VVC,4           i2c_slave_transmit((x"56"))=> (x"56"). ' 'Slave to Master transmit'  [54]'
%%     1989417.5 ns  Log    ID_BFM              I2C_VVC,5           i2c_master_check(A:x"2D5", (x"56"))=> OK, read data = (x"56"). ' 'Slave to Master check'  [55]'
%%     2031927.5 ns  Log    ID_BFM              I2C_VVC,4           i2c_slave_transmit((x"65"))=> (x"65"). ' 'Slave to Master transmit'  [56]'
%%     2032432.5 ns  Log    ID_BFM              I2C_VVC,5           i2c_master_check(A:x"2D5", (x"65"))=> OK, read data = (x"65"). ' 'Slave to Master check'  [57]'
%%     2074942.5 ns  Log    ID_BFM              I2C_VVC,4           i2c_slave_transmit((x"6B"))=> (x"6B"). ' 'Slave to Master transmit'  [58]'
%%     2075447.5 ns  Log    ID_BFM              I2C_VVC,5           i2c_master_check(A:x"2D5", (x"6B"))=> OK, read data = (x"6B"). ' 'Slave to Master check'  [59]'
%%     2117957.5 ns  Log    ID_BFM              I2C_VVC,4           i2c_slave_transmit((x"1C"))=> (x"1C"). ' 'Slave to Master transmit'  [60]'
%%     2118462.5 ns  Log    ID_BFM              I2C_VVC,5           i2c_master_check(A:x"2D5", (x"1C"))=> OK, read data = (x"1C"). ' 'Slave to Master check'  [61]'
%%     2160972.5 ns  Log    ID_BFM              I2C_VVC,4           i2c_slave_transmit((x"1F"))=> (x"1F"). ' 'Slave to Master transmit'  [62]'
%%     2161477.5 ns  Log    ID_BFM              I2C_VVC,5           i2c_master_check(A:x"2D5", (x"1F"))=> OK, read data = (x"1F"). ' 'Slave to Master check'  [63]'
%%     2203987.5 ns  Log    ID_BFM              I2C_VVC,4           i2c_slave_transmit((x"12"))=> (x"12"). ' 'Slave to Master transmit'  [64]'
%%     2204492.5 ns  Log    ID_BFM              I2C_VVC,5           i2c_master_check(A:x"2D5", (x"12"))=> OK, read data = (x"12"). ' 'Slave to Master check'  [65]'
%%     2247002.5 ns  Log    ID_BFM              I2C_VVC,4           i2c_slave_transmit((x"B1"))=> (x"B1"). ' 'Slave to Master transmit'  [66]'
%%     2247507.5 ns  Log    ID_BFM              I2C_VVC,5           i2c_master_check(A:x"2D5", (x"B1"))=> OK, read data = (x"B1"). ' 'Slave to Master check'  [67]'
%%     2290017.5 ns  Log    ID_BFM              I2C_VVC,4           i2c_slave_transmit((x"B6"))=> (x"B6"). ' 'Slave to Master transmit'  [68]'
%%     2290522.5 ns  Log    ID_BFM              I2C_VVC,5           i2c_master_check(A:x"2D5", (x"B6"))=> OK, read data = (x"B6"). ' 'Slave to Master check'  [69]'
%%     2333032.5 ns  Log    ID_BFM              I2C_VVC,4           i2c_slave_transmit((x"8B"))=> (x"8B"). ' 'Slave to Master transmit'  [70]'
%%     2333537.5 ns  Log    ID_BFM              I2C_VVC,5           i2c_master_check(A:x"2D5", (x"8B"))=> OK, read data = (x"8B"). ' 'Slave to Master check'  [71]'
%%     2376047.5 ns  Log    ID_BFM              I2C_VVC,4           i2c_slave_transmit((x"BB"))=> (x"BB"). ' 'Slave to Master transmit'  [72]'
%%     2376552.5 ns  Log    ID_BFM              I2C_VVC,5           i2c_master_check(A:x"2D5", (x"BB"))=> OK, read data = (x"BB"). ' 'Slave to Master check'  [73]'
%%     2419062.5 ns  Log    ID_BFM              I2C_VVC,4           i2c_slave_transmit((x"8E"))=> (x"8E"). ' 'Slave to Master transmit'  [74]'
%%     2419567.5 ns  Log    ID_BFM              I2C_VVC,5           i2c_master_check(A:x"2D5", (x"8E"))=> OK, read data = (x"8E"). ' 'Slave to Master check'  [75]'
%%     2462077.5 ns  Log    ID_BFM              I2C_VVC,4           i2c_slave_transmit((x"71"))=> (x"71"). ' 'Slave to Master transmit'  [76]'
%%     2462582.5 ns  Log    ID_BFM              I2C_VVC,5           i2c_master_check(A:x"2D5", (x"71"))=> OK, read data = (x"71"). ' 'Slave to Master check'  [77]'
%%     2505092.5 ns  Log    ID_BFM              I2C_VVC,4           i2c_slave_transmit((x"A2"))=> (x"A2"). ' 'Slave to Master transmit'  [78]'
%%     2505597.5 ns  Log    ID_BFM              I2C_VVC,5           i2c_master_check(A:x"2D5", (x"A2"))=> OK, read data = (x"A2"). ' 'Slave to Master check'  [79]'
%%     2548107.5 ns  Log    ID_BFM              I2C_VVC,4           i2c_slave_transmit((x"EE"))=> (x"EE"). ' 'Slave to Master transmit'  [80]'
%%     2548612.5 ns  Log    ID_BFM              I2C_VVC,5           i2c_master_check(A:x"2D5", (x"EE"))=> OK, read data = (x"EE"). ' 'Slave to Master check'  [81]'
%%     2591122.5 ns  Log    ID_BFM              I2C_VVC,4           i2c_slave_transmit((x"50"))=> (x"50"). ' 'Slave to Master transmit'  [82]'
%%     2591627.5 ns  Log    ID_BFM              I2C_VVC,5           i2c_master_check(A:x"2D5", (x"50"))=> OK, read data = (x"50"). ' 'Slave to Master check'  [83]'
%%     2634137.5 ns  Log    ID_BFM              I2C_VVC,4           i2c_slave_transmit((x"FF"))=> (x"FF"). ' 'Slave to Master transmit'  [84]'
%%     2634642.5 ns  Log    ID_BFM              I2C_VVC,5           i2c_master_check(A:x"2D5", (x"FF"))=> OK, read data = (x"FF"). ' 'Slave to Master check'  [85]'
%%     2677152.5 ns  Log    ID_BFM              I2C_VVC,4           i2c_slave_transmit((x"B7"))=> (x"B7"). ' 'Slave to Master transmit'  [86]'
%%     2677657.5 ns  Log    ID_BFM              I2C_VVC,5           i2c_master_check(A:x"2D5", (x"B7"))=> OK, read data = (x"B7"). ' 'Slave to Master check'  [87]'
%%     2720167.5 ns  Log    ID_BFM              I2C_VVC,4           i2c_slave_transmit((x"51"))=> (x"51"). ' 'Slave to Master transmit'  [88]'
%%     2720672.5 ns  Log    ID_BFM              I2C_VVC,5           i2c_master_check(A:x"2D5", (x"51"))=> OK, read data = (x"51"). ' 'Slave to Master check'  [89]'
%%     2763182.5 ns  Log    ID_BFM              I2C_VVC,4           i2c_slave_transmit((x"2F"))=> (x"2F"). ' 'Slave to Master transmit'  [90]'
%%     2763687.5 ns  Log    ID_BFM              I2C_VVC,5           i2c_master_check(A:x"2D5", (x"2F"))=> OK, read data = (x"2F"). ' 'Slave to Master check'  [91]'
%%     2806197.5 ns  Log    ID_BFM              I2C_VVC,4           i2c_slave_transmit((x"AC"))=> (x"AC"). ' 'Slave to Master transmit'  [92]'
%%     2806702.5 ns  Log    ID_BFM              I2C_VVC,5           i2c_master_check(A:x"2D5", (x"AC"))=> OK, read data = (x"AC"). ' 'Slave to Master check'  [93]'
%%     2849212.5 ns  Log    ID_BFM              I2C_VVC,4           i2c_slave_transmit((x"10"))=> (x"10"). ' 'Slave to Master transmit'  [94]'
%%     2849717.5 ns  Log    ID_BFM              I2C_VVC,5           i2c_master_check(A:x"2D5", (x"10"))=> OK, read data = (x"10"). ' 'Slave to Master check'  [95]'
%%     2892227.5 ns  Log    ID_BFM              I2C_VVC,4           i2c_slave_transmit((x"09"))=> (x"9"). ' 'Slave to Master transmit'  [96]'
%%     2892732.5 ns  Log    ID_BFM              I2C_VVC,5           i2c_master_check(A:x"2D5", (x"09"))=> OK, read data = (x"9"). ' 'Slave to Master check'  [97]'
%%     2935242.5 ns  Log    ID_BFM              I2C_VVC,4           i2c_slave_transmit((x"99"))=> (x"99"). ' 'Slave to Master transmit'  [98]'
%%     2935747.5 ns  Log    ID_BFM              I2C_VVC,5           i2c_master_check(A:x"2D5", (x"99"))=> OK, read data = (x"99"). ' 'Slave to Master check'  [99]'
%%     2978257.5 ns  Log    ID_BFM              I2C_VVC,4           i2c_slave_transmit((x"F7"))=> (x"F7"). ' 'Slave to Master transmit'  [100]'
%%     2978762.5 ns  Log    ID_BFM              I2C_VVC,5           i2c_master_check(A:x"2D5", (x"F7"))=> OK, read data = (x"F7"). ' 'Slave to Master check'  [101]'
%%     3021272.5 ns  Log    ID_BFM              I2C_VVC,4           i2c_slave_transmit((x"3A"))=> (x"3A"). ' 'Slave to Master transmit'  [102]'
%%     3021777.5 ns  Log    ID_BFM              I2C_VVC,5           i2c_master_check(A:x"2D5", (x"3A"))=> OK, read data = (x"3A"). ' 'Slave to Master check'  [103]'
%%     3064287.5 ns  Log    ID_BFM              I2C_VVC,4           i2c_slave_transmit((x"00"))=> (x"00"). ' 'Slave to Master transmit'  [104]'
%%     3064792.5 ns  Log    ID_BFM              I2C_VVC,5           i2c_master_check(A:x"2D5", (x"00"))=> OK, read data = (x"00"). ' 'Slave to Master check'  [105]'
%%     3107302.5 ns  Log    ID_BFM              I2C_VVC,4           i2c_slave_transmit((x"ED"))=> (x"ED"). ' 'Slave to Master transmit'  [106]'
%%     3107807.5 ns  Log    ID_BFM              I2C_VVC,5           i2c_master_check(A:x"2D5", (x"ED"))=> OK, read data = (x"ED"). ' 'Slave to Master check'  [107]'
%%     3150317.5 ns  Log    ID_BFM              I2C_VVC,4           i2c_slave_transmit((x"C1"))=> (x"C1"). ' 'Slave to Master transmit'  [108]'
%%     3150822.5 ns  Log    ID_BFM              I2C_VVC,5           i2c_master_check(A:x"2D5", (x"C1"))=> OK, read data = (x"C1"). ' 'Slave to Master check'  [109]'
%%     3193332.5 ns  Log    ID_BFM              I2C_VVC,4           i2c_slave_transmit((x"3B"))=> (x"3B"). ' 'Slave to Master transmit'  [110]'
%%     3193837.5 ns  Log    ID_BFM              I2C_VVC,5           i2c_master_check(A:x"2D5", (x"3B"))=> OK, read data = (x"3B"). ' 'Slave to Master check'  [111]'
%%     3236347.5 ns  Log    ID_BFM              I2C_VVC,4           i2c_slave_transmit((x"40"))=> (x"40"). ' 'Slave to Master transmit'  [112]'
%%     3236852.5 ns  Log    ID_BFM              I2C_VVC,5           i2c_master_check(A:x"2D5", (x"40"))=> OK, read data = (x"40"). ' 'Slave to Master check'  [113]'
%%     3279362.5 ns  Log    ID_BFM              I2C_VVC,4           i2c_slave_transmit((x"D5"))=> (x"D5"). ' 'Slave to Master transmit'  [114]'
%%     3279867.5 ns  Log    ID_BFM              I2C_VVC,5           i2c_master_check(A:x"2D5", (x"D5"))=> OK, read data = (x"D5"). ' 'Slave to Master check'  [115]'
%%     3322377.5 ns  Log    ID_BFM              I2C_VVC,4           i2c_slave_transmit((x"DC"))=> (x"DC"). ' 'Slave to Master transmit'  [116]'
%%     3322882.5 ns  Log    ID_BFM              I2C_VVC,5           i2c_master_check(A:x"2D5", (x"DC"))=> OK, read data = (x"DC"). ' 'Slave to Master check'  [117]'
%%     3365392.5 ns  Log    ID_BFM              I2C_VVC,4           i2c_slave_transmit((x"E6"))=> (x"E6"). ' 'Slave to Master transmit'  [118]'
%%     3365897.5 ns  Log    ID_BFM              I2C_VVC,5           i2c_master_check(A:x"2D5", (x"E6"))=> OK, read data = (x"E6"). ' 'Slave to Master check'  [119]'
%%     3408407.5 ns  Log    ID_BFM              I2C_VVC,4           i2c_slave_transmit((x"A6"))=> (x"A6"). ' 'Slave to Master transmit'  [120]'
%%     3408912.5 ns  Log    ID_BFM              I2C_VVC,5           i2c_master_check(A:x"2D5", (x"A6"))=> OK, read data = (x"A6"). ' 'Slave to Master check'  [121]'
%%     3451422.5 ns  Log    ID_BFM              I2C_VVC,4           i2c_slave_transmit((x"1F"))=> (x"1F"). ' 'Slave to Master transmit'  [122]'
%%     3451927.5 ns  Log    ID_BFM              I2C_VVC,5           i2c_master_check(A:x"2D5", (x"1F"))=> OK, read data = (x"1F"). ' 'Slave to Master check'  [123]'
%%     3494437.5 ns  Log    ID_BFM              I2C_VVC,4           i2c_slave_transmit((x"E3"))=> (x"E3"). ' 'Slave to Master transmit'  [124]'
%%     3494942.5 ns  Log    ID_BFM              I2C_VVC,5           i2c_master_check(A:x"2D5", (x"E3"))=> OK, read data = (x"E3"). ' 'Slave to Master check'  [125]'
%%     3537452.5 ns  Log    ID_BFM              I2C_VVC,4           i2c_slave_transmit((x"D8"))=> (x"D8"). ' 'Slave to Master transmit'  [126]'
%%     3537957.5 ns  Log    ID_BFM              I2C_VVC,5           i2c_master_check(A:x"2D5", (x"D8"))=> OK, read data = (x"D8"). ' 'Slave to Master check'  [127]'
%%     3580467.5 ns  Log    ID_BFM              I2C_VVC,4           i2c_slave_transmit((x"04"))=> (x"4"). ' 'Slave to Master transmit'  [128]'
%%     3580972.5 ns  Log    ID_BFM              I2C_VVC,5           i2c_master_check(A:x"2D5", (x"04"))=> OK, read data = (x"4"). ' 'Slave to Master check'  [129]'
%%     3623482.5 ns  Log    ID_BFM              I2C_VVC,4           i2c_slave_transmit((x"C4"))=> (x"C4"). ' 'Slave to Master transmit'  [130]'
%%     3623987.5 ns  Log    ID_BFM              I2C_VVC,5           i2c_master_check(A:x"2D5", (x"C4"))=> OK, read data = (x"C4"). ' 'Slave to Master check'  [131]'
%%     3666497.5 ns  Log    ID_BFM              I2C_VVC,4           i2c_slave_transmit((x"EA"))=> (x"EA"). ' 'Slave to Master transmit'  [132]'
%%     3667002.5 ns  Log    ID_BFM              I2C_VVC,5           i2c_master_check(A:x"2D5", (x"EA"))=> OK, read data = (x"EA"). ' 'Slave to Master check'  [133]'
%%     3709512.5 ns  Log    ID_BFM              I2C_VVC,4           i2c_slave_transmit((x"63"))=> (x"63"). ' 'Slave to Master transmit'  [134]'
%%     3710017.5 ns  Log    ID_BFM              I2C_VVC,5           i2c_master_check(A:x"2D5", (x"63"))=> OK, read data = (x"63"). ' 'Slave to Master check'  [135]'
%%     3752527.5 ns  Log    ID_BFM              I2C_VVC,4           i2c_slave_transmit((x"2C"))=> (x"2C"). ' 'Slave to Master transmit'  [136]'
%%     3753032.5 ns  Log    ID_BFM              I2C_VVC,5           i2c_master_check(A:x"2D5", (x"2C"))=> OK, read data = (x"2C"). ' 'Slave to Master check'  [137]'
%%     3795542.5 ns  Log    ID_BFM              I2C_VVC,4           i2c_slave_transmit((x"D0"))=> (x"D0"). ' 'Slave to Master transmit'  [138]'
%%     3796047.5 ns  Log    ID_BFM              I2C_VVC,5           i2c_master_check(A:x"2D5", (x"D0"))=> OK, read data = (x"D0"). ' 'Slave to Master check'  [139]'
%%     3838557.5 ns  Log    ID_BFM              I2C_VVC,4           i2c_slave_transmit((x"02"))=> (x"2"). ' 'Slave to Master transmit'  [140]'
%%     3839062.5 ns  Log    ID_BFM              I2C_VVC,5           i2c_master_check(A:x"2D5", (x"02"))=> OK, read data = (x"2"). ' 'Slave to Master check'  [141]'
%%     3881572.5 ns  Log    ID_BFM              I2C_VVC,4           i2c_slave_transmit((x"25"))=> (x"25"). ' 'Slave to Master transmit'  [142]'
%%     3882077.5 ns  Log    ID_BFM              I2C_VVC,5           i2c_master_check(A:x"2D5", (x"25"))=> OK, read data = (x"25"). ' 'Slave to Master check'  [143]'
%%     3924587.5 ns  Log    ID_BFM              I2C_VVC,4           i2c_slave_transmit((x"92"))=> (x"92"). ' 'Slave to Master transmit'  [144]'
%%     3925092.5 ns  Log    ID_BFM              I2C_VVC,5           i2c_master_check(A:x"2D5", (x"92"))=> OK, read data = (x"92"). ' 'Slave to Master check'  [145]'
%%     3967602.5 ns  Log    ID_BFM              I2C_VVC,4           i2c_slave_transmit((x"E1"))=> (x"E1"). ' 'Slave to Master transmit'  [146]'
%%     3968107.5 ns  Log    ID_BFM              I2C_VVC,5           i2c_master_check(A:x"2D5", (x"E1"))=> OK, read data = (x"E1"). ' 'Slave to Master check'  [147]'
%%     4010617.5 ns  Log    ID_BFM              I2C_VVC,4           i2c_slave_transmit((x"29"))=> (x"29"). ' 'Slave to Master transmit'  [148]'
%%     4011122.5 ns  Log    ID_BFM              I2C_VVC,5           i2c_master_check(A:x"2D5", (x"29"))=> OK, read data = (x"29"). ' 'Slave to Master check'  [149]'
%%     4053632.5 ns  Log    ID_BFM              I2C_VVC,4           i2c_slave_transmit((x"A3"))=> (x"A3"). ' 'Slave to Master transmit'  [150]'
%%     4054137.5 ns  Log    ID_BFM              I2C_VVC,5           i2c_master_check(A:x"2D5", (x"A3"))=> OK, read data = (x"A3"). ' 'Slave to Master check'  [151]'
%%     4096647.5 ns  Log    ID_BFM              I2C_VVC,4           i2c_slave_transmit((x"E0"))=> (x"E0"). ' 'Slave to Master transmit'  [152]'
%%     4097152.5 ns  Log    ID_BFM              I2C_VVC,5           i2c_master_check(A:x"2D5", (x"E0"))=> OK, read data = (x"E0"). ' 'Slave to Master check'  [153]'
%%     4139662.5 ns  Log    ID_BFM              I2C_VVC,4           i2c_slave_transmit((x"4D"))=> (x"4D"). ' 'Slave to Master transmit'  [154]'
%%     4140167.5 ns  Log    ID_BFM              I2C_VVC,5           i2c_master_check(A:x"2D5", (x"4D"))=> OK, read data = (x"4D"). ' 'Slave to Master check'  [155]'
%%     4182677.5 ns  Log    ID_BFM              I2C_VVC,4           i2c_slave_transmit((x"D4"))=> (x"D4"). ' 'Slave to Master transmit'  [156]'
%%     4183182.5 ns  Log    ID_BFM              I2C_VVC,5           i2c_master_check(A:x"2D5", (x"D4"))=> OK, read data = (x"D4"). ' 'Slave to Master check'  [157]'
%%     4225692.5 ns  Log    ID_BFM              I2C_VVC,4           i2c_slave_transmit((x"01"))=> (x"1"). ' 'Slave to Master transmit'  [158]'
%%     4226197.5 ns  Log    ID_BFM              I2C_VVC,5           i2c_master_check(A:x"2D5", (x"01"))=> OK, read data = (x"1"). ' 'Slave to Master check'  [159]'
%%     4268707.5 ns  Log    ID_BFM              I2C_VVC,4           i2c_slave_transmit((x"41"))=> (x"41"). ' 'Slave to Master transmit'  [160]'
%%     4269212.5 ns  Log    ID_BFM              I2C_VVC,5           i2c_master_check(A:x"2D5", (x"41"))=> OK, read data = (x"41"). ' 'Slave to Master check'  [161]'
%%     4311722.5 ns  Log    ID_BFM              I2C_VVC,4           i2c_slave_transmit((x"D2"))=> (x"D2"). ' 'Slave to Master transmit'  [162]'
%%     4312227.5 ns  Log    ID_BFM              I2C_VVC,5           i2c_master_check(A:x"2D5", (x"D2"))=> OK, read data = (x"D2"). ' 'Slave to Master check'  [163]'
%%     4354737.5 ns  Log    ID_BFM              I2C_VVC,4           i2c_slave_transmit((x"C1"))=> (x"C1"). ' 'Slave to Master transmit'  [164]'
%%     4355242.5 ns  Log    ID_BFM              I2C_VVC,5           i2c_master_check(A:x"2D5", (x"C1"))=> OK, read data = (x"C1"). ' 'Slave to Master check'  [165]'
%%     4397752.5 ns  Log    ID_BFM              I2C_VVC,4           i2c_slave_transmit((x"78"))=> (x"78"). ' 'Slave to Master transmit'  [166]'
%%     4398257.5 ns  Log    ID_BFM              I2C_VVC,5           i2c_master_check(A:x"2D5", (x"78"))=> OK, read data = (x"78"). ' 'Slave to Master check'  [167]'
%%     4440767.5 ns  Log    ID_BFM              I2C_VVC,4           i2c_slave_transmit((x"8A"))=> (x"8A"). ' 'Slave to Master transmit'  [168]'
%%     4441272.5 ns  Log    ID_BFM              I2C_VVC,5           i2c_master_check(A:x"2D5", (x"8A"))=> OK, read data = (x"8A"). ' 'Slave to Master check'  [169]'
%%     4483782.5 ns  Log    ID_BFM              I2C_VVC,4           i2c_slave_transmit((x"72"))=> (x"72"). ' 'Slave to Master transmit'  [170]'
%%     4484287.5 ns  Log    ID_BFM              I2C_VVC,5           i2c_master_check(A:x"2D5", (x"72"))=> OK, read data = (x"72"). ' 'Slave to Master check'  [171]'
%%     4526797.5 ns  Log    ID_BFM              I2C_VVC,4           i2c_slave_transmit((x"3F"))=> (x"3F"). ' 'Slave to Master transmit'  [172]'
%%     4527302.5 ns  Log    ID_BFM              I2C_VVC,5           i2c_master_check(A:x"2D5", (x"3F"))=> OK, read data = (x"3F"). ' 'Slave to Master check'  [173]'
%%     4569812.5 ns  Log    ID_BFM              I2C_VVC,4           i2c_slave_transmit((x"51"))=> (x"51"). ' 'Slave to Master transmit'  [174]'
%%     4570317.5 ns  Log    ID_BFM              I2C_VVC,5           i2c_master_check(A:x"2D5", (x"51"))=> OK, read data = (x"51"). ' 'Slave to Master check'  [175]'
%%     4612827.5 ns  Log    ID_BFM              I2C_VVC,4           i2c_slave_transmit((x"B5"))=> (x"B5"). ' 'Slave to Master transmit'  [176]'
%%     4613332.5 ns  Log    ID_BFM              I2C_VVC,5           i2c_master_check(A:x"2D5", (x"B5"))=> OK, read data = (x"B5"). ' 'Slave to Master check'  [177]'
%%     4655842.5 ns  Log    ID_BFM              I2C_VVC,4           i2c_slave_transmit((x"63"))=> (x"63"). ' 'Slave to Master transmit'  [178]'
%%     4656347.5 ns  Log    ID_BFM              I2C_VVC,5           i2c_master_check(A:x"2D5", (x"63"))=> OK, read data = (x"63"). ' 'Slave to Master check'  [179]'
%%     4698857.5 ns  Log    ID_BFM              I2C_VVC,4           i2c_slave_transmit((x"65"))=> (x"65"). ' 'Slave to Master transmit'  [180]'
%%     4699362.5 ns  Log    ID_BFM              I2C_VVC,5           i2c_master_check(A:x"2D5", (x"65"))=> OK, read data = (x"65"). ' 'Slave to Master check'  [181]'
%%     4741872.5 ns  Log    ID_BFM              I2C_VVC,4           i2c_slave_transmit((x"C5"))=> (x"C5"). ' 'Slave to Master transmit'  [182]'
%%     4742377.5 ns  Log    ID_BFM              I2C_VVC,5           i2c_master_check(A:x"2D5", (x"C5"))=> OK, read data = (x"C5"). ' 'Slave to Master check'  [183]'
%%     4784887.5 ns  Log    ID_BFM              I2C_VVC,4           i2c_slave_transmit((x"4A"))=> (x"4A"). ' 'Slave to Master transmit'  [184]'
%%     4785392.5 ns  Log    ID_BFM              I2C_VVC,5           i2c_master_check(A:x"2D5", (x"4A"))=> OK, read data = (x"4A"). ' 'Slave to Master check'  [185]'
%%     4827902.5 ns  Log    ID_BFM              I2C_VVC,4           i2c_slave_transmit((x"9A"))=> (x"9A"). ' 'Slave to Master transmit'  [186]'
%%     4828407.5 ns  Log    ID_BFM              I2C_VVC,5           i2c_master_check(A:x"2D5", (x"9A"))=> OK, read data = (x"9A"). ' 'Slave to Master check'  [187]'
%%     4870917.5 ns  Log    ID_BFM              I2C_VVC,4           i2c_slave_transmit((x"C5"))=> (x"C5"). ' 'Slave to Master transmit'  [188]'
%%     4871422.5 ns  Log    ID_BFM              I2C_VVC,5           i2c_master_check(A:x"2D5", (x"C5"))=> OK, read data = (x"C5"). ' 'Slave to Master check'  [189]'
%%     4913932.5 ns  Log    ID_BFM              I2C_VVC,4           i2c_slave_transmit((x"35"))=> (x"35"). ' 'Slave to Master transmit'  [190]'
%%     4914437.5 ns  Log    ID_BFM              I2C_VVC,5           i2c_master_check(A:x"2D5", (x"35"))=> OK, read data = (x"35"). ' 'Slave to Master check'  [191]'
%%     4956947.5 ns  Log    ID_BFM              I2C_VVC,4           i2c_slave_transmit((x"BD"))=> (x"BD"). ' 'Slave to Master transmit'  [192]'
%%     4957452.5 ns  Log    ID_BFM              I2C_VVC,5           i2c_master_check(A:x"2D5", (x"BD"))=> OK, read data = (x"BD"). ' 'Slave to Master check'  [193]'
%%     4999962.5 ns  Log    ID_BFM              I2C_VVC,4           i2c_slave_transmit((x"41"))=> (x"41"). ' 'Slave to Master transmit'  [194]'
%%     5000467.5 ns  Log    ID_BFM              I2C_VVC,5           i2c_master_check(A:x"2D5", (x"41"))=> OK, read data = (x"41"). ' 'Slave to Master check'  [195]'
%%     5042977.5 ns  Log    ID_BFM              I2C_VVC,4           i2c_slave_transmit((x"67"))=> (x"67"). ' 'Slave to Master transmit'  [196]'
%%     5043482.5 ns  Log    ID_BFM              I2C_VVC,5           i2c_master_check(A:x"2D5", (x"67"))=> OK, read data = (x"67"). ' 'Slave to Master check'  [197]'
%%     5085992.5 ns  Log    ID_BFM              I2C_VVC,4           i2c_slave_transmit((x"E2"))=> (x"E2"). ' 'Slave to Master transmit'  [198]'
%%     5086497.5 ns  Log    ID_BFM              I2C_VVC,5           i2c_master_check(A:x"2D5", (x"E2"))=> OK, read data = (x"E2"). ' 'Slave to Master check'  [199]'
%%     5129007.5 ns  Log    ID_BFM              I2C_VVC,4           i2c_slave_transmit((x"22"))=> (x"22"). ' 'Slave to Master transmit'  [200]'
%%     5129512.5 ns  Log    ID_BFM              I2C_VVC,5           i2c_master_check(A:x"2D5", (x"22"))=> OK, read data = (x"22"). ' 'Slave to Master check'  [201]'
%%     5172022.5 ns  Log    ID_BFM              I2C_VVC,4           i2c_slave_transmit((x"17"))=> (x"17"). ' 'Slave to Master transmit'  [202]'
%%     5172527.5 ns  Log    ID_BFM              I2C_VVC,5           i2c_master_check(A:x"2D5", (x"17"))=> OK, read data = (x"17"). ' 'Slave to Master check'  [203]'
%%     5215037.5 ns  Log    ID_BFM              I2C_VVC,4           i2c_slave_transmit((x"5C"))=> (x"5C"). ' 'Slave to Master transmit'  [204]'
%%     5215542.5 ns  Log    ID_BFM              I2C_VVC,5           i2c_master_check(A:x"2D5", (x"5C"))=> OK, read data = (x"5C"). ' 'Slave to Master check'  [205]'
%%     5258052.5 ns  Log    ID_BFM              I2C_VVC,4           i2c_slave_transmit((x"CC"))=> (x"CC"). ' 'Slave to Master transmit'  [206]'
%%     5258557.5 ns  Log    ID_BFM              I2C_VVC,5           i2c_master_check(A:x"2D5", (x"CC"))=> OK, read data = (x"CC"). ' 'Slave to Master check'  [207]'
%%     5301067.5 ns  Log    ID_BFM              I2C_VVC,4           i2c_slave_transmit((x"BA"))=> (x"BA"). ' 'Slave to Master transmit'  [208]'
%%     5301572.5 ns  Log    ID_BFM              I2C_VVC,5           i2c_master_check(A:x"2D5", (x"BA"))=> OK, read data = (x"BA"). ' 'Slave to Master check'  [209]'
%%     5344082.5 ns  Log    ID_BFM              I2C_VVC,4           i2c_slave_transmit((x"E0"))=> (x"E0"). ' 'Slave to Master transmit'  [210]'
%%     5344587.5 ns  Log    ID_BFM              I2C_VVC,5           i2c_master_check(A:x"2D5", (x"E0"))=> OK, read data = (x"E0"). ' 'Slave to Master check'  [211]'
%%     5344588.5 ns  Log    ID_AWAIT_UVVM_COMP  I2C_VVC_TB          await_uvvm_completion() => OK. All VVCs are inactive. Condition occurred after 1 ns
%%     5344588.5 ns  Log    ID_AWAIT_UVVM_COMP  I2C_VVC_TB          await_uvvm_completion()() => OK. All UVVM scoreboards are empty. Condition occurred after 0 ns
%% 
%% ============================================================================================================================================================================
%%  *** INTERMEDIATE SUMMARY OF ALL ALERTS ***
%% ============================================================================================================================================================================
%%     5344588.5 ns  DONE   NOCHECKS  slave_to_master_VVC-to-VVC_10_bit_addressing  Passed: 0
%%    Expected      Failures: 0  Errors: 0  Warnings: 0  Passed: 0
%%    VHDL Asserts  Failures: 0  Errors: 0  Warnings: 0  Passed: 0
%%    Default       Failures: 0  Errors: 0  Warnings: 0  Passed: 0
%%    OSVVM         Failures: 0  Errors: 0  Warnings: 0  Passed: 0
%% ============================================================================================================================================================================
%% 
%% 
%% 
%%     5344588.5 ns  Log    ID_LOG_HDR          I2C_VVC_TB          SIMULATION COMPLETED
%% ----------------------------------------------------------------------------------------------------------------------------------------------------------------------------
