%%      
%%      -----------------------------------------------------------------------------------------------------------------------------------------------------------------------
%%      ***  REPORT OF GLOBAL CTRL ***
%%      -----------------------------------------------------------------------------------------------------------------------------------------------------------------------
%%                                IGNORE    STOP_LIMIT
%%                NOTE         :  REGARD         0
%%                TB_NOTE      :  REGARD         0
%%                WARNING      :  REGARD         0
%%                TB_WARNING   :  REGARD         0
%%                MANUAL_CHECK :  REGARD         0
%%                ERROR        :  REGARD         0
%%                TB_ERROR     :  REGARD         0
%%                FAILURE      :  REGARD         1
%%                TB_FAILURE   :  REGARD         1
%%      -----------------------------------------------------------------------------------------------------------------------------------------------------------------------
%%      
%%      
%%      -----------------------------------------------------------------------------------------------------------------------------------------------------------------------
%%      ***  REPORT OF MSG ID PANEL ***
%%      -----------------------------------------------------------------------------------------------------------------------------------------------------------------------
%%                ID                             Status
%%                ------------------------       ------
%%                ID_UTIL_BURIED               : DISABLED
%%                ID_BITVIS_DEBUG              : DISABLED
%%                ID_UTIL_SETUP                : ENABLED
%%                ID_LOG_MSG_CTRL              : ENABLED
%%                ID_ALERT_CTRL                : ENABLED
%%                ID_FINISH_OR_STOP            : ENABLED
%%                ID_CLOCK_GEN                 : ENABLED
%%                ID_GEN_PULSE                 : ENABLED
%%                ID_BLOCKING                  : ENABLED
%%                ID_WATCHDOG                  : ENABLED
%%                ID_RAND_GEN                  : DISABLED
%%                ID_RAND_CONF                 : DISABLED
%%                ID_FUNC_COV_BINS             : DISABLED
%%                ID_FUNC_COV_BINS_INFO        : DISABLED
%%                ID_FUNC_COV_RAND             : DISABLED
%%                ID_FUNC_COV_SAMPLE           : DISABLED
%%                ID_FUNC_COV_CONFIG           : DISABLED
%%                ID_POS_ACK                   : ENABLED
%%                ID_UVVM_ASSERTION            : ENABLED
%%                ID_LOG_HDR                   : ENABLED
%%                ID_LOG_HDR_LARGE             : ENABLED
%%                ID_LOG_HDR_XL                : ENABLED
%%                ID_SEQUENCER                 : ENABLED
%%                ID_SEQUENCER_SUB             : ENABLED
%%                ID_BFM                       : ENABLED
%%                ID_BFM_WAIT                  : ENABLED
%%                ID_BFM_POLL                  : ENABLED
%%                ID_BFM_POLL_SUMMARY          : ENABLED
%%                ID_CHANNEL_BFM               : ENABLED
%%                ID_TERMINATE_CMD             : ENABLED
%%                ID_SEGMENT_INITIATE          : ENABLED
%%                ID_SEGMENT_COMPLETE          : ENABLED
%%                ID_SEGMENT_HDR               : ENABLED
%%                ID_SEGMENT_DATA              : ENABLED
%%                ID_PACKET_INITIATE           : ENABLED
%%                ID_PACKET_PREAMBLE           : ENABLED
%%                ID_PACKET_COMPLETE           : ENABLED
%%                ID_PACKET_HDR                : ENABLED
%%                ID_PACKET_DATA               : ENABLED
%%                ID_PACKET_CHECKSUM           : ENABLED
%%                ID_PACKET_GAP                : ENABLED
%%                ID_PACKET_PAYLOAD            : ENABLED
%%                ID_FRAME_INITIATE            : ENABLED
%%                ID_FRAME_COMPLETE            : ENABLED
%%                ID_FRAME_HDR                 : ENABLED
%%                ID_FRAME_DATA                : ENABLED
%%                ID_COVERAGE_MAKEBIN          : DISABLED
%%                ID_COVERAGE_ADDBIN           : DISABLED
%%                ID_COVERAGE_ICOVER           : DISABLED
%%                ID_COVERAGE_CONFIG           : ENABLED
%%                ID_COVERAGE_SUMMARY          : ENABLED
%%                ID_COVERAGE_HOLES            : ENABLED
%%                ID_UVVM_SEND_CMD             : ENABLED
%%                ID_UVVM_CMD_ACK              : ENABLED
%%                ID_UVVM_CMD_RESULT           : ENABLED
%%                ID_CMD_INTERPRETER           : ENABLED
%%                ID_CMD_INTERPRETER_WAIT      : ENABLED
%%                ID_IMMEDIATE_CMD             : ENABLED
%%                ID_IMMEDIATE_CMD_WAIT        : ENABLED
%%                ID_CMD_EXECUTOR              : ENABLED
%%                ID_CMD_EXECUTOR_WAIT         : ENABLED
%%                ID_CHANNEL_EXECUTOR          : ENABLED
%%                ID_CHANNEL_EXECUTOR_WAIT     : ENABLED
%%                ID_NEW_HVVC_CMD_SEQ          : ENABLED
%%                ID_INSERTED_DELAY            : ENABLED
%%                ID_OLD_AWAIT_COMPLETION      : ENABLED
%%                ID_AWAIT_COMPLETION          : ENABLED
%%                ID_AWAIT_COMPLETION_LIST     : ENABLED
%%                ID_AWAIT_COMPLETION_WAIT     : ENABLED
%%                ID_AWAIT_COMPLETION_END      : ENABLED
%%                ID_AWAIT_UVVM_COMPLETION     : ENABLED
%%                ID_UVVM_DATA_QUEUE           : ENABLED
%%                ID_CONSTRUCTOR               : ENABLED
%%                ID_CONSTRUCTOR_SUB           : ENABLED
%%                ID_VVC_ACTIVITY              : ENABLED
%%                ID_MONITOR                   : ENABLED
%%                ID_MONITOR_ERROR             : ENABLED
%%                ID_DATA                      : ENABLED
%%                ID_CTRL                      : ENABLED
%%                ID_SPEC_COV_INIT             : ENABLED
%%                ID_SPEC_COV_REQS             : ENABLED
%%                ID_SPEC_COV                  : ENABLED
%%                ID_FILE_OPEN_CLOSE           : ENABLED
%%                ID_FILE_PARSER               : ENABLED
%%      -----------------------------------------------------------------------------------------------------------------------------------------------------------------------
%%      
%%           0.0 ns  Log    ID_LOG_MSG_CTRL     TB seq.             enable_log_msg(ALL_MESSAGES).
%% 
%% 
%% ============================================================================================================================================================================
%%           0.0 ns  Log    ID_LOG_HDR_LARGE    TB seq.             Start Simulation of GMII
%% ============================================================================================================================================================================
%%           0.0 ns  Log    ID_CLOCK_GEN        TB seq.             Starting clock GMII CLK
%%          80.0 ns  Log    ID_BLOCKING         Main seq.           Waiting for barrier. 'Synchronizing TX'
%%          80.0 ns  Log    ID_BLOCKING         Slave seq.          Barrier received. 'Synchronizing RX'
%%          80.0 ns  Log    ID_BLOCKING         Main seq.           Barrier received. 'Synchronizing TX'
%% 
%% 
%%          80.0 ns  Log    ID_LOG_HDR          TB seq.             Testing that BFM procedures normalize data arrays
%% ----------------------------------------------------------------------------------------------------------------------------------------------------------------------------
%%          92.0 ns  Log    ID_BFM              Main seq.           gmii_write(5 bytes)=>
%%          92.0 ns  Log    ID_BFM              Slave seq.          gmii_read(5 bytes)=>
%%         130.0 ns  Log    ID_BFM              Main seq.           gmii_write(5 bytes) DONE.
%%         132.0 ns  Log    ID_BFM              Main seq.           gmii_write(7 bytes)=>
%%         170.0 ns  Log    ID_BFM              Slave seq.          gmii_read(5 bytes) DONE.
%%         172.0 ns  Log    ID_BFM              Slave seq.          gmii_expect(7 bytes) while executing gmii_read=>
%%         186.0 ns  Log    ID_BFM              Main seq.           gmii_write(7 bytes) DONE.
%%         186.0 ns  Log    ID_BLOCKING         Main seq.           Waiting for barrier. 'Synchronizing TX'
%%         226.0 ns  Log    ID_BFM              Slave seq.          gmii_expect(7 bytes)=> OK, received 7 bytes.
%%         226.0 ns  Log    ID_BLOCKING         Slave seq.          Waiting for barrier. 'Synchronizing RX'
%%         226.0 ns  Log    ID_BLOCKING         Main seq.           Barrier received. 'Synchronizing TX'
%% 
%% 
%%         226.0 ns  Log    ID_LOG_HDR          TB seq.             Testing explicit std_logic_vector values
%% ----------------------------------------------------------------------------------------------------------------------------------------------------------------------------
%%         226.0 ns  Log    ID_BLOCKING         Slave seq.          Barrier received. 'Synchronizing RX'
%%         228.0 ns  Log    ID_BFM              Main seq.           gmii_write(5 bytes)=>
%%         228.0 ns  Log    ID_BFM              Slave seq.          gmii_expect(5 bytes) while executing gmii_read=>
%%         266.0 ns  Log    ID_BFM              Main seq.           gmii_write(5 bytes) DONE.
%%         266.0 ns  Log    ID_BLOCKING         Main seq.           Waiting for barrier. 'Synchronizing TX'
%%         306.0 ns  Log    ID_BFM              Slave seq.          gmii_expect(5 bytes)=> OK, received 5 bytes.
%%         306.0 ns  Log    ID_BLOCKING         Slave seq.          Waiting for barrier. 'Synchronizing RX'
%%         306.0 ns  Log    ID_BLOCKING         Main seq.           Barrier received. 'Synchronizing TX'
%% 
%% 
%%         306.0 ns  Log    ID_LOG_HDR          TB seq.             Testing data sizes
%% ----------------------------------------------------------------------------------------------------------------------------------------------------------------------------
%%         306.0 ns  Log    ID_BLOCKING         Slave seq.          Barrier received. 'Synchronizing RX'
%%         308.0 ns  Log    ID_BFM              Main seq.           gmii_write(1 bytes)=>
%%         308.0 ns  Log    ID_BFM              Slave seq.          gmii_expect(1 bytes) while executing gmii_read=>
%%         314.0 ns  Log    ID_BFM              Main seq.           gmii_write(1 bytes) DONE.
%%         316.0 ns  Log    ID_BFM              Main seq.           gmii_write(2 bytes)=>
%%         330.0 ns  Log    ID_BFM              Main seq.           gmii_write(2 bytes) DONE.
%%         332.0 ns  Log    ID_BFM              Main seq.           gmii_write(3 bytes)=>
%%         354.0 ns  Log    ID_BFM              Main seq.           gmii_write(3 bytes) DONE.
%%         354.0 ns  Log    ID_BFM              Slave seq.          gmii_expect(1 bytes)=> OK, received 1 bytes.
%%         356.0 ns  Log    ID_BFM              Main seq.           gmii_write(4 bytes)=>
%%         356.0 ns  Log    ID_BFM              Slave seq.          gmii_expect(2 bytes) while executing gmii_read=>
%%         370.0 ns  Log    ID_BFM              Slave seq.          gmii_expect(2 bytes)=> OK, received 2 bytes.
%%         372.0 ns  Log    ID_BFM              Slave seq.          gmii_expect(3 bytes) while executing gmii_read=>
%%         386.0 ns  Log    ID_BFM              Main seq.           gmii_write(4 bytes) DONE.
%%         388.0 ns  Log    ID_BFM              Main seq.           gmii_write(5 bytes)=>
%%         394.0 ns  Log    ID_BFM              Slave seq.          gmii_expect(3 bytes)=> OK, received 3 bytes.
%%         396.0 ns  Log    ID_BFM              Slave seq.          gmii_expect(4 bytes) while executing gmii_read=>
%%         426.0 ns  Log    ID_BFM              Main seq.           gmii_write(5 bytes) DONE.
%%         426.0 ns  Log    ID_BFM              Slave seq.          gmii_expect(4 bytes)=> OK, received 4 bytes.
%%         428.0 ns  Log    ID_BFM              Main seq.           gmii_write(6 bytes)=>
%%         428.0 ns  Log    ID_BFM              Slave seq.          gmii_expect(5 bytes) while executing gmii_read=>
%%         466.0 ns  Log    ID_BFM              Slave seq.          gmii_expect(5 bytes)=> OK, received 5 bytes.
%%         468.0 ns  Log    ID_BFM              Slave seq.          gmii_expect(6 bytes) while executing gmii_read=>
%%         474.0 ns  Log    ID_BFM              Main seq.           gmii_write(6 bytes) DONE.
%%         476.0 ns  Log    ID_BFM              Main seq.           gmii_write(7 bytes)=>
%%         514.0 ns  Log    ID_BFM              Slave seq.          gmii_expect(6 bytes)=> OK, received 6 bytes.
%%         516.0 ns  Log    ID_BFM              Slave seq.          gmii_expect(7 bytes) while executing gmii_read=>
%%         530.0 ns  Log    ID_BFM              Main seq.           gmii_write(7 bytes) DONE.
%%         532.0 ns  Log    ID_BFM              Main seq.           gmii_write(8 bytes)=>
%%         570.0 ns  Log    ID_BFM              Slave seq.          gmii_expect(7 bytes)=> OK, received 7 bytes.
%%         572.0 ns  Log    ID_BFM              Slave seq.          gmii_expect(8 bytes) while executing gmii_read=>
%%         594.0 ns  Log    ID_BFM              Main seq.           gmii_write(8 bytes) DONE.
%%         596.0 ns  Log    ID_BFM              Main seq.           gmii_write(9 bytes)=>
%%         634.0 ns  Log    ID_BFM              Slave seq.          gmii_expect(8 bytes)=> OK, received 8 bytes.
%%         636.0 ns  Log    ID_BFM              Slave seq.          gmii_expect(9 bytes) while executing gmii_read=>
%%         666.0 ns  Log    ID_BFM              Main seq.           gmii_write(9 bytes) DONE.
%%         668.0 ns  Log    ID_BFM              Main seq.           gmii_write(10 bytes)=>
%%         706.0 ns  Log    ID_BFM              Slave seq.          gmii_expect(9 bytes)=> OK, received 9 bytes.
%%         708.0 ns  Log    ID_BFM              Slave seq.          gmii_expect(10 bytes) while executing gmii_read=>
%%         746.0 ns  Log    ID_BFM              Main seq.           gmii_write(10 bytes) DONE.
%%         748.0 ns  Log    ID_BFM              Main seq.           gmii_write(11 bytes)=>
%%         786.0 ns  Log    ID_BFM              Slave seq.          gmii_expect(10 bytes)=> OK, received 10 bytes.
%%         788.0 ns  Log    ID_BFM              Slave seq.          gmii_expect(11 bytes) while executing gmii_read=>
%%         834.0 ns  Log    ID_BFM              Main seq.           gmii_write(11 bytes) DONE.
%%         836.0 ns  Log    ID_BFM              Main seq.           gmii_write(12 bytes)=>
%%         874.0 ns  Log    ID_BFM              Slave seq.          gmii_expect(11 bytes)=> OK, received 11 bytes.
%%         876.0 ns  Log    ID_BFM              Slave seq.          gmii_expect(12 bytes) while executing gmii_read=>
%%         930.0 ns  Log    ID_BFM              Main seq.           gmii_write(12 bytes) DONE.
%%         932.0 ns  Log    ID_BFM              Main seq.           gmii_write(13 bytes)=>
%%         970.0 ns  Log    ID_BFM              Slave seq.          gmii_expect(12 bytes)=> OK, received 12 bytes.
%%         972.0 ns  Log    ID_BFM              Slave seq.          gmii_expect(13 bytes) while executing gmii_read=>
%%        1034.0 ns  Log    ID_BFM              Main seq.           gmii_write(13 bytes) DONE.
%%        1036.0 ns  Log    ID_BFM              Main seq.           gmii_write(14 bytes)=>
%%        1074.0 ns  Log    ID_BFM              Slave seq.          gmii_expect(13 bytes)=> OK, received 13 bytes.
%%        1076.0 ns  Log    ID_BFM              Slave seq.          gmii_expect(14 bytes) while executing gmii_read=>
%%        1146.0 ns  Log    ID_BFM              Main seq.           gmii_write(14 bytes) DONE.
%%        1148.0 ns  Log    ID_BFM              Main seq.           gmii_write(15 bytes)=>
%%        1186.0 ns  Log    ID_BFM              Slave seq.          gmii_expect(14 bytes)=> OK, received 14 bytes.
%%        1188.0 ns  Log    ID_BFM              Slave seq.          gmii_expect(15 bytes) while executing gmii_read=>
%%        1266.0 ns  Log    ID_BFM              Main seq.           gmii_write(15 bytes) DONE.
%%        1268.0 ns  Log    ID_BFM              Main seq.           gmii_write(16 bytes)=>
%%        1306.0 ns  Log    ID_BFM              Slave seq.          gmii_expect(15 bytes)=> OK, received 15 bytes.
%%        1308.0 ns  Log    ID_BFM              Slave seq.          gmii_expect(16 bytes) while executing gmii_read=>
%%        1394.0 ns  Log    ID_BFM              Main seq.           gmii_write(16 bytes) DONE.
%%        1396.0 ns  Log    ID_BFM              Main seq.           gmii_write(17 bytes)=>
%%        1434.0 ns  Log    ID_BFM              Slave seq.          gmii_expect(16 bytes)=> OK, received 16 bytes.
%%        1436.0 ns  Log    ID_BFM              Slave seq.          gmii_expect(17 bytes) while executing gmii_read=>
%%        1530.0 ns  Log    ID_BFM              Main seq.           gmii_write(17 bytes) DONE.
%%        1532.0 ns  Log    ID_BFM              Main seq.           gmii_write(18 bytes)=>
%%        1570.0 ns  Log    ID_BFM              Slave seq.          gmii_expect(17 bytes)=> OK, received 17 bytes.
%%        1572.0 ns  Log    ID_BFM              Slave seq.          gmii_expect(18 bytes) while executing gmii_read=>
%%        1674.0 ns  Log    ID_BFM              Main seq.           gmii_write(18 bytes) DONE.
%%        1676.0 ns  Log    ID_BFM              Main seq.           gmii_write(19 bytes)=>
%%        1714.0 ns  Log    ID_BFM              Slave seq.          gmii_expect(18 bytes)=> OK, received 18 bytes.
%%        1716.0 ns  Log    ID_BFM              Slave seq.          gmii_expect(19 bytes) while executing gmii_read=>
%%        1826.0 ns  Log    ID_BFM              Main seq.           gmii_write(19 bytes) DONE.
%%        1828.0 ns  Log    ID_BFM              Main seq.           gmii_write(20 bytes)=>
%%        1866.0 ns  Log    ID_BFM              Slave seq.          gmii_expect(19 bytes)=> OK, received 19 bytes.
%%        1868.0 ns  Log    ID_BFM              Slave seq.          gmii_expect(20 bytes) while executing gmii_read=>
%%        1986.0 ns  Log    ID_BFM              Main seq.           gmii_write(20 bytes) DONE.
%%        1988.0 ns  Log    ID_BFM              Main seq.           gmii_write(21 bytes)=>
%%        2026.0 ns  Log    ID_BFM              Slave seq.          gmii_expect(20 bytes)=> OK, received 20 bytes.
%%        2028.0 ns  Log    ID_BFM              Slave seq.          gmii_expect(21 bytes) while executing gmii_read=>
%%        2154.0 ns  Log    ID_BFM              Main seq.           gmii_write(21 bytes) DONE.
%%        2156.0 ns  Log    ID_BFM              Main seq.           gmii_write(22 bytes)=>
%%        2194.0 ns  Log    ID_BFM              Slave seq.          gmii_expect(21 bytes)=> OK, received 21 bytes.
%%        2196.0 ns  Log    ID_BFM              Slave seq.          gmii_expect(22 bytes) while executing gmii_read=>
%%        2330.0 ns  Log    ID_BFM              Main seq.           gmii_write(22 bytes) DONE.
%%        2332.0 ns  Log    ID_BFM              Main seq.           gmii_write(23 bytes)=>
%%        2370.0 ns  Log    ID_BFM              Slave seq.          gmii_expect(22 bytes)=> OK, received 22 bytes.
%%        2372.0 ns  Log    ID_BFM              Slave seq.          gmii_expect(23 bytes) while executing gmii_read=>
%%        2514.0 ns  Log    ID_BFM              Main seq.           gmii_write(23 bytes) DONE.
%%        2516.0 ns  Log    ID_BFM              Main seq.           gmii_write(24 bytes)=>
%%        2554.0 ns  Log    ID_BFM              Slave seq.          gmii_expect(23 bytes)=> OK, received 23 bytes.
%%        2556.0 ns  Log    ID_BFM              Slave seq.          gmii_expect(24 bytes) while executing gmii_read=>
%%        2706.0 ns  Log    ID_BFM              Main seq.           gmii_write(24 bytes) DONE.
%%        2708.0 ns  Log    ID_BFM              Main seq.           gmii_write(25 bytes)=>
%%        2746.0 ns  Log    ID_BFM              Slave seq.          gmii_expect(24 bytes)=> OK, received 24 bytes.
%%        2748.0 ns  Log    ID_BFM              Slave seq.          gmii_expect(25 bytes) while executing gmii_read=>
%%        2906.0 ns  Log    ID_BFM              Main seq.           gmii_write(25 bytes) DONE.
%%        2908.0 ns  Log    ID_BFM              Main seq.           gmii_write(26 bytes)=>
%%        2946.0 ns  Log    ID_BFM              Slave seq.          gmii_expect(25 bytes)=> OK, received 25 bytes.
%%        2948.0 ns  Log    ID_BFM              Slave seq.          gmii_expect(26 bytes) while executing gmii_read=>
%%        3114.0 ns  Log    ID_BFM              Main seq.           gmii_write(26 bytes) DONE.
%%        3116.0 ns  Log    ID_BFM              Main seq.           gmii_write(27 bytes)=>
%%        3154.0 ns  Log    ID_BFM              Slave seq.          gmii_expect(26 bytes)=> OK, received 26 bytes.
%%        3156.0 ns  Log    ID_BFM              Slave seq.          gmii_expect(27 bytes) while executing gmii_read=>
%%        3330.0 ns  Log    ID_BFM              Main seq.           gmii_write(27 bytes) DONE.
%%        3332.0 ns  Log    ID_BFM              Main seq.           gmii_write(28 bytes)=>
%%        3370.0 ns  Log    ID_BFM              Slave seq.          gmii_expect(27 bytes)=> OK, received 27 bytes.
%%        3372.0 ns  Log    ID_BFM              Slave seq.          gmii_expect(28 bytes) while executing gmii_read=>
%%        3554.0 ns  Log    ID_BFM              Main seq.           gmii_write(28 bytes) DONE.
%%        3556.0 ns  Log    ID_BFM              Main seq.           gmii_write(29 bytes)=>
%%        3594.0 ns  Log    ID_BFM              Slave seq.          gmii_expect(28 bytes)=> OK, received 28 bytes.
%%        3596.0 ns  Log    ID_BFM              Slave seq.          gmii_expect(29 bytes) while executing gmii_read=>
%%        3786.0 ns  Log    ID_BFM              Main seq.           gmii_write(29 bytes) DONE.
%%        3788.0 ns  Log    ID_BFM              Main seq.           gmii_write(30 bytes)=>
%%        3826.0 ns  Log    ID_BFM              Slave seq.          gmii_expect(29 bytes)=> OK, received 29 bytes.
%%        3828.0 ns  Log    ID_BFM              Slave seq.          gmii_expect(30 bytes) while executing gmii_read=>
%%        4026.0 ns  Log    ID_BFM              Main seq.           gmii_write(30 bytes) DONE.
%%        4028.0 ns  Log    ID_BFM              Main seq.           gmii_write(31 bytes)=>
%%        4066.0 ns  Log    ID_BFM              Slave seq.          gmii_expect(30 bytes)=> OK, received 30 bytes.
%%        4068.0 ns  Log    ID_BFM              Slave seq.          gmii_expect(31 bytes) while executing gmii_read=>
%%        4274.0 ns  Log    ID_BFM              Main seq.           gmii_write(31 bytes) DONE.
%%        4274.0 ns  Log    ID_BLOCKING         Main seq.           Waiting for barrier. 'Synchronizing TX'
%%        4314.0 ns  Log    ID_BFM              Slave seq.          gmii_expect(31 bytes)=> OK, received 31 bytes.
%%        4314.0 ns  Log    ID_BLOCKING         Slave seq.          Waiting for barrier. 'Synchronizing RX'
%%        4314.0 ns  Log    ID_BLOCKING         Main seq.           Barrier received. 'Synchronizing TX'
%% 
%% 
%%        4314.0 ns  Log    ID_LOG_HDR          TB seq.             Testing a multiple byte transfer in several transactions
%% ----------------------------------------------------------------------------------------------------------------------------------------------------------------------------
%%        4314.0 ns  Log    ID_BLOCKING         Slave seq.          Barrier received. 'Synchronizing RX'
%%        4316.0 ns  Log    ID_BFM              Main seq.           gmii_write(1 bytes)=>
%%        4316.0 ns  Log    ID_BFM              Slave seq.          gmii_expect(31 bytes) while executing gmii_read=>
%%        4322.0 ns  Log    ID_BFM              Main seq.           gmii_write(1 bytes) DONE.
%%        4324.0 ns  Log    ID_BFM              Main seq.           gmii_write(1 bytes)=>
%%        4330.0 ns  Log    ID_BFM              Main seq.           gmii_write(1 bytes) DONE.
%%        4332.0 ns  Log    ID_BFM              Main seq.           gmii_write(1 bytes)=>
%%        4338.0 ns  Log    ID_BFM              Main seq.           gmii_write(1 bytes) DONE.
%%        4340.0 ns  Log    ID_BFM              Main seq.           gmii_write(1 bytes)=>
%%        4346.0 ns  Log    ID_BFM              Main seq.           gmii_write(1 bytes) DONE.
%%        4348.0 ns  Log    ID_BFM              Main seq.           gmii_write(1 bytes)=>
%%        4354.0 ns  Log    ID_BFM              Main seq.           gmii_write(1 bytes) DONE.
%%        4356.0 ns  Log    ID_BFM              Main seq.           gmii_write(1 bytes)=>
%%        4362.0 ns  Log    ID_BFM              Main seq.           gmii_write(1 bytes) DONE.
%%        4364.0 ns  Log    ID_BFM              Main seq.           gmii_write(1 bytes)=>
%%        4370.0 ns  Log    ID_BFM              Main seq.           gmii_write(1 bytes) DONE.
%%        4372.0 ns  Log    ID_BFM              Main seq.           gmii_write(1 bytes)=>
%%        4378.0 ns  Log    ID_BFM              Main seq.           gmii_write(1 bytes) DONE.
%%        4380.0 ns  Log    ID_BFM              Main seq.           gmii_write(1 bytes)=>
%%        4386.0 ns  Log    ID_BFM              Main seq.           gmii_write(1 bytes) DONE.
%%        4388.0 ns  Log    ID_BFM              Main seq.           gmii_write(1 bytes)=>
%%        4394.0 ns  Log    ID_BFM              Main seq.           gmii_write(1 bytes) DONE.
%%        4396.0 ns  Log    ID_BFM              Main seq.           gmii_write(1 bytes)=>
%%        4402.0 ns  Log    ID_BFM              Main seq.           gmii_write(1 bytes) DONE.
%%        4404.0 ns  Log    ID_BFM              Main seq.           gmii_write(1 bytes)=>
%%        4410.0 ns  Log    ID_BFM              Main seq.           gmii_write(1 bytes) DONE.
%%        4412.0 ns  Log    ID_BFM              Main seq.           gmii_write(1 bytes)=>
%%        4418.0 ns  Log    ID_BFM              Main seq.           gmii_write(1 bytes) DONE.
%%        4420.0 ns  Log    ID_BFM              Main seq.           gmii_write(1 bytes)=>
%%        4426.0 ns  Log    ID_BFM              Main seq.           gmii_write(1 bytes) DONE.
%%        4428.0 ns  Log    ID_BFM              Main seq.           gmii_write(1 bytes)=>
%%        4434.0 ns  Log    ID_BFM              Main seq.           gmii_write(1 bytes) DONE.
%%        4436.0 ns  Log    ID_BFM              Main seq.           gmii_write(1 bytes)=>
%%        4442.0 ns  Log    ID_BFM              Main seq.           gmii_write(1 bytes) DONE.
%%        4444.0 ns  Log    ID_BFM              Main seq.           gmii_write(1 bytes)=>
%%        4450.0 ns  Log    ID_BFM              Main seq.           gmii_write(1 bytes) DONE.
%%        4452.0 ns  Log    ID_BFM              Main seq.           gmii_write(1 bytes)=>
%%        4458.0 ns  Log    ID_BFM              Main seq.           gmii_write(1 bytes) DONE.
%%        4460.0 ns  Log    ID_BFM              Main seq.           gmii_write(1 bytes)=>
%%        4466.0 ns  Log    ID_BFM              Main seq.           gmii_write(1 bytes) DONE.
%%        4468.0 ns  Log    ID_BFM              Main seq.           gmii_write(1 bytes)=>
%%        4474.0 ns  Log    ID_BFM              Main seq.           gmii_write(1 bytes) DONE.
%%        4476.0 ns  Log    ID_BFM              Main seq.           gmii_write(1 bytes)=>
%%        4482.0 ns  Log    ID_BFM              Main seq.           gmii_write(1 bytes) DONE.
%%        4484.0 ns  Log    ID_BFM              Main seq.           gmii_write(1 bytes)=>
%%        4490.0 ns  Log    ID_BFM              Main seq.           gmii_write(1 bytes) DONE.
%%        4492.0 ns  Log    ID_BFM              Main seq.           gmii_write(1 bytes)=>
%%        4498.0 ns  Log    ID_BFM              Main seq.           gmii_write(1 bytes) DONE.
%%        4500.0 ns  Log    ID_BFM              Main seq.           gmii_write(1 bytes)=>
%%        4506.0 ns  Log    ID_BFM              Main seq.           gmii_write(1 bytes) DONE.
%%        4508.0 ns  Log    ID_BFM              Main seq.           gmii_write(1 bytes)=>
%%        4514.0 ns  Log    ID_BFM              Main seq.           gmii_write(1 bytes) DONE.
%%        4516.0 ns  Log    ID_BFM              Main seq.           gmii_write(1 bytes)=>
%%        4522.0 ns  Log    ID_BFM              Main seq.           gmii_write(1 bytes) DONE.
%%        4524.0 ns  Log    ID_BFM              Main seq.           gmii_write(1 bytes)=>
%%        4530.0 ns  Log    ID_BFM              Main seq.           gmii_write(1 bytes) DONE.
%%        4532.0 ns  Log    ID_BFM              Main seq.           gmii_write(1 bytes)=>
%%        4538.0 ns  Log    ID_BFM              Main seq.           gmii_write(1 bytes) DONE.
%%        4540.0 ns  Log    ID_BFM              Main seq.           gmii_write(1 bytes)=>
%%        4546.0 ns  Log    ID_BFM              Main seq.           gmii_write(1 bytes) DONE.
%%        4548.0 ns  Log    ID_BFM              Main seq.           gmii_write(1 bytes)=>
%%        4554.0 ns  Log    ID_BFM              Main seq.           gmii_write(1 bytes) DONE.
%%        4556.0 ns  Log    ID_BFM              Main seq.           gmii_write(1 bytes)=>
%%        4562.0 ns  Log    ID_BFM              Main seq.           gmii_write(1 bytes) DONE.
%%        4562.0 ns  Log    PASSED              Main seq.           check_stable(sl, 240 ns) => OK. Value 1 was stable for 246 ns. 'Checking that TXEN was held high during the
%%:                                                                 complete transfer'
%%        4562.0 ns  Log    ID_BLOCKING         Main seq.           Waiting for barrier. 'Synchronizing TX'
%%        4602.0 ns  Log    ID_BFM              Slave seq.          gmii_expect(31 bytes)=> OK, received 31 bytes.
%%        4602.0 ns  Log    ID_BLOCKING         Slave seq.          Waiting for barrier. 'Synchronizing RX'
%%        4602.0 ns  Log    ID_BLOCKING         Main seq.           Barrier received. 'Synchronizing TX'
%% 
%% 
%%        4602.0 ns  Log    ID_LOG_HDR          TB seq.             Testing error case: read() valid data timeout
%% ----------------------------------------------------------------------------------------------------------------------------------------------------------------------------
%%        4602.0 ns  Log    ID_BLOCKING         Slave seq.          Barrier received. 'Synchronizing RX'
%%        4604.0 ns  Log    ID_BFM              Slave seq.          gmii_read(100 bytes)=>
%%       12602.0 ns  Log    ID_BLOCKING         Main seq.           Waiting for barrier. 'Synchronizing TX'
%%       12608.0 ns  Alert  ERROR               Slave seq.          gmii_read(100 bytes)=> Failed. Timeout while waiting for valid data during 1000 clock cycles.
%%       12608.0 ns  Log    ID_BLOCKING         Slave seq.          Waiting for barrier. 'Synchronizing RX'
%%       12608.0 ns  Log    ID_BLOCKING         Main seq.           Barrier received. 'Synchronizing TX'
%% 
%% 
%%       12608.0 ns  Log    ID_LOG_HDR          TB seq.             Testing error case: expect() wrong data
%% ----------------------------------------------------------------------------------------------------------------------------------------------------------------------------
%%       12608.0 ns  Log    ID_BLOCKING         Slave seq.          Barrier received. 'Synchronizing RX'
%%       12612.0 ns  Log    ID_BFM              Main seq.           gmii_write(11 bytes)=>
%%       12612.0 ns  Log    ID_BFM              Slave seq.          gmii_expect(11 bytes) while executing gmii_read=>
%%       12698.0 ns  Log    ID_BFM              Main seq.           gmii_write(11 bytes) DONE.
%%       12698.0 ns  Log    ID_BLOCKING         Main seq.           Waiting for barrier. 'Synchronizing TX'
%%       12738.0 ns  Alert  ERROR               Slave seq.          gmii_expect(11 bytes)=> Failed in 40 data bits. First mismatch in byte# 1. Was x"47". Expected x"11".
%%:                                                                 Was:
%%:                                                                 (47, 14, 3B, 25, 93, 22, E3, 70, 99, 2B, 11)
%%:                                                                 Expected:
%%:                                                                 (11, 2C, 9C, 80, CB, 64, 4F, 21, 92, 60, 7B)
%%       12738.0 ns  Log    ID_BLOCKING         Slave seq.          Waiting for barrier. 'Synchronizing RX'
%%       12738.0 ns  Log    ID_BLOCKING         Main seq.           Barrier received. 'Synchronizing TX'
%% 
%% 
%%       12738.0 ns  Log    ID_LOG_HDR          TB seq.             Testing error case: expect() wrong size of data_array
%% ----------------------------------------------------------------------------------------------------------------------------------------------------------------------------
%%       12738.0 ns  Log    ID_BLOCKING         Slave seq.          Barrier received. 'Synchronizing RX'
%%       12740.0 ns  Log    ID_BFM              Main seq.           gmii_write(11 bytes)=>
%%       12740.0 ns  Log    ID_BFM              Slave seq.          gmii_expect(16 bytes) while executing gmii_read=>
%%       12826.0 ns  Log    ID_BFM              Main seq.           gmii_write(11 bytes) DONE.
%%       12826.0 ns  Log    ID_BLOCKING         Main seq.           Waiting for barrier. 'Synchronizing TX'
%%       12874.0 ns  Alert  ERROR               Slave seq.          gmii_expect(16 bytes)=> Failed. Mismatch in received data length. Was 11. Expected 16.
%%       12874.0 ns  Log    ID_BLOCKING         Slave seq.          Waiting for barrier. 'Synchronizing RX'
%%       12874.0 ns  Log    ID_BLOCKING         Main seq.           Barrier received. 'Synchronizing TX'
%% 
%% 
%%       12874.0 ns  Log    ID_LOG_HDR          TB seq.             Testing setup and hold times
%% ----------------------------------------------------------------------------------------------------------------------------------------------------------------------------
%%       12874.0 ns  Log    ID_BLOCKING         Slave seq.          Barrier received. 'Synchronizing RX'
%%       12878.0 ns  Log    ID_BFM              Main seq.           gmii_write(1 bytes)=>
%%       12878.0 ns  Log    ID_BFM              Slave seq.          gmii_expect(1 bytes) while executing gmii_read=>
%%       12882.0 ns  Log    ID_BFM              Main seq.           gmii_write(1 bytes) DONE.
%%       12886.0 ns  Log    ID_BFM              Main seq.           gmii_write(2 bytes)=>
%%       12898.0 ns  Log    ID_BFM              Main seq.           gmii_write(2 bytes) DONE.
%%       12902.0 ns  Log    ID_BFM              Main seq.           gmii_write(3 bytes)=>
%%       12922.0 ns  Log    ID_BFM              Main seq.           gmii_write(3 bytes) DONE.
%%       12922.0 ns  Log    ID_BFM              Slave seq.          gmii_expect(1 bytes)=> OK, received 1 bytes.
%%       12926.0 ns  Log    ID_BFM              Main seq.           gmii_write(4 bytes)=>
%%       12926.0 ns  Log    ID_BFM              Slave seq.          gmii_expect(2 bytes) while executing gmii_read=>
%%       12938.0 ns  Log    ID_BFM              Slave seq.          gmii_expect(2 bytes)=> OK, received 2 bytes.
%%       12942.0 ns  Log    ID_BFM              Slave seq.          gmii_expect(3 bytes) while executing gmii_read=>
%%       12954.0 ns  Log    ID_BFM              Main seq.           gmii_write(4 bytes) DONE.
%%       12958.0 ns  Log    ID_BFM              Main seq.           gmii_write(5 bytes)=>
%%       12962.0 ns  Log    ID_BFM              Slave seq.          gmii_expect(3 bytes)=> OK, received 3 bytes.
%%       12966.0 ns  Log    ID_BFM              Slave seq.          gmii_expect(4 bytes) while executing gmii_read=>
%%       12994.0 ns  Log    ID_BFM              Main seq.           gmii_write(5 bytes) DONE.
%%       12994.0 ns  Log    ID_BFM              Slave seq.          gmii_expect(4 bytes)=> OK, received 4 bytes.
%%       12998.0 ns  Log    ID_BFM              Main seq.           gmii_write(6 bytes)=>
%%       12998.0 ns  Log    ID_BFM              Slave seq.          gmii_expect(5 bytes) while executing gmii_read=>
%%       13034.0 ns  Log    ID_BFM              Slave seq.          gmii_expect(5 bytes)=> OK, received 5 bytes.
%%       13038.0 ns  Log    ID_BFM              Slave seq.          gmii_expect(6 bytes) while executing gmii_read=>
%%       13042.0 ns  Log    ID_BFM              Main seq.           gmii_write(6 bytes) DONE.
%%       13046.0 ns  Log    ID_BFM              Main seq.           gmii_write(7 bytes)=>
%%       13082.0 ns  Log    ID_BFM              Slave seq.          gmii_expect(6 bytes)=> OK, received 6 bytes.
%%       13086.0 ns  Log    ID_BFM              Slave seq.          gmii_expect(7 bytes) while executing gmii_read=>
%%       13098.0 ns  Log    ID_BFM              Main seq.           gmii_write(7 bytes) DONE.
%%       13102.0 ns  Log    ID_BFM              Main seq.           gmii_write(8 bytes)=>
%%       13138.0 ns  Log    ID_BFM              Slave seq.          gmii_expect(7 bytes)=> OK, received 7 bytes.
%%       13142.0 ns  Log    ID_BFM              Slave seq.          gmii_expect(8 bytes) while executing gmii_read=>
%%       13162.0 ns  Log    ID_BFM              Main seq.           gmii_write(8 bytes) DONE.
%%       13166.0 ns  Log    ID_BFM              Main seq.           gmii_write(9 bytes)=>
%%       13202.0 ns  Log    ID_BFM              Slave seq.          gmii_expect(8 bytes)=> OK, received 8 bytes.
%%       13206.0 ns  Log    ID_BFM              Slave seq.          gmii_expect(9 bytes) while executing gmii_read=>
%%       13234.0 ns  Log    ID_BFM              Main seq.           gmii_write(9 bytes) DONE.
%%       13238.0 ns  Log    ID_BFM              Main seq.           gmii_write(10 bytes)=>
%%       13274.0 ns  Log    ID_BFM              Slave seq.          gmii_expect(9 bytes)=> OK, received 9 bytes.
%%       13278.0 ns  Log    ID_BFM              Slave seq.          gmii_expect(10 bytes) while executing gmii_read=>
%%       13314.0 ns  Log    ID_BFM              Main seq.           gmii_write(10 bytes) DONE.
%%       13318.0 ns  Log    ID_BFM              Main seq.           gmii_write(11 bytes)=>
%%       13354.0 ns  Log    ID_BFM              Slave seq.          gmii_expect(10 bytes)=> OK, received 10 bytes.
%%       13358.0 ns  Log    ID_BFM              Slave seq.          gmii_expect(11 bytes) while executing gmii_read=>
%%       13402.0 ns  Log    ID_BFM              Main seq.           gmii_write(11 bytes) DONE.
%%       13442.0 ns  Log    ID_BFM              Slave seq.          gmii_expect(11 bytes)=> OK, received 11 bytes.
%% 
%% ============================================================================================================================================================================
%%  *** INTERMEDIATE SUMMARY OF ALL ALERTS ***
%% ============================================================================================================================================================================
%%       14402.0 ns  DONE   PASSED  gmii_bfm_tb  Passed: 1  Affirmations Checked: 1
%%    Expected      Failures: 0  Errors: -3  Warnings: 0  Passed: 0
%%    VHDL Asserts  Failures: 0  Errors: 0  Warnings: 0  Passed: 0
%%    Default       Failures: 0  Errors: 3  Warnings: 0  Passed: 0
%%    OSVVM         Failures: 0  Errors: 0  Warnings: 0  Passed: 0
%% ============================================================================================================================================================================
%% 
%% 
%% 
%%       14402.0 ns  Log    ID_LOG_HDR          Main seq.           SIMULATION COMPLETED
%% ----------------------------------------------------------------------------------------------------------------------------------------------------------------------------
