%%      0 ns    Log    ID_CONSTRUCTOR      GMII_VVC,0,TX       VVC instantiated for channel TX
%%      0 ns    Log    ID_CONSTRUCTOR_SUB  GMII_VVC,0,TX       Command queue instantiated and will give a warning when reaching 1000 elements in queue.
%%      0 ns    Log    ID_CONSTRUCTOR_SUB  GMII_VVC,0,TX       Result queue instantiated and will give a warning when reaching 1000 elements in queue.
%%      0 ns    Log    ID_CONSTRUCTOR      GMII_VVC,0,RX       VVC instantiated for channel RX
%%      0 ns    Log    ID_CONSTRUCTOR_SUB  GMII_VVC,0,RX       Command queue instantiated and will give a warning when reaching 1000 elements in queue.
%%      0 ns    Log    ID_CONSTRUCTOR_SUB  GMII_VVC,0,RX       Result queue instantiated and will give a warning when reaching 1000 elements in queue.
%%      0 ns    Log    ID_CMD_INTERPRETER  GMII_VVC,0,TX       Interpreter: Waiting for command
%%      0 ns    Log    ID_CMD_INTERPRETER  GMII_VVC,0,RX       Interpreter: Waiting for command
%%      0 ns    Log    ID_CTRL             GMII_VVC_SB,0       enable() => SB enabled. 'GMII VVC SB Enabled'
%%      0 ns    Log    ID_CTRL             GMII_VVC_SB,0       config() => config applied to SB.
%%      0 ns    Log    ID_CTRL             GMII_VVC_SB,0       enable_log_msg() => message id id_data enabled.
%%      
%%      -----------------------------------------------------------------------------------------------------------------------------------------------------------------------
%%      ***  REPORT OF GLOBAL CTRL ***
%%      -----------------------------------------------------------------------------------------------------------------------------------------------------------------------
%%                                IGNORE    STOP_LIMIT
%%                NOTE         :  REGARD         0
%%                TB_NOTE      :  REGARD         0
%%                WARNING      :  REGARD         0
%%                TB_WARNING   :  REGARD         0
%%                MANUAL_CHECK :  REGARD         0
%%                ERROR        :  REGARD         0
%%                TB_ERROR     :  REGARD         0
%%                FAILURE      :  REGARD         1
%%                TB_FAILURE   :  REGARD         1
%%      -----------------------------------------------------------------------------------------------------------------------------------------------------------------------
%%      
%%      
%%      -----------------------------------------------------------------------------------------------------------------------------------------------------------------------
%%      ***  REPORT OF MSG ID PANEL ***
%%      -----------------------------------------------------------------------------------------------------------------------------------------------------------------------
%%                ID                             Status
%%                ------------------------       ------
%%                ID_UTIL_BURIED               : DISABLED
%%                ID_BITVIS_DEBUG              : DISABLED
%%                ID_UTIL_SETUP                : ENABLED
%%                ID_LOG_MSG_CTRL              : ENABLED
%%                ID_ALERT_CTRL                : ENABLED
%%                ID_FINISH_OR_STOP            : ENABLED
%%                ID_CLOCK_GEN                 : ENABLED
%%                ID_GEN_PULSE                 : ENABLED
%%                ID_BLOCKING                  : ENABLED
%%                ID_WATCHDOG                  : ENABLED
%%                ID_RAND_GEN                  : DISABLED
%%                ID_RAND_CONF                 : DISABLED
%%                ID_FUNC_COV_BINS             : DISABLED
%%                ID_FUNC_COV_BINS_INFO        : DISABLED
%%                ID_FUNC_COV_RAND             : DISABLED
%%                ID_FUNC_COV_SAMPLE           : DISABLED
%%                ID_FUNC_COV_CONFIG           : DISABLED
%%                ID_POS_ACK                   : ENABLED
%%                ID_UVVM_ASSERTION            : ENABLED
%%                ID_LOG_HDR                   : ENABLED
%%                ID_LOG_HDR_LARGE             : ENABLED
%%                ID_LOG_HDR_XL                : ENABLED
%%                ID_SEQUENCER                 : ENABLED
%%                ID_SEQUENCER_SUB             : ENABLED
%%                ID_BFM                       : ENABLED
%%                ID_BFM_WAIT                  : ENABLED
%%                ID_BFM_POLL                  : ENABLED
%%                ID_BFM_POLL_SUMMARY          : ENABLED
%%                ID_CHANNEL_BFM               : ENABLED
%%                ID_TERMINATE_CMD             : ENABLED
%%                ID_SEGMENT_INITIATE          : ENABLED
%%                ID_SEGMENT_COMPLETE          : ENABLED
%%                ID_SEGMENT_HDR               : ENABLED
%%                ID_SEGMENT_DATA              : ENABLED
%%                ID_PACKET_INITIATE           : ENABLED
%%                ID_PACKET_PREAMBLE           : ENABLED
%%                ID_PACKET_COMPLETE           : ENABLED
%%                ID_PACKET_HDR                : ENABLED
%%                ID_PACKET_DATA               : ENABLED
%%                ID_PACKET_CHECKSUM           : ENABLED
%%                ID_PACKET_GAP                : ENABLED
%%                ID_PACKET_PAYLOAD            : ENABLED
%%                ID_FRAME_INITIATE            : ENABLED
%%                ID_FRAME_COMPLETE            : ENABLED
%%                ID_FRAME_HDR                 : ENABLED
%%                ID_FRAME_DATA                : ENABLED
%%                ID_COVERAGE_MAKEBIN          : DISABLED
%%                ID_COVERAGE_ADDBIN           : DISABLED
%%                ID_COVERAGE_ICOVER           : DISABLED
%%                ID_COVERAGE_CONFIG           : ENABLED
%%                ID_COVERAGE_SUMMARY          : ENABLED
%%                ID_COVERAGE_HOLES            : ENABLED
%%                ID_UVVM_SEND_CMD             : ENABLED
%%                ID_UVVM_CMD_ACK              : ENABLED
%%                ID_UVVM_CMD_RESULT           : ENABLED
%%                ID_CMD_INTERPRETER           : ENABLED
%%                ID_CMD_INTERPRETER_WAIT      : ENABLED
%%                ID_IMMEDIATE_CMD             : ENABLED
%%                ID_IMMEDIATE_CMD_WAIT        : ENABLED
%%                ID_CMD_EXECUTOR              : ENABLED
%%                ID_CMD_EXECUTOR_WAIT         : ENABLED
%%                ID_CHANNEL_EXECUTOR          : ENABLED
%%                ID_CHANNEL_EXECUTOR_WAIT     : ENABLED
%%                ID_NEW_HVVC_CMD_SEQ          : ENABLED
%%                ID_INSERTED_DELAY            : ENABLED
%%                ID_OLD_AWAIT_COMPLETION      : ENABLED
%%                ID_AWAIT_COMPLETION          : ENABLED
%%                ID_AWAIT_COMPLETION_LIST     : ENABLED
%%                ID_AWAIT_COMPLETION_WAIT     : ENABLED
%%                ID_AWAIT_COMPLETION_END      : ENABLED
%%                ID_AWAIT_UVVM_COMPLETION     : ENABLED
%%                ID_UVVM_DATA_QUEUE           : ENABLED
%%                ID_CONSTRUCTOR               : ENABLED
%%                ID_CONSTRUCTOR_SUB           : ENABLED
%%                ID_VVC_ACTIVITY              : ENABLED
%%                ID_MONITOR                   : ENABLED
%%                ID_MONITOR_ERROR             : ENABLED
%%                ID_DATA                      : ENABLED
%%                ID_CTRL                      : ENABLED
%%                ID_SPEC_COV_INIT             : ENABLED
%%                ID_SPEC_COV_REQS             : ENABLED
%%                ID_SPEC_COV                  : ENABLED
%%                ID_FILE_OPEN_CLOSE           : ENABLED
%%                ID_FILE_PARSER               : ENABLED
%%      -----------------------------------------------------------------------------------------------------------------------------------------------------------------------
%%      
%%      0 ns    Log    ID_LOG_MSG_CTRL     TB seq.             disable_log_msg(ID_UVVM_CMD_ACK).
%%      0 ns    Log    ID_UVVM_SEND_CMD    TB seq.(uvvm)       disable_log_msg(GMII_VVC,0,ALL_CHANNELS, ID_CMD_INTERPRETER):. [1]
%%      0 ns    Log    ID_CMD_EXECUTOR_WA  GMII_VVC,0,TX       Executor: Waiting for command
%%      0 ns    Log    ID_CMD_EXECUTOR_WA  GMII_VVC,0,RX       Executor: Waiting for command
%%      0 ns    Log    ID_CMD_INTERPRETER  GMII_VVC,0,TX       disable_log_msg(GMII_VVC,0,ALL_CHANNELS, ID_CMD_INTERPRETER). Command received  [1]
%%      0 ns    Log    ID_LOG_MSG_CTRL     GMII_VVC,0,TX       disable_log_msg(ID_CMD_INTERPRETER). ' [1]'
%%      0 ns    Log    ID_CMD_INTERPRETER  GMII_VVC,0,RX       disable_log_msg(GMII_VVC,0,ALL_CHANNELS, ID_CMD_INTERPRETER). Command received  [1]
%%      0 ns    Log    ID_LOG_MSG_CTRL     GMII_VVC,0,RX       disable_log_msg(ID_CMD_INTERPRETER). ' [1]'
%%      0 ns    Log    ID_CMD_INTERPRETER  GMII_VVC,0,TX       Interpreter: Waiting for command
%%      0 ns    Log    ID_CMD_INTERPRETER  GMII_VVC,0,RX       Interpreter: Waiting for command
%%      0 ns    Log    ID_UVVM_SEND_CMD    TB seq.(uvvm)       disable_log_msg(GMII_VVC,0,ALL_CHANNELS, ID_CMD_INTERPRETER_WAIT):. [2]
%%      0 ns    Log    ID_LOG_MSG_CTRL     GMII_VVC,0,TX       disable_log_msg(ID_CMD_INTERPRETER_WAIT). ' [2]'
%%      0 ns    Log    ID_LOG_MSG_CTRL     GMII_VVC,0,RX       disable_log_msg(ID_CMD_INTERPRETER_WAIT). ' [2]'
%%      0 ns    Log    ID_UVVM_SEND_CMD    TB seq.(uvvm)       disable_log_msg(GMII_VVC,0,ALL_CHANNELS, ID_CMD_EXECUTOR):. [3]
%%      0 ns    Log    ID_LOG_MSG_CTRL     GMII_VVC,0,TX       disable_log_msg(ID_CMD_EXECUTOR). ' [3]'
%%      0 ns    Log    ID_LOG_MSG_CTRL     GMII_VVC,0,RX       disable_log_msg(ID_CMD_EXECUTOR). ' [3]'
%%      0 ns    Log    ID_UVVM_SEND_CMD    TB seq.(uvvm)       disable_log_msg(GMII_VVC,0,ALL_CHANNELS, ID_CMD_EXECUTOR_WAIT):. [4]
%%      0 ns    Log    ID_LOG_MSG_CTRL     GMII_VVC,0,TX       disable_log_msg(ID_CMD_EXECUTOR_WAIT). ' [4]'
%%      0 ns    Log    ID_LOG_MSG_CTRL     GMII_VVC,0,RX       disable_log_msg(ID_CMD_EXECUTOR_WAIT). ' [4]'
%%      0 ns    Log    ID_UVVM_SEND_CMD    TB seq.(uvvm)       disable_log_msg(GMII_VVC,0,ALL_CHANNELS, ID_IMMEDIATE_CMD_WAIT):. [5]
%%      0 ns    Log    ID_LOG_MSG_CTRL     GMII_VVC,0,TX       disable_log_msg(ID_IMMEDIATE_CMD_WAIT). ' [5]'
%%      0 ns    Log    ID_LOG_MSG_CTRL     GMII_VVC,0,RX       disable_log_msg(ID_IMMEDIATE_CMD_WAIT). ' [5]'
%% 
%% 
%% ============================================================================================================================================================================
%%      0 ns    Log    ID_LOG_HDR_LARGE    TB seq.             Start Simulation of GMII
%% ============================================================================================================================================================================
%%      0 ns    Log    ID_CLOCK_GEN        TB seq.             Starting clock GMII CLK
%% 
%% 
%%     80 ns    Log    ID_LOG_HDR          TB seq.             Testing that BFM procedures normalize data arrays
%% ----------------------------------------------------------------------------------------------------------------------------------------------------------------------------
%%     80 ns    Log    ID_UVVM_SEND_CMD    TB seq.(uvvm)       gmii_write(GMII_VVC,0,TX, 5 bytes):. [6]
%%     80 ns    Log    ID_UVVM_SEND_CMD    TB seq.(uvvm)       gmii_expect(GMII_VVC,0,RX, 5 bytes):. [7]
%%     80 ns    Log    ID_AWAIT_COMPLETIO  TB seq.(uvvm)       await_completion(GMII_VVC,0,RX, 10000 ns):. [8]
%%     80 ns    Log    ID_AWAIT_COMPLETIO  TB seq.(uvvm)       await_completion(GMII_VVC,0,RX, 10000 ns) - Pending completion. [8]
%%     84 ns    Log    ID_BFM              GMII_VVC,0,TX       gmii_write(5 bytes)=> '  [6]'
%%     84 ns    Log    ID_BFM              GMII_VVC,0,RX       gmii_expect(5 bytes) while executing gmii_read=> '  [7]'
%%    122 ns    Log    ID_BFM              GMII_VVC,0,TX       gmii_write(5 bytes) DONE. '  [6]'
%%    122 ns    Log    ID_BFM              GMII_VVC,0,RX       gmii_expect(5 bytes)=> OK, received 5 bytes. '  [7]'
%%    122 ns    Log    ID_AWAIT_COMPLETIO  TB seq.(uvvm)       await_completion(GMII_VVC,0,RX, 10000 ns)=> GMII_VVC,0,RX finished. [8]
%% 
%% 
%%    122 ns    Log    ID_LOG_HDR          TB seq.             Testing explicit std_logic_vector values
%% ----------------------------------------------------------------------------------------------------------------------------------------------------------------------------
%%    122 ns    Log    ID_UVVM_SEND_CMD    TB seq.(uvvm)       gmii_write(GMII_VVC,0,TX, 5 bytes):. [9]
%%    122 ns    Log    ID_UVVM_SEND_CMD    TB seq.(uvvm)       gmii_expect(GMII_VVC,0,RX, 5 bytes):. [10]
%%    122 ns    Log    ID_AWAIT_COMPLETIO  TB seq.(uvvm)       await_completion(GMII_VVC,0,RX, 10000 ns):. [11]
%%    122 ns    Log    ID_AWAIT_COMPLETIO  TB seq.(uvvm)       await_completion(GMII_VVC,0,RX, 10000 ns) - Pending completion. [11]
%%    124 ns    Log    ID_BFM              GMII_VVC,0,TX       gmii_write(5 bytes)=> '  [9]'
%%    124 ns    Log    ID_BFM              GMII_VVC,0,RX       gmii_expect(5 bytes) while executing gmii_read=> '  [10]'
%%    162 ns    Log    ID_BFM              GMII_VVC,0,TX       gmii_write(5 bytes) DONE. '  [9]'
%%    162 ns    Log    ID_BFM              GMII_VVC,0,RX       gmii_expect(5 bytes)=> OK, received 5 bytes. '  [10]'
%%    162 ns    Log    ID_AWAIT_COMPLETIO  TB seq.(uvvm)       await_completion(GMII_VVC,0,RX, 10000 ns)=> GMII_VVC,0,RX finished. [11]
%% 
%% 
%%    162 ns    Log    ID_LOG_HDR          TB seq.             Testing data sizes
%% ----------------------------------------------------------------------------------------------------------------------------------------------------------------------------
%%    162 ns    Log    ID_UVVM_SEND_CMD    TB seq.(uvvm)       gmii_write(GMII_VVC,0,TX, 1 bytes):. [12]
%%    162 ns    Log    ID_UVVM_SEND_CMD    TB seq.(uvvm)       gmii_expect(GMII_VVC,0,RX, 1 bytes):. [13]
%%    162 ns    Log    ID_UVVM_SEND_CMD    TB seq.(uvvm)       gmii_write(GMII_VVC,0,TX, 2 bytes):. [14]
%%    162 ns    Log    ID_UVVM_SEND_CMD    TB seq.(uvvm)       gmii_expect(GMII_VVC,0,RX, 2 bytes):. [15]
%%    162 ns    Log    ID_UVVM_SEND_CMD    TB seq.(uvvm)       gmii_write(GMII_VVC,0,TX, 3 bytes):. [16]
%%    162 ns    Log    ID_UVVM_SEND_CMD    TB seq.(uvvm)       gmii_expect(GMII_VVC,0,RX, 3 bytes):. [17]
%%    162 ns    Log    ID_UVVM_SEND_CMD    TB seq.(uvvm)       gmii_write(GMII_VVC,0,TX, 4 bytes):. [18]
%%    162 ns    Log    ID_UVVM_SEND_CMD    TB seq.(uvvm)       gmii_expect(GMII_VVC,0,RX, 4 bytes):. [19]
%%    162 ns    Log    ID_UVVM_SEND_CMD    TB seq.(uvvm)       gmii_write(GMII_VVC,0,TX, 5 bytes):. [20]
%%    162 ns    Log    ID_UVVM_SEND_CMD    TB seq.(uvvm)       gmii_expect(GMII_VVC,0,RX, 5 bytes):. [21]
%%    162 ns    Log    ID_UVVM_SEND_CMD    TB seq.(uvvm)       gmii_write(GMII_VVC,0,TX, 6 bytes):. [22]
%%    162 ns    Log    ID_UVVM_SEND_CMD    TB seq.(uvvm)       gmii_expect(GMII_VVC,0,RX, 6 bytes):. [23]
%%    162 ns    Log    ID_UVVM_SEND_CMD    TB seq.(uvvm)       gmii_write(GMII_VVC,0,TX, 7 bytes):. [24]
%%    162 ns    Log    ID_UVVM_SEND_CMD    TB seq.(uvvm)       gmii_expect(GMII_VVC,0,RX, 7 bytes):. [25]
%%    162 ns    Log    ID_UVVM_SEND_CMD    TB seq.(uvvm)       gmii_write(GMII_VVC,0,TX, 8 bytes):. [26]
%%    162 ns    Log    ID_UVVM_SEND_CMD    TB seq.(uvvm)       gmii_expect(GMII_VVC,0,RX, 8 bytes):. [27]
%%    162 ns    Log    ID_UVVM_SEND_CMD    TB seq.(uvvm)       gmii_write(GMII_VVC,0,TX, 9 bytes):. [28]
%%    162 ns    Log    ID_UVVM_SEND_CMD    TB seq.(uvvm)       gmii_expect(GMII_VVC,0,RX, 9 bytes):. [29]
%%    162 ns    Log    ID_UVVM_SEND_CMD    TB seq.(uvvm)       gmii_write(GMII_VVC,0,TX, 10 bytes):. [30]
%%    162 ns    Log    ID_UVVM_SEND_CMD    TB seq.(uvvm)       gmii_expect(GMII_VVC,0,RX, 10 bytes):. [31]
%%    162 ns    Log    ID_UVVM_SEND_CMD    TB seq.(uvvm)       gmii_write(GMII_VVC,0,TX, 11 bytes):. [32]
%%    162 ns    Log    ID_UVVM_SEND_CMD    TB seq.(uvvm)       gmii_expect(GMII_VVC,0,RX, 11 bytes):. [33]
%%    162 ns    Log    ID_UVVM_SEND_CMD    TB seq.(uvvm)       gmii_write(GMII_VVC,0,TX, 12 bytes):. [34]
%%    162 ns    Log    ID_UVVM_SEND_CMD    TB seq.(uvvm)       gmii_expect(GMII_VVC,0,RX, 12 bytes):. [35]
%%    162 ns    Log    ID_UVVM_SEND_CMD    TB seq.(uvvm)       gmii_write(GMII_VVC,0,TX, 13 bytes):. [36]
%%    162 ns    Log    ID_UVVM_SEND_CMD    TB seq.(uvvm)       gmii_expect(GMII_VVC,0,RX, 13 bytes):. [37]
%%    162 ns    Log    ID_UVVM_SEND_CMD    TB seq.(uvvm)       gmii_write(GMII_VVC,0,TX, 14 bytes):. [38]
%%    162 ns    Log    ID_UVVM_SEND_CMD    TB seq.(uvvm)       gmii_expect(GMII_VVC,0,RX, 14 bytes):. [39]
%%    162 ns    Log    ID_UVVM_SEND_CMD    TB seq.(uvvm)       gmii_write(GMII_VVC,0,TX, 15 bytes):. [40]
%%    162 ns    Log    ID_UVVM_SEND_CMD    TB seq.(uvvm)       gmii_expect(GMII_VVC,0,RX, 15 bytes):. [41]
%%    162 ns    Log    ID_UVVM_SEND_CMD    TB seq.(uvvm)       gmii_write(GMII_VVC,0,TX, 16 bytes):. [42]
%%    162 ns    Log    ID_UVVM_SEND_CMD    TB seq.(uvvm)       gmii_expect(GMII_VVC,0,RX, 16 bytes):. [43]
%%    162 ns    Log    ID_UVVM_SEND_CMD    TB seq.(uvvm)       gmii_write(GMII_VVC,0,TX, 17 bytes):. [44]
%%    162 ns    Log    ID_UVVM_SEND_CMD    TB seq.(uvvm)       gmii_expect(GMII_VVC,0,RX, 17 bytes):. [45]
%%    162 ns    Log    ID_UVVM_SEND_CMD    TB seq.(uvvm)       gmii_write(GMII_VVC,0,TX, 18 bytes):. [46]
%%    162 ns    Log    ID_UVVM_SEND_CMD    TB seq.(uvvm)       gmii_expect(GMII_VVC,0,RX, 18 bytes):. [47]
%%    162 ns    Log    ID_UVVM_SEND_CMD    TB seq.(uvvm)       gmii_write(GMII_VVC,0,TX, 19 bytes):. [48]
%%    162 ns    Log    ID_UVVM_SEND_CMD    TB seq.(uvvm)       gmii_expect(GMII_VVC,0,RX, 19 bytes):. [49]
%%    162 ns    Log    ID_UVVM_SEND_CMD    TB seq.(uvvm)       gmii_write(GMII_VVC,0,TX, 20 bytes):. [50]
%%    162 ns    Log    ID_UVVM_SEND_CMD    TB seq.(uvvm)       gmii_expect(GMII_VVC,0,RX, 20 bytes):. [51]
%%    162 ns    Log    ID_UVVM_SEND_CMD    TB seq.(uvvm)       gmii_write(GMII_VVC,0,TX, 21 bytes):. [52]
%%    162 ns    Log    ID_UVVM_SEND_CMD    TB seq.(uvvm)       gmii_expect(GMII_VVC,0,RX, 21 bytes):. [53]
%%    162 ns    Log    ID_UVVM_SEND_CMD    TB seq.(uvvm)       gmii_write(GMII_VVC,0,TX, 22 bytes):. [54]
%%    162 ns    Log    ID_UVVM_SEND_CMD    TB seq.(uvvm)       gmii_expect(GMII_VVC,0,RX, 22 bytes):. [55]
%%    162 ns    Log    ID_UVVM_SEND_CMD    TB seq.(uvvm)       gmii_write(GMII_VVC,0,TX, 23 bytes):. [56]
%%    162 ns    Log    ID_UVVM_SEND_CMD    TB seq.(uvvm)       gmii_expect(GMII_VVC,0,RX, 23 bytes):. [57]
%%    162 ns    Log    ID_UVVM_SEND_CMD    TB seq.(uvvm)       gmii_write(GMII_VVC,0,TX, 24 bytes):. [58]
%%    162 ns    Log    ID_UVVM_SEND_CMD    TB seq.(uvvm)       gmii_expect(GMII_VVC,0,RX, 24 bytes):. [59]
%%    162 ns    Log    ID_UVVM_SEND_CMD    TB seq.(uvvm)       gmii_write(GMII_VVC,0,TX, 25 bytes):. [60]
%%    162 ns    Log    ID_UVVM_SEND_CMD    TB seq.(uvvm)       gmii_expect(GMII_VVC,0,RX, 25 bytes):. [61]
%%    162 ns    Log    ID_UVVM_SEND_CMD    TB seq.(uvvm)       gmii_write(GMII_VVC,0,TX, 26 bytes):. [62]
%%    162 ns    Log    ID_UVVM_SEND_CMD    TB seq.(uvvm)       gmii_expect(GMII_VVC,0,RX, 26 bytes):. [63]
%%    162 ns    Log    ID_UVVM_SEND_CMD    TB seq.(uvvm)       gmii_write(GMII_VVC,0,TX, 27 bytes):. [64]
%%    162 ns    Log    ID_UVVM_SEND_CMD    TB seq.(uvvm)       gmii_expect(GMII_VVC,0,RX, 27 bytes):. [65]
%%    162 ns    Log    ID_UVVM_SEND_CMD    TB seq.(uvvm)       gmii_write(GMII_VVC,0,TX, 28 bytes):. [66]
%%    162 ns    Log    ID_UVVM_SEND_CMD    TB seq.(uvvm)       gmii_expect(GMII_VVC,0,RX, 28 bytes):. [67]
%%    162 ns    Log    ID_UVVM_SEND_CMD    TB seq.(uvvm)       gmii_write(GMII_VVC,0,TX, 29 bytes):. [68]
%%    162 ns    Log    ID_UVVM_SEND_CMD    TB seq.(uvvm)       gmii_expect(GMII_VVC,0,RX, 29 bytes):. [69]
%%    162 ns    Log    ID_UVVM_SEND_CMD    TB seq.(uvvm)       gmii_write(GMII_VVC,0,TX, 30 bytes):. [70]
%%    162 ns    Log    ID_UVVM_SEND_CMD    TB seq.(uvvm)       gmii_expect(GMII_VVC,0,RX, 30 bytes):. [71]
%%    162 ns    Log    ID_UVVM_SEND_CMD    TB seq.(uvvm)       gmii_write(GMII_VVC,0,TX, 31 bytes):. [72]
%%    162 ns    Log    ID_UVVM_SEND_CMD    TB seq.(uvvm)       gmii_expect(GMII_VVC,0,RX, 31 bytes):. [73]
%%    162 ns    Log    ID_AWAIT_COMPLETIO  TB seq.(uvvm)       await_completion(GMII_VVC,0,RX, 10000 ns):. [74]
%%    162 ns    Log    ID_AWAIT_COMPLETIO  TB seq.(uvvm)       await_completion(GMII_VVC,0,RX, 10000 ns) - Pending completion. [74]
%%    164 ns    Log    ID_BFM              GMII_VVC,0,TX       gmii_write(1 bytes)=> '  [12]'
%%    164 ns    Log    ID_BFM              GMII_VVC,0,RX       gmii_expect(1 bytes) while executing gmii_read=> '  [13]'
%%    170 ns    Log    ID_BFM              GMII_VVC,0,TX       gmii_write(1 bytes) DONE. '  [12]'
%%    170 ns    Log    ID_BFM              GMII_VVC,0,RX       gmii_expect(1 bytes)=> OK, received 1 bytes. '  [13]'
%%    172 ns    Log    ID_BFM              GMII_VVC,0,TX       gmii_write(2 bytes)=> '  [14]'
%%    172 ns    Log    ID_BFM              GMII_VVC,0,RX       gmii_expect(2 bytes) while executing gmii_read=> '  [15]'
%%    186 ns    Log    ID_BFM              GMII_VVC,0,TX       gmii_write(2 bytes) DONE. '  [14]'
%%    186 ns    Log    ID_BFM              GMII_VVC,0,RX       gmii_expect(2 bytes)=> OK, received 2 bytes. '  [15]'
%%    188 ns    Log    ID_BFM              GMII_VVC,0,TX       gmii_write(3 bytes)=> '  [16]'
%%    188 ns    Log    ID_BFM              GMII_VVC,0,RX       gmii_expect(3 bytes) while executing gmii_read=> '  [17]'
%%    210 ns    Log    ID_BFM              GMII_VVC,0,TX       gmii_write(3 bytes) DONE. '  [16]'
%%    210 ns    Log    ID_BFM              GMII_VVC,0,RX       gmii_expect(3 bytes)=> OK, received 3 bytes. '  [17]'
%%    212 ns    Log    ID_BFM              GMII_VVC,0,TX       gmii_write(4 bytes)=> '  [18]'
%%    212 ns    Log    ID_BFM              GMII_VVC,0,RX       gmii_expect(4 bytes) while executing gmii_read=> '  [19]'
%%    242 ns    Log    ID_BFM              GMII_VVC,0,TX       gmii_write(4 bytes) DONE. '  [18]'
%%    242 ns    Log    ID_BFM              GMII_VVC,0,RX       gmii_expect(4 bytes)=> OK, received 4 bytes. '  [19]'
%%    244 ns    Log    ID_BFM              GMII_VVC,0,TX       gmii_write(5 bytes)=> '  [20]'
%%    244 ns    Log    ID_BFM              GMII_VVC,0,RX       gmii_expect(5 bytes) while executing gmii_read=> '  [21]'
%%    282 ns    Log    ID_BFM              GMII_VVC,0,TX       gmii_write(5 bytes) DONE. '  [20]'
%%    282 ns    Log    ID_BFM              GMII_VVC,0,RX       gmii_expect(5 bytes)=> OK, received 5 bytes. '  [21]'
%%    284 ns    Log    ID_BFM              GMII_VVC,0,TX       gmii_write(6 bytes)=> '  [22]'
%%    284 ns    Log    ID_BFM              GMII_VVC,0,RX       gmii_expect(6 bytes) while executing gmii_read=> '  [23]'
%%    330 ns    Log    ID_BFM              GMII_VVC,0,TX       gmii_write(6 bytes) DONE. '  [22]'
%%    330 ns    Log    ID_BFM              GMII_VVC,0,RX       gmii_expect(6 bytes)=> OK, received 6 bytes. '  [23]'
%%    332 ns    Log    ID_BFM              GMII_VVC,0,TX       gmii_write(7 bytes)=> '  [24]'
%%    332 ns    Log    ID_BFM              GMII_VVC,0,RX       gmii_expect(7 bytes) while executing gmii_read=> '  [25]'
%%    386 ns    Log    ID_BFM              GMII_VVC,0,TX       gmii_write(7 bytes) DONE. '  [24]'
%%    386 ns    Log    ID_BFM              GMII_VVC,0,RX       gmii_expect(7 bytes)=> OK, received 7 bytes. '  [25]'
%%    388 ns    Log    ID_BFM              GMII_VVC,0,TX       gmii_write(8 bytes)=> '  [26]'
%%    388 ns    Log    ID_BFM              GMII_VVC,0,RX       gmii_expect(8 bytes) while executing gmii_read=> '  [27]'
%%    450 ns    Log    ID_BFM              GMII_VVC,0,TX       gmii_write(8 bytes) DONE. '  [26]'
%%    450 ns    Log    ID_BFM              GMII_VVC,0,RX       gmii_expect(8 bytes)=> OK, received 8 bytes. '  [27]'
%%    452 ns    Log    ID_BFM              GMII_VVC,0,TX       gmii_write(9 bytes)=> '  [28]'
%%    452 ns    Log    ID_BFM              GMII_VVC,0,RX       gmii_expect(9 bytes) while executing gmii_read=> '  [29]'
%%    522 ns    Log    ID_BFM              GMII_VVC,0,TX       gmii_write(9 bytes) DONE. '  [28]'
%%    522 ns    Log    ID_BFM              GMII_VVC,0,RX       gmii_expect(9 bytes)=> OK, received 9 bytes. '  [29]'
%%    524 ns    Log    ID_BFM              GMII_VVC,0,TX       gmii_write(10 bytes)=> '  [30]'
%%    524 ns    Log    ID_BFM              GMII_VVC,0,RX       gmii_expect(10 bytes) while executing gmii_read=> '  [31]'
%%    602 ns    Log    ID_BFM              GMII_VVC,0,TX       gmii_write(10 bytes) DONE. '  [30]'
%%    602 ns    Log    ID_BFM              GMII_VVC,0,RX       gmii_expect(10 bytes)=> OK, received 10 bytes. '  [31]'
%%    604 ns    Log    ID_BFM              GMII_VVC,0,TX       gmii_write(11 bytes)=> '  [32]'
%%    604 ns    Log    ID_BFM              GMII_VVC,0,RX       gmii_expect(11 bytes) while executing gmii_read=> '  [33]'
%%    690 ns    Log    ID_BFM              GMII_VVC,0,TX       gmii_write(11 bytes) DONE. '  [32]'
%%    690 ns    Log    ID_BFM              GMII_VVC,0,RX       gmii_expect(11 bytes)=> OK, received 11 bytes. '  [33]'
%%    692 ns    Log    ID_BFM              GMII_VVC,0,TX       gmii_write(12 bytes)=> '  [34]'
%%    692 ns    Log    ID_BFM              GMII_VVC,0,RX       gmii_expect(12 bytes) while executing gmii_read=> '  [35]'
%%    786 ns    Log    ID_BFM              GMII_VVC,0,TX       gmii_write(12 bytes) DONE. '  [34]'
%%    786 ns    Log    ID_BFM              GMII_VVC,0,RX       gmii_expect(12 bytes)=> OK, received 12 bytes. '  [35]'
%%    788 ns    Log    ID_BFM              GMII_VVC,0,TX       gmii_write(13 bytes)=> '  [36]'
%%    788 ns    Log    ID_BFM              GMII_VVC,0,RX       gmii_expect(13 bytes) while executing gmii_read=> '  [37]'
%%    890 ns    Log    ID_BFM              GMII_VVC,0,TX       gmii_write(13 bytes) DONE. '  [36]'
%%    890 ns    Log    ID_BFM              GMII_VVC,0,RX       gmii_expect(13 bytes)=> OK, received 13 bytes. '  [37]'
%%    892 ns    Log    ID_BFM              GMII_VVC,0,TX       gmii_write(14 bytes)=> '  [38]'
%%    892 ns    Log    ID_BFM              GMII_VVC,0,RX       gmii_expect(14 bytes) while executing gmii_read=> '  [39]'
%%   1002 ns    Log    ID_BFM              GMII_VVC,0,TX       gmii_write(14 bytes) DONE. '  [38]'
%%   1002 ns    Log    ID_BFM              GMII_VVC,0,RX       gmii_expect(14 bytes)=> OK, received 14 bytes. '  [39]'
%%   1004 ns    Log    ID_BFM              GMII_VVC,0,TX       gmii_write(15 bytes)=> '  [40]'
%%   1004 ns    Log    ID_BFM              GMII_VVC,0,RX       gmii_expect(15 bytes) while executing gmii_read=> '  [41]'
%%   1122 ns    Log    ID_BFM              GMII_VVC,0,TX       gmii_write(15 bytes) DONE. '  [40]'
%%   1122 ns    Log    ID_BFM              GMII_VVC,0,RX       gmii_expect(15 bytes)=> OK, received 15 bytes. '  [41]'
%%   1124 ns    Log    ID_BFM              GMII_VVC,0,TX       gmii_write(16 bytes)=> '  [42]'
%%   1124 ns    Log    ID_BFM              GMII_VVC,0,RX       gmii_expect(16 bytes) while executing gmii_read=> '  [43]'
%%   1250 ns    Log    ID_BFM              GMII_VVC,0,TX       gmii_write(16 bytes) DONE. '  [42]'
%%   1250 ns    Log    ID_BFM              GMII_VVC,0,RX       gmii_expect(16 bytes)=> OK, received 16 bytes. '  [43]'
%%   1252 ns    Log    ID_BFM              GMII_VVC,0,TX       gmii_write(17 bytes)=> '  [44]'
%%   1252 ns    Log    ID_BFM              GMII_VVC,0,RX       gmii_expect(17 bytes) while executing gmii_read=> '  [45]'
%%   1386 ns    Log    ID_BFM              GMII_VVC,0,TX       gmii_write(17 bytes) DONE. '  [44]'
%%   1386 ns    Log    ID_BFM              GMII_VVC,0,RX       gmii_expect(17 bytes)=> OK, received 17 bytes. '  [45]'
%%   1388 ns    Log    ID_BFM              GMII_VVC,0,TX       gmii_write(18 bytes)=> '  [46]'
%%   1388 ns    Log    ID_BFM              GMII_VVC,0,RX       gmii_expect(18 bytes) while executing gmii_read=> '  [47]'
%%   1530 ns    Log    ID_BFM              GMII_VVC,0,TX       gmii_write(18 bytes) DONE. '  [46]'
%%   1530 ns    Log    ID_BFM              GMII_VVC,0,RX       gmii_expect(18 bytes)=> OK, received 18 bytes. '  [47]'
%%   1532 ns    Log    ID_BFM              GMII_VVC,0,TX       gmii_write(19 bytes)=> '  [48]'
%%   1532 ns    Log    ID_BFM              GMII_VVC,0,RX       gmii_expect(19 bytes) while executing gmii_read=> '  [49]'
%%   1682 ns    Log    ID_BFM              GMII_VVC,0,TX       gmii_write(19 bytes) DONE. '  [48]'
%%   1682 ns    Log    ID_BFM              GMII_VVC,0,RX       gmii_expect(19 bytes)=> OK, received 19 bytes. '  [49]'
%%   1684 ns    Log    ID_BFM              GMII_VVC,0,TX       gmii_write(20 bytes)=> '  [50]'
%%   1684 ns    Log    ID_BFM              GMII_VVC,0,RX       gmii_expect(20 bytes) while executing gmii_read=> '  [51]'
%%   1842 ns    Log    ID_BFM              GMII_VVC,0,TX       gmii_write(20 bytes) DONE. '  [50]'
%%   1842 ns    Log    ID_BFM              GMII_VVC,0,RX       gmii_expect(20 bytes)=> OK, received 20 bytes. '  [51]'
%%   1844 ns    Log    ID_BFM              GMII_VVC,0,TX       gmii_write(21 bytes)=> '  [52]'
%%   1844 ns    Log    ID_BFM              GMII_VVC,0,RX       gmii_expect(21 bytes) while executing gmii_read=> '  [53]'
%%   2010 ns    Log    ID_BFM              GMII_VVC,0,TX       gmii_write(21 bytes) DONE. '  [52]'
%%   2010 ns    Log    ID_BFM              GMII_VVC,0,RX       gmii_expect(21 bytes)=> OK, received 21 bytes. '  [53]'
%%   2012 ns    Log    ID_BFM              GMII_VVC,0,TX       gmii_write(22 bytes)=> '  [54]'
%%   2012 ns    Log    ID_BFM              GMII_VVC,0,RX       gmii_expect(22 bytes) while executing gmii_read=> '  [55]'
%%   2186 ns    Log    ID_BFM              GMII_VVC,0,TX       gmii_write(22 bytes) DONE. '  [54]'
%%   2186 ns    Log    ID_BFM              GMII_VVC,0,RX       gmii_expect(22 bytes)=> OK, received 22 bytes. '  [55]'
%%   2188 ns    Log    ID_BFM              GMII_VVC,0,TX       gmii_write(23 bytes)=> '  [56]'
%%   2188 ns    Log    ID_BFM              GMII_VVC,0,RX       gmii_expect(23 bytes) while executing gmii_read=> '  [57]'
%%   2370 ns    Log    ID_BFM              GMII_VVC,0,TX       gmii_write(23 bytes) DONE. '  [56]'
%%   2370 ns    Log    ID_BFM              GMII_VVC,0,RX       gmii_expect(23 bytes)=> OK, received 23 bytes. '  [57]'
%%   2372 ns    Log    ID_BFM              GMII_VVC,0,TX       gmii_write(24 bytes)=> '  [58]'
%%   2372 ns    Log    ID_BFM              GMII_VVC,0,RX       gmii_expect(24 bytes) while executing gmii_read=> '  [59]'
%%   2562 ns    Log    ID_BFM              GMII_VVC,0,TX       gmii_write(24 bytes) DONE. '  [58]'
%%   2562 ns    Log    ID_BFM              GMII_VVC,0,RX       gmii_expect(24 bytes)=> OK, received 24 bytes. '  [59]'
%%   2564 ns    Log    ID_BFM              GMII_VVC,0,TX       gmii_write(25 bytes)=> '  [60]'
%%   2564 ns    Log    ID_BFM              GMII_VVC,0,RX       gmii_expect(25 bytes) while executing gmii_read=> '  [61]'
%%   2762 ns    Log    ID_BFM              GMII_VVC,0,TX       gmii_write(25 bytes) DONE. '  [60]'
%%   2762 ns    Log    ID_BFM              GMII_VVC,0,RX       gmii_expect(25 bytes)=> OK, received 25 bytes. '  [61]'
%%   2764 ns    Log    ID_BFM              GMII_VVC,0,TX       gmii_write(26 bytes)=> '  [62]'
%%   2764 ns    Log    ID_BFM              GMII_VVC,0,RX       gmii_expect(26 bytes) while executing gmii_read=> '  [63]'
%%   2970 ns    Log    ID_BFM              GMII_VVC,0,TX       gmii_write(26 bytes) DONE. '  [62]'
%%   2970 ns    Log    ID_BFM              GMII_VVC,0,RX       gmii_expect(26 bytes)=> OK, received 26 bytes. '  [63]'
%%   2972 ns    Log    ID_BFM              GMII_VVC,0,TX       gmii_write(27 bytes)=> '  [64]'
%%   2972 ns    Log    ID_BFM              GMII_VVC,0,RX       gmii_expect(27 bytes) while executing gmii_read=> '  [65]'
%%   3186 ns    Log    ID_BFM              GMII_VVC,0,TX       gmii_write(27 bytes) DONE. '  [64]'
%%   3186 ns    Log    ID_BFM              GMII_VVC,0,RX       gmii_expect(27 bytes)=> OK, received 27 bytes. '  [65]'
%%   3188 ns    Log    ID_BFM              GMII_VVC,0,TX       gmii_write(28 bytes)=> '  [66]'
%%   3188 ns    Log    ID_BFM              GMII_VVC,0,RX       gmii_expect(28 bytes) while executing gmii_read=> '  [67]'
%%   3410 ns    Log    ID_BFM              GMII_VVC,0,TX       gmii_write(28 bytes) DONE. '  [66]'
%%   3410 ns    Log    ID_BFM              GMII_VVC,0,RX       gmii_expect(28 bytes)=> OK, received 28 bytes. '  [67]'
%%   3412 ns    Log    ID_BFM              GMII_VVC,0,TX       gmii_write(29 bytes)=> '  [68]'
%%   3412 ns    Log    ID_BFM              GMII_VVC,0,RX       gmii_expect(29 bytes) while executing gmii_read=> '  [69]'
%%   3642 ns    Log    ID_BFM              GMII_VVC,0,TX       gmii_write(29 bytes) DONE. '  [68]'
%%   3642 ns    Log    ID_BFM              GMII_VVC,0,RX       gmii_expect(29 bytes)=> OK, received 29 bytes. '  [69]'
%%   3644 ns    Log    ID_BFM              GMII_VVC,0,TX       gmii_write(30 bytes)=> '  [70]'
%%   3644 ns    Log    ID_BFM              GMII_VVC,0,RX       gmii_expect(30 bytes) while executing gmii_read=> '  [71]'
%%   3882 ns    Log    ID_BFM              GMII_VVC,0,TX       gmii_write(30 bytes) DONE. '  [70]'
%%   3882 ns    Log    ID_BFM              GMII_VVC,0,RX       gmii_expect(30 bytes)=> OK, received 30 bytes. '  [71]'
%%   3884 ns    Log    ID_BFM              GMII_VVC,0,TX       gmii_write(31 bytes)=> '  [72]'
%%   3884 ns    Log    ID_BFM              GMII_VVC,0,RX       gmii_expect(31 bytes) while executing gmii_read=> '  [73]'
%%   4130 ns    Log    ID_BFM              GMII_VVC,0,TX       gmii_write(31 bytes) DONE. '  [72]'
%%   4130 ns    Log    ID_BFM              GMII_VVC,0,RX       gmii_expect(31 bytes)=> OK, received 31 bytes. '  [73]'
%%   4130 ns    Log    ID_AWAIT_COMPLETIO  TB seq.(uvvm)       await_completion(GMII_VVC,0,RX, 10000 ns)=> GMII_VVC,0,RX finished. [74]
%% 
%% 
%%   4130 ns    Log    ID_LOG_HDR          TB seq.             Testing a multiple byte transfer in several transactions
%% ----------------------------------------------------------------------------------------------------------------------------------------------------------------------------
%%   4130 ns    Log    ID_UVVM_SEND_CMD    TB seq.(uvvm)       gmii_write(GMII_VVC,0,TX, 1 bytes):. [75]
%%   4130 ns    Log    ID_UVVM_SEND_CMD    TB seq.(uvvm)       gmii_write(GMII_VVC,0,TX, 1 bytes):. [76]
%%   4130 ns    Log    ID_UVVM_SEND_CMD    TB seq.(uvvm)       gmii_write(GMII_VVC,0,TX, 1 bytes):. [77]
%%   4130 ns    Log    ID_UVVM_SEND_CMD    TB seq.(uvvm)       gmii_write(GMII_VVC,0,TX, 1 bytes):. [78]
%%   4130 ns    Log    ID_UVVM_SEND_CMD    TB seq.(uvvm)       gmii_write(GMII_VVC,0,TX, 1 bytes):. [79]
%%   4130 ns    Log    ID_UVVM_SEND_CMD    TB seq.(uvvm)       gmii_write(GMII_VVC,0,TX, 1 bytes):. [80]
%%   4130 ns    Log    ID_UVVM_SEND_CMD    TB seq.(uvvm)       gmii_write(GMII_VVC,0,TX, 1 bytes):. [81]
%%   4130 ns    Log    ID_UVVM_SEND_CMD    TB seq.(uvvm)       gmii_write(GMII_VVC,0,TX, 1 bytes):. [82]
%%   4130 ns    Log    ID_UVVM_SEND_CMD    TB seq.(uvvm)       gmii_write(GMII_VVC,0,TX, 1 bytes):. [83]
%%   4130 ns    Log    ID_UVVM_SEND_CMD    TB seq.(uvvm)       gmii_write(GMII_VVC,0,TX, 1 bytes):. [84]
%%   4130 ns    Log    ID_UVVM_SEND_CMD    TB seq.(uvvm)       gmii_write(GMII_VVC,0,TX, 1 bytes):. [85]
%%   4130 ns    Log    ID_UVVM_SEND_CMD    TB seq.(uvvm)       gmii_write(GMII_VVC,0,TX, 1 bytes):. [86]
%%   4130 ns    Log    ID_UVVM_SEND_CMD    TB seq.(uvvm)       gmii_write(GMII_VVC,0,TX, 1 bytes):. [87]
%%   4130 ns    Log    ID_UVVM_SEND_CMD    TB seq.(uvvm)       gmii_write(GMII_VVC,0,TX, 1 bytes):. [88]
%%   4130 ns    Log    ID_UVVM_SEND_CMD    TB seq.(uvvm)       gmii_write(GMII_VVC,0,TX, 1 bytes):. [89]
%%   4130 ns    Log    ID_UVVM_SEND_CMD    TB seq.(uvvm)       gmii_write(GMII_VVC,0,TX, 1 bytes):. [90]
%%   4130 ns    Log    ID_UVVM_SEND_CMD    TB seq.(uvvm)       gmii_write(GMII_VVC,0,TX, 1 bytes):. [91]
%%   4130 ns    Log    ID_UVVM_SEND_CMD    TB seq.(uvvm)       gmii_write(GMII_VVC,0,TX, 1 bytes):. [92]
%%   4130 ns    Log    ID_UVVM_SEND_CMD    TB seq.(uvvm)       gmii_write(GMII_VVC,0,TX, 1 bytes):. [93]
%%   4130 ns    Log    ID_UVVM_SEND_CMD    TB seq.(uvvm)       gmii_write(GMII_VVC,0,TX, 1 bytes):. [94]
%%   4130 ns    Log    ID_UVVM_SEND_CMD    TB seq.(uvvm)       gmii_write(GMII_VVC,0,TX, 1 bytes):. [95]
%%   4130 ns    Log    ID_UVVM_SEND_CMD    TB seq.(uvvm)       gmii_write(GMII_VVC,0,TX, 1 bytes):. [96]
%%   4130 ns    Log    ID_UVVM_SEND_CMD    TB seq.(uvvm)       gmii_write(GMII_VVC,0,TX, 1 bytes):. [97]
%%   4130 ns    Log    ID_UVVM_SEND_CMD    TB seq.(uvvm)       gmii_write(GMII_VVC,0,TX, 1 bytes):. [98]
%%   4130 ns    Log    ID_UVVM_SEND_CMD    TB seq.(uvvm)       gmii_write(GMII_VVC,0,TX, 1 bytes):. [99]
%%   4130 ns    Log    ID_UVVM_SEND_CMD    TB seq.(uvvm)       gmii_write(GMII_VVC,0,TX, 1 bytes):. [100]
%%   4130 ns    Log    ID_UVVM_SEND_CMD    TB seq.(uvvm)       gmii_write(GMII_VVC,0,TX, 1 bytes):. [101]
%%   4130 ns    Log    ID_UVVM_SEND_CMD    TB seq.(uvvm)       gmii_write(GMII_VVC,0,TX, 1 bytes):. [102]
%%   4130 ns    Log    ID_UVVM_SEND_CMD    TB seq.(uvvm)       gmii_write(GMII_VVC,0,TX, 1 bytes):. [103]
%%   4130 ns    Log    ID_UVVM_SEND_CMD    TB seq.(uvvm)       gmii_write(GMII_VVC,0,TX, 1 bytes):. [104]
%%   4130 ns    Log    ID_UVVM_SEND_CMD    TB seq.(uvvm)       gmii_write(GMII_VVC,0,TX, 1 bytes):. [105]
%%   4130 ns    Log    ID_UVVM_SEND_CMD    TB seq.(uvvm)       gmii_expect(GMII_VVC,0,RX, 31 bytes):. [106]
%%   4132 ns    Log    ID_BFM              GMII_VVC,0,TX       gmii_write(1 bytes)=> '  [75]'
%%   4132 ns    Log    ID_BFM              GMII_VVC,0,RX       gmii_expect(31 bytes) while executing gmii_read=> '  [106]'
%%   4138 ns    Log    ID_BFM              GMII_VVC,0,TX       gmii_write(1 bytes) DONE. '  [75]'
%%   4140 ns    Log    ID_BFM              GMII_VVC,0,TX       gmii_write(1 bytes)=> '  [76]'
%%   4146 ns    Log    ID_BFM              GMII_VVC,0,TX       gmii_write(1 bytes) DONE. '  [76]'
%%   4148 ns    Log    ID_BFM              GMII_VVC,0,TX       gmii_write(1 bytes)=> '  [77]'
%%   4154 ns    Log    ID_BFM              GMII_VVC,0,TX       gmii_write(1 bytes) DONE. '  [77]'
%%   4156 ns    Log    ID_BFM              GMII_VVC,0,TX       gmii_write(1 bytes)=> '  [78]'
%%   4162 ns    Log    ID_BFM              GMII_VVC,0,TX       gmii_write(1 bytes) DONE. '  [78]'
%%   4164 ns    Log    ID_BFM              GMII_VVC,0,TX       gmii_write(1 bytes)=> '  [79]'
%%   4170 ns    Log    ID_BFM              GMII_VVC,0,TX       gmii_write(1 bytes) DONE. '  [79]'
%%   4172 ns    Log    ID_BFM              GMII_VVC,0,TX       gmii_write(1 bytes)=> '  [80]'
%%   4178 ns    Log    ID_BFM              GMII_VVC,0,TX       gmii_write(1 bytes) DONE. '  [80]'
%%   4180 ns    Log    ID_BFM              GMII_VVC,0,TX       gmii_write(1 bytes)=> '  [81]'
%%   4186 ns    Log    ID_BFM              GMII_VVC,0,TX       gmii_write(1 bytes) DONE. '  [81]'
%%   4188 ns    Log    ID_BFM              GMII_VVC,0,TX       gmii_write(1 bytes)=> '  [82]'
%%   4194 ns    Log    ID_BFM              GMII_VVC,0,TX       gmii_write(1 bytes) DONE. '  [82]'
%%   4196 ns    Log    ID_BFM              GMII_VVC,0,TX       gmii_write(1 bytes)=> '  [83]'
%%   4202 ns    Log    ID_BFM              GMII_VVC,0,TX       gmii_write(1 bytes) DONE. '  [83]'
%%   4204 ns    Log    ID_BFM              GMII_VVC,0,TX       gmii_write(1 bytes)=> '  [84]'
%%   4210 ns    Log    ID_BFM              GMII_VVC,0,TX       gmii_write(1 bytes) DONE. '  [84]'
%%   4212 ns    Log    ID_BFM              GMII_VVC,0,TX       gmii_write(1 bytes)=> '  [85]'
%%   4218 ns    Log    ID_BFM              GMII_VVC,0,TX       gmii_write(1 bytes) DONE. '  [85]'
%%   4220 ns    Log    ID_BFM              GMII_VVC,0,TX       gmii_write(1 bytes)=> '  [86]'
%%   4226 ns    Log    ID_BFM              GMII_VVC,0,TX       gmii_write(1 bytes) DONE. '  [86]'
%%   4228 ns    Log    ID_BFM              GMII_VVC,0,TX       gmii_write(1 bytes)=> '  [87]'
%%   4234 ns    Log    ID_BFM              GMII_VVC,0,TX       gmii_write(1 bytes) DONE. '  [87]'
%%   4236 ns    Log    ID_BFM              GMII_VVC,0,TX       gmii_write(1 bytes)=> '  [88]'
%%   4242 ns    Log    ID_BFM              GMII_VVC,0,TX       gmii_write(1 bytes) DONE. '  [88]'
%%   4244 ns    Log    ID_BFM              GMII_VVC,0,TX       gmii_write(1 bytes)=> '  [89]'
%%   4250 ns    Log    ID_BFM              GMII_VVC,0,TX       gmii_write(1 bytes) DONE. '  [89]'
%%   4252 ns    Log    ID_BFM              GMII_VVC,0,TX       gmii_write(1 bytes)=> '  [90]'
%%   4258 ns    Log    ID_BFM              GMII_VVC,0,TX       gmii_write(1 bytes) DONE. '  [90]'
%%   4260 ns    Log    ID_BFM              GMII_VVC,0,TX       gmii_write(1 bytes)=> '  [91]'
%%   4266 ns    Log    ID_BFM              GMII_VVC,0,TX       gmii_write(1 bytes) DONE. '  [91]'
%%   4268 ns    Log    ID_BFM              GMII_VVC,0,TX       gmii_write(1 bytes)=> '  [92]'
%%   4274 ns    Log    ID_BFM              GMII_VVC,0,TX       gmii_write(1 bytes) DONE. '  [92]'
%%   4276 ns    Log    ID_BFM              GMII_VVC,0,TX       gmii_write(1 bytes)=> '  [93]'
%%   4282 ns    Log    ID_BFM              GMII_VVC,0,TX       gmii_write(1 bytes) DONE. '  [93]'
%%   4284 ns    Log    ID_BFM              GMII_VVC,0,TX       gmii_write(1 bytes)=> '  [94]'
%%   4290 ns    Log    ID_BFM              GMII_VVC,0,TX       gmii_write(1 bytes) DONE. '  [94]'
%%   4292 ns    Log    ID_BFM              GMII_VVC,0,TX       gmii_write(1 bytes)=> '  [95]'
%%   4298 ns    Log    ID_BFM              GMII_VVC,0,TX       gmii_write(1 bytes) DONE. '  [95]'
%%   4300 ns    Log    ID_BFM              GMII_VVC,0,TX       gmii_write(1 bytes)=> '  [96]'
%%   4306 ns    Log    ID_BFM              GMII_VVC,0,TX       gmii_write(1 bytes) DONE. '  [96]'
%%   4308 ns    Log    ID_BFM              GMII_VVC,0,TX       gmii_write(1 bytes)=> '  [97]'
%%   4314 ns    Log    ID_BFM              GMII_VVC,0,TX       gmii_write(1 bytes) DONE. '  [97]'
%%   4316 ns    Log    ID_BFM              GMII_VVC,0,TX       gmii_write(1 bytes)=> '  [98]'
%%   4322 ns    Log    ID_BFM              GMII_VVC,0,TX       gmii_write(1 bytes) DONE. '  [98]'
%%   4324 ns    Log    ID_BFM              GMII_VVC,0,TX       gmii_write(1 bytes)=> '  [99]'
%%   4330 ns    Log    ID_BFM              GMII_VVC,0,TX       gmii_write(1 bytes) DONE. '  [99]'
%%   4332 ns    Log    ID_BFM              GMII_VVC,0,TX       gmii_write(1 bytes)=> '  [100]'
%%   4338 ns    Log    ID_BFM              GMII_VVC,0,TX       gmii_write(1 bytes) DONE. '  [100]'
%%   4340 ns    Log    ID_BFM              GMII_VVC,0,TX       gmii_write(1 bytes)=> '  [101]'
%%   4346 ns    Log    ID_BFM              GMII_VVC,0,TX       gmii_write(1 bytes) DONE. '  [101]'
%%   4348 ns    Log    ID_BFM              GMII_VVC,0,TX       gmii_write(1 bytes)=> '  [102]'
%%   4354 ns    Log    ID_BFM              GMII_VVC,0,TX       gmii_write(1 bytes) DONE. '  [102]'
%%   4356 ns    Log    ID_BFM              GMII_VVC,0,TX       gmii_write(1 bytes)=> '  [103]'
%%   4362 ns    Log    ID_BFM              GMII_VVC,0,TX       gmii_write(1 bytes) DONE. '  [103]'
%%   4364 ns    Log    ID_BFM              GMII_VVC,0,TX       gmii_write(1 bytes)=> '  [104]'
%%   4370 ns    Log    ID_BFM              GMII_VVC,0,TX       gmii_write(1 bytes) DONE. '  [104]'
%%   4372 ns    Log    ID_BFM              GMII_VVC,0,TX       gmii_write(1 bytes)=> '  [105]'
%%   4378 ns    Log    PASSED              TB seq.             check_stable(sl, 240 ns) => OK. Value 1 was stable for 246 ns. 'Checking that TXEN was held high during the complete transfer'
%%   4378 ns    Log    ID_AWAIT_COMPLETIO  TB seq.(uvvm)       await_completion(GMII_VVC,0,RX, 10000 ns):. [107]
%%   4378 ns    Log    ID_AWAIT_COMPLETIO  TB seq.(uvvm)       await_completion(GMII_VVC,0,RX, 10000 ns) - Pending completion. [107]
%%   4378 ns    Log    ID_BFM              GMII_VVC,0,TX       gmii_write(1 bytes) DONE. '  [105]'
%%   4378 ns    Log    ID_BFM              GMII_VVC,0,RX       gmii_expect(31 bytes)=> OK, received 31 bytes. '  [106]'
%%   4378 ns    Log    ID_AWAIT_COMPLETIO  TB seq.(uvvm)       await_completion(GMII_VVC,0,RX, 10000 ns)=> GMII_VVC,0,RX finished. [107]
%% 
%% 
%%   4378 ns    Log    ID_LOG_HDR          TB seq.             Testing read and fetch
%% ----------------------------------------------------------------------------------------------------------------------------------------------------------------------------
%%   4378 ns    Log    ID_UVVM_SEND_CMD    TB seq.(uvvm)       gmii_write(GMII_VVC,0,TX, 100 bytes):. [108]
%%   4378 ns    Log    ID_UVVM_SEND_CMD    TB seq.(uvvm)       gmii_read(GMII_VVC,0,RX):. [109]
%%   4378 ns    Log    ID_AWAIT_COMPLETIO  TB seq.(uvvm)       await_completion(GMII_VVC,0,RX, 109, 10000 ns):. [110]
%%   4378 ns    Log    ID_AWAIT_COMPLETIO  TB seq.(uvvm)       await_completion(GMII_VVC,0,RX, 109, 10000 ns) - Pending completion. [110]
%%   4380 ns    Log    ID_BFM              GMII_VVC,0,TX       gmii_write(100 bytes)=> '  [108]'
%%   4380 ns    Log    ID_BFM              GMII_VVC,0,RX       gmii_read(2048 bytes)=> '  [109]'
%%   5178 ns    Log    ID_BFM              GMII_VVC,0,TX       gmii_write(100 bytes) DONE. '  [108]'
%%   5186 ns    Log    ID_BFM              GMII_VVC,0,RX       gmii_read(2048 bytes) DONE. '  [109]'
%%   5186 ns    Log    ID_AWAIT_COMPLETIO  TB seq.(uvvm)       await_completion(GMII_VVC,0,RX, 109, 10000 ns)=> GMII_VVC,0,RX finished. [110]
%%   5186 ns    Log    ID_UVVM_SEND_CMD    TB seq.(uvvm)       fetch_result(GMII_VVC,0,RX, 109):. [111]
%%   5186 ns    Log    ID_IMMEDIATE_CMD    GMII_VVC,0,RX       fetch_result(GMII_VVC,0,RX, 109) Requested result is found.   [111]
%%   5186 ns    Log    ID_UVVM_CMD_RESULT  TB seq.(uvvm)       fetch_result(GMII_VVC,0,RX, 109): Legal=>true, Result=>2048 Bytes [111]
%%   5186 ns    Log    PASSED              TB seq.             check_value(slv, x"47") => OK. Value was x"47". 'Checking fetch result: v_data_array'
%%   5186 ns    Log    PASSED              TB seq.             check_value(slv, x"14") => OK. Value was x"14". 'Checking fetch result: v_data_array'
%%   5186 ns    Log    PASSED              TB seq.             check_value(slv, x"3B") => OK. Value was x"3B". 'Checking fetch result: v_data_array'
%%   5186 ns    Log    PASSED              TB seq.             check_value(slv, x"25") => OK. Value was x"25". 'Checking fetch result: v_data_array'
%%   5186 ns    Log    PASSED              TB seq.             check_value(slv, x"93") => OK. Value was x"93". 'Checking fetch result: v_data_array'
%%   5186 ns    Log    PASSED              TB seq.             check_value(slv, x"22") => OK. Value was x"22". 'Checking fetch result: v_data_array'
%%   5186 ns    Log    PASSED              TB seq.             check_value(slv, x"E3") => OK. Value was x"E3". 'Checking fetch result: v_data_array'
%%   5186 ns    Log    PASSED              TB seq.             check_value(slv, x"70") => OK. Value was x"70". 'Checking fetch result: v_data_array'
%%   5186 ns    Log    PASSED              TB seq.             check_value(slv, x"99") => OK. Value was x"99". 'Checking fetch result: v_data_array'
%%   5186 ns    Log    PASSED              TB seq.             check_value(slv, x"2B") => OK. Value was x"2B". 'Checking fetch result: v_data_array'
%%   5186 ns    Log    PASSED              TB seq.             check_value(slv, x"11") => OK. Value was x"11". 'Checking fetch result: v_data_array'
%%   5186 ns    Log    PASSED              TB seq.             check_value(slv, x"2C") => OK. Value was x"2C". 'Checking fetch result: v_data_array'
%%   5186 ns    Log    PASSED              TB seq.             check_value(slv, x"9C") => OK. Value was x"9C". 'Checking fetch result: v_data_array'
%%   5186 ns    Log    PASSED              TB seq.             check_value(slv, x"80") => OK. Value was x"80". 'Checking fetch result: v_data_array'
%%   5186 ns    Log    PASSED              TB seq.             check_value(slv, x"CB") => OK. Value was x"CB". 'Checking fetch result: v_data_array'
%%   5186 ns    Log    PASSED              TB seq.             check_value(slv, x"64") => OK. Value was x"64". 'Checking fetch result: v_data_array'
%%   5186 ns    Log    PASSED              TB seq.             check_value(slv, x"4F") => OK. Value was x"4F". 'Checking fetch result: v_data_array'
%%   5186 ns    Log    PASSED              TB seq.             check_value(slv, x"21") => OK. Value was x"21". 'Checking fetch result: v_data_array'
%%   5186 ns    Log    PASSED              TB seq.             check_value(slv, x"92") => OK. Value was x"92". 'Checking fetch result: v_data_array'
%%   5186 ns    Log    PASSED              TB seq.             check_value(slv, x"60") => OK. Value was x"60". 'Checking fetch result: v_data_array'
%%   5186 ns    Log    PASSED              TB seq.             check_value(slv, x"7B") => OK. Value was x"7B". 'Checking fetch result: v_data_array'
%%   5186 ns    Log    PASSED              TB seq.             check_value(slv, x"60") => OK. Value was x"60". 'Checking fetch result: v_data_array'
%%   5186 ns    Log    PASSED              TB seq.             check_value(slv, x"8B") => OK. Value was x"8B". 'Checking fetch result: v_data_array'
%%   5186 ns    Log    PASSED              TB seq.             check_value(slv, x"C5") => OK. Value was x"C5". 'Checking fetch result: v_data_array'
%%   5186 ns    Log    PASSED              TB seq.             check_value(slv, x"88") => OK. Value was x"88". 'Checking fetch result: v_data_array'
%%   5186 ns    Log    PASSED              TB seq.             check_value(slv, x"06") => OK. Value was x"06". 'Checking fetch result: v_data_array'
%%   5186 ns    Log    PASSED              TB seq.             check_value(slv, x"5D") => OK. Value was x"5D". 'Checking fetch result: v_data_array'
%%   5186 ns    Log    PASSED              TB seq.             check_value(slv, x"56") => OK. Value was x"56". 'Checking fetch result: v_data_array'
%%   5186 ns    Log    PASSED              TB seq.             check_value(slv, x"65") => OK. Value was x"65". 'Checking fetch result: v_data_array'
%%   5186 ns    Log    PASSED              TB seq.             check_value(slv, x"6B") => OK. Value was x"6B". 'Checking fetch result: v_data_array'
%%   5186 ns    Log    PASSED              TB seq.             check_value(slv, x"1C") => OK. Value was x"1C". 'Checking fetch result: v_data_array'
%%   5186 ns    Log    PASSED              TB seq.             check_value(slv, x"1F") => OK. Value was x"1F". 'Checking fetch result: v_data_array'
%%   5186 ns    Log    PASSED              TB seq.             check_value(slv, x"12") => OK. Value was x"12". 'Checking fetch result: v_data_array'
%%   5186 ns    Log    PASSED              TB seq.             check_value(slv, x"B1") => OK. Value was x"B1". 'Checking fetch result: v_data_array'
%%   5186 ns    Log    PASSED              TB seq.             check_value(slv, x"B6") => OK. Value was x"B6". 'Checking fetch result: v_data_array'
%%   5186 ns    Log    PASSED              TB seq.             check_value(slv, x"8B") => OK. Value was x"8B". 'Checking fetch result: v_data_array'
%%   5186 ns    Log    PASSED              TB seq.             check_value(slv, x"BB") => OK. Value was x"BB". 'Checking fetch result: v_data_array'
%%   5186 ns    Log    PASSED              TB seq.             check_value(slv, x"8E") => OK. Value was x"8E". 'Checking fetch result: v_data_array'
%%   5186 ns    Log    PASSED              TB seq.             check_value(slv, x"71") => OK. Value was x"71". 'Checking fetch result: v_data_array'
%%   5186 ns    Log    PASSED              TB seq.             check_value(slv, x"A2") => OK. Value was x"A2". 'Checking fetch result: v_data_array'
%%   5186 ns    Log    PASSED              TB seq.             check_value(slv, x"EE") => OK. Value was x"EE". 'Checking fetch result: v_data_array'
%%   5186 ns    Log    PASSED              TB seq.             check_value(slv, x"50") => OK. Value was x"50". 'Checking fetch result: v_data_array'
%%   5186 ns    Log    PASSED              TB seq.             check_value(slv, x"FF") => OK. Value was x"FF". 'Checking fetch result: v_data_array'
%%   5186 ns    Log    PASSED              TB seq.             check_value(slv, x"B7") => OK. Value was x"B7". 'Checking fetch result: v_data_array'
%%   5186 ns    Log    PASSED              TB seq.             check_value(slv, x"51") => OK. Value was x"51". 'Checking fetch result: v_data_array'
%%   5186 ns    Log    PASSED              TB seq.             check_value(slv, x"2F") => OK. Value was x"2F". 'Checking fetch result: v_data_array'
%%   5186 ns    Log    PASSED              TB seq.             check_value(slv, x"AC") => OK. Value was x"AC". 'Checking fetch result: v_data_array'
%%   5186 ns    Log    PASSED              TB seq.             check_value(slv, x"10") => OK. Value was x"10". 'Checking fetch result: v_data_array'
%%   5186 ns    Log    PASSED              TB seq.             check_value(slv, x"09") => OK. Value was x"09". 'Checking fetch result: v_data_array'
%%   5186 ns    Log    PASSED              TB seq.             check_value(slv, x"99") => OK. Value was x"99". 'Checking fetch result: v_data_array'
%%   5186 ns    Log    PASSED              TB seq.             check_value(slv, x"F7") => OK. Value was x"F7". 'Checking fetch result: v_data_array'
%%   5186 ns    Log    PASSED              TB seq.             check_value(slv, x"3A") => OK. Value was x"3A". 'Checking fetch result: v_data_array'
%%   5186 ns    Log    PASSED              TB seq.             check_value(slv, x"00") => OK. Value was x"00". 'Checking fetch result: v_data_array'
%%   5186 ns    Log    PASSED              TB seq.             check_value(slv, x"ED") => OK. Value was x"ED". 'Checking fetch result: v_data_array'
%%   5186 ns    Log    PASSED              TB seq.             check_value(slv, x"C1") => OK. Value was x"C1". 'Checking fetch result: v_data_array'
%%   5186 ns    Log    PASSED              TB seq.             check_value(slv, x"3B") => OK. Value was x"3B". 'Checking fetch result: v_data_array'
%%   5186 ns    Log    PASSED              TB seq.             check_value(slv, x"40") => OK. Value was x"40". 'Checking fetch result: v_data_array'
%%   5186 ns    Log    PASSED              TB seq.             check_value(slv, x"D5") => OK. Value was x"D5". 'Checking fetch result: v_data_array'
%%   5186 ns    Log    PASSED              TB seq.             check_value(slv, x"DC") => OK. Value was x"DC". 'Checking fetch result: v_data_array'
%%   5186 ns    Log    PASSED              TB seq.             check_value(slv, x"E6") => OK. Value was x"E6". 'Checking fetch result: v_data_array'
%%   5186 ns    Log    PASSED              TB seq.             check_value(slv, x"A6") => OK. Value was x"A6". 'Checking fetch result: v_data_array'
%%   5186 ns    Log    PASSED              TB seq.             check_value(slv, x"1F") => OK. Value was x"1F". 'Checking fetch result: v_data_array'
%%   5186 ns    Log    PASSED              TB seq.             check_value(slv, x"E3") => OK. Value was x"E3". 'Checking fetch result: v_data_array'
%%   5186 ns    Log    PASSED              TB seq.             check_value(slv, x"D8") => OK. Value was x"D8". 'Checking fetch result: v_data_array'
%%   5186 ns    Log    PASSED              TB seq.             check_value(slv, x"04") => OK. Value was x"04". 'Checking fetch result: v_data_array'
%%   5186 ns    Log    PASSED              TB seq.             check_value(slv, x"C4") => OK. Value was x"C4". 'Checking fetch result: v_data_array'
%%   5186 ns    Log    PASSED              TB seq.             check_value(slv, x"EA") => OK. Value was x"EA". 'Checking fetch result: v_data_array'
%%   5186 ns    Log    PASSED              TB seq.             check_value(slv, x"63") => OK. Value was x"63". 'Checking fetch result: v_data_array'
%%   5186 ns    Log    PASSED              TB seq.             check_value(slv, x"2C") => OK. Value was x"2C". 'Checking fetch result: v_data_array'
%%   5186 ns    Log    PASSED              TB seq.             check_value(slv, x"D0") => OK. Value was x"D0". 'Checking fetch result: v_data_array'
%%   5186 ns    Log    PASSED              TB seq.             check_value(slv, x"02") => OK. Value was x"02". 'Checking fetch result: v_data_array'
%%   5186 ns    Log    PASSED              TB seq.             check_value(slv, x"25") => OK. Value was x"25". 'Checking fetch result: v_data_array'
%%   5186 ns    Log    PASSED              TB seq.             check_value(slv, x"92") => OK. Value was x"92". 'Checking fetch result: v_data_array'
%%   5186 ns    Log    PASSED              TB seq.             check_value(slv, x"E1") => OK. Value was x"E1". 'Checking fetch result: v_data_array'
%%   5186 ns    Log    PASSED              TB seq.             check_value(slv, x"29") => OK. Value was x"29". 'Checking fetch result: v_data_array'
%%   5186 ns    Log    PASSED              TB seq.             check_value(slv, x"A3") => OK. Value was x"A3". 'Checking fetch result: v_data_array'
%%   5186 ns    Log    PASSED              TB seq.             check_value(slv, x"E0") => OK. Value was x"E0". 'Checking fetch result: v_data_array'
%%   5186 ns    Log    PASSED              TB seq.             check_value(slv, x"4D") => OK. Value was x"4D". 'Checking fetch result: v_data_array'
%%   5186 ns    Log    PASSED              TB seq.             check_value(slv, x"D4") => OK. Value was x"D4". 'Checking fetch result: v_data_array'
%%   5186 ns    Log    PASSED              TB seq.             check_value(slv, x"01") => OK. Value was x"01". 'Checking fetch result: v_data_array'
%%   5186 ns    Log    PASSED              TB seq.             check_value(slv, x"41") => OK. Value was x"41". 'Checking fetch result: v_data_array'
%%   5186 ns    Log    PASSED              TB seq.             check_value(slv, x"D2") => OK. Value was x"D2". 'Checking fetch result: v_data_array'
%%   5186 ns    Log    PASSED              TB seq.             check_value(slv, x"C1") => OK. Value was x"C1". 'Checking fetch result: v_data_array'
%%   5186 ns    Log    PASSED              TB seq.             check_value(slv, x"78") => OK. Value was x"78". 'Checking fetch result: v_data_array'
%%   5186 ns    Log    PASSED              TB seq.             check_value(slv, x"8A") => OK. Value was x"8A". 'Checking fetch result: v_data_array'
%%   5186 ns    Log    PASSED              TB seq.             check_value(slv, x"72") => OK. Value was x"72". 'Checking fetch result: v_data_array'
%%   5186 ns    Log    PASSED              TB seq.             check_value(slv, x"3F") => OK. Value was x"3F". 'Checking fetch result: v_data_array'
%%   5186 ns    Log    PASSED              TB seq.             check_value(slv, x"51") => OK. Value was x"51". 'Checking fetch result: v_data_array'
%%   5186 ns    Log    PASSED              TB seq.             check_value(slv, x"B5") => OK. Value was x"B5". 'Checking fetch result: v_data_array'
%%   5186 ns    Log    PASSED              TB seq.             check_value(slv, x"63") => OK. Value was x"63". 'Checking fetch result: v_data_array'
%%   5186 ns    Log    PASSED              TB seq.             check_value(slv, x"65") => OK. Value was x"65". 'Checking fetch result: v_data_array'
%%   5186 ns    Log    PASSED              TB seq.             check_value(slv, x"C5") => OK. Value was x"C5". 'Checking fetch result: v_data_array'
%%   5186 ns    Log    PASSED              TB seq.             check_value(slv, x"4A") => OK. Value was x"4A". 'Checking fetch result: v_data_array'
%%   5186 ns    Log    PASSED              TB seq.             check_value(slv, x"9A") => OK. Value was x"9A". 'Checking fetch result: v_data_array'
%%   5186 ns    Log    PASSED              TB seq.             check_value(slv, x"C5") => OK. Value was x"C5". 'Checking fetch result: v_data_array'
%%   5186 ns    Log    PASSED              TB seq.             check_value(slv, x"35") => OK. Value was x"35". 'Checking fetch result: v_data_array'
%%   5186 ns    Log    PASSED              TB seq.             check_value(slv, x"BD") => OK. Value was x"BD". 'Checking fetch result: v_data_array'
%%   5186 ns    Log    PASSED              TB seq.             check_value(slv, x"41") => OK. Value was x"41". 'Checking fetch result: v_data_array'
%%   5186 ns    Log    PASSED              TB seq.             check_value(slv, x"67") => OK. Value was x"67". 'Checking fetch result: v_data_array'
%%   5186 ns    Log    PASSED              TB seq.             check_value(slv, x"E2") => OK. Value was x"E2". 'Checking fetch result: v_data_array'
%% 
%% 
%%   5186 ns    Log    ID_LOG_HDR          TB seq.             Testing error case: read() valid data timeout
%% ----------------------------------------------------------------------------------------------------------------------------------------------------------------------------
%%   5186 ns    Log    ID_UVVM_SEND_CMD    TB seq.(uvvm)       gmii_read(GMII_VVC,0,RX):. [112]
%%   5188 ns    Log    ID_BFM              GMII_VVC,0,RX       gmii_read(2048 bytes)=> '  [112]'
%% 
%% 
%%   5282 ns    Log    ID_LOG_HDR          TB seq.             Testing error case: expect() wrong data
%% ----------------------------------------------------------------------------------------------------------------------------------------------------------------------------
%%   5282 ns    Log    ID_UVVM_SEND_CMD    TB seq.(uvvm)       gmii_write(GMII_VVC,0,TX, 11 bytes):. [113]
%%   5282 ns    Log    ID_UVVM_SEND_CMD    TB seq.(uvvm)       gmii_expect(GMII_VVC,0,RX, 11 bytes):. [114]
%%   5282 ns    Log    ID_AWAIT_COMPLETIO  TB seq.(uvvm)       await_completion(GMII_VVC,0,RX, 10000 ns):. [115]
%%   5282 ns    Log    ID_AWAIT_COMPLETIO  TB seq.(uvvm)       await_completion(GMII_VVC,0,RX, 10000 ns) - Pending completion. [115]
%%   5284 ns    Log    ID_BFM              GMII_VVC,0,TX       gmii_write(11 bytes)=> '  [113]'
%%   5370 ns    Log    ID_BFM              GMII_VVC,0,TX       gmii_write(11 bytes) DONE. '  [113]'
%%   5378 ns    Log    ID_BFM              GMII_VVC,0,RX       gmii_read(2048 bytes) DONE. '  [112]'
%%   5380 ns    Log    ID_BFM              GMII_VVC,0,RX       gmii_expect(11 bytes) while executing gmii_read=> '  [114]'
%%  13384 ns    Alert  ERROR               GMII_VVC,0,RX       gmii_expect(11 bytes) while executing gmii_read=> Failed. Timeout while waiting for valid data during 1000 clock cycles. '  [114]'
%%  13384 ns    Alert  ERROR               GMII_VVC,0,RX       gmii_expect(11 bytes)=> Failed. Mismatch in received data length. Was 0. Expected 11. '  [114]'
%%  13384 ns    Log    ID_AWAIT_COMPLETIO  TB seq.(uvvm)       await_completion(GMII_VVC,0,RX, 10000 ns)=> GMII_VVC,0,RX finished. [115]
%% 
%% 
%%  13384 ns    Log    ID_LOG_HDR          TB seq.             Testing error case: expect() wrong size of data_array
%% ----------------------------------------------------------------------------------------------------------------------------------------------------------------------------
%%  13384 ns    Log    ID_UVVM_SEND_CMD    TB seq.(uvvm)       gmii_write(GMII_VVC,0,TX, 11 bytes):. [116]
%%  13384 ns    Log    ID_UVVM_SEND_CMD    TB seq.(uvvm)       gmii_expect(GMII_VVC,0,RX, 16 bytes):. [117]
%%  13384 ns    Log    ID_AWAIT_COMPLETIO  TB seq.(uvvm)       await_completion(GMII_VVC,0,RX, 10000 ns):. [118]
%%  13384 ns    Log    ID_AWAIT_COMPLETIO  TB seq.(uvvm)       await_completion(GMII_VVC,0,RX, 10000 ns) - Pending completion. [118]
%%  13388 ns    Log    ID_BFM              GMII_VVC,0,TX       gmii_write(11 bytes)=> '  [116]'
%%  13388 ns    Log    ID_BFM              GMII_VVC,0,RX       gmii_expect(16 bytes) while executing gmii_read=> '  [117]'
%%  13474 ns    Log    ID_BFM              GMII_VVC,0,TX       gmii_write(11 bytes) DONE. '  [116]'
%%  13482 ns    Alert  ERROR               GMII_VVC,0,RX       gmii_expect(16 bytes)=> Failed. Mismatch in received data length. Was 11. Expected 16. '  [117]'
%%  13482 ns    Log    ID_AWAIT_COMPLETIO  TB seq.(uvvm)       await_completion(GMII_VVC,0,RX, 10000 ns)=> GMII_VVC,0,RX finished. [118]
%% 
%% 
%%  13482 ns    Log    ID_LOG_HDR          TB seq.             Testing setup and hold times
%% ----------------------------------------------------------------------------------------------------------------------------------------------------------------------------
%%  13482 ns    Log    ID_UVVM_SEND_CMD    TB seq.(uvvm)       gmii_write(GMII_VVC,0,TX, 1 bytes):. [119]
%%  13482 ns    Log    ID_UVVM_SEND_CMD    TB seq.(uvvm)       gmii_expect(GMII_VVC,0,RX, 1 bytes):. [120]
%%  13482 ns    Log    ID_UVVM_SEND_CMD    TB seq.(uvvm)       gmii_write(GMII_VVC,0,TX, 2 bytes):. [121]
%%  13482 ns    Log    ID_UVVM_SEND_CMD    TB seq.(uvvm)       gmii_expect(GMII_VVC,0,RX, 2 bytes):. [122]
%%  13482 ns    Log    ID_UVVM_SEND_CMD    TB seq.(uvvm)       gmii_write(GMII_VVC,0,TX, 3 bytes):. [123]
%%  13482 ns    Log    ID_UVVM_SEND_CMD    TB seq.(uvvm)       gmii_expect(GMII_VVC,0,RX, 3 bytes):. [124]
%%  13482 ns    Log    ID_UVVM_SEND_CMD    TB seq.(uvvm)       gmii_write(GMII_VVC,0,TX, 4 bytes):. [125]
%%  13482 ns    Log    ID_UVVM_SEND_CMD    TB seq.(uvvm)       gmii_expect(GMII_VVC,0,RX, 4 bytes):. [126]
%%  13482 ns    Log    ID_UVVM_SEND_CMD    TB seq.(uvvm)       gmii_write(GMII_VVC,0,TX, 5 bytes):. [127]
%%  13482 ns    Log    ID_UVVM_SEND_CMD    TB seq.(uvvm)       gmii_expect(GMII_VVC,0,RX, 5 bytes):. [128]
%%  13482 ns    Log    ID_UVVM_SEND_CMD    TB seq.(uvvm)       gmii_write(GMII_VVC,0,TX, 6 bytes):. [129]
%%  13482 ns    Log    ID_UVVM_SEND_CMD    TB seq.(uvvm)       gmii_expect(GMII_VVC,0,RX, 6 bytes):. [130]
%%  13482 ns    Log    ID_UVVM_SEND_CMD    TB seq.(uvvm)       gmii_write(GMII_VVC,0,TX, 7 bytes):. [131]
%%  13482 ns    Log    ID_UVVM_SEND_CMD    TB seq.(uvvm)       gmii_expect(GMII_VVC,0,RX, 7 bytes):. [132]
%%  13482 ns    Log    ID_UVVM_SEND_CMD    TB seq.(uvvm)       gmii_write(GMII_VVC,0,TX, 8 bytes):. [133]
%%  13482 ns    Log    ID_UVVM_SEND_CMD    TB seq.(uvvm)       gmii_expect(GMII_VVC,0,RX, 8 bytes):. [134]
%%  13482 ns    Log    ID_UVVM_SEND_CMD    TB seq.(uvvm)       gmii_write(GMII_VVC,0,TX, 9 bytes):. [135]
%%  13482 ns    Log    ID_UVVM_SEND_CMD    TB seq.(uvvm)       gmii_expect(GMII_VVC,0,RX, 9 bytes):. [136]
%%  13482 ns    Log    ID_UVVM_SEND_CMD    TB seq.(uvvm)       gmii_write(GMII_VVC,0,TX, 10 bytes):. [137]
%%  13482 ns    Log    ID_UVVM_SEND_CMD    TB seq.(uvvm)       gmii_expect(GMII_VVC,0,RX, 10 bytes):. [138]
%%  13482 ns    Log    ID_UVVM_SEND_CMD    TB seq.(uvvm)       gmii_write(GMII_VVC,0,TX, 11 bytes):. [139]
%%  13482 ns    Log    ID_UVVM_SEND_CMD    TB seq.(uvvm)       gmii_expect(GMII_VVC,0,RX, 11 bytes):. [140]
%%  13482 ns    Log    ID_AWAIT_COMPLETIO  TB seq.(uvvm)       await_completion(GMII_VVC,0,RX, 10000 ns):. [141]
%%  13482 ns    Log    ID_AWAIT_COMPLETIO  TB seq.(uvvm)       await_completion(GMII_VVC,0,RX, 10000 ns) - Pending completion. [141]
%%  13486 ns    Log    ID_BFM              GMII_VVC,0,TX       gmii_write(1 bytes)=> '  [119]'
%%  13486 ns    Log    ID_BFM              GMII_VVC,0,RX       gmii_expect(1 bytes) while executing gmii_read=> '  [120]'
%%  13490 ns    Log    ID_BFM              GMII_VVC,0,TX       gmii_write(1 bytes) DONE. '  [119]'
%%  13490 ns    Log    ID_BFM              GMII_VVC,0,RX       gmii_expect(1 bytes)=> OK, received 1 bytes. '  [120]'
%%  13494 ns    Log    ID_BFM              GMII_VVC,0,TX       gmii_write(2 bytes)=> '  [121]'
%%  13494 ns    Log    ID_BFM              GMII_VVC,0,RX       gmii_expect(2 bytes) while executing gmii_read=> '  [122]'
%%  13506 ns    Log    ID_BFM              GMII_VVC,0,TX       gmii_write(2 bytes) DONE. '  [121]'
%%  13506 ns    Log    ID_BFM              GMII_VVC,0,RX       gmii_expect(2 bytes)=> OK, received 2 bytes. '  [122]'
%%  13510 ns    Log    ID_BFM              GMII_VVC,0,TX       gmii_write(3 bytes)=> '  [123]'
%%  13510 ns    Log    ID_BFM              GMII_VVC,0,RX       gmii_expect(3 bytes) while executing gmii_read=> '  [124]'
%%  13530 ns    Log    ID_BFM              GMII_VVC,0,TX       gmii_write(3 bytes) DONE. '  [123]'
%%  13530 ns    Log    ID_BFM              GMII_VVC,0,RX       gmii_expect(3 bytes)=> OK, received 3 bytes. '  [124]'
%%  13534 ns    Log    ID_BFM              GMII_VVC,0,TX       gmii_write(4 bytes)=> '  [125]'
%%  13534 ns    Log    ID_BFM              GMII_VVC,0,RX       gmii_expect(4 bytes) while executing gmii_read=> '  [126]'
%%  13562 ns    Log    ID_BFM              GMII_VVC,0,TX       gmii_write(4 bytes) DONE. '  [125]'
%%  13562 ns    Log    ID_BFM              GMII_VVC,0,RX       gmii_expect(4 bytes)=> OK, received 4 bytes. '  [126]'
%%  13566 ns    Log    ID_BFM              GMII_VVC,0,TX       gmii_write(5 bytes)=> '  [127]'
%%  13566 ns    Log    ID_BFM              GMII_VVC,0,RX       gmii_expect(5 bytes) while executing gmii_read=> '  [128]'
%%  13602 ns    Log    ID_BFM              GMII_VVC,0,TX       gmii_write(5 bytes) DONE. '  [127]'
%%  13602 ns    Log    ID_BFM              GMII_VVC,0,RX       gmii_expect(5 bytes)=> OK, received 5 bytes. '  [128]'
%%  13606 ns    Log    ID_BFM              GMII_VVC,0,TX       gmii_write(6 bytes)=> '  [129]'
%%  13606 ns    Log    ID_BFM              GMII_VVC,0,RX       gmii_expect(6 bytes) while executing gmii_read=> '  [130]'
%%  13650 ns    Log    ID_BFM              GMII_VVC,0,TX       gmii_write(6 bytes) DONE. '  [129]'
%%  13650 ns    Log    ID_BFM              GMII_VVC,0,RX       gmii_expect(6 bytes)=> OK, received 6 bytes. '  [130]'
%%  13654 ns    Log    ID_BFM              GMII_VVC,0,TX       gmii_write(7 bytes)=> '  [131]'
%%  13654 ns    Log    ID_BFM              GMII_VVC,0,RX       gmii_expect(7 bytes) while executing gmii_read=> '  [132]'
%%  13706 ns    Log    ID_BFM              GMII_VVC,0,TX       gmii_write(7 bytes) DONE. '  [131]'
%%  13706 ns    Log    ID_BFM              GMII_VVC,0,RX       gmii_expect(7 bytes)=> OK, received 7 bytes. '  [132]'
%%  13710 ns    Log    ID_BFM              GMII_VVC,0,TX       gmii_write(8 bytes)=> '  [133]'
%%  13710 ns    Log    ID_BFM              GMII_VVC,0,RX       gmii_expect(8 bytes) while executing gmii_read=> '  [134]'
%%  13770 ns    Log    ID_BFM              GMII_VVC,0,TX       gmii_write(8 bytes) DONE. '  [133]'
%%  13770 ns    Log    ID_BFM              GMII_VVC,0,RX       gmii_expect(8 bytes)=> OK, received 8 bytes. '  [134]'
%%  13774 ns    Log    ID_BFM              GMII_VVC,0,TX       gmii_write(9 bytes)=> '  [135]'
%%  13774 ns    Log    ID_BFM              GMII_VVC,0,RX       gmii_expect(9 bytes) while executing gmii_read=> '  [136]'
%%  13842 ns    Log    ID_BFM              GMII_VVC,0,TX       gmii_write(9 bytes) DONE. '  [135]'
%%  13842 ns    Log    ID_BFM              GMII_VVC,0,RX       gmii_expect(9 bytes)=> OK, received 9 bytes. '  [136]'
%%  13846 ns    Log    ID_BFM              GMII_VVC,0,TX       gmii_write(10 bytes)=> '  [137]'
%%  13846 ns    Log    ID_BFM              GMII_VVC,0,RX       gmii_expect(10 bytes) while executing gmii_read=> '  [138]'
%%  13922 ns    Log    ID_BFM              GMII_VVC,0,TX       gmii_write(10 bytes) DONE. '  [137]'
%%  13922 ns    Log    ID_BFM              GMII_VVC,0,RX       gmii_expect(10 bytes)=> OK, received 10 bytes. '  [138]'
%%  13926 ns    Log    ID_BFM              GMII_VVC,0,TX       gmii_write(11 bytes)=> '  [139]'
%%  13926 ns    Log    ID_BFM              GMII_VVC,0,RX       gmii_expect(11 bytes) while executing gmii_read=> '  [140]'
%%  14010 ns    Log    ID_BFM              GMII_VVC,0,TX       gmii_write(11 bytes) DONE. '  [139]'
%%  14010 ns    Log    ID_BFM              GMII_VVC,0,RX       gmii_expect(11 bytes)=> OK, received 11 bytes. '  [140]'
%%  14010 ns    Log    ID_AWAIT_COMPLETIO  TB seq.(uvvm)       await_completion(GMII_VVC,0,RX, 10000 ns)=> GMII_VVC,0,RX finished. [141]
%% 
%% 
%%  14010 ns    Log    ID_LOG_HDR          TB seq.             Testing scoreboard
%% ----------------------------------------------------------------------------------------------------------------------------------------------------------------------------
%%  14010 ns    Log    ID_UVVM_SEND_CMD    TB seq.(uvvm)       gmii_write(GMII_VVC,0,TX, 20 bytes):. [142]
%%  14010 ns    Log    ID_DATA             GMII_VVC_SB,0       add_expected() => value: 01000111.
%%  14010 ns    Log    ID_DATA             GMII_VVC_SB,0       add_expected() => value: 00010100.
%%  14010 ns    Log    ID_DATA             GMII_VVC_SB,0       add_expected() => value: 00111011.
%%  14010 ns    Log    ID_DATA             GMII_VVC_SB,0       add_expected() => value: 00100101.
%%  14010 ns    Log    ID_DATA             GMII_VVC_SB,0       add_expected() => value: 10010011.
%%  14010 ns    Log    ID_DATA             GMII_VVC_SB,0       add_expected() => value: 00100010.
%%  14010 ns    Log    ID_DATA             GMII_VVC_SB,0       add_expected() => value: 11100011.
%%  14010 ns    Log    ID_DATA             GMII_VVC_SB,0       add_expected() => value: 01110000.
%%  14010 ns    Log    ID_DATA             GMII_VVC_SB,0       add_expected() => value: 10011001.
%%  14010 ns    Log    ID_DATA             GMII_VVC_SB,0       add_expected() => value: 00101011.
%%  14010 ns    Log    ID_DATA             GMII_VVC_SB,0       add_expected() => value: 00010001.
%%  14010 ns    Log    ID_DATA             GMII_VVC_SB,0       add_expected() => value: 00101100.
%%  14010 ns    Log    ID_DATA             GMII_VVC_SB,0       add_expected() => value: 10011100.
%%  14010 ns    Log    ID_DATA             GMII_VVC_SB,0       add_expected() => value: 10000000.
%%  14010 ns    Log    ID_DATA             GMII_VVC_SB,0       add_expected() => value: 11001011.
%%  14010 ns    Log    ID_DATA             GMII_VVC_SB,0       add_expected() => value: 01100100.
%%  14010 ns    Log    ID_DATA             GMII_VVC_SB,0       add_expected() => value: 01001111.
%%  14010 ns    Log    ID_DATA             GMII_VVC_SB,0       add_expected() => value: 00100001.
%%  14010 ns    Log    ID_DATA             GMII_VVC_SB,0       add_expected() => value: 10010010.
%%  14010 ns    Log    ID_DATA             GMII_VVC_SB,0       add_expected() => value: 01100000.
%%  14010 ns    Log    ID_UVVM_SEND_CMD    TB seq.(uvvm)       gmii_read(GMII_VVC,0,RX, TO_SB): 'Sending received data to SB'. [143]
%%  14010 ns    Log    ID_AWAIT_COMPLETIO  TB seq.(uvvm)       await_completion(GMII_VVC,0,RX, 10000 ns):. [144]
%%  14010 ns    Log    ID_AWAIT_COMPLETIO  TB seq.(uvvm)       await_completion(GMII_VVC,0,RX, 10000 ns) - Pending completion. [144]
%%  14014 ns    Log    ID_BFM              GMII_VVC,0,TX       gmii_write(20 bytes)=> '  [142]'
%%  14014 ns    Log    ID_BFM              GMII_VVC,0,RX       gmii_read(2048 bytes)=> ' 'Sending received data to SB'  [143]'
%%  14170 ns    Log    ID_BFM              GMII_VVC,0,TX       gmii_write(20 bytes) DONE. '  [142]'
%%  14178 ns    Log    ID_BFM              GMII_VVC,0,RX       gmii_read(2048 bytes) DONE. ' 'Sending received data to SB'  [143]'
%%  14178 ns    Log    ID_DATA             GMII_VVC_SB,0       check_received() => MATCH, for value: 01000111.
%%  14178 ns    Log    ID_DATA             GMII_VVC_SB,0       check_received() => MATCH, for value: 00010100.
%%  14178 ns    Log    ID_DATA             GMII_VVC_SB,0       check_received() => MATCH, for value: 00111011.
%%  14178 ns    Log    ID_DATA             GMII_VVC_SB,0       check_received() => MATCH, for value: 00100101.
%%  14178 ns    Log    ID_DATA             GMII_VVC_SB,0       check_received() => MATCH, for value: 10010011.
%%  14178 ns    Log    ID_DATA             GMII_VVC_SB,0       check_received() => MATCH, for value: 00100010.
%%  14178 ns    Log    ID_DATA             GMII_VVC_SB,0       check_received() => MATCH, for value: 11100011.
%%  14178 ns    Log    ID_DATA             GMII_VVC_SB,0       check_received() => MATCH, for value: 01110000.
%%  14178 ns    Log    ID_DATA             GMII_VVC_SB,0       check_received() => MATCH, for value: 10011001.
%%  14178 ns    Log    ID_DATA             GMII_VVC_SB,0       check_received() => MATCH, for value: 00101011.
%%  14178 ns    Log    ID_DATA             GMII_VVC_SB,0       check_received() => MATCH, for value: 00010001.
%%  14178 ns    Log    ID_DATA             GMII_VVC_SB,0       check_received() => MATCH, for value: 00101100.
%%  14178 ns    Log    ID_DATA             GMII_VVC_SB,0       check_received() => MATCH, for value: 10011100.
%%  14178 ns    Log    ID_DATA             GMII_VVC_SB,0       check_received() => MATCH, for value: 10000000.
%%  14178 ns    Log    ID_DATA             GMII_VVC_SB,0       check_received() => MATCH, for value: 11001011.
%%  14178 ns    Log    ID_DATA             GMII_VVC_SB,0       check_received() => MATCH, for value: 01100100.
%%  14178 ns    Log    ID_DATA             GMII_VVC_SB,0       check_received() => MATCH, for value: 01001111.
%%  14178 ns    Log    ID_DATA             GMII_VVC_SB,0       check_received() => MATCH, for value: 00100001.
%%  14178 ns    Log    ID_DATA             GMII_VVC_SB,0       check_received() => MATCH, for value: 10010010.
%%  14178 ns    Log    ID_DATA             GMII_VVC_SB,0       check_received() => MATCH, for value: 01100000.
%%  14178 ns    Log    ID_AWAIT_COMPLETIO  TB seq.(uvvm)       await_completion(GMII_VVC,0,RX, 10000 ns)=> GMII_VVC,0,RX finished. [144]
%%  14178 ns    Log    ID_UVVM_SEND_CMD    TB seq.(uvvm)       gmii_write(GMII_VVC,0,TX, 10 bytes):. [145]
%%  14178 ns    Log    ID_DATA             GMII_VVC_SB,0       add_expected() => value: 01000111.
%%  14178 ns    Log    ID_DATA             GMII_VVC_SB,0       add_expected() => value: 00010100.
%%  14178 ns    Log    ID_DATA             GMII_VVC_SB,0       add_expected() => value: 00111011.
%%  14178 ns    Log    ID_DATA             GMII_VVC_SB,0       add_expected() => value: 00100101.
%%  14178 ns    Log    ID_DATA             GMII_VVC_SB,0       add_expected() => value: 10010011.
%%  14178 ns    Log    ID_DATA             GMII_VVC_SB,0       add_expected() => value: 00100010.
%%  14178 ns    Log    ID_DATA             GMII_VVC_SB,0       add_expected() => value: 11100011.
%%  14178 ns    Log    ID_DATA             GMII_VVC_SB,0       add_expected() => value: 01110000.
%%  14178 ns    Log    ID_DATA             GMII_VVC_SB,0       add_expected() => value: 10011001.
%%  14178 ns    Log    ID_DATA             GMII_VVC_SB,0       add_expected() => value: 00101011.
%%  14178 ns    Log    ID_UVVM_SEND_CMD    TB seq.(uvvm)       gmii_read(GMII_VVC,0,RX, TO_SB): 'Sending received data to SB'. [146]
%%  14178 ns    Log    ID_AWAIT_COMPLETIO  TB seq.(uvvm)       await_completion(GMII_VVC,0,RX, 10000 ns):. [147]
%%  14178 ns    Log    ID_AWAIT_COMPLETIO  TB seq.(uvvm)       await_completion(GMII_VVC,0,RX, 10000 ns) - Pending completion. [147]
%%  14182 ns    Log    ID_BFM              GMII_VVC,0,TX       gmii_write(10 bytes)=> '  [145]'
%%  14182 ns    Log    ID_BFM              GMII_VVC,0,RX       gmii_read(10 bytes)=> ' 'Sending received data to SB'  [146]'
%%  14258 ns    Log    ID_BFM              GMII_VVC,0,TX       gmii_write(10 bytes) DONE. '  [145]'
%%  14258 ns    Log    ID_BFM              GMII_VVC,0,RX       gmii_read(10 bytes) DONE. ' 'Sending received data to SB'  [146]'
%%  14258 ns    Log    ID_DATA             GMII_VVC_SB,0       check_received() => MATCH, for value: 01000111.
%%  14258 ns    Log    ID_DATA             GMII_VVC_SB,0       check_received() => MATCH, for value: 00010100.
%%  14258 ns    Log    ID_DATA             GMII_VVC_SB,0       check_received() => MATCH, for value: 00111011.
%%  14258 ns    Log    ID_DATA             GMII_VVC_SB,0       check_received() => MATCH, for value: 00100101.
%%  14258 ns    Log    ID_DATA             GMII_VVC_SB,0       check_received() => MATCH, for value: 10010011.
%%  14258 ns    Log    ID_DATA             GMII_VVC_SB,0       check_received() => MATCH, for value: 00100010.
%%  14258 ns    Log    ID_DATA             GMII_VVC_SB,0       check_received() => MATCH, for value: 11100011.
%%  14258 ns    Log    ID_DATA             GMII_VVC_SB,0       check_received() => MATCH, for value: 01110000.
%%  14258 ns    Log    ID_DATA             GMII_VVC_SB,0       check_received() => MATCH, for value: 10011001.
%%  14258 ns    Log    ID_DATA             GMII_VVC_SB,0       check_received() => MATCH, for value: 00101011.
%%  14258 ns    Log    ID_AWAIT_COMPLETIO  TB seq.(uvvm)       await_completion(GMII_VVC,0,RX, 10000 ns)=> GMII_VVC,0,RX finished. [147]
%%      
%%      =======================================================================================================================================================================
%%      14258 ns *** SCOREBOARD COUNTERS SUMMARY: GMII_VVC_SB ***                                                                                                              
%%      =======================================================================================================================================================================
%%                       ENTERED         PENDING          MATCH         MISMATCH          DROP          INITIAL_GARBAGE         DELETE         OVERDUE_CHECK                   
%%      instance:   0      30               0              30               0               0                  0                   0                 0                         
%%      =======================================================================================================================================================================
%%      
%%      
%% 
%% 
%%  14258 ns    Log    ID_LOG_HDR          TB seq.             Testing Unwanted Activity Detection in VVC
%% ----------------------------------------------------------------------------------------------------------------------------------------------------------------------------
%%  14258 ns    Log    ID_SEQUENCER        TB seq.             Setting unwanted_activity_severity to ERROR
%%  14258 ns    Log    ID_SEQUENCER        TB seq.             Testing normal data transmission
%%  14258 ns    Log    ID_UVVM_SEND_CMD    TB seq.(uvvm)       gmii_write(GMII_VVC,0,TX, 5 bytes): 'Write data'. [148]
%%  14258 ns    Log    ID_UVVM_SEND_CMD    TB seq.(uvvm)       gmii_expect(GMII_VVC,0,RX, 5 bytes): 'Expect data'. [149]
%%  14258 ns    Log    ID_AWAIT_COMPLETIO  TB seq.(uvvm)       await_completion(GMII_VVC,0,RX, 10000 ns):. [150]
%%  14258 ns    Log    ID_AWAIT_COMPLETIO  TB seq.(uvvm)       await_completion(GMII_VVC,0,RX, 10000 ns) - Pending completion. [150]
%%  14260 ns    Log    ID_BFM              GMII_VVC,0,TX       gmii_write(5 bytes)=> ' 'Write data'  [148]'
%%  14260 ns    Log    ID_BFM              GMII_VVC,0,RX       gmii_expect(5 bytes) while executing gmii_read=> ' 'Expect data'  [149]'
%%  14298 ns    Log    ID_BFM              GMII_VVC,0,TX       gmii_write(5 bytes) DONE. ' 'Write data'  [148]'
%%  14298 ns    Log    ID_BFM              GMII_VVC,0,RX       gmii_expect(5 bytes)=> OK, received 5 bytes. ' 'Expect data'  [149]'
%%  14298 ns    Log    ID_AWAIT_COMPLETIO  TB seq.(uvvm)       await_completion(GMII_VVC,0,RX, 10000 ns)=> GMII_VVC,0,RX finished. [150]
%%  14298 ns    Log    ID_SEQUENCER        TB seq.             Wait 100 ns
%%  14398 ns    Log    ID_SEQUENCER        TB seq.             Testing unexpected data transmission
%%  14398 ns    Alert  ERROR               GMII_VVC,0,RX       Unwanted activity detected. rxdv changed from 0 to 1
%%  14398 ns    Alert  ERROR               GMII_VVC,0,RX       Unwanted activity detected. rxd changed from x"00" to x"FF"
%%  14408 ns    Alert  ERROR               GMII_VVC,0,RX       Unwanted activity detected. rxdv changed from 1 to 0
%%  14408 ns    Alert  ERROR               GMII_VVC,0,RX       Unwanted activity detected. rxd changed from x"FF" to x"00"
%%  14408 ns    Alert  ERROR               GMII_VVC,0,RX       Unwanted activity detected. rxd changed from x"00" to x"FF"
%%  14413 ns    Alert  ERROR               GMII_VVC,0,RX       Unwanted activity detected. rxd changed from x"FF" to x"00"
%%  14413 ns    Alert  ERROR               GMII_VVC,0,RX       Unwanted activity detected. rxdv changed from 0 to 1
%%  14414 ns    Alert  ERROR               GMII_VVC,0,RX       Unwanted activity detected. rxdv changed from 1 to 0
%%  14422 ns    Alert  ERROR               GMII_VVC,0,RX       Unwanted activity detected. rxdv changed from 0 to U
%%  14438 ns    Alert  ERROR               GMII_VVC,0,RX       Unwanted activity detected. rxdv changed from L to U
%%  14470 ns    Log    ID_SEQUENCER        TB seq.             Setting unwanted_activity_severity to FAILURE
%%  14470 ns    Log    ID_SEQUENCER        TB seq.             Testing normal data transmission
%%  14470 ns    Log    ID_UVVM_SEND_CMD    TB seq.(uvvm)       gmii_write(GMII_VVC,0,TX, 5 bytes): 'Write data'. [151]
%%  14470 ns    Log    ID_UVVM_SEND_CMD    TB seq.(uvvm)       gmii_expect(GMII_VVC,0,RX, 5 bytes): 'Expect data'. [152]
%%  14470 ns    Log    ID_AWAIT_COMPLETIO  TB seq.(uvvm)       await_completion(GMII_VVC,0,RX, 10000 ns):. [153]
%%  14470 ns    Log    ID_AWAIT_COMPLETIO  TB seq.(uvvm)       await_completion(GMII_VVC,0,RX, 10000 ns) - Pending completion. [153]
%%  14476 ns    Log    ID_BFM              GMII_VVC,0,TX       gmii_write(5 bytes)=> ' 'Write data'  [151]'
%%  14476 ns    Log    ID_BFM              GMII_VVC,0,RX       gmii_expect(5 bytes) while executing gmii_read=> ' 'Expect data'  [152]'
%%  14514 ns    Log    ID_BFM              GMII_VVC,0,TX       gmii_write(5 bytes) DONE. ' 'Write data'  [151]'
%%  14514 ns    Log    ID_BFM              GMII_VVC,0,RX       gmii_expect(5 bytes)=> OK, received 5 bytes. ' 'Expect data'  [152]'
%%  14514 ns    Log    ID_AWAIT_COMPLETIO  TB seq.(uvvm)       await_completion(GMII_VVC,0,RX, 10000 ns)=> GMII_VVC,0,RX finished. [153]
%%  14514 ns    Log    ID_SEQUENCER        TB seq.             Testing unexpected data transmission
%%  14514 ns    Alert  FAILURE             GMII_VVC,0,RX       Unwanted activity detected. rxdv changed from 0 to 1
%%  14514 ns    Alert  FAILURE             GMII_VVC,0,RX       Unwanted activity detected. rxd changed from x"00" to x"FF"
%%  14524 ns    Alert  FAILURE             GMII_VVC,0,RX       Unwanted activity detected. rxdv changed from 1 to 0
%%  14524 ns    Alert  FAILURE             GMII_VVC,0,RX       Unwanted activity detected. rxd changed from x"FF" to x"00"
%%  14524 ns    Alert  FAILURE             GMII_VVC,0,RX       Unwanted activity detected. rxd changed from x"00" to x"FF"
%%  14529 ns    Alert  FAILURE             GMII_VVC,0,RX       Unwanted activity detected. rxd changed from x"FF" to x"00"
%%  14529 ns    Alert  FAILURE             GMII_VVC,0,RX       Unwanted activity detected. rxdv changed from 0 to 1
%%  14530 ns    Alert  FAILURE             GMII_VVC,0,RX       Unwanted activity detected. rxdv changed from 1 to 0
%%  14538 ns    Alert  FAILURE             GMII_VVC,0,RX       Unwanted activity detected. rxdv changed from 0 to U
%%  14554 ns    Alert  FAILURE             GMII_VVC,0,RX       Unwanted activity detected. rxdv changed from L to U
%%  14586 ns    Log    ID_SEQUENCER        TB seq.             Setting unwanted_activity_severity to NO_ALERT
%%  14586 ns    Log    ID_SEQUENCER        TB seq.             Testing normal data transmission
%%  14586 ns    Log    ID_UVVM_SEND_CMD    TB seq.(uvvm)       gmii_write(GMII_VVC,0,TX, 5 bytes): 'Write data'. [154]
%%  14586 ns    Log    ID_UVVM_SEND_CMD    TB seq.(uvvm)       gmii_expect(GMII_VVC,0,RX, 5 bytes): 'Expect data'. [155]
%%  14586 ns    Log    ID_AWAIT_COMPLETIO  TB seq.(uvvm)       await_completion(GMII_VVC,0,RX, 10000 ns):. [156]
%%  14586 ns    Log    ID_AWAIT_COMPLETIO  TB seq.(uvvm)       await_completion(GMII_VVC,0,RX, 10000 ns) - Pending completion. [156]
%%  14588 ns    Log    ID_BFM              GMII_VVC,0,TX       gmii_write(5 bytes)=> ' 'Write data'  [154]'
%%  14588 ns    Log    ID_BFM              GMII_VVC,0,RX       gmii_expect(5 bytes) while executing gmii_read=> ' 'Expect data'  [155]'
%%  14626 ns    Log    ID_BFM              GMII_VVC,0,TX       gmii_write(5 bytes) DONE. ' 'Write data'  [154]'
%%  14626 ns    Log    ID_BFM              GMII_VVC,0,RX       gmii_expect(5 bytes)=> OK, received 5 bytes. ' 'Expect data'  [155]'
%%  14626 ns    Log    ID_AWAIT_COMPLETIO  TB seq.(uvvm)       await_completion(GMII_VVC,0,RX, 10000 ns)=> GMII_VVC,0,RX finished. [156]
%%  14626 ns    Log    ID_SEQUENCER        TB seq.             Testing unexpected data transmission
%%  14699 ns    Log    ID_AWAIT_UVVM_COMP  TB seq.             await_uvvm_completion() => OK. All VVCs are inactive. Condition occurred after 1 ns
%%  14699 ns    Log    ID_AWAIT_UVVM_COMP  TB seq.             await_uvvm_completion()() => OK. All UVVM scoreboards are empty. Condition occurred after 0 ns
%% 
%% ============================================================================================================================================================================
%%  *** INTERMEDIATE SUMMARY OF ALL ALERTS ***
%% ============================================================================================================================================================================
%%  14699 ns    DONE   PASSED   gmii_vvc_tb  Passed: 101  Affirmations Checked: 229
%%    Expected      Failures: -10  Errors: -13  Warnings: 0  Passed: 0
%%    VHDL Asserts  Failures: 0  Errors: 0  Warnings: 0  Passed: 0
%%    Default       Failures: 10  Errors: 13  Warnings: 0  Passed: 0
%%    OSVVM         Failures: 0  Errors: 0  Warnings: 0  Passed: 0
%% ============================================================================================================================================================================
%% 
%% 
%% 
%%  14699 ns    Log    ID_LOG_HDR          TB seq.             SIMULATION COMPLETED
%% ----------------------------------------------------------------------------------------------------------------------------------------------------------------------------
