%%           0.0 ns  Log    ID_CONSTRUCTOR      I2C_VVC,0           VVC instantiated.
%%           0.0 ns  Log    ID_CONSTRUCTOR_SUB  I2C_VVC,0           Command queue instantiated and will give a warning when reaching 1000 elements in queue.
%%           0.0 ns  Log    ID_CONSTRUCTOR_SUB  I2C_VVC,0           Result queue instantiated and will give a warning when reaching 1000 elements in queue.
%%           0.0 ns  Log    ID_CONSTRUCTOR      I2C_VVC,1           VVC instantiated.
%%           0.0 ns  Log    ID_CONSTRUCTOR_SUB  I2C_VVC,1           Command queue instantiated and will give a warning when reaching 1000 elements in queue.
%%           0.0 ns  Log    ID_CONSTRUCTOR_SUB  I2C_VVC,1           Result queue instantiated and will give a warning when reaching 1000 elements in queue.
%%           0.0 ns  Log    ID_CONSTRUCTOR      WISHBONE_VVC,0      VVC instantiated.
%%           0.0 ns  Log    ID_CONSTRUCTOR_SUB  WISHBONE_VVC,0      Command queue instantiated and will give a warning when reaching 1000 elements in queue.
%%           0.0 ns  Log    ID_CONSTRUCTOR_SUB  WISHBONE_VVC,0      Result queue instantiated and will give a warning when reaching 1000 elements in queue.
%%           0.0 ns  Log    ID_CONSTRUCTOR      I2C_VVC,2           VVC instantiated.
%%           0.0 ns  Log    ID_CONSTRUCTOR_SUB  I2C_VVC,2           Command queue instantiated and will give a warning when reaching 1000 elements in queue.
%%           0.0 ns  Log    ID_CONSTRUCTOR_SUB  I2C_VVC,2           Result queue instantiated and will give a warning when reaching 1000 elements in queue.
%%           0.0 ns  Log    ID_CONSTRUCTOR      I2C_VVC,5           VVC instantiated.
%%           0.0 ns  Log    ID_CONSTRUCTOR_SUB  I2C_VVC,5           Command queue instantiated and will give a warning when reaching 1000 elements in queue.
%%           0.0 ns  Log    ID_CONSTRUCTOR_SUB  I2C_VVC,5           Result queue instantiated and will give a warning when reaching 1000 elements in queue.
%%           0.0 ns  Log    ID_CONSTRUCTOR      I2C_VVC,4           VVC instantiated.
%%           0.0 ns  Log    ID_CONSTRUCTOR_SUB  I2C_VVC,4           Command queue instantiated and will give a warning when reaching 1000 elements in queue.
%%           0.0 ns  Log    ID_CONSTRUCTOR_SUB  I2C_VVC,4           Result queue instantiated and will give a warning when reaching 1000 elements in queue.
%%           0.0 ns  Log    ID_CONSTRUCTOR      I2C_VVC,6           VVC instantiated.
%%           0.0 ns  Log    ID_CONSTRUCTOR_SUB  I2C_VVC,6           Command queue instantiated and will give a warning when reaching 1000 elements in queue.
%%           0.0 ns  Log    ID_CONSTRUCTOR_SUB  I2C_VVC,6           Result queue instantiated and will give a warning when reaching 1000 elements in queue.
%%           0.0 ns  Log    ID_CONSTRUCTOR      I2C_VVC,3           VVC instantiated.
%%           0.0 ns  Log    ID_CONSTRUCTOR_SUB  I2C_VVC,3           Command queue instantiated and will give a warning when reaching 1000 elements in queue.
%%           0.0 ns  Log    ID_CONSTRUCTOR_SUB  I2C_VVC,3           Result queue instantiated and will give a warning when reaching 1000 elements in queue.
%%           0.0 ns  Log    ID_CONSTRUCTOR      SBI_VVC,0           VVC instantiated.
%%           0.0 ns  Log    ID_CONSTRUCTOR_SUB  SBI_VVC,0           Command queue instantiated and will give a warning when reaching 1000 elements in queue.
%%           0.0 ns  Log    ID_CONSTRUCTOR_SUB  SBI_VVC,0           Result queue instantiated and will give a warning when reaching 1000 elements in queue.
%%           0.0 ns  Log    ID_CMD_INTERPRETER  I2C_VVC,0           Interpreter: Waiting for command
%%           0.0 ns  Log    ID_CMD_INTERPRETER  I2C_VVC,1           Interpreter: Waiting for command
%%           0.0 ns  Log    ID_CMD_INTERPRETER  WISHBONE_VVC,0      Interpreter: Waiting for command
%%           0.0 ns  Log    ID_CMD_INTERPRETER  I2C_VVC,2           Interpreter: Waiting for command
%%           0.0 ns  Log    ID_CMD_INTERPRETER  I2C_VVC,5           Interpreter: Waiting for command
%%           0.0 ns  Log    ID_CMD_INTERPRETER  I2C_VVC,4           Interpreter: Waiting for command
%%           0.0 ns  Log    ID_CMD_INTERPRETER  I2C_VVC,6           Interpreter: Waiting for command
%%           0.0 ns  Log    ID_CMD_INTERPRETER  I2C_VVC,3           Interpreter: Waiting for command
%%           0.0 ns  Log    ID_CMD_INTERPRETER  SBI_VVC,0           Interpreter: Waiting for command
%%           0.0 ns  Log    ID_CTRL             I2C_VVC_SB,0        enable() => SB enabled. 'I2C VVC SB Enabled'
%%           0.0 ns  Log    ID_CTRL             I2C_VVC_SB,0        config() => config applied to SB.
%%           0.0 ns  Log    ID_CTRL             I2C_VVC_SB,0        enable_log_msg() => message id id_data enabled.
%%           0.0 ns  Log    ID_CTRL             I2C_VVC_SB,1        enable() => SB enabled. 'I2C VVC SB Enabled'
%%           0.0 ns  Log    ID_CTRL             I2C_VVC_SB,1        config() => config applied to SB.
%%           0.0 ns  Log    ID_CTRL             I2C_VVC_SB,1        enable_log_msg() => message id id_data enabled.
%%           0.0 ns  Log    ID_CTRL             WISHBONE_VVC_SB,0   enable() => SB enabled. 'WISHBONE VVC SB Enabled'
%%           0.0 ns  Log    ID_CTRL             WISHBONE_VVC_SB,0   config() => config applied to SB.
%%           0.0 ns  Log    ID_CTRL             WISHBONE_VVC_SB,0   enable_log_msg() => message id id_data enabled.
%%           0.0 ns  Log    ID_CTRL             I2C_VVC_SB,2        enable() => SB enabled. 'I2C VVC SB Enabled'
%%           0.0 ns  Log    ID_CTRL             I2C_VVC_SB,2        config() => config applied to SB.
%%           0.0 ns  Log    ID_CTRL             I2C_VVC_SB,2        enable_log_msg() => message id id_data enabled.
%%           0.0 ns  Log    ID_CTRL             I2C_VVC_SB,5        enable() => SB enabled. 'I2C VVC SB Enabled'
%%           0.0 ns  Log    ID_CTRL             I2C_VVC_SB,5        config() => config applied to SB.
%%           0.0 ns  Log    ID_CTRL             I2C_VVC_SB,5        enable_log_msg() => message id id_data enabled.
%%           0.0 ns  Log    ID_CTRL             I2C_VVC_SB,4        enable() => SB enabled. 'I2C VVC SB Enabled'
%%           0.0 ns  Log    ID_CTRL             I2C_VVC_SB,4        config() => config applied to SB.
%%           0.0 ns  Log    ID_CTRL             I2C_VVC_SB,4        enable_log_msg() => message id id_data enabled.
%%           0.0 ns  Log    ID_CTRL             I2C_VVC_SB,6        enable() => SB enabled. 'I2C VVC SB Enabled'
%%           0.0 ns  Log    ID_CTRL             I2C_VVC_SB,6        config() => config applied to SB.
%%           0.0 ns  Log    ID_CTRL             I2C_VVC_SB,6        enable_log_msg() => message id id_data enabled.
%%           0.0 ns  Log    ID_CTRL             I2C_VVC_SB,3        enable() => SB enabled. 'I2C VVC SB Enabled'
%%           0.0 ns  Log    ID_CTRL             I2C_VVC_SB,3        config() => config applied to SB.
%%           0.0 ns  Log    ID_CTRL             I2C_VVC_SB,3        enable_log_msg() => message id id_data enabled.
%%           0.0 ns  Log    ID_CTRL             SBI_VVC_SB,0        enable() => SB enabled. 'SBI VVC SB Enabled'
%%           0.0 ns  Log    ID_CTRL             SBI_VVC_SB,0        config() => config applied to SB.
%%           0.0 ns  Log    ID_CTRL             SBI_VVC_SB,0        enable_log_msg() => message id id_data enabled.
%%           0.0 ns  Log    ID_LOG_MSG_CTRL     TB seq.             disable_log_msg(ID_AWAIT_COMPLETION).
%%           0.0 ns  Log    ID_LOG_MSG_CTRL     TB seq.             disable_log_msg(ID_AWAIT_COMPLETION_LIST).
%%           0.0 ns  Log    ID_LOG_MSG_CTRL     TB seq.             disable_log_msg(ID_AWAIT_COMPLETION_WAIT).
%%           0.0 ns  Log    ID_LOG_MSG_CTRL     TB seq.             disable_log_msg(ID_AWAIT_COMPLETION_END).
%%           0.0 ns  Log    ID_LOG_MSG_CTRL     TB seq.             disable_log_msg(ID_UVVM_CMD_ACK).
%%           0.0 ns  Log    ID_LOG_MSG_CTRL     TB seq.             disable_log_msg(ID_POS_ACK).
%%           0.0 ns  Log    ID_LOG_MSG_CTRL     TB seq.             disable_log_msg(ID_UVVM_CMD_RESULT).
%%           0.0 ns  Log    ID_UVVM_SEND_CMD    TB seq.(uvvm)       disable_log_msg(VVC_BROADCAST, ID_CMD_EXECUTOR): [1]
%%           0.0 ns  Log    ID_CMD_EXECUTOR_WA  I2C_VVC,0           Executor: Waiting for command
%%           0.0 ns  Log    ID_CMD_EXECUTOR_WA  I2C_VVC,1           Executor: Waiting for command
%%           0.0 ns  Log    ID_CMD_EXECUTOR_WA  WISHBONE_VVC,0      Executor: Waiting for command
%%           0.0 ns  Log    ID_CMD_EXECUTOR_WA  I2C_VVC,2           Executor: Waiting for command
%%           0.0 ns  Log    ID_CMD_EXECUTOR_WA  I2C_VVC,5           Executor: Waiting for command
%%           0.0 ns  Log    ID_CMD_EXECUTOR_WA  I2C_VVC,4           Executor: Waiting for command
%%           0.0 ns  Log    ID_CMD_EXECUTOR_WA  I2C_VVC,6           Executor: Waiting for command
%%           0.0 ns  Log    ID_CMD_EXECUTOR_WA  I2C_VVC,3           Executor: Waiting for command
%%           0.0 ns  Log    ID_CMD_EXECUTOR_WA  SBI_VVC,0           Executor: Waiting for command
%%           0.0 ns  Log    ID_UVVM_SEND_CMD    I2C_VVC,0           disable_log_msg(VVC_BROADCAST, ID_CMD_EXECUTOR): [1]
%%           0.0 ns  Log    ID_UVVM_SEND_CMD    I2C_VVC,1           disable_log_msg(VVC_BROADCAST, ID_CMD_EXECUTOR): [1]
%%           0.0 ns  Log    ID_UVVM_SEND_CMD    WISHBONE_VVC,0      disable_log_msg(VVC_BROADCAST, ID_CMD_EXECUTOR): [1]
%%           0.0 ns  Log    ID_UVVM_SEND_CMD    I2C_VVC,2           disable_log_msg(VVC_BROADCAST, ID_CMD_EXECUTOR): [1]
%%           0.0 ns  Log    ID_UVVM_SEND_CMD    I2C_VVC,5           disable_log_msg(VVC_BROADCAST, ID_CMD_EXECUTOR): [1]
%%           0.0 ns  Log    ID_UVVM_SEND_CMD    I2C_VVC,4           disable_log_msg(VVC_BROADCAST, ID_CMD_EXECUTOR): [1]
%%           0.0 ns  Log    ID_UVVM_SEND_CMD    I2C_VVC,6           disable_log_msg(VVC_BROADCAST, ID_CMD_EXECUTOR): [1]
%%           0.0 ns  Log    ID_UVVM_SEND_CMD    I2C_VVC,3           disable_log_msg(VVC_BROADCAST, ID_CMD_EXECUTOR): [1]
%%           0.0 ns  Log    ID_UVVM_SEND_CMD    SBI_VVC,0           disable_log_msg(VVC_BROADCAST, ID_CMD_EXECUTOR): [1]
%%           0.0 ns  Log    ID_CMD_INTERPRETER  I2C_VVC,0           disable_log_msg(VVC_BROADCAST, ID_CMD_EXECUTOR). Command received  [1]
%%           0.0 ns  Log    ID_LOG_MSG_CTRL     I2C_VVC,0           disable_log_msg(ID_CMD_EXECUTOR). ' [1]'
%%           0.0 ns  Log    ID_CMD_INTERPRETER  I2C_VVC,1           disable_log_msg(VVC_BROADCAST, ID_CMD_EXECUTOR). Command received  [1]
%%           0.0 ns  Log    ID_LOG_MSG_CTRL     I2C_VVC,1           disable_log_msg(ID_CMD_EXECUTOR). ' [1]'
%%           0.0 ns  Log    ID_CMD_INTERPRETER  WISHBONE_VVC,0      disable_log_msg(VVC_BROADCAST, ID_CMD_EXECUTOR). Command received  [1]
%%           0.0 ns  Log    ID_LOG_MSG_CTRL     WISHBONE_VVC,0      disable_log_msg(ID_CMD_EXECUTOR). ' [1]'
%%           0.0 ns  Log    ID_CMD_INTERPRETER  I2C_VVC,2           disable_log_msg(VVC_BROADCAST, ID_CMD_EXECUTOR). Command received  [1]
%%           0.0 ns  Log    ID_LOG_MSG_CTRL     I2C_VVC,2           disable_log_msg(ID_CMD_EXECUTOR). ' [1]'
%%           0.0 ns  Log    ID_CMD_INTERPRETER  I2C_VVC,5           disable_log_msg(VVC_BROADCAST, ID_CMD_EXECUTOR). Command received  [1]
%%           0.0 ns  Log    ID_LOG_MSG_CTRL     I2C_VVC,5           disable_log_msg(ID_CMD_EXECUTOR). ' [1]'
%%           0.0 ns  Log    ID_CMD_INTERPRETER  I2C_VVC,4           disable_log_msg(VVC_BROADCAST, ID_CMD_EXECUTOR). Command received  [1]
%%           0.0 ns  Log    ID_LOG_MSG_CTRL     I2C_VVC,4           disable_log_msg(ID_CMD_EXECUTOR). ' [1]'
%%           0.0 ns  Log    ID_CMD_INTERPRETER  I2C_VVC,6           disable_log_msg(VVC_BROADCAST, ID_CMD_EXECUTOR). Command received  [1]
%%           0.0 ns  Log    ID_LOG_MSG_CTRL     I2C_VVC,6           disable_log_msg(ID_CMD_EXECUTOR). ' [1]'
%%           0.0 ns  Log    ID_CMD_INTERPRETER  I2C_VVC,3           disable_log_msg(VVC_BROADCAST, ID_CMD_EXECUTOR). Command received  [1]
%%           0.0 ns  Log    ID_LOG_MSG_CTRL     I2C_VVC,3           disable_log_msg(ID_CMD_EXECUTOR). ' [1]'
%%           0.0 ns  Log    ID_CMD_INTERPRETER  SBI_VVC,0           disable_log_msg(VVC_BROADCAST, ID_CMD_EXECUTOR). Command received  [1]
%%           0.0 ns  Log    ID_LOG_MSG_CTRL     SBI_VVC,0           disable_log_msg(ID_CMD_EXECUTOR). ' [1]'
%%           0.0 ns  Log    ID_CMD_INTERPRETER  SBI_VVC,0           Interpreter: Waiting for command
%%           0.0 ns  Log    ID_CMD_INTERPRETER  WISHBONE_VVC,0      Interpreter: Waiting for command
%%           0.0 ns  Log    ID_CMD_INTERPRETER  I2C_VVC,0           Interpreter: Waiting for command
%%           0.0 ns  Log    ID_CMD_INTERPRETER  I2C_VVC,1           Interpreter: Waiting for command
%%           0.0 ns  Log    ID_CMD_INTERPRETER  I2C_VVC,2           Interpreter: Waiting for command
%%           0.0 ns  Log    ID_CMD_INTERPRETER  I2C_VVC,5           Interpreter: Waiting for command
%%           0.0 ns  Log    ID_CMD_INTERPRETER  I2C_VVC,4           Interpreter: Waiting for command
%%           0.0 ns  Log    ID_CMD_INTERPRETER  I2C_VVC,6           Interpreter: Waiting for command
%%           0.0 ns  Log    ID_CMD_INTERPRETER  I2C_VVC,3           Interpreter: Waiting for command
%%           0.0 ns  Log    ID_UVVM_SEND_CMD    TB seq.(uvvm)       disable_log_msg(VVC_BROADCAST, ID_CMD_EXECUTOR_WAIT): [2]
%%           0.0 ns  Log    ID_UVVM_SEND_CMD    SBI_VVC,0           disable_log_msg(VVC_BROADCAST, ID_CMD_EXECUTOR_WAIT): [2]
%%           0.0 ns  Log    ID_UVVM_SEND_CMD    WISHBONE_VVC,0      disable_log_msg(VVC_BROADCAST, ID_CMD_EXECUTOR_WAIT): [2]
%%           0.0 ns  Log    ID_UVVM_SEND_CMD    I2C_VVC,0           disable_log_msg(VVC_BROADCAST, ID_CMD_EXECUTOR_WAIT): [2]
%%           0.0 ns  Log    ID_UVVM_SEND_CMD    I2C_VVC,1           disable_log_msg(VVC_BROADCAST, ID_CMD_EXECUTOR_WAIT): [2]
%%           0.0 ns  Log    ID_UVVM_SEND_CMD    I2C_VVC,2           disable_log_msg(VVC_BROADCAST, ID_CMD_EXECUTOR_WAIT): [2]
%%           0.0 ns  Log    ID_UVVM_SEND_CMD    I2C_VVC,5           disable_log_msg(VVC_BROADCAST, ID_CMD_EXECUTOR_WAIT): [2]
%%           0.0 ns  Log    ID_UVVM_SEND_CMD    I2C_VVC,4           disable_log_msg(VVC_BROADCAST, ID_CMD_EXECUTOR_WAIT): [2]
%%           0.0 ns  Log    ID_UVVM_SEND_CMD    I2C_VVC,6           disable_log_msg(VVC_BROADCAST, ID_CMD_EXECUTOR_WAIT): [2]
%%           0.0 ns  Log    ID_UVVM_SEND_CMD    I2C_VVC,3           disable_log_msg(VVC_BROADCAST, ID_CMD_EXECUTOR_WAIT): [2]
%%           0.0 ns  Log    ID_CMD_INTERPRETER  SBI_VVC,0           disable_log_msg(VVC_BROADCAST, ID_CMD_EXECUTOR_WAIT). Command received  [2]
%%           0.0 ns  Log    ID_LOG_MSG_CTRL     SBI_VVC,0           disable_log_msg(ID_CMD_EXECUTOR_WAIT). ' [2]'
%%           0.0 ns  Log    ID_CMD_INTERPRETER  WISHBONE_VVC,0      disable_log_msg(VVC_BROADCAST, ID_CMD_EXECUTOR_WAIT). Command received  [2]
%%           0.0 ns  Log    ID_LOG_MSG_CTRL     WISHBONE_VVC,0      disable_log_msg(ID_CMD_EXECUTOR_WAIT). ' [2]'
%%           0.0 ns  Log    ID_CMD_INTERPRETER  I2C_VVC,0           disable_log_msg(VVC_BROADCAST, ID_CMD_EXECUTOR_WAIT). Command received  [2]
%%           0.0 ns  Log    ID_LOG_MSG_CTRL     I2C_VVC,0           disable_log_msg(ID_CMD_EXECUTOR_WAIT). ' [2]'
%%           0.0 ns  Log    ID_CMD_INTERPRETER  I2C_VVC,1           disable_log_msg(VVC_BROADCAST, ID_CMD_EXECUTOR_WAIT). Command received  [2]
%%           0.0 ns  Log    ID_LOG_MSG_CTRL     I2C_VVC,1           disable_log_msg(ID_CMD_EXECUTOR_WAIT). ' [2]'
%%           0.0 ns  Log    ID_CMD_INTERPRETER  I2C_VVC,2           disable_log_msg(VVC_BROADCAST, ID_CMD_EXECUTOR_WAIT). Command received  [2]
%%           0.0 ns  Log    ID_LOG_MSG_CTRL     I2C_VVC,2           disable_log_msg(ID_CMD_EXECUTOR_WAIT). ' [2]'
%%           0.0 ns  Log    ID_CMD_INTERPRETER  I2C_VVC,5           disable_log_msg(VVC_BROADCAST, ID_CMD_EXECUTOR_WAIT). Command received  [2]
%%           0.0 ns  Log    ID_LOG_MSG_CTRL     I2C_VVC,5           disable_log_msg(ID_CMD_EXECUTOR_WAIT). ' [2]'
%%           0.0 ns  Log    ID_CMD_INTERPRETER  I2C_VVC,4           disable_log_msg(VVC_BROADCAST, ID_CMD_EXECUTOR_WAIT). Command received  [2]
%%           0.0 ns  Log    ID_LOG_MSG_CTRL     I2C_VVC,4           disable_log_msg(ID_CMD_EXECUTOR_WAIT). ' [2]'
%%           0.0 ns  Log    ID_CMD_INTERPRETER  I2C_VVC,6           disable_log_msg(VVC_BROADCAST, ID_CMD_EXECUTOR_WAIT). Command received  [2]
%%           0.0 ns  Log    ID_LOG_MSG_CTRL     I2C_VVC,6           disable_log_msg(ID_CMD_EXECUTOR_WAIT). ' [2]'
%%           0.0 ns  Log    ID_CMD_INTERPRETER  I2C_VVC,3           disable_log_msg(VVC_BROADCAST, ID_CMD_EXECUTOR_WAIT). Command received  [2]
%%           0.0 ns  Log    ID_LOG_MSG_CTRL     I2C_VVC,3           disable_log_msg(ID_CMD_EXECUTOR_WAIT). ' [2]'
%%           0.0 ns  Log    ID_CMD_INTERPRETER  WISHBONE_VVC,0      Interpreter: Waiting for command
%%           0.0 ns  Log    ID_CMD_INTERPRETER  SBI_VVC,0           Interpreter: Waiting for command
%%           0.0 ns  Log    ID_CMD_INTERPRETER  I2C_VVC,0           Interpreter: Waiting for command
%%           0.0 ns  Log    ID_CMD_INTERPRETER  I2C_VVC,1           Interpreter: Waiting for command
%%           0.0 ns  Log    ID_CMD_INTERPRETER  I2C_VVC,2           Interpreter: Waiting for command
%%           0.0 ns  Log    ID_CMD_INTERPRETER  I2C_VVC,5           Interpreter: Waiting for command
%%           0.0 ns  Log    ID_CMD_INTERPRETER  I2C_VVC,4           Interpreter: Waiting for command
%%           0.0 ns  Log    ID_CMD_INTERPRETER  I2C_VVC,6           Interpreter: Waiting for command
%%           0.0 ns  Log    ID_CMD_INTERPRETER  I2C_VVC,3           Interpreter: Waiting for command
%%           0.0 ns  Log    ID_UVVM_SEND_CMD    TB seq.(uvvm)       disable_log_msg(VVC_BROADCAST, ID_CMD_INTERPRETER): [3]
%%           0.0 ns  Log    ID_UVVM_SEND_CMD    WISHBONE_VVC,0      disable_log_msg(VVC_BROADCAST, ID_CMD_INTERPRETER): [3]
%%           0.0 ns  Log    ID_UVVM_SEND_CMD    SBI_VVC,0           disable_log_msg(VVC_BROADCAST, ID_CMD_INTERPRETER): [3]
%%           0.0 ns  Log    ID_UVVM_SEND_CMD    I2C_VVC,0           disable_log_msg(VVC_BROADCAST, ID_CMD_INTERPRETER): [3]
%%           0.0 ns  Log    ID_UVVM_SEND_CMD    I2C_VVC,1           disable_log_msg(VVC_BROADCAST, ID_CMD_INTERPRETER): [3]
%%           0.0 ns  Log    ID_UVVM_SEND_CMD    I2C_VVC,2           disable_log_msg(VVC_BROADCAST, ID_CMD_INTERPRETER): [3]
%%           0.0 ns  Log    ID_UVVM_SEND_CMD    I2C_VVC,5           disable_log_msg(VVC_BROADCAST, ID_CMD_INTERPRETER): [3]
%%           0.0 ns  Log    ID_UVVM_SEND_CMD    I2C_VVC,4           disable_log_msg(VVC_BROADCAST, ID_CMD_INTERPRETER): [3]
%%           0.0 ns  Log    ID_UVVM_SEND_CMD    I2C_VVC,6           disable_log_msg(VVC_BROADCAST, ID_CMD_INTERPRETER): [3]
%%           0.0 ns  Log    ID_UVVM_SEND_CMD    I2C_VVC,3           disable_log_msg(VVC_BROADCAST, ID_CMD_INTERPRETER): [3]
%%           0.0 ns  Log    ID_CMD_INTERPRETER  WISHBONE_VVC,0      disable_log_msg(VVC_BROADCAST, ID_CMD_INTERPRETER). Command received  [3]
%%           0.0 ns  Log    ID_LOG_MSG_CTRL     WISHBONE_VVC,0      disable_log_msg(ID_CMD_INTERPRETER). ' [3]'
%%           0.0 ns  Log    ID_CMD_INTERPRETER  SBI_VVC,0           disable_log_msg(VVC_BROADCAST, ID_CMD_INTERPRETER). Command received  [3]
%%           0.0 ns  Log    ID_LOG_MSG_CTRL     SBI_VVC,0           disable_log_msg(ID_CMD_INTERPRETER). ' [3]'
%%           0.0 ns  Log    ID_CMD_INTERPRETER  I2C_VVC,0           disable_log_msg(VVC_BROADCAST, ID_CMD_INTERPRETER). Command received  [3]
%%           0.0 ns  Log    ID_LOG_MSG_CTRL     I2C_VVC,0           disable_log_msg(ID_CMD_INTERPRETER). ' [3]'
%%           0.0 ns  Log    ID_CMD_INTERPRETER  I2C_VVC,1           disable_log_msg(VVC_BROADCAST, ID_CMD_INTERPRETER). Command received  [3]
%%           0.0 ns  Log    ID_LOG_MSG_CTRL     I2C_VVC,1           disable_log_msg(ID_CMD_INTERPRETER). ' [3]'
%%           0.0 ns  Log    ID_CMD_INTERPRETER  I2C_VVC,2           disable_log_msg(VVC_BROADCAST, ID_CMD_INTERPRETER). Command received  [3]
%%           0.0 ns  Log    ID_LOG_MSG_CTRL     I2C_VVC,2           disable_log_msg(ID_CMD_INTERPRETER). ' [3]'
%%           0.0 ns  Log    ID_CMD_INTERPRETER  I2C_VVC,5           disable_log_msg(VVC_BROADCAST, ID_CMD_INTERPRETER). Command received  [3]
%%           0.0 ns  Log    ID_LOG_MSG_CTRL     I2C_VVC,5           disable_log_msg(ID_CMD_INTERPRETER). ' [3]'
%%           0.0 ns  Log    ID_CMD_INTERPRETER  I2C_VVC,4           disable_log_msg(VVC_BROADCAST, ID_CMD_INTERPRETER). Command received  [3]
%%           0.0 ns  Log    ID_LOG_MSG_CTRL     I2C_VVC,4           disable_log_msg(ID_CMD_INTERPRETER). ' [3]'
%%           0.0 ns  Log    ID_CMD_INTERPRETER  I2C_VVC,6           disable_log_msg(VVC_BROADCAST, ID_CMD_INTERPRETER). Command received  [3]
%%           0.0 ns  Log    ID_LOG_MSG_CTRL     I2C_VVC,6           disable_log_msg(ID_CMD_INTERPRETER). ' [3]'
%%           0.0 ns  Log    ID_CMD_INTERPRETER  I2C_VVC,3           disable_log_msg(VVC_BROADCAST, ID_CMD_INTERPRETER). Command received  [3]
%%           0.0 ns  Log    ID_LOG_MSG_CTRL     I2C_VVC,3           disable_log_msg(ID_CMD_INTERPRETER). ' [3]'
%%           0.0 ns  Log    ID_CMD_INTERPRETER  SBI_VVC,0           Interpreter: Waiting for command
%%           0.0 ns  Log    ID_CMD_INTERPRETER  WISHBONE_VVC,0      Interpreter: Waiting for command
%%           0.0 ns  Log    ID_CMD_INTERPRETER  I2C_VVC,0           Interpreter: Waiting for command
%%           0.0 ns  Log    ID_CMD_INTERPRETER  I2C_VVC,1           Interpreter: Waiting for command
%%           0.0 ns  Log    ID_CMD_INTERPRETER  I2C_VVC,2           Interpreter: Waiting for command
%%           0.0 ns  Log    ID_CMD_INTERPRETER  I2C_VVC,5           Interpreter: Waiting for command
%%           0.0 ns  Log    ID_CMD_INTERPRETER  I2C_VVC,4           Interpreter: Waiting for command
%%           0.0 ns  Log    ID_CMD_INTERPRETER  I2C_VVC,6           Interpreter: Waiting for command
%%           0.0 ns  Log    ID_CMD_INTERPRETER  I2C_VVC,3           Interpreter: Waiting for command
%%           0.0 ns  Log    ID_UVVM_SEND_CMD    TB seq.(uvvm)       disable_log_msg(VVC_BROADCAST, ID_CMD_INTERPRETER_WAIT): [4]
%%           0.0 ns  Log    ID_UVVM_SEND_CMD    SBI_VVC,0           disable_log_msg(VVC_BROADCAST, ID_CMD_INTERPRETER_WAIT): [4]
%%           0.0 ns  Log    ID_UVVM_SEND_CMD    WISHBONE_VVC,0      disable_log_msg(VVC_BROADCAST, ID_CMD_INTERPRETER_WAIT): [4]
%%           0.0 ns  Log    ID_UVVM_SEND_CMD    I2C_VVC,0           disable_log_msg(VVC_BROADCAST, ID_CMD_INTERPRETER_WAIT): [4]
%%           0.0 ns  Log    ID_UVVM_SEND_CMD    I2C_VVC,1           disable_log_msg(VVC_BROADCAST, ID_CMD_INTERPRETER_WAIT): [4]
%%           0.0 ns  Log    ID_UVVM_SEND_CMD    I2C_VVC,2           disable_log_msg(VVC_BROADCAST, ID_CMD_INTERPRETER_WAIT): [4]
%%           0.0 ns  Log    ID_UVVM_SEND_CMD    I2C_VVC,5           disable_log_msg(VVC_BROADCAST, ID_CMD_INTERPRETER_WAIT): [4]
%%           0.0 ns  Log    ID_UVVM_SEND_CMD    I2C_VVC,4           disable_log_msg(VVC_BROADCAST, ID_CMD_INTERPRETER_WAIT): [4]
%%           0.0 ns  Log    ID_UVVM_SEND_CMD    I2C_VVC,6           disable_log_msg(VVC_BROADCAST, ID_CMD_INTERPRETER_WAIT): [4]
%%           0.0 ns  Log    ID_UVVM_SEND_CMD    I2C_VVC,3           disable_log_msg(VVC_BROADCAST, ID_CMD_INTERPRETER_WAIT): [4]
%%           0.0 ns  Log    ID_LOG_MSG_CTRL     SBI_VVC,0           disable_log_msg(ID_CMD_INTERPRETER_WAIT). ' [4]'
%%           0.0 ns  Log    ID_LOG_MSG_CTRL     WISHBONE_VVC,0      disable_log_msg(ID_CMD_INTERPRETER_WAIT). ' [4]'
%%           0.0 ns  Log    ID_LOG_MSG_CTRL     I2C_VVC,0           disable_log_msg(ID_CMD_INTERPRETER_WAIT). ' [4]'
%%           0.0 ns  Log    ID_LOG_MSG_CTRL     I2C_VVC,1           disable_log_msg(ID_CMD_INTERPRETER_WAIT). ' [4]'
%%           0.0 ns  Log    ID_LOG_MSG_CTRL     I2C_VVC,2           disable_log_msg(ID_CMD_INTERPRETER_WAIT). ' [4]'
%%           0.0 ns  Log    ID_LOG_MSG_CTRL     I2C_VVC,5           disable_log_msg(ID_CMD_INTERPRETER_WAIT). ' [4]'
%%           0.0 ns  Log    ID_LOG_MSG_CTRL     I2C_VVC,4           disable_log_msg(ID_CMD_INTERPRETER_WAIT). ' [4]'
%%           0.0 ns  Log    ID_LOG_MSG_CTRL     I2C_VVC,6           disable_log_msg(ID_CMD_INTERPRETER_WAIT). ' [4]'
%%           0.0 ns  Log    ID_LOG_MSG_CTRL     I2C_VVC,3           disable_log_msg(ID_CMD_INTERPRETER_WAIT). ' [4]'
%%           0.0 ns  Log    ID_UVVM_SEND_CMD    TB seq.(uvvm)       disable_log_msg(VVC_BROADCAST, ID_IMMEDIATE_CMD): [5]
%%           0.0 ns  Log    ID_UVVM_SEND_CMD    WISHBONE_VVC,0      disable_log_msg(VVC_BROADCAST, ID_IMMEDIATE_CMD): [5]
%%           0.0 ns  Log    ID_UVVM_SEND_CMD    SBI_VVC,0           disable_log_msg(VVC_BROADCAST, ID_IMMEDIATE_CMD): [5]
%%           0.0 ns  Log    ID_UVVM_SEND_CMD    I2C_VVC,0           disable_log_msg(VVC_BROADCAST, ID_IMMEDIATE_CMD): [5]
%%           0.0 ns  Log    ID_UVVM_SEND_CMD    I2C_VVC,1           disable_log_msg(VVC_BROADCAST, ID_IMMEDIATE_CMD): [5]
%%           0.0 ns  Log    ID_UVVM_SEND_CMD    I2C_VVC,2           disable_log_msg(VVC_BROADCAST, ID_IMMEDIATE_CMD): [5]
%%           0.0 ns  Log    ID_UVVM_SEND_CMD    I2C_VVC,5           disable_log_msg(VVC_BROADCAST, ID_IMMEDIATE_CMD): [5]
%%           0.0 ns  Log    ID_UVVM_SEND_CMD    I2C_VVC,4           disable_log_msg(VVC_BROADCAST, ID_IMMEDIATE_CMD): [5]
%%           0.0 ns  Log    ID_UVVM_SEND_CMD    I2C_VVC,6           disable_log_msg(VVC_BROADCAST, ID_IMMEDIATE_CMD): [5]
%%           0.0 ns  Log    ID_UVVM_SEND_CMD    I2C_VVC,3           disable_log_msg(VVC_BROADCAST, ID_IMMEDIATE_CMD): [5]
%%           0.0 ns  Log    ID_LOG_MSG_CTRL     WISHBONE_VVC,0      disable_log_msg(ID_IMMEDIATE_CMD). ' [5]'
%%           0.0 ns  Log    ID_LOG_MSG_CTRL     SBI_VVC,0           disable_log_msg(ID_IMMEDIATE_CMD). ' [5]'
%%           0.0 ns  Log    ID_LOG_MSG_CTRL     I2C_VVC,0           disable_log_msg(ID_IMMEDIATE_CMD). ' [5]'
%%           0.0 ns  Log    ID_LOG_MSG_CTRL     I2C_VVC,1           disable_log_msg(ID_IMMEDIATE_CMD). ' [5]'
%%           0.0 ns  Log    ID_LOG_MSG_CTRL     I2C_VVC,2           disable_log_msg(ID_IMMEDIATE_CMD). ' [5]'
%%           0.0 ns  Log    ID_LOG_MSG_CTRL     I2C_VVC,5           disable_log_msg(ID_IMMEDIATE_CMD). ' [5]'
%%           0.0 ns  Log    ID_LOG_MSG_CTRL     I2C_VVC,4           disable_log_msg(ID_IMMEDIATE_CMD). ' [5]'
%%           0.0 ns  Log    ID_LOG_MSG_CTRL     I2C_VVC,6           disable_log_msg(ID_IMMEDIATE_CMD). ' [5]'
%%           0.0 ns  Log    ID_LOG_MSG_CTRL     I2C_VVC,3           disable_log_msg(ID_IMMEDIATE_CMD). ' [5]'
%%      
%%      -----------------------------------------------------------------------------------------------------------------------------------------------------------------------
%%      ***  REPORT OF GLOBAL CTRL ***
%%      -----------------------------------------------------------------------------------------------------------------------------------------------------------------------
%%                                IGNORE    STOP_LIMIT
%%                NOTE         :  REGARD         0
%%                TB_NOTE      :  REGARD         0
%%                WARNING      :  REGARD         0
%%                TB_WARNING   :  REGARD         0
%%                MANUAL_CHECK :  REGARD         0
%%                ERROR        :  REGARD         0
%%                TB_ERROR     :  REGARD         0
%%                FAILURE      :  REGARD         1
%%                TB_FAILURE   :  REGARD         1
%%      -----------------------------------------------------------------------------------------------------------------------------------------------------------------------
%%      
%%      
%%      -----------------------------------------------------------------------------------------------------------------------------------------------------------------------
%%      ***  REPORT OF MSG ID PANEL ***
%%      -----------------------------------------------------------------------------------------------------------------------------------------------------------------------
%%                ID                             Status
%%                ------------------------       ------
%%                ID_UTIL_BURIED               : DISABLED
%%                ID_BITVIS_DEBUG              : DISABLED
%%                ID_UTIL_SETUP                : ENABLED
%%                ID_LOG_MSG_CTRL              : ENABLED
%%                ID_ALERT_CTRL                : ENABLED
%%                ID_FINISH_OR_STOP            : ENABLED
%%                ID_CLOCK_GEN                 : ENABLED
%%                ID_GEN_PULSE                 : ENABLED
%%                ID_BLOCKING                  : ENABLED
%%                ID_WATCHDOG                  : ENABLED
%%                ID_RAND_GEN                  : DISABLED
%%                ID_RAND_CONF                 : DISABLED
%%                ID_FUNC_COV_BINS             : DISABLED
%%                ID_FUNC_COV_BINS_INFO        : DISABLED
%%                ID_FUNC_COV_RAND             : DISABLED
%%                ID_FUNC_COV_SAMPLE           : DISABLED
%%                ID_FUNC_COV_CONFIG           : DISABLED
%%                ID_POS_ACK                   : DISABLED
%%                ID_UVVM_ASSERTION            : ENABLED
%%                ID_LOG_HDR                   : ENABLED
%%                ID_LOG_HDR_LARGE             : ENABLED
%%                ID_LOG_HDR_XL                : ENABLED
%%                ID_SEQUENCER                 : ENABLED
%%                ID_SEQUENCER_SUB             : ENABLED
%%                ID_BFM                       : ENABLED
%%                ID_BFM_WAIT                  : ENABLED
%%                ID_BFM_POLL                  : ENABLED
%%                ID_BFM_POLL_SUMMARY          : ENABLED
%%                ID_CHANNEL_BFM               : ENABLED
%%                ID_TERMINATE_CMD             : ENABLED
%%                ID_SEGMENT_INITIATE          : ENABLED
%%                ID_SEGMENT_COMPLETE          : ENABLED
%%                ID_SEGMENT_HDR               : ENABLED
%%                ID_SEGMENT_DATA              : ENABLED
%%                ID_PACKET_INITIATE           : ENABLED
%%                ID_PACKET_PREAMBLE           : ENABLED
%%                ID_PACKET_COMPLETE           : ENABLED
%%                ID_PACKET_HDR                : ENABLED
%%                ID_PACKET_DATA               : ENABLED
%%                ID_PACKET_CHECKSUM           : ENABLED
%%                ID_PACKET_GAP                : ENABLED
%%                ID_PACKET_PAYLOAD            : ENABLED
%%                ID_FRAME_INITIATE            : ENABLED
%%                ID_FRAME_COMPLETE            : ENABLED
%%                ID_FRAME_HDR                 : ENABLED
%%                ID_FRAME_DATA                : ENABLED
%%                ID_COVERAGE_MAKEBIN          : DISABLED
%%                ID_COVERAGE_ADDBIN           : DISABLED
%%                ID_COVERAGE_ICOVER           : DISABLED
%%                ID_COVERAGE_CONFIG           : ENABLED
%%                ID_COVERAGE_SUMMARY          : ENABLED
%%                ID_COVERAGE_HOLES            : ENABLED
%%                ID_UVVM_SEND_CMD             : ENABLED
%%                ID_UVVM_CMD_ACK              : DISABLED
%%                ID_UVVM_CMD_RESULT           : DISABLED
%%                ID_CMD_INTERPRETER           : ENABLED
%%                ID_CMD_INTERPRETER_WAIT      : ENABLED
%%                ID_IMMEDIATE_CMD             : ENABLED
%%                ID_IMMEDIATE_CMD_WAIT        : ENABLED
%%                ID_CMD_EXECUTOR              : ENABLED
%%                ID_CMD_EXECUTOR_WAIT         : ENABLED
%%                ID_CHANNEL_EXECUTOR          : ENABLED
%%                ID_CHANNEL_EXECUTOR_WAIT     : ENABLED
%%                ID_NEW_HVVC_CMD_SEQ          : ENABLED
%%                ID_INSERTED_DELAY            : ENABLED
%%                ID_OLD_AWAIT_COMPLETION      : ENABLED
%%                ID_AWAIT_COMPLETION          : DISABLED
%%                ID_AWAIT_COMPLETION_LIST     : DISABLED
%%                ID_AWAIT_COMPLETION_WAIT     : DISABLED
%%                ID_AWAIT_COMPLETION_END      : DISABLED
%%                ID_AWAIT_UVVM_COMPLETION     : ENABLED
%%                ID_UVVM_DATA_QUEUE           : ENABLED
%%                ID_CONSTRUCTOR               : ENABLED
%%                ID_CONSTRUCTOR_SUB           : ENABLED
%%                ID_VVC_ACTIVITY              : ENABLED
%%                ID_MONITOR                   : ENABLED
%%                ID_MONITOR_ERROR             : ENABLED
%%                ID_DATA                      : ENABLED
%%                ID_CTRL                      : ENABLED
%%                ID_SPEC_COV_INIT             : ENABLED
%%                ID_SPEC_COV_REQS             : ENABLED
%%                ID_SPEC_COV                  : ENABLED
%%                ID_FILE_OPEN_CLOSE           : ENABLED
%%                ID_FILE_PARSER               : ENABLED
%%      -----------------------------------------------------------------------------------------------------------------------------------------------------------------------
%%      
%% 
%%           0.0 ns  Log    ID_SEQUENCER        TB seq.             Setting inter-bfm delay
%%          12.5 ns  Log    ID_GEN_PULSE        TB seq.             Pulsed to 1 for 12500 ps. 'Trigger DUT reset'
%%     1000012.5 ns  Log    ID_UVVM_SEND_CMD    TB seq.(uvvm)       wishbone_write(WISHBONE_VVC,0, x"0", x"13"): 'Set SCL prescaler LSB'. [6]
%%     1000012.5 ns  Log    ID_UVVM_SEND_CMD    TB seq.(uvvm)       wishbone_write(WISHBONE_VVC,0, x"1", x"00"): 'Set SCL prescaler MSB'. [7]
%%     1000012.5 ns  Log    ID_UVVM_SEND_CMD    TB seq.(uvvm)       wishbone_write(WISHBONE_VVC,0, x"2", x"80"): 'Enable DUT'. [8]
%%     1000032.5 ns  Log    ID_BFM              WISHBONE_VVC,0      wishbone_write(A:x"0", x"13") completed. ' 'Set SCL prescaler LSB'  [6]'
%%     1000052.5 ns  Log    ID_BFM              WISHBONE_VVC,0      wishbone_write(A:x"1", x"00") completed. ' 'Set SCL prescaler MSB'  [7]'
%%     1000072.5 ns  Log    ID_BFM              WISHBONE_VVC,0      wishbone_write(A:x"2", x"80") completed. ' 'Enable DUT'  [8]'
%%     1000072.5 ns  Log    ID_UVVM_SEND_CMD    TB seq.(uvvm)       wishbone_write(WISHBONE_VVC,0, x"3", x"F4"): 'Setting 10-bit address pattern, two MSB of address and write bit'. [10]
%%     1000072.5 ns  Log    ID_UVVM_SEND_CMD    TB seq.(uvvm)       wishbone_write(WISHBONE_VVC,0, x"4", x"90"): 'Setting STA and WR bit in command reg'. [11]
%%     1000072.5 ns  Log    ID_UVVM_SEND_CMD    TB seq.(uvvm)       i2c_slave_check(I2C_VVC,6): 'Check data'. [12]
%%     1000092.5 ns  Log    ID_BFM              WISHBONE_VVC,0      wishbone_write(A:x"3", x"F4") completed. ' 'Setting 10-bit address pattern, two MSB of address and write bit'  [10]'
%%     1000112.5 ns  Log    ID_BFM              WISHBONE_VVC,0      wishbone_write(A:x"4", x"90") completed. ' 'Setting STA and WR bit in command reg'  [11]'
%%     1000112.5 ns  Log    ID_UVVM_SEND_CMD    TB seq.(uvvm)       wishbone_read(WISHBONE_VVC,0, x"4"): 'Read status reg'. [14]
%%     1000132.5 ns  Log    ID_BFM              WISHBONE_VVC,0      wishbone_read(A:x"4")=> x"3". ' 'Read status reg'  [14]'
%%     1000132.5 ns  Log    ID_UVVM_SEND_CMD    TB seq.(uvvm)       fetch_result(WISHBONE_VVC,0, 14): 'Fetching result from I2C master DUT status register.'. [16]
%%     1001232.5 ns  Log    ID_UVVM_SEND_CMD    TB seq.(uvvm)       wishbone_read(WISHBONE_VVC,0, x"4"): 'Read status reg'. [17]
%%     1001252.5 ns  Log    ID_BFM              WISHBONE_VVC,0      wishbone_read(A:x"4")=> x"43". ' 'Read status reg'  [17]'
%%     1001252.5 ns  Log    ID_UVVM_SEND_CMD    TB seq.(uvvm)       fetch_result(WISHBONE_VVC,0, 17): 'Fetching result from I2C master DUT status register.'. [19]
%%     1002352.5 ns  Log    ID_UVVM_SEND_CMD    TB seq.(uvvm)       wishbone_read(WISHBONE_VVC,0, x"4"): 'Read status reg'. [20]
%%     1002372.5 ns  Log    ID_BFM              WISHBONE_VVC,0      wishbone_read(A:x"4")=> x"43". ' 'Read status reg'  [20]'
%%     1002372.5 ns  Log    ID_UVVM_SEND_CMD    TB seq.(uvvm)       fetch_result(WISHBONE_VVC,0, 20): 'Fetching result from I2C master DUT status register.'. [22]
%%     1003472.5 ns  Log    ID_UVVM_SEND_CMD    TB seq.(uvvm)       wishbone_read(WISHBONE_VVC,0, x"4"): 'Read status reg'. [23]
%%     1003492.5 ns  Log    ID_BFM              WISHBONE_VVC,0      wishbone_read(A:x"4")=> x"43". ' 'Read status reg'  [23]'
%%     1003492.5 ns  Log    ID_UVVM_SEND_CMD    TB seq.(uvvm)       fetch_result(WISHBONE_VVC,0, 23): 'Fetching result from I2C master DUT status register.'. [25]
%%     1004592.5 ns  Log    ID_UVVM_SEND_CMD    TB seq.(uvvm)       wishbone_read(WISHBONE_VVC,0, x"4"): 'Read status reg'. [26]
%%     1004612.5 ns  Log    ID_BFM              WISHBONE_VVC,0      wishbone_read(A:x"4")=> x"43". ' 'Read status reg'  [26]'
%%     1004612.5 ns  Log    ID_UVVM_SEND_CMD    TB seq.(uvvm)       fetch_result(WISHBONE_VVC,0, 26): 'Fetching result from I2C master DUT status register.'. [28]
%%     1005712.5 ns  Log    ID_UVVM_SEND_CMD    TB seq.(uvvm)       wishbone_read(WISHBONE_VVC,0, x"4"): 'Read status reg'. [29]
%%     1005732.5 ns  Log    ID_BFM              WISHBONE_VVC,0      wishbone_read(A:x"4")=> x"43". ' 'Read status reg'  [29]'
%%     1005732.5 ns  Log    ID_UVVM_SEND_CMD    TB seq.(uvvm)       fetch_result(WISHBONE_VVC,0, 29): 'Fetching result from I2C master DUT status register.'. [31]
%%     1006832.5 ns  Log    ID_UVVM_SEND_CMD    TB seq.(uvvm)       wishbone_read(WISHBONE_VVC,0, x"4"): 'Read status reg'. [32]
%%     1006852.5 ns  Log    ID_BFM              WISHBONE_VVC,0      wishbone_read(A:x"4")=> x"43". ' 'Read status reg'  [32]'
%%     1006852.5 ns  Log    ID_UVVM_SEND_CMD    TB seq.(uvvm)       fetch_result(WISHBONE_VVC,0, 32): 'Fetching result from I2C master DUT status register.'. [34]
%%     1007952.5 ns  Log    ID_UVVM_SEND_CMD    TB seq.(uvvm)       wishbone_read(WISHBONE_VVC,0, x"4"): 'Read status reg'. [35]
%%     1007972.5 ns  Log    ID_BFM              WISHBONE_VVC,0      wishbone_read(A:x"4")=> x"43". ' 'Read status reg'  [35]'
%%     1007972.5 ns  Log    ID_UVVM_SEND_CMD    TB seq.(uvvm)       fetch_result(WISHBONE_VVC,0, 35): 'Fetching result from I2C master DUT status register.'. [37]
%%     1009072.5 ns  Log    ID_UVVM_SEND_CMD    TB seq.(uvvm)       wishbone_read(WISHBONE_VVC,0, x"4"): 'Read status reg'. [38]
%%     1009092.5 ns  Log    ID_BFM              WISHBONE_VVC,0      wishbone_read(A:x"4")=> x"43". ' 'Read status reg'  [38]'
%%     1009092.5 ns  Log    ID_UVVM_SEND_CMD    TB seq.(uvvm)       fetch_result(WISHBONE_VVC,0, 38): 'Fetching result from I2C master DUT status register.'. [40]
%%     1010192.5 ns  Log    ID_UVVM_SEND_CMD    TB seq.(uvvm)       wishbone_read(WISHBONE_VVC,0, x"4"): 'Read status reg'. [41]
%%     1010212.5 ns  Log    ID_BFM              WISHBONE_VVC,0      wishbone_read(A:x"4")=> x"43". ' 'Read status reg'  [41]'
%%     1010212.5 ns  Log    ID_UVVM_SEND_CMD    TB seq.(uvvm)       fetch_result(WISHBONE_VVC,0, 41): 'Fetching result from I2C master DUT status register.'. [43]
%%     1011312.5 ns  Log    ID_UVVM_SEND_CMD    TB seq.(uvvm)       wishbone_read(WISHBONE_VVC,0, x"4"): 'Read status reg'. [44]
%%     1011332.5 ns  Log    ID_BFM              WISHBONE_VVC,0      wishbone_read(A:x"4")=> x"41". ' 'Read status reg'  [44]'
%%     1011332.5 ns  Log    ID_UVVM_SEND_CMD    TB seq.(uvvm)       fetch_result(WISHBONE_VVC,0, 44): 'Fetching result from I2C master DUT status register.'. [46]
%%     1011332.5 ns  Log    ID_UVVM_SEND_CMD    TB seq.(uvvm)       wishbone_write(WISHBONE_VVC,0, x"3", x"D5"): 'Transmitting Least-significant byte of address'. [47]
%%     1011332.5 ns  Log    ID_UVVM_SEND_CMD    TB seq.(uvvm)       wishbone_write(WISHBONE_VVC,0, x"4", x"10"): 'Setting WR bit in command reg'. [48]
%%     1011352.5 ns  Log    ID_BFM              WISHBONE_VVC,0      wishbone_write(A:x"3", x"D5") completed. ' 'Transmitting Least-significant byte of address'  [47]'
%%     1011372.5 ns  Log    ID_BFM              WISHBONE_VVC,0      wishbone_write(A:x"4", x"10") completed. ' 'Setting WR bit in command reg'  [48]'
%%     1011372.5 ns  Log    ID_UVVM_SEND_CMD    TB seq.(uvvm)       wishbone_read(WISHBONE_VVC,0, x"4"): 'Read status reg'. [50]
%%     1011392.5 ns  Log    ID_BFM              WISHBONE_VVC,0      wishbone_read(A:x"4")=> x"43". ' 'Read status reg'  [50]'
%%     1011392.5 ns  Log    ID_UVVM_SEND_CMD    TB seq.(uvvm)       fetch_result(WISHBONE_VVC,0, 50): 'Fetching result from I2C master DUT status register.'. [52]
%%     1012492.5 ns  Log    ID_UVVM_SEND_CMD    TB seq.(uvvm)       wishbone_read(WISHBONE_VVC,0, x"4"): 'Read status reg'. [53]
%%     1012512.5 ns  Log    ID_BFM              WISHBONE_VVC,0      wishbone_read(A:x"4")=> x"43". ' 'Read status reg'  [53]'
%%     1012512.5 ns  Log    ID_UVVM_SEND_CMD    TB seq.(uvvm)       fetch_result(WISHBONE_VVC,0, 53): 'Fetching result from I2C master DUT status register.'. [55]
%%     1013612.5 ns  Log    ID_UVVM_SEND_CMD    TB seq.(uvvm)       wishbone_read(WISHBONE_VVC,0, x"4"): 'Read status reg'. [56]
%%     1013632.5 ns  Log    ID_BFM              WISHBONE_VVC,0      wishbone_read(A:x"4")=> x"43". ' 'Read status reg'  [56]'
%%     1013632.5 ns  Log    ID_UVVM_SEND_CMD    TB seq.(uvvm)       fetch_result(WISHBONE_VVC,0, 56): 'Fetching result from I2C master DUT status register.'. [58]
%%     1014732.5 ns  Log    ID_UVVM_SEND_CMD    TB seq.(uvvm)       wishbone_read(WISHBONE_VVC,0, x"4"): 'Read status reg'. [59]
%%     1014752.5 ns  Log    ID_BFM              WISHBONE_VVC,0      wishbone_read(A:x"4")=> x"43". ' 'Read status reg'  [59]'
%%     1014752.5 ns  Log    ID_UVVM_SEND_CMD    TB seq.(uvvm)       fetch_result(WISHBONE_VVC,0, 59): 'Fetching result from I2C master DUT status register.'. [61]
%%     1015852.5 ns  Log    ID_UVVM_SEND_CMD    TB seq.(uvvm)       wishbone_read(WISHBONE_VVC,0, x"4"): 'Read status reg'. [62]
%%     1015872.5 ns  Log    ID_BFM              WISHBONE_VVC,0      wishbone_read(A:x"4")=> x"43". ' 'Read status reg'  [62]'
%%     1015872.5 ns  Log    ID_UVVM_SEND_CMD    TB seq.(uvvm)       fetch_result(WISHBONE_VVC,0, 62): 'Fetching result from I2C master DUT status register.'. [64]
%%     1016972.5 ns  Log    ID_UVVM_SEND_CMD    TB seq.(uvvm)       wishbone_read(WISHBONE_VVC,0, x"4"): 'Read status reg'. [65]
%%     1016992.5 ns  Log    ID_BFM              WISHBONE_VVC,0      wishbone_read(A:x"4")=> x"43". ' 'Read status reg'  [65]'
%%     1016992.5 ns  Log    ID_UVVM_SEND_CMD    TB seq.(uvvm)       fetch_result(WISHBONE_VVC,0, 65): 'Fetching result from I2C master DUT status register.'. [67]
%%     1018092.5 ns  Log    ID_UVVM_SEND_CMD    TB seq.(uvvm)       wishbone_read(WISHBONE_VVC,0, x"4"): 'Read status reg'. [68]
%%     1018112.5 ns  Log    ID_BFM              WISHBONE_VVC,0      wishbone_read(A:x"4")=> x"43". ' 'Read status reg'  [68]'
%%     1018112.5 ns  Log    ID_UVVM_SEND_CMD    TB seq.(uvvm)       fetch_result(WISHBONE_VVC,0, 68): 'Fetching result from I2C master DUT status register.'. [70]
%%     1019212.5 ns  Log    ID_UVVM_SEND_CMD    TB seq.(uvvm)       wishbone_read(WISHBONE_VVC,0, x"4"): 'Read status reg'. [71]
%%     1019232.5 ns  Log    ID_BFM              WISHBONE_VVC,0      wishbone_read(A:x"4")=> x"43". ' 'Read status reg'  [71]'
%%     1019232.5 ns  Log    ID_UVVM_SEND_CMD    TB seq.(uvvm)       fetch_result(WISHBONE_VVC,0, 71): 'Fetching result from I2C master DUT status register.'. [73]
%%     1020332.5 ns  Log    ID_UVVM_SEND_CMD    TB seq.(uvvm)       wishbone_read(WISHBONE_VVC,0, x"4"): 'Read status reg'. [74]
%%     1020352.5 ns  Log    ID_BFM              WISHBONE_VVC,0      wishbone_read(A:x"4")=> x"43". ' 'Read status reg'  [74]'
%%     1020352.5 ns  Log    ID_UVVM_SEND_CMD    TB seq.(uvvm)       fetch_result(WISHBONE_VVC,0, 74): 'Fetching result from I2C master DUT status register.'. [76]
%%     1021452.5 ns  Log    ID_UVVM_SEND_CMD    TB seq.(uvvm)       wishbone_read(WISHBONE_VVC,0, x"4"): 'Read status reg'. [77]
%%     1021472.5 ns  Log    ID_BFM              WISHBONE_VVC,0      wishbone_read(A:x"4")=> x"41". ' 'Read status reg'  [77]'
%%     1021472.5 ns  Log    ID_UVVM_SEND_CMD    TB seq.(uvvm)       fetch_result(WISHBONE_VVC,0, 77): 'Fetching result from I2C master DUT status register.'. [79]
%%     1021472.5 ns  Log    ID_UVVM_SEND_CMD    TB seq.(uvvm)       wishbone_write(WISHBONE_VVC,0, x"3", x"47"): 'Writing data 01000111 to transmit register.'. [80]
%%     1021472.5 ns  Log    ID_UVVM_SEND_CMD    TB seq.(uvvm)       wishbone_write(WISHBONE_VVC,0, x"4", x"10"): 'Setting WR bit in command reg'. [81]
%%     1021492.5 ns  Log    ID_BFM              WISHBONE_VVC,0      wishbone_write(A:x"3", x"47") completed. ' 'Writing data 01000111 to transmit register.'  [80]'
%%     1021512.5 ns  Log    ID_BFM              WISHBONE_VVC,0      wishbone_write(A:x"4", x"10") completed. ' 'Setting WR bit in command reg'  [81]'
%%     1021512.5 ns  Log    ID_UVVM_SEND_CMD    TB seq.(uvvm)       wishbone_read(WISHBONE_VVC,0, x"4"): 'Read status reg'. [83]
%%     1021532.5 ns  Log    ID_BFM              WISHBONE_VVC,0      wishbone_read(A:x"4")=> x"43". ' 'Read status reg'  [83]'
%%     1021532.5 ns  Log    ID_UVVM_SEND_CMD    TB seq.(uvvm)       fetch_result(WISHBONE_VVC,0, 83): 'Fetching result from I2C master DUT status register.'. [85]
%%     1022632.5 ns  Log    ID_UVVM_SEND_CMD    TB seq.(uvvm)       wishbone_read(WISHBONE_VVC,0, x"4"): 'Read status reg'. [86]
%%     1022652.5 ns  Log    ID_BFM              WISHBONE_VVC,0      wishbone_read(A:x"4")=> x"43". ' 'Read status reg'  [86]'
%%     1022652.5 ns  Log    ID_UVVM_SEND_CMD    TB seq.(uvvm)       fetch_result(WISHBONE_VVC,0, 86): 'Fetching result from I2C master DUT status register.'. [88]
%%     1023752.5 ns  Log    ID_UVVM_SEND_CMD    TB seq.(uvvm)       wishbone_read(WISHBONE_VVC,0, x"4"): 'Read status reg'. [89]
%%     1023772.5 ns  Log    ID_BFM              WISHBONE_VVC,0      wishbone_read(A:x"4")=> x"43". ' 'Read status reg'  [89]'
%%     1023772.5 ns  Log    ID_UVVM_SEND_CMD    TB seq.(uvvm)       fetch_result(WISHBONE_VVC,0, 89): 'Fetching result from I2C master DUT status register.'. [91]
%%     1024872.5 ns  Log    ID_UVVM_SEND_CMD    TB seq.(uvvm)       wishbone_read(WISHBONE_VVC,0, x"4"): 'Read status reg'. [92]
%%     1024892.5 ns  Log    ID_BFM              WISHBONE_VVC,0      wishbone_read(A:x"4")=> x"43". ' 'Read status reg'  [92]'
%%     1024892.5 ns  Log    ID_UVVM_SEND_CMD    TB seq.(uvvm)       fetch_result(WISHBONE_VVC,0, 92): 'Fetching result from I2C master DUT status register.'. [94]
%%     1025992.5 ns  Log    ID_UVVM_SEND_CMD    TB seq.(uvvm)       wishbone_read(WISHBONE_VVC,0, x"4"): 'Read status reg'. [95]
%%     1026012.5 ns  Log    ID_BFM              WISHBONE_VVC,0      wishbone_read(A:x"4")=> x"43". ' 'Read status reg'  [95]'
%%     1026012.5 ns  Log    ID_UVVM_SEND_CMD    TB seq.(uvvm)       fetch_result(WISHBONE_VVC,0, 95): 'Fetching result from I2C master DUT status register.'. [97]
%%     1027112.5 ns  Log    ID_UVVM_SEND_CMD    TB seq.(uvvm)       wishbone_read(WISHBONE_VVC,0, x"4"): 'Read status reg'. [98]
%%     1027132.5 ns  Log    ID_BFM              WISHBONE_VVC,0      wishbone_read(A:x"4")=> x"43". ' 'Read status reg'  [98]'
%%     1027132.5 ns  Log    ID_UVVM_SEND_CMD    TB seq.(uvvm)       fetch_result(WISHBONE_VVC,0, 98): 'Fetching result from I2C master DUT status register.'. [100]
%%     1028232.5 ns  Log    ID_UVVM_SEND_CMD    TB seq.(uvvm)       wishbone_read(WISHBONE_VVC,0, x"4"): 'Read status reg'. [101]
%%     1028252.5 ns  Log    ID_BFM              WISHBONE_VVC,0      wishbone_read(A:x"4")=> x"43". ' 'Read status reg'  [101]'
%%     1028252.5 ns  Log    ID_UVVM_SEND_CMD    TB seq.(uvvm)       fetch_result(WISHBONE_VVC,0, 101): 'Fetching result from I2C master DUT status register.'. [103]
%%     1029352.5 ns  Log    ID_UVVM_SEND_CMD    TB seq.(uvvm)       wishbone_read(WISHBONE_VVC,0, x"4"): 'Read status reg'. [104]
%%     1029372.5 ns  Log    ID_BFM              WISHBONE_VVC,0      wishbone_read(A:x"4")=> x"43". ' 'Read status reg'  [104]'
%%     1029372.5 ns  Log    ID_UVVM_SEND_CMD    TB seq.(uvvm)       fetch_result(WISHBONE_VVC,0, 104): 'Fetching result from I2C master DUT status register.'. [106]
%%     1030472.5 ns  Log    ID_UVVM_SEND_CMD    TB seq.(uvvm)       wishbone_read(WISHBONE_VVC,0, x"4"): 'Read status reg'. [107]
%%     1030492.5 ns  Log    ID_BFM              WISHBONE_VVC,0      wishbone_read(A:x"4")=> x"43". ' 'Read status reg'  [107]'
%%     1030492.5 ns  Log    ID_UVVM_SEND_CMD    TB seq.(uvvm)       fetch_result(WISHBONE_VVC,0, 107): 'Fetching result from I2C master DUT status register.'. [109]
%%     1031592.5 ns  Log    ID_UVVM_SEND_CMD    TB seq.(uvvm)       wishbone_read(WISHBONE_VVC,0, x"4"): 'Read status reg'. [110]
%%     1031612.5 ns  Log    ID_BFM              WISHBONE_VVC,0      wishbone_read(A:x"4")=> x"41". ' 'Read status reg'  [110]'
%%     1031612.5 ns  Log    ID_UVVM_SEND_CMD    TB seq.(uvvm)       fetch_result(WISHBONE_VVC,0, 110): 'Fetching result from I2C master DUT status register.'. [112]
%%     1031612.5 ns  Log    ID_UVVM_SEND_CMD    TB seq.(uvvm)       wishbone_write(WISHBONE_VVC,0, x"3", x"14"): 'Writing data 00010100 to transmit register.'. [113]
%%     1031612.5 ns  Log    ID_UVVM_SEND_CMD    TB seq.(uvvm)       wishbone_write(WISHBONE_VVC,0, x"4", x"10"): 'Setting WR bit in command reg'. [114]
%%     1031632.5 ns  Log    ID_BFM              WISHBONE_VVC,0      wishbone_write(A:x"3", x"14") completed. ' 'Writing data 00010100 to transmit register.'  [113]'
%%     1031652.5 ns  Log    ID_BFM              WISHBONE_VVC,0      wishbone_write(A:x"4", x"10") completed. ' 'Setting WR bit in command reg'  [114]'
%%     1031652.5 ns  Log    ID_UVVM_SEND_CMD    TB seq.(uvvm)       wishbone_read(WISHBONE_VVC,0, x"4"): 'Read status reg'. [116]
%%     1031672.5 ns  Log    ID_BFM              WISHBONE_VVC,0      wishbone_read(A:x"4")=> x"43". ' 'Read status reg'  [116]'
%%     1031672.5 ns  Log    ID_UVVM_SEND_CMD    TB seq.(uvvm)       fetch_result(WISHBONE_VVC,0, 116): 'Fetching result from I2C master DUT status register.'. [118]
%%     1032772.5 ns  Log    ID_UVVM_SEND_CMD    TB seq.(uvvm)       wishbone_read(WISHBONE_VVC,0, x"4"): 'Read status reg'. [119]
%%     1032792.5 ns  Log    ID_BFM              WISHBONE_VVC,0      wishbone_read(A:x"4")=> x"43". ' 'Read status reg'  [119]'
%%     1032792.5 ns  Log    ID_UVVM_SEND_CMD    TB seq.(uvvm)       fetch_result(WISHBONE_VVC,0, 119): 'Fetching result from I2C master DUT status register.'. [121]
%%     1033892.5 ns  Log    ID_UVVM_SEND_CMD    TB seq.(uvvm)       wishbone_read(WISHBONE_VVC,0, x"4"): 'Read status reg'. [122]
%%     1033912.5 ns  Log    ID_BFM              WISHBONE_VVC,0      wishbone_read(A:x"4")=> x"43". ' 'Read status reg'  [122]'
%%     1033912.5 ns  Log    ID_UVVM_SEND_CMD    TB seq.(uvvm)       fetch_result(WISHBONE_VVC,0, 122): 'Fetching result from I2C master DUT status register.'. [124]
%%     1035012.5 ns  Log    ID_UVVM_SEND_CMD    TB seq.(uvvm)       wishbone_read(WISHBONE_VVC,0, x"4"): 'Read status reg'. [125]
%%     1035032.5 ns  Log    ID_BFM              WISHBONE_VVC,0      wishbone_read(A:x"4")=> x"43". ' 'Read status reg'  [125]'
%%     1035032.5 ns  Log    ID_UVVM_SEND_CMD    TB seq.(uvvm)       fetch_result(WISHBONE_VVC,0, 125): 'Fetching result from I2C master DUT status register.'. [127]
%%     1036132.5 ns  Log    ID_UVVM_SEND_CMD    TB seq.(uvvm)       wishbone_read(WISHBONE_VVC,0, x"4"): 'Read status reg'. [128]
%%     1036152.5 ns  Log    ID_BFM              WISHBONE_VVC,0      wishbone_read(A:x"4")=> x"43". ' 'Read status reg'  [128]'
%%     1036152.5 ns  Log    ID_UVVM_SEND_CMD    TB seq.(uvvm)       fetch_result(WISHBONE_VVC,0, 128): 'Fetching result from I2C master DUT status register.'. [130]
%%     1037252.5 ns  Log    ID_UVVM_SEND_CMD    TB seq.(uvvm)       wishbone_read(WISHBONE_VVC,0, x"4"): 'Read status reg'. [131]
%%     1037272.5 ns  Log    ID_BFM              WISHBONE_VVC,0      wishbone_read(A:x"4")=> x"43". ' 'Read status reg'  [131]'
%%     1037272.5 ns  Log    ID_UVVM_SEND_CMD    TB seq.(uvvm)       fetch_result(WISHBONE_VVC,0, 131): 'Fetching result from I2C master DUT status register.'. [133]
%%     1038372.5 ns  Log    ID_UVVM_SEND_CMD    TB seq.(uvvm)       wishbone_read(WISHBONE_VVC,0, x"4"): 'Read status reg'. [134]
%%     1038392.5 ns  Log    ID_BFM              WISHBONE_VVC,0      wishbone_read(A:x"4")=> x"43". ' 'Read status reg'  [134]'
%%     1038392.5 ns  Log    ID_UVVM_SEND_CMD    TB seq.(uvvm)       fetch_result(WISHBONE_VVC,0, 134): 'Fetching result from I2C master DUT status register.'. [136]
%%     1039492.5 ns  Log    ID_UVVM_SEND_CMD    TB seq.(uvvm)       wishbone_read(WISHBONE_VVC,0, x"4"): 'Read status reg'. [137]
%%     1039512.5 ns  Log    ID_BFM              WISHBONE_VVC,0      wishbone_read(A:x"4")=> x"43". ' 'Read status reg'  [137]'
%%     1039512.5 ns  Log    ID_UVVM_SEND_CMD    TB seq.(uvvm)       fetch_result(WISHBONE_VVC,0, 137): 'Fetching result from I2C master DUT status register.'. [139]
%%     1040612.5 ns  Log    ID_UVVM_SEND_CMD    TB seq.(uvvm)       wishbone_read(WISHBONE_VVC,0, x"4"): 'Read status reg'. [140]
%%     1040632.5 ns  Log    ID_BFM              WISHBONE_VVC,0      wishbone_read(A:x"4")=> x"43". ' 'Read status reg'  [140]'
%%     1040632.5 ns  Log    ID_UVVM_SEND_CMD    TB seq.(uvvm)       fetch_result(WISHBONE_VVC,0, 140): 'Fetching result from I2C master DUT status register.'. [142]
%%     1041732.5 ns  Log    ID_UVVM_SEND_CMD    TB seq.(uvvm)       wishbone_read(WISHBONE_VVC,0, x"4"): 'Read status reg'. [143]
%%     1041752.5 ns  Log    ID_BFM              WISHBONE_VVC,0      wishbone_read(A:x"4")=> x"41". ' 'Read status reg'  [143]'
%%     1041752.5 ns  Log    ID_UVVM_SEND_CMD    TB seq.(uvvm)       fetch_result(WISHBONE_VVC,0, 143): 'Fetching result from I2C master DUT status register.'. [145]
%%     1041752.5 ns  Log    ID_UVVM_SEND_CMD    TB seq.(uvvm)       wishbone_write(WISHBONE_VVC,0, x"3", x"3B"): 'Writing data 00111011 to transmit register.'. [146]
%%     1041752.5 ns  Log    ID_UVVM_SEND_CMD    TB seq.(uvvm)       wishbone_write(WISHBONE_VVC,0, x"4", x"10"): 'Setting WR bit in command reg'. [147]
%%     1041772.5 ns  Log    ID_BFM              WISHBONE_VVC,0      wishbone_write(A:x"3", x"3B") completed. ' 'Writing data 00111011 to transmit register.'  [146]'
%%     1041792.5 ns  Log    ID_BFM              WISHBONE_VVC,0      wishbone_write(A:x"4", x"10") completed. ' 'Setting WR bit in command reg'  [147]'
%%     1041792.5 ns  Log    ID_UVVM_SEND_CMD    TB seq.(uvvm)       wishbone_read(WISHBONE_VVC,0, x"4"): 'Read status reg'. [149]
%%     1041812.5 ns  Log    ID_BFM              WISHBONE_VVC,0      wishbone_read(A:x"4")=> x"43". ' 'Read status reg'  [149]'
%%     1041812.5 ns  Log    ID_UVVM_SEND_CMD    TB seq.(uvvm)       fetch_result(WISHBONE_VVC,0, 149): 'Fetching result from I2C master DUT status register.'. [151]
%%     1042912.5 ns  Log    ID_UVVM_SEND_CMD    TB seq.(uvvm)       wishbone_read(WISHBONE_VVC,0, x"4"): 'Read status reg'. [152]
%%     1042932.5 ns  Log    ID_BFM              WISHBONE_VVC,0      wishbone_read(A:x"4")=> x"43". ' 'Read status reg'  [152]'
%%     1042932.5 ns  Log    ID_UVVM_SEND_CMD    TB seq.(uvvm)       fetch_result(WISHBONE_VVC,0, 152): 'Fetching result from I2C master DUT status register.'. [154]
%%     1044032.5 ns  Log    ID_UVVM_SEND_CMD    TB seq.(uvvm)       wishbone_read(WISHBONE_VVC,0, x"4"): 'Read status reg'. [155]
%%     1044052.5 ns  Log    ID_BFM              WISHBONE_VVC,0      wishbone_read(A:x"4")=> x"43". ' 'Read status reg'  [155]'
%%     1044052.5 ns  Log    ID_UVVM_SEND_CMD    TB seq.(uvvm)       fetch_result(WISHBONE_VVC,0, 155): 'Fetching result from I2C master DUT status register.'. [157]
%%     1045152.5 ns  Log    ID_UVVM_SEND_CMD    TB seq.(uvvm)       wishbone_read(WISHBONE_VVC,0, x"4"): 'Read status reg'. [158]
%%     1045172.5 ns  Log    ID_BFM              WISHBONE_VVC,0      wishbone_read(A:x"4")=> x"43". ' 'Read status reg'  [158]'
%%     1045172.5 ns  Log    ID_UVVM_SEND_CMD    TB seq.(uvvm)       fetch_result(WISHBONE_VVC,0, 158): 'Fetching result from I2C master DUT status register.'. [160]
%%     1046272.5 ns  Log    ID_UVVM_SEND_CMD    TB seq.(uvvm)       wishbone_read(WISHBONE_VVC,0, x"4"): 'Read status reg'. [161]
%%     1046292.5 ns  Log    ID_BFM              WISHBONE_VVC,0      wishbone_read(A:x"4")=> x"43". ' 'Read status reg'  [161]'
%%     1046292.5 ns  Log    ID_UVVM_SEND_CMD    TB seq.(uvvm)       fetch_result(WISHBONE_VVC,0, 161): 'Fetching result from I2C master DUT status register.'. [163]
%%     1047392.5 ns  Log    ID_UVVM_SEND_CMD    TB seq.(uvvm)       wishbone_read(WISHBONE_VVC,0, x"4"): 'Read status reg'. [164]
%%     1047412.5 ns  Log    ID_BFM              WISHBONE_VVC,0      wishbone_read(A:x"4")=> x"43". ' 'Read status reg'  [164]'
%%     1047412.5 ns  Log    ID_UVVM_SEND_CMD    TB seq.(uvvm)       fetch_result(WISHBONE_VVC,0, 164): 'Fetching result from I2C master DUT status register.'. [166]
%%     1048512.5 ns  Log    ID_UVVM_SEND_CMD    TB seq.(uvvm)       wishbone_read(WISHBONE_VVC,0, x"4"): 'Read status reg'. [167]
%%     1048532.5 ns  Log    ID_BFM              WISHBONE_VVC,0      wishbone_read(A:x"4")=> x"43". ' 'Read status reg'  [167]'
%%     1048532.5 ns  Log    ID_UVVM_SEND_CMD    TB seq.(uvvm)       fetch_result(WISHBONE_VVC,0, 167): 'Fetching result from I2C master DUT status register.'. [169]
%%     1049632.5 ns  Log    ID_UVVM_SEND_CMD    TB seq.(uvvm)       wishbone_read(WISHBONE_VVC,0, x"4"): 'Read status reg'. [170]
%%     1049652.5 ns  Log    ID_BFM              WISHBONE_VVC,0      wishbone_read(A:x"4")=> x"43". ' 'Read status reg'  [170]'
%%     1049652.5 ns  Log    ID_UVVM_SEND_CMD    TB seq.(uvvm)       fetch_result(WISHBONE_VVC,0, 170): 'Fetching result from I2C master DUT status register.'. [172]
%%     1050752.5 ns  Log    ID_UVVM_SEND_CMD    TB seq.(uvvm)       wishbone_read(WISHBONE_VVC,0, x"4"): 'Read status reg'. [173]
%%     1050772.5 ns  Log    ID_BFM              WISHBONE_VVC,0      wishbone_read(A:x"4")=> x"43". ' 'Read status reg'  [173]'
%%     1050772.5 ns  Log    ID_UVVM_SEND_CMD    TB seq.(uvvm)       fetch_result(WISHBONE_VVC,0, 173): 'Fetching result from I2C master DUT status register.'. [175]
%%     1051872.5 ns  Log    ID_UVVM_SEND_CMD    TB seq.(uvvm)       wishbone_read(WISHBONE_VVC,0, x"4"): 'Read status reg'. [176]
%%     1051892.5 ns  Log    ID_BFM              WISHBONE_VVC,0      wishbone_read(A:x"4")=> x"41". ' 'Read status reg'  [176]'
%%     1051892.5 ns  Log    ID_UVVM_SEND_CMD    TB seq.(uvvm)       fetch_result(WISHBONE_VVC,0, 176): 'Fetching result from I2C master DUT status register.'. [178]
%%     1051892.5 ns  Log    ID_UVVM_SEND_CMD    TB seq.(uvvm)       wishbone_write(WISHBONE_VVC,0, x"3", x"25"): 'Writing data 00100101 to transmit register.'. [179]
%%     1051892.5 ns  Log    ID_UVVM_SEND_CMD    TB seq.(uvvm)       wishbone_write(WISHBONE_VVC,0, x"4", x"10"): 'Setting WR bit in command reg'. [180]
%%     1051912.5 ns  Log    ID_BFM              WISHBONE_VVC,0      wishbone_write(A:x"3", x"25") completed. ' 'Writing data 00100101 to transmit register.'  [179]'
%%     1051932.5 ns  Log    ID_BFM              WISHBONE_VVC,0      wishbone_write(A:x"4", x"10") completed. ' 'Setting WR bit in command reg'  [180]'
%%     1051932.5 ns  Log    ID_UVVM_SEND_CMD    TB seq.(uvvm)       wishbone_read(WISHBONE_VVC,0, x"4"): 'Read status reg'. [182]
%%     1051952.5 ns  Log    ID_BFM              WISHBONE_VVC,0      wishbone_read(A:x"4")=> x"43". ' 'Read status reg'  [182]'
%%     1051952.5 ns  Log    ID_UVVM_SEND_CMD    TB seq.(uvvm)       fetch_result(WISHBONE_VVC,0, 182): 'Fetching result from I2C master DUT status register.'. [184]
%%     1053052.5 ns  Log    ID_UVVM_SEND_CMD    TB seq.(uvvm)       wishbone_read(WISHBONE_VVC,0, x"4"): 'Read status reg'. [185]
%%     1053072.5 ns  Log    ID_BFM              WISHBONE_VVC,0      wishbone_read(A:x"4")=> x"43". ' 'Read status reg'  [185]'
%%     1053072.5 ns  Log    ID_UVVM_SEND_CMD    TB seq.(uvvm)       fetch_result(WISHBONE_VVC,0, 185): 'Fetching result from I2C master DUT status register.'. [187]
%%     1054172.5 ns  Log    ID_UVVM_SEND_CMD    TB seq.(uvvm)       wishbone_read(WISHBONE_VVC,0, x"4"): 'Read status reg'. [188]
%%     1054192.5 ns  Log    ID_BFM              WISHBONE_VVC,0      wishbone_read(A:x"4")=> x"43". ' 'Read status reg'  [188]'
%%     1054192.5 ns  Log    ID_UVVM_SEND_CMD    TB seq.(uvvm)       fetch_result(WISHBONE_VVC,0, 188): 'Fetching result from I2C master DUT status register.'. [190]
%%     1055292.5 ns  Log    ID_UVVM_SEND_CMD    TB seq.(uvvm)       wishbone_read(WISHBONE_VVC,0, x"4"): 'Read status reg'. [191]
%%     1055312.5 ns  Log    ID_BFM              WISHBONE_VVC,0      wishbone_read(A:x"4")=> x"43". ' 'Read status reg'  [191]'
%%     1055312.5 ns  Log    ID_UVVM_SEND_CMD    TB seq.(uvvm)       fetch_result(WISHBONE_VVC,0, 191): 'Fetching result from I2C master DUT status register.'. [193]
%%     1056412.5 ns  Log    ID_UVVM_SEND_CMD    TB seq.(uvvm)       wishbone_read(WISHBONE_VVC,0, x"4"): 'Read status reg'. [194]
%%     1056432.5 ns  Log    ID_BFM              WISHBONE_VVC,0      wishbone_read(A:x"4")=> x"43". ' 'Read status reg'  [194]'
%%     1056432.5 ns  Log    ID_UVVM_SEND_CMD    TB seq.(uvvm)       fetch_result(WISHBONE_VVC,0, 194): 'Fetching result from I2C master DUT status register.'. [196]
%%     1057532.5 ns  Log    ID_UVVM_SEND_CMD    TB seq.(uvvm)       wishbone_read(WISHBONE_VVC,0, x"4"): 'Read status reg'. [197]
%%     1057552.5 ns  Log    ID_BFM              WISHBONE_VVC,0      wishbone_read(A:x"4")=> x"43". ' 'Read status reg'  [197]'
%%     1057552.5 ns  Log    ID_UVVM_SEND_CMD    TB seq.(uvvm)       fetch_result(WISHBONE_VVC,0, 197): 'Fetching result from I2C master DUT status register.'. [199]
%%     1058652.5 ns  Log    ID_UVVM_SEND_CMD    TB seq.(uvvm)       wishbone_read(WISHBONE_VVC,0, x"4"): 'Read status reg'. [200]
%%     1058672.5 ns  Log    ID_BFM              WISHBONE_VVC,0      wishbone_read(A:x"4")=> x"43". ' 'Read status reg'  [200]'
%%     1058672.5 ns  Log    ID_UVVM_SEND_CMD    TB seq.(uvvm)       fetch_result(WISHBONE_VVC,0, 200): 'Fetching result from I2C master DUT status register.'. [202]
%%     1059772.5 ns  Log    ID_UVVM_SEND_CMD    TB seq.(uvvm)       wishbone_read(WISHBONE_VVC,0, x"4"): 'Read status reg'. [203]
%%     1059792.5 ns  Log    ID_BFM              WISHBONE_VVC,0      wishbone_read(A:x"4")=> x"43". ' 'Read status reg'  [203]'
%%     1059792.5 ns  Log    ID_UVVM_SEND_CMD    TB seq.(uvvm)       fetch_result(WISHBONE_VVC,0, 203): 'Fetching result from I2C master DUT status register.'. [205]
%%     1060892.5 ns  Log    ID_UVVM_SEND_CMD    TB seq.(uvvm)       wishbone_read(WISHBONE_VVC,0, x"4"): 'Read status reg'. [206]
%%     1060912.5 ns  Log    ID_BFM              WISHBONE_VVC,0      wishbone_read(A:x"4")=> x"43". ' 'Read status reg'  [206]'
%%     1060912.5 ns  Log    ID_UVVM_SEND_CMD    TB seq.(uvvm)       fetch_result(WISHBONE_VVC,0, 206): 'Fetching result from I2C master DUT status register.'. [208]
%%     1062012.5 ns  Log    ID_UVVM_SEND_CMD    TB seq.(uvvm)       wishbone_read(WISHBONE_VVC,0, x"4"): 'Read status reg'. [209]
%%     1062032.5 ns  Log    ID_BFM              WISHBONE_VVC,0      wishbone_read(A:x"4")=> x"41". ' 'Read status reg'  [209]'
%%     1062032.5 ns  Log    ID_UVVM_SEND_CMD    TB seq.(uvvm)       fetch_result(WISHBONE_VVC,0, 209): 'Fetching result from I2C master DUT status register.'. [211]
%%     1062032.5 ns  Log    ID_UVVM_SEND_CMD    TB seq.(uvvm)       wishbone_write(WISHBONE_VVC,0, x"3", x"93"): 'Writing data 10010011 to transmit register.'. [212]
%%     1062032.5 ns  Log    ID_UVVM_SEND_CMD    TB seq.(uvvm)       wishbone_write(WISHBONE_VVC,0, x"4", x"50"): 'Setting STO and WR bit in command reg'. [213]
%%     1062052.5 ns  Log    ID_BFM              WISHBONE_VVC,0      wishbone_write(A:x"3", x"93") completed. ' 'Writing data 10010011 to transmit register.'  [212]'
%%     1062072.5 ns  Log    ID_BFM              WISHBONE_VVC,0      wishbone_write(A:x"4", x"50") completed. ' 'Setting STO and WR bit in command reg'  [213]'
%%     1062072.5 ns  Log    ID_UVVM_SEND_CMD    TB seq.(uvvm)       wishbone_read(WISHBONE_VVC,0, x"4"): 'Read status reg'. [215]
%%     1062092.5 ns  Log    ID_BFM              WISHBONE_VVC,0      wishbone_read(A:x"4")=> x"43". ' 'Read status reg'  [215]'
%%     1062092.5 ns  Log    ID_UVVM_SEND_CMD    TB seq.(uvvm)       fetch_result(WISHBONE_VVC,0, 215): 'Fetching result from I2C master DUT status register.'. [217]
%%     1063192.5 ns  Log    ID_UVVM_SEND_CMD    TB seq.(uvvm)       wishbone_read(WISHBONE_VVC,0, x"4"): 'Read status reg'. [218]
%%     1063212.5 ns  Log    ID_BFM              WISHBONE_VVC,0      wishbone_read(A:x"4")=> x"43". ' 'Read status reg'  [218]'
%%     1063212.5 ns  Log    ID_UVVM_SEND_CMD    TB seq.(uvvm)       fetch_result(WISHBONE_VVC,0, 218): 'Fetching result from I2C master DUT status register.'. [220]
%%     1064312.5 ns  Log    ID_UVVM_SEND_CMD    TB seq.(uvvm)       wishbone_read(WISHBONE_VVC,0, x"4"): 'Read status reg'. [221]
%%     1064332.5 ns  Log    ID_BFM              WISHBONE_VVC,0      wishbone_read(A:x"4")=> x"43". ' 'Read status reg'  [221]'
%%     1064332.5 ns  Log    ID_UVVM_SEND_CMD    TB seq.(uvvm)       fetch_result(WISHBONE_VVC,0, 221): 'Fetching result from I2C master DUT status register.'. [223]
%%     1065432.5 ns  Log    ID_UVVM_SEND_CMD    TB seq.(uvvm)       wishbone_read(WISHBONE_VVC,0, x"4"): 'Read status reg'. [224]
%%     1065452.5 ns  Log    ID_BFM              WISHBONE_VVC,0      wishbone_read(A:x"4")=> x"43". ' 'Read status reg'  [224]'
%%     1065452.5 ns  Log    ID_UVVM_SEND_CMD    TB seq.(uvvm)       fetch_result(WISHBONE_VVC,0, 224): 'Fetching result from I2C master DUT status register.'. [226]
%%     1066552.5 ns  Log    ID_UVVM_SEND_CMD    TB seq.(uvvm)       wishbone_read(WISHBONE_VVC,0, x"4"): 'Read status reg'. [227]
%%     1066572.5 ns  Log    ID_BFM              WISHBONE_VVC,0      wishbone_read(A:x"4")=> x"43". ' 'Read status reg'  [227]'
%%     1066572.5 ns  Log    ID_UVVM_SEND_CMD    TB seq.(uvvm)       fetch_result(WISHBONE_VVC,0, 227): 'Fetching result from I2C master DUT status register.'. [229]
%%     1067672.5 ns  Log    ID_UVVM_SEND_CMD    TB seq.(uvvm)       wishbone_read(WISHBONE_VVC,0, x"4"): 'Read status reg'. [230]
%%     1067692.5 ns  Log    ID_BFM              WISHBONE_VVC,0      wishbone_read(A:x"4")=> x"43". ' 'Read status reg'  [230]'
%%     1067692.5 ns  Log    ID_UVVM_SEND_CMD    TB seq.(uvvm)       fetch_result(WISHBONE_VVC,0, 230): 'Fetching result from I2C master DUT status register.'. [232]
%%     1068792.5 ns  Log    ID_UVVM_SEND_CMD    TB seq.(uvvm)       wishbone_read(WISHBONE_VVC,0, x"4"): 'Read status reg'. [233]
%%     1068812.5 ns  Log    ID_BFM              WISHBONE_VVC,0      wishbone_read(A:x"4")=> x"43". ' 'Read status reg'  [233]'
%%     1068812.5 ns  Log    ID_UVVM_SEND_CMD    TB seq.(uvvm)       fetch_result(WISHBONE_VVC,0, 233): 'Fetching result from I2C master DUT status register.'. [235]
%%     1069912.5 ns  Log    ID_UVVM_SEND_CMD    TB seq.(uvvm)       wishbone_read(WISHBONE_VVC,0, x"4"): 'Read status reg'. [236]
%%     1069932.5 ns  Log    ID_BFM              WISHBONE_VVC,0      wishbone_read(A:x"4")=> x"43". ' 'Read status reg'  [236]'
%%     1069932.5 ns  Log    ID_UVVM_SEND_CMD    TB seq.(uvvm)       fetch_result(WISHBONE_VVC,0, 236): 'Fetching result from I2C master DUT status register.'. [238]
%%     1071032.5 ns  Log    ID_UVVM_SEND_CMD    TB seq.(uvvm)       wishbone_read(WISHBONE_VVC,0, x"4"): 'Read status reg'. [239]
%%     1071052.5 ns  Log    ID_BFM              WISHBONE_VVC,0      wishbone_read(A:x"4")=> x"43". ' 'Read status reg'  [239]'
%%     1071052.5 ns  Log    ID_UVVM_SEND_CMD    TB seq.(uvvm)       fetch_result(WISHBONE_VVC,0, 239): 'Fetching result from I2C master DUT status register.'. [241]
%%     1072152.5 ns  Log    ID_UVVM_SEND_CMD    TB seq.(uvvm)       wishbone_read(WISHBONE_VVC,0, x"4"): 'Read status reg'. [242]
%%     1072172.5 ns  Log    ID_BFM              WISHBONE_VVC,0      wishbone_read(A:x"4")=> x"43". ' 'Read status reg'  [242]'
%%     1072172.5 ns  Log    ID_UVVM_SEND_CMD    TB seq.(uvvm)       fetch_result(WISHBONE_VVC,0, 242): 'Fetching result from I2C master DUT status register.'. [244]
%%     1072890.0 ns  Log    ID_BFM              I2C_VVC,6           i2c_slave_check((x"47", x"14", x"3B", x"25", x"93"))=> OK, read data = (x"47", x"14", x"3B", x"25", x"93").
%%:                                                                 ' 'Check data'  [12]'
%%     1073272.5 ns  Log    ID_UVVM_SEND_CMD    TB seq.(uvvm)       wishbone_read(WISHBONE_VVC,0, x"4"): 'Read status reg'. [245]
%%     1073292.5 ns  Log    ID_BFM              WISHBONE_VVC,0      wishbone_read(A:x"4")=> x"1". ' 'Read status reg'  [245]'
%%     1073292.5 ns  Log    ID_UVVM_SEND_CMD    TB seq.(uvvm)       fetch_result(WISHBONE_VVC,0, 245): 'Fetching result from I2C master DUT status register.'. [247]
%%     1073293.5 ns  Log    ID_AWAIT_UVVM_COMP  I2C_VVC_TB          await_uvvm_completion() => OK. All VVCs are inactive. Condition occurred after 1 ns
%%     1073293.5 ns  Log    ID_AWAIT_UVVM_COMP  I2C_VVC_TB          await_uvvm_completion()() => OK. All UVVM scoreboards are empty. Condition occurred after 0 ns
%% 
%% ============================================================================================================================================================================
%%  *** INTERMEDIATE SUMMARY OF ALL ALERTS ***
%% ============================================================================================================================================================================
%%     1073293.5 ns  DONE   NOCHECKS  multi-byte_receive_from_i2c_master_dut_10_bit_addressing  Passed: 0
%%    Expected      Failures: 0  Errors: 0  Warnings: 0  Passed: 0
%%    VHDL Asserts  Failures: 0  Errors: 0  Warnings: 0  Passed: 0
%%    Default       Failures: 0  Errors: 0  Warnings: 0  Passed: 0
%%    OSVVM         Failures: 0  Errors: 0  Warnings: 0  Passed: 0
%% ============================================================================================================================================================================
%% 
%% 
%% 
%%     1073293.5 ns  Log    ID_LOG_HDR          I2C_VVC_TB          SIMULATION COMPLETED
%% ----------------------------------------------------------------------------------------------------------------------------------------------------------------------------
