%%           0.0 ns  Log    ID_CONSTRUCTOR      I2C_VVC,0           VVC instantiated.
%%           0.0 ns  Log    ID_CONSTRUCTOR_SUB  I2C_VVC,0           Command queue instantiated and will give a warning when reaching 1000 elements in queue.
%%           0.0 ns  Log    ID_CONSTRUCTOR_SUB  I2C_VVC,0           Result queue instantiated and will give a warning when reaching 1000 elements in queue.
%%           0.0 ns  Log    ID_CONSTRUCTOR      I2C_VVC,1           VVC instantiated.
%%           0.0 ns  Log    ID_CONSTRUCTOR_SUB  I2C_VVC,1           Command queue instantiated and will give a warning when reaching 1000 elements in queue.
%%           0.0 ns  Log    ID_CONSTRUCTOR_SUB  I2C_VVC,1           Result queue instantiated and will give a warning when reaching 1000 elements in queue.
%%           0.0 ns  Log    ID_CONSTRUCTOR      WISHBONE_VVC,0      VVC instantiated.
%%           0.0 ns  Log    ID_CONSTRUCTOR_SUB  WISHBONE_VVC,0      Command queue instantiated and will give a warning when reaching 1000 elements in queue.
%%           0.0 ns  Log    ID_CONSTRUCTOR_SUB  WISHBONE_VVC,0      Result queue instantiated and will give a warning when reaching 1000 elements in queue.
%%           0.0 ns  Log    ID_CONSTRUCTOR      I2C_VVC,2           VVC instantiated.
%%           0.0 ns  Log    ID_CONSTRUCTOR_SUB  I2C_VVC,2           Command queue instantiated and will give a warning when reaching 1000 elements in queue.
%%           0.0 ns  Log    ID_CONSTRUCTOR_SUB  I2C_VVC,2           Result queue instantiated and will give a warning when reaching 1000 elements in queue.
%%           0.0 ns  Log    ID_CONSTRUCTOR      I2C_VVC,5           VVC instantiated.
%%           0.0 ns  Log    ID_CONSTRUCTOR_SUB  I2C_VVC,5           Command queue instantiated and will give a warning when reaching 1000 elements in queue.
%%           0.0 ns  Log    ID_CONSTRUCTOR_SUB  I2C_VVC,5           Result queue instantiated and will give a warning when reaching 1000 elements in queue.
%%           0.0 ns  Log    ID_CONSTRUCTOR      I2C_VVC,4           VVC instantiated.
%%           0.0 ns  Log    ID_CONSTRUCTOR_SUB  I2C_VVC,4           Command queue instantiated and will give a warning when reaching 1000 elements in queue.
%%           0.0 ns  Log    ID_CONSTRUCTOR_SUB  I2C_VVC,4           Result queue instantiated and will give a warning when reaching 1000 elements in queue.
%%           0.0 ns  Log    ID_CONSTRUCTOR      I2C_VVC,6           VVC instantiated.
%%           0.0 ns  Log    ID_CONSTRUCTOR_SUB  I2C_VVC,6           Command queue instantiated and will give a warning when reaching 1000 elements in queue.
%%           0.0 ns  Log    ID_CONSTRUCTOR_SUB  I2C_VVC,6           Result queue instantiated and will give a warning when reaching 1000 elements in queue.
%%           0.0 ns  Log    ID_CONSTRUCTOR      I2C_VVC,3           VVC instantiated.
%%           0.0 ns  Log    ID_CONSTRUCTOR_SUB  I2C_VVC,3           Command queue instantiated and will give a warning when reaching 1000 elements in queue.
%%           0.0 ns  Log    ID_CONSTRUCTOR_SUB  I2C_VVC,3           Result queue instantiated and will give a warning when reaching 1000 elements in queue.
%%           0.0 ns  Log    ID_CONSTRUCTOR      SBI_VVC,0           VVC instantiated.
%%           0.0 ns  Log    ID_CONSTRUCTOR_SUB  SBI_VVC,0           Command queue instantiated and will give a warning when reaching 1000 elements in queue.
%%           0.0 ns  Log    ID_CONSTRUCTOR_SUB  SBI_VVC,0           Result queue instantiated and will give a warning when reaching 1000 elements in queue.
%%           0.0 ns  Log    ID_CMD_INTERPRETER  I2C_VVC,0           Interpreter: Waiting for command
%%           0.0 ns  Log    ID_CMD_INTERPRETER  I2C_VVC,1           Interpreter: Waiting for command
%%           0.0 ns  Log    ID_CMD_INTERPRETER  WISHBONE_VVC,0      Interpreter: Waiting for command
%%           0.0 ns  Log    ID_CMD_INTERPRETER  I2C_VVC,2           Interpreter: Waiting for command
%%           0.0 ns  Log    ID_CMD_INTERPRETER  I2C_VVC,5           Interpreter: Waiting for command
%%           0.0 ns  Log    ID_CMD_INTERPRETER  I2C_VVC,4           Interpreter: Waiting for command
%%           0.0 ns  Log    ID_CMD_INTERPRETER  I2C_VVC,6           Interpreter: Waiting for command
%%           0.0 ns  Log    ID_CMD_INTERPRETER  I2C_VVC,3           Interpreter: Waiting for command
%%           0.0 ns  Log    ID_CMD_INTERPRETER  SBI_VVC,0           Interpreter: Waiting for command
%%           0.0 ns  Log    ID_CTRL             I2C_VVC_SB,0        enable() => SB enabled. 'I2C VVC SB Enabled'
%%           0.0 ns  Log    ID_CTRL             I2C_VVC_SB,0        config() => config applied to SB.
%%           0.0 ns  Log    ID_CTRL             I2C_VVC_SB,0        enable_log_msg() => message id id_data enabled.
%%           0.0 ns  Log    ID_CTRL             I2C_VVC_SB,1        enable() => SB enabled. 'I2C VVC SB Enabled'
%%           0.0 ns  Log    ID_CTRL             I2C_VVC_SB,1        config() => config applied to SB.
%%           0.0 ns  Log    ID_CTRL             I2C_VVC_SB,1        enable_log_msg() => message id id_data enabled.
%%           0.0 ns  Log    ID_CTRL             WISHBONE_VVC_SB,0   enable() => SB enabled. 'WISHBONE VVC SB Enabled'
%%           0.0 ns  Log    ID_CTRL             WISHBONE_VVC_SB,0   config() => config applied to SB.
%%           0.0 ns  Log    ID_CTRL             WISHBONE_VVC_SB,0   enable_log_msg() => message id id_data enabled.
%%           0.0 ns  Log    ID_CTRL             I2C_VVC_SB,2        enable() => SB enabled. 'I2C VVC SB Enabled'
%%           0.0 ns  Log    ID_CTRL             I2C_VVC_SB,2        config() => config applied to SB.
%%           0.0 ns  Log    ID_CTRL             I2C_VVC_SB,2        enable_log_msg() => message id id_data enabled.
%%           0.0 ns  Log    ID_CTRL             I2C_VVC_SB,5        enable() => SB enabled. 'I2C VVC SB Enabled'
%%           0.0 ns  Log    ID_CTRL             I2C_VVC_SB,5        config() => config applied to SB.
%%           0.0 ns  Log    ID_CTRL             I2C_VVC_SB,5        enable_log_msg() => message id id_data enabled.
%%           0.0 ns  Log    ID_CTRL             I2C_VVC_SB,4        enable() => SB enabled. 'I2C VVC SB Enabled'
%%           0.0 ns  Log    ID_CTRL             I2C_VVC_SB,4        config() => config applied to SB.
%%           0.0 ns  Log    ID_CTRL             I2C_VVC_SB,4        enable_log_msg() => message id id_data enabled.
%%           0.0 ns  Log    ID_CTRL             I2C_VVC_SB,6        enable() => SB enabled. 'I2C VVC SB Enabled'
%%           0.0 ns  Log    ID_CTRL             I2C_VVC_SB,6        config() => config applied to SB.
%%           0.0 ns  Log    ID_CTRL             I2C_VVC_SB,6        enable_log_msg() => message id id_data enabled.
%%           0.0 ns  Log    ID_CTRL             I2C_VVC_SB,3        enable() => SB enabled. 'I2C VVC SB Enabled'
%%           0.0 ns  Log    ID_CTRL             I2C_VVC_SB,3        config() => config applied to SB.
%%           0.0 ns  Log    ID_CTRL             I2C_VVC_SB,3        enable_log_msg() => message id id_data enabled.
%%           0.0 ns  Log    ID_CTRL             SBI_VVC_SB,0        enable() => SB enabled. 'SBI VVC SB Enabled'
%%           0.0 ns  Log    ID_CTRL             SBI_VVC_SB,0        config() => config applied to SB.
%%           0.0 ns  Log    ID_CTRL             SBI_VVC_SB,0        enable_log_msg() => message id id_data enabled.
%%           0.0 ns  Log    ID_LOG_MSG_CTRL     TB seq.             disable_log_msg(ID_AWAIT_COMPLETION).
%%           0.0 ns  Log    ID_LOG_MSG_CTRL     TB seq.             disable_log_msg(ID_AWAIT_COMPLETION_LIST).
%%           0.0 ns  Log    ID_LOG_MSG_CTRL     TB seq.             disable_log_msg(ID_AWAIT_COMPLETION_WAIT).
%%           0.0 ns  Log    ID_LOG_MSG_CTRL     TB seq.             disable_log_msg(ID_AWAIT_COMPLETION_END).
%%           0.0 ns  Log    ID_LOG_MSG_CTRL     TB seq.             disable_log_msg(ID_UVVM_CMD_ACK).
%%           0.0 ns  Log    ID_LOG_MSG_CTRL     TB seq.             disable_log_msg(ID_POS_ACK).
%%           0.0 ns  Log    ID_LOG_MSG_CTRL     TB seq.             disable_log_msg(ID_UVVM_CMD_RESULT).
%%           0.0 ns  Log    ID_UVVM_SEND_CMD    TB seq.(uvvm)       disable_log_msg(VVC_BROADCAST, ID_CMD_EXECUTOR): [1]
%%           0.0 ns  Log    ID_CMD_EXECUTOR_WA  I2C_VVC,0           Executor: Waiting for command
%%           0.0 ns  Log    ID_CMD_EXECUTOR_WA  I2C_VVC,1           Executor: Waiting for command
%%           0.0 ns  Log    ID_CMD_EXECUTOR_WA  WISHBONE_VVC,0      Executor: Waiting for command
%%           0.0 ns  Log    ID_CMD_EXECUTOR_WA  I2C_VVC,2           Executor: Waiting for command
%%           0.0 ns  Log    ID_CMD_EXECUTOR_WA  I2C_VVC,5           Executor: Waiting for command
%%           0.0 ns  Log    ID_CMD_EXECUTOR_WA  I2C_VVC,4           Executor: Waiting for command
%%           0.0 ns  Log    ID_CMD_EXECUTOR_WA  I2C_VVC,6           Executor: Waiting for command
%%           0.0 ns  Log    ID_CMD_EXECUTOR_WA  I2C_VVC,3           Executor: Waiting for command
%%           0.0 ns  Log    ID_CMD_EXECUTOR_WA  SBI_VVC,0           Executor: Waiting for command
%%           0.0 ns  Log    ID_UVVM_SEND_CMD    I2C_VVC,0           disable_log_msg(VVC_BROADCAST, ID_CMD_EXECUTOR): [1]
%%           0.0 ns  Log    ID_UVVM_SEND_CMD    I2C_VVC,1           disable_log_msg(VVC_BROADCAST, ID_CMD_EXECUTOR): [1]
%%           0.0 ns  Log    ID_UVVM_SEND_CMD    WISHBONE_VVC,0      disable_log_msg(VVC_BROADCAST, ID_CMD_EXECUTOR): [1]
%%           0.0 ns  Log    ID_UVVM_SEND_CMD    I2C_VVC,2           disable_log_msg(VVC_BROADCAST, ID_CMD_EXECUTOR): [1]
%%           0.0 ns  Log    ID_UVVM_SEND_CMD    I2C_VVC,5           disable_log_msg(VVC_BROADCAST, ID_CMD_EXECUTOR): [1]
%%           0.0 ns  Log    ID_UVVM_SEND_CMD    I2C_VVC,4           disable_log_msg(VVC_BROADCAST, ID_CMD_EXECUTOR): [1]
%%           0.0 ns  Log    ID_UVVM_SEND_CMD    I2C_VVC,6           disable_log_msg(VVC_BROADCAST, ID_CMD_EXECUTOR): [1]
%%           0.0 ns  Log    ID_UVVM_SEND_CMD    I2C_VVC,3           disable_log_msg(VVC_BROADCAST, ID_CMD_EXECUTOR): [1]
%%           0.0 ns  Log    ID_UVVM_SEND_CMD    SBI_VVC,0           disable_log_msg(VVC_BROADCAST, ID_CMD_EXECUTOR): [1]
%%           0.0 ns  Log    ID_CMD_INTERPRETER  I2C_VVC,0           disable_log_msg(VVC_BROADCAST, ID_CMD_EXECUTOR). Command received  [1]
%%           0.0 ns  Log    ID_LOG_MSG_CTRL     I2C_VVC,0           disable_log_msg(ID_CMD_EXECUTOR). ' [1]'
%%           0.0 ns  Log    ID_CMD_INTERPRETER  I2C_VVC,1           disable_log_msg(VVC_BROADCAST, ID_CMD_EXECUTOR). Command received  [1]
%%           0.0 ns  Log    ID_LOG_MSG_CTRL     I2C_VVC,1           disable_log_msg(ID_CMD_EXECUTOR). ' [1]'
%%           0.0 ns  Log    ID_CMD_INTERPRETER  WISHBONE_VVC,0      disable_log_msg(VVC_BROADCAST, ID_CMD_EXECUTOR). Command received  [1]
%%           0.0 ns  Log    ID_LOG_MSG_CTRL     WISHBONE_VVC,0      disable_log_msg(ID_CMD_EXECUTOR). ' [1]'
%%           0.0 ns  Log    ID_CMD_INTERPRETER  I2C_VVC,2           disable_log_msg(VVC_BROADCAST, ID_CMD_EXECUTOR). Command received  [1]
%%           0.0 ns  Log    ID_LOG_MSG_CTRL     I2C_VVC,2           disable_log_msg(ID_CMD_EXECUTOR). ' [1]'
%%           0.0 ns  Log    ID_CMD_INTERPRETER  I2C_VVC,5           disable_log_msg(VVC_BROADCAST, ID_CMD_EXECUTOR). Command received  [1]
%%           0.0 ns  Log    ID_LOG_MSG_CTRL     I2C_VVC,5           disable_log_msg(ID_CMD_EXECUTOR). ' [1]'
%%           0.0 ns  Log    ID_CMD_INTERPRETER  I2C_VVC,4           disable_log_msg(VVC_BROADCAST, ID_CMD_EXECUTOR). Command received  [1]
%%           0.0 ns  Log    ID_LOG_MSG_CTRL     I2C_VVC,4           disable_log_msg(ID_CMD_EXECUTOR). ' [1]'
%%           0.0 ns  Log    ID_CMD_INTERPRETER  I2C_VVC,6           disable_log_msg(VVC_BROADCAST, ID_CMD_EXECUTOR). Command received  [1]
%%           0.0 ns  Log    ID_LOG_MSG_CTRL     I2C_VVC,6           disable_log_msg(ID_CMD_EXECUTOR). ' [1]'
%%           0.0 ns  Log    ID_CMD_INTERPRETER  I2C_VVC,3           disable_log_msg(VVC_BROADCAST, ID_CMD_EXECUTOR). Command received  [1]
%%           0.0 ns  Log    ID_LOG_MSG_CTRL     I2C_VVC,3           disable_log_msg(ID_CMD_EXECUTOR). ' [1]'
%%           0.0 ns  Log    ID_CMD_INTERPRETER  SBI_VVC,0           disable_log_msg(VVC_BROADCAST, ID_CMD_EXECUTOR). Command received  [1]
%%           0.0 ns  Log    ID_LOG_MSG_CTRL     SBI_VVC,0           disable_log_msg(ID_CMD_EXECUTOR). ' [1]'
%%           0.0 ns  Log    ID_CMD_INTERPRETER  SBI_VVC,0           Interpreter: Waiting for command
%%           0.0 ns  Log    ID_CMD_INTERPRETER  WISHBONE_VVC,0      Interpreter: Waiting for command
%%           0.0 ns  Log    ID_CMD_INTERPRETER  I2C_VVC,0           Interpreter: Waiting for command
%%           0.0 ns  Log    ID_CMD_INTERPRETER  I2C_VVC,1           Interpreter: Waiting for command
%%           0.0 ns  Log    ID_CMD_INTERPRETER  I2C_VVC,2           Interpreter: Waiting for command
%%           0.0 ns  Log    ID_CMD_INTERPRETER  I2C_VVC,5           Interpreter: Waiting for command
%%           0.0 ns  Log    ID_CMD_INTERPRETER  I2C_VVC,4           Interpreter: Waiting for command
%%           0.0 ns  Log    ID_CMD_INTERPRETER  I2C_VVC,6           Interpreter: Waiting for command
%%           0.0 ns  Log    ID_CMD_INTERPRETER  I2C_VVC,3           Interpreter: Waiting for command
%%           0.0 ns  Log    ID_UVVM_SEND_CMD    TB seq.(uvvm)       disable_log_msg(VVC_BROADCAST, ID_CMD_EXECUTOR_WAIT): [2]
%%           0.0 ns  Log    ID_UVVM_SEND_CMD    SBI_VVC,0           disable_log_msg(VVC_BROADCAST, ID_CMD_EXECUTOR_WAIT): [2]
%%           0.0 ns  Log    ID_UVVM_SEND_CMD    WISHBONE_VVC,0      disable_log_msg(VVC_BROADCAST, ID_CMD_EXECUTOR_WAIT): [2]
%%           0.0 ns  Log    ID_UVVM_SEND_CMD    I2C_VVC,0           disable_log_msg(VVC_BROADCAST, ID_CMD_EXECUTOR_WAIT): [2]
%%           0.0 ns  Log    ID_UVVM_SEND_CMD    I2C_VVC,1           disable_log_msg(VVC_BROADCAST, ID_CMD_EXECUTOR_WAIT): [2]
%%           0.0 ns  Log    ID_UVVM_SEND_CMD    I2C_VVC,2           disable_log_msg(VVC_BROADCAST, ID_CMD_EXECUTOR_WAIT): [2]
%%           0.0 ns  Log    ID_UVVM_SEND_CMD    I2C_VVC,5           disable_log_msg(VVC_BROADCAST, ID_CMD_EXECUTOR_WAIT): [2]
%%           0.0 ns  Log    ID_UVVM_SEND_CMD    I2C_VVC,4           disable_log_msg(VVC_BROADCAST, ID_CMD_EXECUTOR_WAIT): [2]
%%           0.0 ns  Log    ID_UVVM_SEND_CMD    I2C_VVC,6           disable_log_msg(VVC_BROADCAST, ID_CMD_EXECUTOR_WAIT): [2]
%%           0.0 ns  Log    ID_UVVM_SEND_CMD    I2C_VVC,3           disable_log_msg(VVC_BROADCAST, ID_CMD_EXECUTOR_WAIT): [2]
%%           0.0 ns  Log    ID_CMD_INTERPRETER  SBI_VVC,0           disable_log_msg(VVC_BROADCAST, ID_CMD_EXECUTOR_WAIT). Command received  [2]
%%           0.0 ns  Log    ID_LOG_MSG_CTRL     SBI_VVC,0           disable_log_msg(ID_CMD_EXECUTOR_WAIT). ' [2]'
%%           0.0 ns  Log    ID_CMD_INTERPRETER  WISHBONE_VVC,0      disable_log_msg(VVC_BROADCAST, ID_CMD_EXECUTOR_WAIT). Command received  [2]
%%           0.0 ns  Log    ID_LOG_MSG_CTRL     WISHBONE_VVC,0      disable_log_msg(ID_CMD_EXECUTOR_WAIT). ' [2]'
%%           0.0 ns  Log    ID_CMD_INTERPRETER  I2C_VVC,0           disable_log_msg(VVC_BROADCAST, ID_CMD_EXECUTOR_WAIT). Command received  [2]
%%           0.0 ns  Log    ID_LOG_MSG_CTRL     I2C_VVC,0           disable_log_msg(ID_CMD_EXECUTOR_WAIT). ' [2]'
%%           0.0 ns  Log    ID_CMD_INTERPRETER  I2C_VVC,1           disable_log_msg(VVC_BROADCAST, ID_CMD_EXECUTOR_WAIT). Command received  [2]
%%           0.0 ns  Log    ID_LOG_MSG_CTRL     I2C_VVC,1           disable_log_msg(ID_CMD_EXECUTOR_WAIT). ' [2]'
%%           0.0 ns  Log    ID_CMD_INTERPRETER  I2C_VVC,2           disable_log_msg(VVC_BROADCAST, ID_CMD_EXECUTOR_WAIT). Command received  [2]
%%           0.0 ns  Log    ID_LOG_MSG_CTRL     I2C_VVC,2           disable_log_msg(ID_CMD_EXECUTOR_WAIT). ' [2]'
%%           0.0 ns  Log    ID_CMD_INTERPRETER  I2C_VVC,5           disable_log_msg(VVC_BROADCAST, ID_CMD_EXECUTOR_WAIT). Command received  [2]
%%           0.0 ns  Log    ID_LOG_MSG_CTRL     I2C_VVC,5           disable_log_msg(ID_CMD_EXECUTOR_WAIT). ' [2]'
%%           0.0 ns  Log    ID_CMD_INTERPRETER  I2C_VVC,4           disable_log_msg(VVC_BROADCAST, ID_CMD_EXECUTOR_WAIT). Command received  [2]
%%           0.0 ns  Log    ID_LOG_MSG_CTRL     I2C_VVC,4           disable_log_msg(ID_CMD_EXECUTOR_WAIT). ' [2]'
%%           0.0 ns  Log    ID_CMD_INTERPRETER  I2C_VVC,6           disable_log_msg(VVC_BROADCAST, ID_CMD_EXECUTOR_WAIT). Command received  [2]
%%           0.0 ns  Log    ID_LOG_MSG_CTRL     I2C_VVC,6           disable_log_msg(ID_CMD_EXECUTOR_WAIT). ' [2]'
%%           0.0 ns  Log    ID_CMD_INTERPRETER  I2C_VVC,3           disable_log_msg(VVC_BROADCAST, ID_CMD_EXECUTOR_WAIT). Command received  [2]
%%           0.0 ns  Log    ID_LOG_MSG_CTRL     I2C_VVC,3           disable_log_msg(ID_CMD_EXECUTOR_WAIT). ' [2]'
%%           0.0 ns  Log    ID_CMD_INTERPRETER  WISHBONE_VVC,0      Interpreter: Waiting for command
%%           0.0 ns  Log    ID_CMD_INTERPRETER  SBI_VVC,0           Interpreter: Waiting for command
%%           0.0 ns  Log    ID_CMD_INTERPRETER  I2C_VVC,0           Interpreter: Waiting for command
%%           0.0 ns  Log    ID_CMD_INTERPRETER  I2C_VVC,1           Interpreter: Waiting for command
%%           0.0 ns  Log    ID_CMD_INTERPRETER  I2C_VVC,2           Interpreter: Waiting for command
%%           0.0 ns  Log    ID_CMD_INTERPRETER  I2C_VVC,5           Interpreter: Waiting for command
%%           0.0 ns  Log    ID_CMD_INTERPRETER  I2C_VVC,4           Interpreter: Waiting for command
%%           0.0 ns  Log    ID_CMD_INTERPRETER  I2C_VVC,6           Interpreter: Waiting for command
%%           0.0 ns  Log    ID_CMD_INTERPRETER  I2C_VVC,3           Interpreter: Waiting for command
%%           0.0 ns  Log    ID_UVVM_SEND_CMD    TB seq.(uvvm)       disable_log_msg(VVC_BROADCAST, ID_CMD_INTERPRETER): [3]
%%           0.0 ns  Log    ID_UVVM_SEND_CMD    WISHBONE_VVC,0      disable_log_msg(VVC_BROADCAST, ID_CMD_INTERPRETER): [3]
%%           0.0 ns  Log    ID_UVVM_SEND_CMD    SBI_VVC,0           disable_log_msg(VVC_BROADCAST, ID_CMD_INTERPRETER): [3]
%%           0.0 ns  Log    ID_UVVM_SEND_CMD    I2C_VVC,0           disable_log_msg(VVC_BROADCAST, ID_CMD_INTERPRETER): [3]
%%           0.0 ns  Log    ID_UVVM_SEND_CMD    I2C_VVC,1           disable_log_msg(VVC_BROADCAST, ID_CMD_INTERPRETER): [3]
%%           0.0 ns  Log    ID_UVVM_SEND_CMD    I2C_VVC,2           disable_log_msg(VVC_BROADCAST, ID_CMD_INTERPRETER): [3]
%%           0.0 ns  Log    ID_UVVM_SEND_CMD    I2C_VVC,5           disable_log_msg(VVC_BROADCAST, ID_CMD_INTERPRETER): [3]
%%           0.0 ns  Log    ID_UVVM_SEND_CMD    I2C_VVC,4           disable_log_msg(VVC_BROADCAST, ID_CMD_INTERPRETER): [3]
%%           0.0 ns  Log    ID_UVVM_SEND_CMD    I2C_VVC,6           disable_log_msg(VVC_BROADCAST, ID_CMD_INTERPRETER): [3]
%%           0.0 ns  Log    ID_UVVM_SEND_CMD    I2C_VVC,3           disable_log_msg(VVC_BROADCAST, ID_CMD_INTERPRETER): [3]
%%           0.0 ns  Log    ID_CMD_INTERPRETER  WISHBONE_VVC,0      disable_log_msg(VVC_BROADCAST, ID_CMD_INTERPRETER). Command received  [3]
%%           0.0 ns  Log    ID_LOG_MSG_CTRL     WISHBONE_VVC,0      disable_log_msg(ID_CMD_INTERPRETER). ' [3]'
%%           0.0 ns  Log    ID_CMD_INTERPRETER  SBI_VVC,0           disable_log_msg(VVC_BROADCAST, ID_CMD_INTERPRETER). Command received  [3]
%%           0.0 ns  Log    ID_LOG_MSG_CTRL     SBI_VVC,0           disable_log_msg(ID_CMD_INTERPRETER). ' [3]'
%%           0.0 ns  Log    ID_CMD_INTERPRETER  I2C_VVC,0           disable_log_msg(VVC_BROADCAST, ID_CMD_INTERPRETER). Command received  [3]
%%           0.0 ns  Log    ID_LOG_MSG_CTRL     I2C_VVC,0           disable_log_msg(ID_CMD_INTERPRETER). ' [3]'
%%           0.0 ns  Log    ID_CMD_INTERPRETER  I2C_VVC,1           disable_log_msg(VVC_BROADCAST, ID_CMD_INTERPRETER). Command received  [3]
%%           0.0 ns  Log    ID_LOG_MSG_CTRL     I2C_VVC,1           disable_log_msg(ID_CMD_INTERPRETER). ' [3]'
%%           0.0 ns  Log    ID_CMD_INTERPRETER  I2C_VVC,2           disable_log_msg(VVC_BROADCAST, ID_CMD_INTERPRETER). Command received  [3]
%%           0.0 ns  Log    ID_LOG_MSG_CTRL     I2C_VVC,2           disable_log_msg(ID_CMD_INTERPRETER). ' [3]'
%%           0.0 ns  Log    ID_CMD_INTERPRETER  I2C_VVC,5           disable_log_msg(VVC_BROADCAST, ID_CMD_INTERPRETER). Command received  [3]
%%           0.0 ns  Log    ID_LOG_MSG_CTRL     I2C_VVC,5           disable_log_msg(ID_CMD_INTERPRETER). ' [3]'
%%           0.0 ns  Log    ID_CMD_INTERPRETER  I2C_VVC,4           disable_log_msg(VVC_BROADCAST, ID_CMD_INTERPRETER). Command received  [3]
%%           0.0 ns  Log    ID_LOG_MSG_CTRL     I2C_VVC,4           disable_log_msg(ID_CMD_INTERPRETER). ' [3]'
%%           0.0 ns  Log    ID_CMD_INTERPRETER  I2C_VVC,6           disable_log_msg(VVC_BROADCAST, ID_CMD_INTERPRETER). Command received  [3]
%%           0.0 ns  Log    ID_LOG_MSG_CTRL     I2C_VVC,6           disable_log_msg(ID_CMD_INTERPRETER). ' [3]'
%%           0.0 ns  Log    ID_CMD_INTERPRETER  I2C_VVC,3           disable_log_msg(VVC_BROADCAST, ID_CMD_INTERPRETER). Command received  [3]
%%           0.0 ns  Log    ID_LOG_MSG_CTRL     I2C_VVC,3           disable_log_msg(ID_CMD_INTERPRETER). ' [3]'
%%           0.0 ns  Log    ID_CMD_INTERPRETER  SBI_VVC,0           Interpreter: Waiting for command
%%           0.0 ns  Log    ID_CMD_INTERPRETER  WISHBONE_VVC,0      Interpreter: Waiting for command
%%           0.0 ns  Log    ID_CMD_INTERPRETER  I2C_VVC,0           Interpreter: Waiting for command
%%           0.0 ns  Log    ID_CMD_INTERPRETER  I2C_VVC,1           Interpreter: Waiting for command
%%           0.0 ns  Log    ID_CMD_INTERPRETER  I2C_VVC,2           Interpreter: Waiting for command
%%           0.0 ns  Log    ID_CMD_INTERPRETER  I2C_VVC,5           Interpreter: Waiting for command
%%           0.0 ns  Log    ID_CMD_INTERPRETER  I2C_VVC,4           Interpreter: Waiting for command
%%           0.0 ns  Log    ID_CMD_INTERPRETER  I2C_VVC,6           Interpreter: Waiting for command
%%           0.0 ns  Log    ID_CMD_INTERPRETER  I2C_VVC,3           Interpreter: Waiting for command
%%           0.0 ns  Log    ID_UVVM_SEND_CMD    TB seq.(uvvm)       disable_log_msg(VVC_BROADCAST, ID_CMD_INTERPRETER_WAIT): [4]
%%           0.0 ns  Log    ID_UVVM_SEND_CMD    SBI_VVC,0           disable_log_msg(VVC_BROADCAST, ID_CMD_INTERPRETER_WAIT): [4]
%%           0.0 ns  Log    ID_UVVM_SEND_CMD    WISHBONE_VVC,0      disable_log_msg(VVC_BROADCAST, ID_CMD_INTERPRETER_WAIT): [4]
%%           0.0 ns  Log    ID_UVVM_SEND_CMD    I2C_VVC,0           disable_log_msg(VVC_BROADCAST, ID_CMD_INTERPRETER_WAIT): [4]
%%           0.0 ns  Log    ID_UVVM_SEND_CMD    I2C_VVC,1           disable_log_msg(VVC_BROADCAST, ID_CMD_INTERPRETER_WAIT): [4]
%%           0.0 ns  Log    ID_UVVM_SEND_CMD    I2C_VVC,2           disable_log_msg(VVC_BROADCAST, ID_CMD_INTERPRETER_WAIT): [4]
%%           0.0 ns  Log    ID_UVVM_SEND_CMD    I2C_VVC,5           disable_log_msg(VVC_BROADCAST, ID_CMD_INTERPRETER_WAIT): [4]
%%           0.0 ns  Log    ID_UVVM_SEND_CMD    I2C_VVC,4           disable_log_msg(VVC_BROADCAST, ID_CMD_INTERPRETER_WAIT): [4]
%%           0.0 ns  Log    ID_UVVM_SEND_CMD    I2C_VVC,6           disable_log_msg(VVC_BROADCAST, ID_CMD_INTERPRETER_WAIT): [4]
%%           0.0 ns  Log    ID_UVVM_SEND_CMD    I2C_VVC,3           disable_log_msg(VVC_BROADCAST, ID_CMD_INTERPRETER_WAIT): [4]
%%           0.0 ns  Log    ID_LOG_MSG_CTRL     SBI_VVC,0           disable_log_msg(ID_CMD_INTERPRETER_WAIT). ' [4]'
%%           0.0 ns  Log    ID_LOG_MSG_CTRL     WISHBONE_VVC,0      disable_log_msg(ID_CMD_INTERPRETER_WAIT). ' [4]'
%%           0.0 ns  Log    ID_LOG_MSG_CTRL     I2C_VVC,0           disable_log_msg(ID_CMD_INTERPRETER_WAIT). ' [4]'
%%           0.0 ns  Log    ID_LOG_MSG_CTRL     I2C_VVC,1           disable_log_msg(ID_CMD_INTERPRETER_WAIT). ' [4]'
%%           0.0 ns  Log    ID_LOG_MSG_CTRL     I2C_VVC,2           disable_log_msg(ID_CMD_INTERPRETER_WAIT). ' [4]'
%%           0.0 ns  Log    ID_LOG_MSG_CTRL     I2C_VVC,5           disable_log_msg(ID_CMD_INTERPRETER_WAIT). ' [4]'
%%           0.0 ns  Log    ID_LOG_MSG_CTRL     I2C_VVC,4           disable_log_msg(ID_CMD_INTERPRETER_WAIT). ' [4]'
%%           0.0 ns  Log    ID_LOG_MSG_CTRL     I2C_VVC,6           disable_log_msg(ID_CMD_INTERPRETER_WAIT). ' [4]'
%%           0.0 ns  Log    ID_LOG_MSG_CTRL     I2C_VVC,3           disable_log_msg(ID_CMD_INTERPRETER_WAIT). ' [4]'
%%           0.0 ns  Log    ID_UVVM_SEND_CMD    TB seq.(uvvm)       disable_log_msg(VVC_BROADCAST, ID_IMMEDIATE_CMD): [5]
%%           0.0 ns  Log    ID_UVVM_SEND_CMD    WISHBONE_VVC,0      disable_log_msg(VVC_BROADCAST, ID_IMMEDIATE_CMD): [5]
%%           0.0 ns  Log    ID_UVVM_SEND_CMD    SBI_VVC,0           disable_log_msg(VVC_BROADCAST, ID_IMMEDIATE_CMD): [5]
%%           0.0 ns  Log    ID_UVVM_SEND_CMD    I2C_VVC,0           disable_log_msg(VVC_BROADCAST, ID_IMMEDIATE_CMD): [5]
%%           0.0 ns  Log    ID_UVVM_SEND_CMD    I2C_VVC,1           disable_log_msg(VVC_BROADCAST, ID_IMMEDIATE_CMD): [5]
%%           0.0 ns  Log    ID_UVVM_SEND_CMD    I2C_VVC,2           disable_log_msg(VVC_BROADCAST, ID_IMMEDIATE_CMD): [5]
%%           0.0 ns  Log    ID_UVVM_SEND_CMD    I2C_VVC,5           disable_log_msg(VVC_BROADCAST, ID_IMMEDIATE_CMD): [5]
%%           0.0 ns  Log    ID_UVVM_SEND_CMD    I2C_VVC,4           disable_log_msg(VVC_BROADCAST, ID_IMMEDIATE_CMD): [5]
%%           0.0 ns  Log    ID_UVVM_SEND_CMD    I2C_VVC,6           disable_log_msg(VVC_BROADCAST, ID_IMMEDIATE_CMD): [5]
%%           0.0 ns  Log    ID_UVVM_SEND_CMD    I2C_VVC,3           disable_log_msg(VVC_BROADCAST, ID_IMMEDIATE_CMD): [5]
%%           0.0 ns  Log    ID_LOG_MSG_CTRL     WISHBONE_VVC,0      disable_log_msg(ID_IMMEDIATE_CMD). ' [5]'
%%           0.0 ns  Log    ID_LOG_MSG_CTRL     SBI_VVC,0           disable_log_msg(ID_IMMEDIATE_CMD). ' [5]'
%%           0.0 ns  Log    ID_LOG_MSG_CTRL     I2C_VVC,0           disable_log_msg(ID_IMMEDIATE_CMD). ' [5]'
%%           0.0 ns  Log    ID_LOG_MSG_CTRL     I2C_VVC,1           disable_log_msg(ID_IMMEDIATE_CMD). ' [5]'
%%           0.0 ns  Log    ID_LOG_MSG_CTRL     I2C_VVC,2           disable_log_msg(ID_IMMEDIATE_CMD). ' [5]'
%%           0.0 ns  Log    ID_LOG_MSG_CTRL     I2C_VVC,5           disable_log_msg(ID_IMMEDIATE_CMD). ' [5]'
%%           0.0 ns  Log    ID_LOG_MSG_CTRL     I2C_VVC,4           disable_log_msg(ID_IMMEDIATE_CMD). ' [5]'
%%           0.0 ns  Log    ID_LOG_MSG_CTRL     I2C_VVC,6           disable_log_msg(ID_IMMEDIATE_CMD). ' [5]'
%%           0.0 ns  Log    ID_LOG_MSG_CTRL     I2C_VVC,3           disable_log_msg(ID_IMMEDIATE_CMD). ' [5]'
%%      
%%      -----------------------------------------------------------------------------------------------------------------------------------------------------------------------
%%      ***  REPORT OF GLOBAL CTRL ***
%%      -----------------------------------------------------------------------------------------------------------------------------------------------------------------------
%%                                IGNORE    STOP_LIMIT
%%                NOTE         :  REGARD         0
%%                TB_NOTE      :  REGARD         0
%%                WARNING      :  REGARD         0
%%                TB_WARNING   :  REGARD         0
%%                MANUAL_CHECK :  REGARD         0
%%                ERROR        :  REGARD         0
%%                TB_ERROR     :  REGARD         0
%%                FAILURE      :  REGARD         1
%%                TB_FAILURE   :  REGARD         1
%%      -----------------------------------------------------------------------------------------------------------------------------------------------------------------------
%%      
%%      
%%      -----------------------------------------------------------------------------------------------------------------------------------------------------------------------
%%      ***  REPORT OF MSG ID PANEL ***
%%      -----------------------------------------------------------------------------------------------------------------------------------------------------------------------
%%                ID                             Status
%%                ------------------------       ------
%%                ID_UTIL_BURIED               : DISABLED
%%                ID_BITVIS_DEBUG              : DISABLED
%%                ID_UTIL_SETUP                : ENABLED
%%                ID_LOG_MSG_CTRL              : ENABLED
%%                ID_ALERT_CTRL                : ENABLED
%%                ID_FINISH_OR_STOP            : ENABLED
%%                ID_CLOCK_GEN                 : ENABLED
%%                ID_GEN_PULSE                 : ENABLED
%%                ID_BLOCKING                  : ENABLED
%%                ID_WATCHDOG                  : ENABLED
%%                ID_RAND_GEN                  : DISABLED
%%                ID_RAND_CONF                 : DISABLED
%%                ID_FUNC_COV_BINS             : DISABLED
%%                ID_FUNC_COV_BINS_INFO        : DISABLED
%%                ID_FUNC_COV_RAND             : DISABLED
%%                ID_FUNC_COV_SAMPLE           : DISABLED
%%                ID_FUNC_COV_CONFIG           : DISABLED
%%                ID_POS_ACK                   : DISABLED
%%                ID_UVVM_ASSERTION            : ENABLED
%%                ID_LOG_HDR                   : ENABLED
%%                ID_LOG_HDR_LARGE             : ENABLED
%%                ID_LOG_HDR_XL                : ENABLED
%%                ID_SEQUENCER                 : ENABLED
%%                ID_SEQUENCER_SUB             : ENABLED
%%                ID_BFM                       : ENABLED
%%                ID_BFM_WAIT                  : ENABLED
%%                ID_BFM_POLL                  : ENABLED
%%                ID_BFM_POLL_SUMMARY          : ENABLED
%%                ID_CHANNEL_BFM               : ENABLED
%%                ID_TERMINATE_CMD             : ENABLED
%%                ID_SEGMENT_INITIATE          : ENABLED
%%                ID_SEGMENT_COMPLETE          : ENABLED
%%                ID_SEGMENT_HDR               : ENABLED
%%                ID_SEGMENT_DATA              : ENABLED
%%                ID_PACKET_INITIATE           : ENABLED
%%                ID_PACKET_PREAMBLE           : ENABLED
%%                ID_PACKET_COMPLETE           : ENABLED
%%                ID_PACKET_HDR                : ENABLED
%%                ID_PACKET_DATA               : ENABLED
%%                ID_PACKET_CHECKSUM           : ENABLED
%%                ID_PACKET_GAP                : ENABLED
%%                ID_PACKET_PAYLOAD            : ENABLED
%%                ID_FRAME_INITIATE            : ENABLED
%%                ID_FRAME_COMPLETE            : ENABLED
%%                ID_FRAME_HDR                 : ENABLED
%%                ID_FRAME_DATA                : ENABLED
%%                ID_COVERAGE_MAKEBIN          : DISABLED
%%                ID_COVERAGE_ADDBIN           : DISABLED
%%                ID_COVERAGE_ICOVER           : DISABLED
%%                ID_COVERAGE_CONFIG           : ENABLED
%%                ID_COVERAGE_SUMMARY          : ENABLED
%%                ID_COVERAGE_HOLES            : ENABLED
%%                ID_UVVM_SEND_CMD             : ENABLED
%%                ID_UVVM_CMD_ACK              : DISABLED
%%                ID_UVVM_CMD_RESULT           : DISABLED
%%                ID_CMD_INTERPRETER           : ENABLED
%%                ID_CMD_INTERPRETER_WAIT      : ENABLED
%%                ID_IMMEDIATE_CMD             : ENABLED
%%                ID_IMMEDIATE_CMD_WAIT        : ENABLED
%%                ID_CMD_EXECUTOR              : ENABLED
%%                ID_CMD_EXECUTOR_WAIT         : ENABLED
%%                ID_CHANNEL_EXECUTOR          : ENABLED
%%                ID_CHANNEL_EXECUTOR_WAIT     : ENABLED
%%                ID_NEW_HVVC_CMD_SEQ          : ENABLED
%%                ID_INSERTED_DELAY            : ENABLED
%%                ID_OLD_AWAIT_COMPLETION      : ENABLED
%%                ID_AWAIT_COMPLETION          : DISABLED
%%                ID_AWAIT_COMPLETION_LIST     : DISABLED
%%                ID_AWAIT_COMPLETION_WAIT     : DISABLED
%%                ID_AWAIT_COMPLETION_END      : DISABLED
%%                ID_AWAIT_UVVM_COMPLETION     : ENABLED
%%                ID_UVVM_DATA_QUEUE           : ENABLED
%%                ID_CONSTRUCTOR               : ENABLED
%%                ID_CONSTRUCTOR_SUB           : ENABLED
%%                ID_VVC_ACTIVITY              : ENABLED
%%                ID_MONITOR                   : ENABLED
%%                ID_MONITOR_ERROR             : ENABLED
%%                ID_DATA                      : ENABLED
%%                ID_CTRL                      : ENABLED
%%                ID_SPEC_COV_INIT             : ENABLED
%%                ID_SPEC_COV_REQS             : ENABLED
%%                ID_SPEC_COV                  : ENABLED
%%                ID_FILE_OPEN_CLOSE           : ENABLED
%%                ID_FILE_PARSER               : ENABLED
%%      -----------------------------------------------------------------------------------------------------------------------------------------------------------------------
%%      
%% 
%%           0.0 ns  Log    ID_SEQUENCER        TB seq.             Setting inter-bfm delay
%%          12.5 ns  Log    ID_GEN_PULSE        TB seq.             Pulsed to 1 for 12500 ps. 'Trigger DUT reset'
%%     1000012.5 ns  Log    ID_UVVM_SEND_CMD    TB seq.(uvvm)       wishbone_write(WISHBONE_VVC,0, x"0", x"13"): 'Set SCL prescaler LSB'. [6]
%%     1000012.5 ns  Log    ID_UVVM_SEND_CMD    TB seq.(uvvm)       wishbone_write(WISHBONE_VVC,0, x"1", x"00"): 'Set SCL prescaler MSB'. [7]
%%     1000012.5 ns  Log    ID_UVVM_SEND_CMD    TB seq.(uvvm)       wishbone_write(WISHBONE_VVC,0, x"2", x"80"): 'Enable DUT'. [8]
%%     1000032.5 ns  Log    ID_BFM              WISHBONE_VVC,0      wishbone_write(A:x"0", x"13") completed. ' 'Set SCL prescaler LSB'  [6]'
%%     1000052.5 ns  Log    ID_BFM              WISHBONE_VVC,0      wishbone_write(A:x"1", x"00") completed. ' 'Set SCL prescaler MSB'  [7]'
%%     1000072.5 ns  Log    ID_BFM              WISHBONE_VVC,0      wishbone_write(A:x"2", x"80") completed. ' 'Enable DUT'  [8]'
%%     1000072.5 ns  Log    ID_UVVM_SEND_CMD    TB seq.(uvvm)       i2c_master_transmit(I2C_VVC,3): 'Transmit data to I2C slave'. [10]
%%     1000072.5 ns  Log    ID_UVVM_SEND_CMD    TB seq.(uvvm)       i2c_master_transmit(I2C_VVC,3): 'Transmit data to I2C slave'. [11]
%%     1000072.5 ns  Log    ID_UVVM_SEND_CMD    TB seq.(uvvm)       i2c_master_transmit(I2C_VVC,3): 'Transmit data to I2C slave'. [12]
%%     1000072.5 ns  Log    ID_UVVM_SEND_CMD    TB seq.(uvvm)       i2c_master_transmit(I2C_VVC,3): 'Transmit data to I2C slave'. [13]
%%     1021327.5 ns  Log    ID_BFM              I2C_VVC,3           i2c_master_transmit(A:x"02A", (x"22"))=> (x"22"). ' 'Transmit data to I2C slave'  [10]'
%%     1021327.5 ns  Alert  WARNING             I2C_VVC,3: i2c_check_slave_addr()  This address is reserved for 10-bit-addressing. Only use this address if you are certain
%%:                                                                                that the address is never going to be used for its intended purpose. See I2C-bus
%%:                                                                                specification Rev. 6 for more information.
%%     1042582.5 ns  Log    ID_BFM              I2C_VVC,3           i2c_master_transmit(A:x"078", (x"E3"))=> (x"E3"). ' 'Transmit data to I2C slave'  [11]'
%%     1042582.5 ns  Alert  WARNING             I2C_VVC,3: i2c_check_slave_addr()  This address is reserved for general call and START byte. Only use this address if you are
%%:                                                                                certain that the address is never going to be used for its intended purpose. See I2C-bus
%%:                                                                                specification Rev. 6 for more information.
%%     1063837.5 ns  Log    ID_BFM              I2C_VVC,3           i2c_master_transmit(A:x"000", (x"70"))=> (x"70"). ' 'Transmit data to I2C slave'  [12]'
%%     1063837.5 ns  Alert  WARNING             I2C_VVC,3: i2c_check_slave_addr()  This address is reserved for device ID. Only use this address if you are certain that the
%%:                                                                                address is never going to be used for its intended purpose. See I2C-bus specification Rev. 6
%%:                                                                                for more information.
%%     1085092.5 ns  Log    ID_BFM              I2C_VVC,3           i2c_master_transmit(A:x"07F", (x"99"))=> (x"99"). ' 'Transmit data to I2C slave'  [13]'
%%     1085092.5 ns  Log    ID_UVVM_SEND_CMD    TB seq.(uvvm)       sbi_check(SBI_VVC,0, x"2A", x"22"): 'Checking data that was just written via I2C'. [15]
%%     1085092.5 ns  Log    ID_UVVM_SEND_CMD    TB seq.(uvvm)       sbi_check(SBI_VVC,0, x"78", x"E3"): 'Checking data that was just written via I2C'. [16]
%%     1085092.5 ns  Log    ID_UVVM_SEND_CMD    TB seq.(uvvm)       sbi_check(SBI_VVC,0, x"00", x"70"): 'Checking data that was just written via I2C'. [17]
%%     1085092.5 ns  Log    ID_UVVM_SEND_CMD    TB seq.(uvvm)       sbi_check(SBI_VVC,0, x"7F", x"99"): 'Checking data that was just written via I2C'. [18]
%%     1085102.5 ns  Log    ID_BFM              SBI_VVC,0           sbi_check(A:x"2A", x"22")=> OK, read data = x"22". ' 'Checking data that was just written via I2C'  [15]'
%%     1085112.5 ns  Log    ID_BFM              SBI_VVC,0           sbi_check(A:x"78", x"E3")=> OK, read data = x"E3". ' 'Checking data that was just written via I2C'  [16]'
%%     1085122.5 ns  Log    ID_BFM              SBI_VVC,0           sbi_check(A:x"00", x"70")=> OK, read data = x"70". ' 'Checking data that was just written via I2C'  [17]'
%%     1085132.5 ns  Log    ID_BFM              SBI_VVC,0           sbi_check(A:x"7F", x"99")=> OK, read data = x"99". ' 'Checking data that was just written via I2C'  [18]'
%%     1085132.5 ns  Log    ID_UVVM_SEND_CMD    TB seq.(uvvm)       i2c_master_transmit(I2C_VVC,3): 'Transmit data to I2C slave'. [20]
%%     1085132.5 ns  Log    ID_UVVM_SEND_CMD    TB seq.(uvvm)       i2c_master_transmit(I2C_VVC,3): 'Transmit data to I2C slave'. [21]
%%     1085132.5 ns  Log    ID_UVVM_SEND_CMD    TB seq.(uvvm)       i2c_master_transmit(I2C_VVC,3): 'Transmit data to I2C slave'. [22]
%%     1085132.5 ns  Log    ID_UVVM_SEND_CMD    TB seq.(uvvm)       i2c_master_transmit(I2C_VVC,3): 'Transmit data to I2C slave'. [23]
%%     1106387.5 ns  Log    ID_BFM              I2C_VVC,3           i2c_master_transmit(A:x"02A", (x"2B"))=> (x"2B"). ' 'Transmit data to I2C slave'  [20]'
%%     1106387.5 ns  Alert  WARNING             I2C_VVC,3: i2c_check_slave_addr()  This address is reserved for 10-bit-addressing. Only use this address if you are certain
%%:                                                                                that the address is never going to be used for its intended purpose. See I2C-bus
%%:                                                                                specification Rev. 6 for more information.
%%     1127642.5 ns  Log    ID_BFM              I2C_VVC,3           i2c_master_transmit(A:x"078", (x"11"))=> (x"11"). ' 'Transmit data to I2C slave'  [21]'
%%     1127642.5 ns  Alert  WARNING             I2C_VVC,3: i2c_check_slave_addr()  This address is reserved for general call and START byte. Only use this address if you are
%%:                                                                                certain that the address is never going to be used for its intended purpose. See I2C-bus
%%:                                                                                specification Rev. 6 for more information.
%%     1148897.5 ns  Log    ID_BFM              I2C_VVC,3           i2c_master_transmit(A:x"000", (x"2C"))=> (x"2C"). ' 'Transmit data to I2C slave'  [22]'
%%     1148897.5 ns  Alert  WARNING             I2C_VVC,3: i2c_check_slave_addr()  This address is reserved for device ID. Only use this address if you are certain that the
%%:                                                                                address is never going to be used for its intended purpose. See I2C-bus specification Rev. 6
%%:                                                                                for more information.
%%     1170152.5 ns  Log    ID_BFM              I2C_VVC,3           i2c_master_transmit(A:x"07F", (x"9C"))=> (x"9C"). ' 'Transmit data to I2C slave'  [23]'
%%     1170152.5 ns  Log    ID_UVVM_SEND_CMD    TB seq.(uvvm)       sbi_check(SBI_VVC,0, x"2A", x"2B"): 'Checking data that was just written via I2C'. [25]
%%     1170152.5 ns  Log    ID_UVVM_SEND_CMD    TB seq.(uvvm)       sbi_check(SBI_VVC,0, x"78", x"11"): 'Checking data that was just written via I2C'. [26]
%%     1170152.5 ns  Log    ID_UVVM_SEND_CMD    TB seq.(uvvm)       sbi_check(SBI_VVC,0, x"00", x"2C"): 'Checking data that was just written via I2C'. [27]
%%     1170152.5 ns  Log    ID_UVVM_SEND_CMD    TB seq.(uvvm)       sbi_check(SBI_VVC,0, x"7F", x"9C"): 'Checking data that was just written via I2C'. [28]
%%     1170162.5 ns  Log    ID_BFM              SBI_VVC,0           sbi_check(A:x"2A", x"2B")=> OK, read data = x"2B". ' 'Checking data that was just written via I2C'  [25]'
%%     1170172.5 ns  Log    ID_BFM              SBI_VVC,0           sbi_check(A:x"78", x"11")=> OK, read data = x"11". ' 'Checking data that was just written via I2C'  [26]'
%%     1170182.5 ns  Log    ID_BFM              SBI_VVC,0           sbi_check(A:x"00", x"2C")=> OK, read data = x"2C". ' 'Checking data that was just written via I2C'  [27]'
%%     1170192.5 ns  Log    ID_BFM              SBI_VVC,0           sbi_check(A:x"7F", x"9C")=> OK, read data = x"9C". ' 'Checking data that was just written via I2C'  [28]'
%%     1170192.5 ns  Log    ID_UVVM_SEND_CMD    TB seq.(uvvm)       i2c_master_transmit(I2C_VVC,3): 'Transmit data to I2C slave'. [30]
%%     1170192.5 ns  Log    ID_UVVM_SEND_CMD    TB seq.(uvvm)       i2c_master_transmit(I2C_VVC,3): 'Transmit data to I2C slave'. [31]
%%     1170192.5 ns  Log    ID_UVVM_SEND_CMD    TB seq.(uvvm)       i2c_master_transmit(I2C_VVC,3): 'Transmit data to I2C slave'. [32]
%%     1170192.5 ns  Log    ID_UVVM_SEND_CMD    TB seq.(uvvm)       i2c_master_transmit(I2C_VVC,3): 'Transmit data to I2C slave'. [33]
%%     1191447.5 ns  Log    ID_BFM              I2C_VVC,3           i2c_master_transmit(A:x"02A", (x"80"))=> (x"80"). ' 'Transmit data to I2C slave'  [30]'
%%     1191447.5 ns  Alert  WARNING             I2C_VVC,3: i2c_check_slave_addr()  This address is reserved for 10-bit-addressing. Only use this address if you are certain
%%:                                                                                that the address is never going to be used for its intended purpose. See I2C-bus
%%:                                                                                specification Rev. 6 for more information.
%%     1212702.5 ns  Log    ID_BFM              I2C_VVC,3           i2c_master_transmit(A:x"078", (x"CB"))=> (x"CB"). ' 'Transmit data to I2C slave'  [31]'
%%     1212702.5 ns  Alert  WARNING             I2C_VVC,3: i2c_check_slave_addr()  This address is reserved for general call and START byte. Only use this address if you are
%%:                                                                                certain that the address is never going to be used for its intended purpose. See I2C-bus
%%:                                                                                specification Rev. 6 for more information.
%%     1233957.5 ns  Log    ID_BFM              I2C_VVC,3           i2c_master_transmit(A:x"000", (x"64"))=> (x"64"). ' 'Transmit data to I2C slave'  [32]'
%%     1233957.5 ns  Alert  WARNING             I2C_VVC,3: i2c_check_slave_addr()  This address is reserved for device ID. Only use this address if you are certain that the
%%:                                                                                address is never going to be used for its intended purpose. See I2C-bus specification Rev. 6
%%:                                                                                for more information.
%%     1255212.5 ns  Log    ID_BFM              I2C_VVC,3           i2c_master_transmit(A:x"07F", (x"4F"))=> (x"4F"). ' 'Transmit data to I2C slave'  [33]'
%%     1255212.5 ns  Log    ID_UVVM_SEND_CMD    TB seq.(uvvm)       sbi_check(SBI_VVC,0, x"2A", x"80"): 'Checking data that was just written via I2C'. [35]
%%     1255212.5 ns  Log    ID_UVVM_SEND_CMD    TB seq.(uvvm)       sbi_check(SBI_VVC,0, x"78", x"CB"): 'Checking data that was just written via I2C'. [36]
%%     1255212.5 ns  Log    ID_UVVM_SEND_CMD    TB seq.(uvvm)       sbi_check(SBI_VVC,0, x"00", x"64"): 'Checking data that was just written via I2C'. [37]
%%     1255212.5 ns  Log    ID_UVVM_SEND_CMD    TB seq.(uvvm)       sbi_check(SBI_VVC,0, x"7F", x"4F"): 'Checking data that was just written via I2C'. [38]
%%     1255222.5 ns  Log    ID_BFM              SBI_VVC,0           sbi_check(A:x"2A", x"80")=> OK, read data = x"80". ' 'Checking data that was just written via I2C'  [35]'
%%     1255232.5 ns  Log    ID_BFM              SBI_VVC,0           sbi_check(A:x"78", x"CB")=> OK, read data = x"CB". ' 'Checking data that was just written via I2C'  [36]'
%%     1255242.5 ns  Log    ID_BFM              SBI_VVC,0           sbi_check(A:x"00", x"64")=> OK, read data = x"64". ' 'Checking data that was just written via I2C'  [37]'
%%     1255252.5 ns  Log    ID_BFM              SBI_VVC,0           sbi_check(A:x"7F", x"4F")=> OK, read data = x"4F". ' 'Checking data that was just written via I2C'  [38]'
%%     1255252.5 ns  Log    ID_UVVM_SEND_CMD    TB seq.(uvvm)       i2c_master_transmit(I2C_VVC,3): 'Transmit data to I2C slave'. [40]
%%     1255252.5 ns  Log    ID_UVVM_SEND_CMD    TB seq.(uvvm)       i2c_master_transmit(I2C_VVC,3): 'Transmit data to I2C slave'. [41]
%%     1255252.5 ns  Log    ID_UVVM_SEND_CMD    TB seq.(uvvm)       i2c_master_transmit(I2C_VVC,3): 'Transmit data to I2C slave'. [42]
%%     1255252.5 ns  Log    ID_UVVM_SEND_CMD    TB seq.(uvvm)       i2c_master_transmit(I2C_VVC,3): 'Transmit data to I2C slave'. [43]
%%     1276507.5 ns  Log    ID_BFM              I2C_VVC,3           i2c_master_transmit(A:x"02A", (x"21"))=> (x"21"). ' 'Transmit data to I2C slave'  [40]'
%%     1276507.5 ns  Alert  WARNING             I2C_VVC,3: i2c_check_slave_addr()  This address is reserved for 10-bit-addressing. Only use this address if you are certain
%%:                                                                                that the address is never going to be used for its intended purpose. See I2C-bus
%%:                                                                                specification Rev. 6 for more information.
%%     1297762.5 ns  Log    ID_BFM              I2C_VVC,3           i2c_master_transmit(A:x"078", (x"92"))=> (x"92"). ' 'Transmit data to I2C slave'  [41]'
%%     1297762.5 ns  Alert  WARNING             I2C_VVC,3: i2c_check_slave_addr()  This address is reserved for general call and START byte. Only use this address if you are
%%:                                                                                certain that the address is never going to be used for its intended purpose. See I2C-bus
%%:                                                                                specification Rev. 6 for more information.
%%     1319017.5 ns  Log    ID_BFM              I2C_VVC,3           i2c_master_transmit(A:x"000", (x"60"))=> (x"60"). ' 'Transmit data to I2C slave'  [42]'
%%     1319017.5 ns  Alert  WARNING             I2C_VVC,3: i2c_check_slave_addr()  This address is reserved for device ID. Only use this address if you are certain that the
%%:                                                                                address is never going to be used for its intended purpose. See I2C-bus specification Rev. 6
%%:                                                                                for more information.
%%     1340272.5 ns  Log    ID_BFM              I2C_VVC,3           i2c_master_transmit(A:x"07F", (x"7B"))=> (x"7B"). ' 'Transmit data to I2C slave'  [43]'
%%     1340272.5 ns  Log    ID_UVVM_SEND_CMD    TB seq.(uvvm)       sbi_check(SBI_VVC,0, x"2A", x"21"): 'Checking data that was just written via I2C'. [45]
%%     1340272.5 ns  Log    ID_UVVM_SEND_CMD    TB seq.(uvvm)       sbi_check(SBI_VVC,0, x"78", x"92"): 'Checking data that was just written via I2C'. [46]
%%     1340272.5 ns  Log    ID_UVVM_SEND_CMD    TB seq.(uvvm)       sbi_check(SBI_VVC,0, x"00", x"60"): 'Checking data that was just written via I2C'. [47]
%%     1340272.5 ns  Log    ID_UVVM_SEND_CMD    TB seq.(uvvm)       sbi_check(SBI_VVC,0, x"7F", x"7B"): 'Checking data that was just written via I2C'. [48]
%%     1340282.5 ns  Log    ID_BFM              SBI_VVC,0           sbi_check(A:x"2A", x"21")=> OK, read data = x"21". ' 'Checking data that was just written via I2C'  [45]'
%%     1340292.5 ns  Log    ID_BFM              SBI_VVC,0           sbi_check(A:x"78", x"92")=> OK, read data = x"92". ' 'Checking data that was just written via I2C'  [46]'
%%     1340302.5 ns  Log    ID_BFM              SBI_VVC,0           sbi_check(A:x"00", x"60")=> OK, read data = x"60". ' 'Checking data that was just written via I2C'  [47]'
%%     1340312.5 ns  Log    ID_BFM              SBI_VVC,0           sbi_check(A:x"7F", x"7B")=> OK, read data = x"7B". ' 'Checking data that was just written via I2C'  [48]'
%%     1340312.5 ns  Log    ID_UVVM_SEND_CMD    TB seq.(uvvm)       i2c_master_transmit(I2C_VVC,3): 'Transmit data to I2C slave'. [50]
%%     1340312.5 ns  Log    ID_UVVM_SEND_CMD    TB seq.(uvvm)       i2c_master_transmit(I2C_VVC,3): 'Transmit data to I2C slave'. [51]
%%     1340312.5 ns  Log    ID_UVVM_SEND_CMD    TB seq.(uvvm)       i2c_master_transmit(I2C_VVC,3): 'Transmit data to I2C slave'. [52]
%%     1340312.5 ns  Log    ID_UVVM_SEND_CMD    TB seq.(uvvm)       i2c_master_transmit(I2C_VVC,3): 'Transmit data to I2C slave'. [53]
%%     1361567.5 ns  Log    ID_BFM              I2C_VVC,3           i2c_master_transmit(A:x"02A", (x"60"))=> (x"60"). ' 'Transmit data to I2C slave'  [50]'
%%     1361567.5 ns  Alert  WARNING             I2C_VVC,3: i2c_check_slave_addr()  This address is reserved for 10-bit-addressing. Only use this address if you are certain
%%:                                                                                that the address is never going to be used for its intended purpose. See I2C-bus
%%:                                                                                specification Rev. 6 for more information.
%%     1382822.5 ns  Log    ID_BFM              I2C_VVC,3           i2c_master_transmit(A:x"078", (x"8B"))=> (x"8B"). ' 'Transmit data to I2C slave'  [51]'
%%     1382822.5 ns  Alert  WARNING             I2C_VVC,3: i2c_check_slave_addr()  This address is reserved for general call and START byte. Only use this address if you are
%%:                                                                                certain that the address is never going to be used for its intended purpose. See I2C-bus
%%:                                                                                specification Rev. 6 for more information.
%%     1404077.5 ns  Log    ID_BFM              I2C_VVC,3           i2c_master_transmit(A:x"000", (x"C5"))=> (x"C5"). ' 'Transmit data to I2C slave'  [52]'
%%     1404077.5 ns  Alert  WARNING             I2C_VVC,3: i2c_check_slave_addr()  This address is reserved for device ID. Only use this address if you are certain that the
%%:                                                                                address is never going to be used for its intended purpose. See I2C-bus specification Rev. 6
%%:                                                                                for more information.
%%     1425332.5 ns  Log    ID_BFM              I2C_VVC,3           i2c_master_transmit(A:x"07F", (x"88"))=> (x"88"). ' 'Transmit data to I2C slave'  [53]'
%%     1425332.5 ns  Log    ID_UVVM_SEND_CMD    TB seq.(uvvm)       sbi_check(SBI_VVC,0, x"2A", x"60"): 'Checking data that was just written via I2C'. [55]
%%     1425332.5 ns  Log    ID_UVVM_SEND_CMD    TB seq.(uvvm)       sbi_check(SBI_VVC,0, x"78", x"8B"): 'Checking data that was just written via I2C'. [56]
%%     1425332.5 ns  Log    ID_UVVM_SEND_CMD    TB seq.(uvvm)       sbi_check(SBI_VVC,0, x"00", x"C5"): 'Checking data that was just written via I2C'. [57]
%%     1425332.5 ns  Log    ID_UVVM_SEND_CMD    TB seq.(uvvm)       sbi_check(SBI_VVC,0, x"7F", x"88"): 'Checking data that was just written via I2C'. [58]
%%     1425342.5 ns  Log    ID_BFM              SBI_VVC,0           sbi_check(A:x"2A", x"60")=> OK, read data = x"60". ' 'Checking data that was just written via I2C'  [55]'
%%     1425352.5 ns  Log    ID_BFM              SBI_VVC,0           sbi_check(A:x"78", x"8B")=> OK, read data = x"8B". ' 'Checking data that was just written via I2C'  [56]'
%%     1425362.5 ns  Log    ID_BFM              SBI_VVC,0           sbi_check(A:x"00", x"C5")=> OK, read data = x"C5". ' 'Checking data that was just written via I2C'  [57]'
%%     1425372.5 ns  Log    ID_BFM              SBI_VVC,0           sbi_check(A:x"7F", x"88")=> OK, read data = x"88". ' 'Checking data that was just written via I2C'  [58]'
%%     1425372.5 ns  Log    ID_UVVM_SEND_CMD    TB seq.(uvvm)       i2c_master_transmit(I2C_VVC,3): 'Transmit data to I2C slave'. [60]
%%     1425372.5 ns  Log    ID_UVVM_SEND_CMD    TB seq.(uvvm)       i2c_master_transmit(I2C_VVC,3): 'Transmit data to I2C slave'. [61]
%%     1425372.5 ns  Log    ID_UVVM_SEND_CMD    TB seq.(uvvm)       i2c_master_transmit(I2C_VVC,3): 'Transmit data to I2C slave'. [62]
%%     1425372.5 ns  Log    ID_UVVM_SEND_CMD    TB seq.(uvvm)       i2c_master_transmit(I2C_VVC,3): 'Transmit data to I2C slave'. [63]
%%     1446627.5 ns  Log    ID_BFM              I2C_VVC,3           i2c_master_transmit(A:x"02A", (x"06"))=> (x"6"). ' 'Transmit data to I2C slave'  [60]'
%%     1446627.5 ns  Alert  WARNING             I2C_VVC,3: i2c_check_slave_addr()  This address is reserved for 10-bit-addressing. Only use this address if you are certain
%%:                                                                                that the address is never going to be used for its intended purpose. See I2C-bus
%%:                                                                                specification Rev. 6 for more information.
%%     1467882.5 ns  Log    ID_BFM              I2C_VVC,3           i2c_master_transmit(A:x"078", (x"5D"))=> (x"5D"). ' 'Transmit data to I2C slave'  [61]'
%%     1467882.5 ns  Alert  WARNING             I2C_VVC,3: i2c_check_slave_addr()  This address is reserved for general call and START byte. Only use this address if you are
%%:                                                                                certain that the address is never going to be used for its intended purpose. See I2C-bus
%%:                                                                                specification Rev. 6 for more information.
%%     1489137.5 ns  Log    ID_BFM              I2C_VVC,3           i2c_master_transmit(A:x"000", (x"56"))=> (x"56"). ' 'Transmit data to I2C slave'  [62]'
%%     1489137.5 ns  Alert  WARNING             I2C_VVC,3: i2c_check_slave_addr()  This address is reserved for device ID. Only use this address if you are certain that the
%%:                                                                                address is never going to be used for its intended purpose. See I2C-bus specification Rev. 6
%%:                                                                                for more information.
%%     1510392.5 ns  Log    ID_BFM              I2C_VVC,3           i2c_master_transmit(A:x"07F", (x"65"))=> (x"65"). ' 'Transmit data to I2C slave'  [63]'
%%     1510392.5 ns  Log    ID_UVVM_SEND_CMD    TB seq.(uvvm)       sbi_check(SBI_VVC,0, x"2A", x"06"): 'Checking data that was just written via I2C'. [65]
%%     1510392.5 ns  Log    ID_UVVM_SEND_CMD    TB seq.(uvvm)       sbi_check(SBI_VVC,0, x"78", x"5D"): 'Checking data that was just written via I2C'. [66]
%%     1510392.5 ns  Log    ID_UVVM_SEND_CMD    TB seq.(uvvm)       sbi_check(SBI_VVC,0, x"00", x"56"): 'Checking data that was just written via I2C'. [67]
%%     1510392.5 ns  Log    ID_UVVM_SEND_CMD    TB seq.(uvvm)       sbi_check(SBI_VVC,0, x"7F", x"65"): 'Checking data that was just written via I2C'. [68]
%%     1510402.5 ns  Log    ID_BFM              SBI_VVC,0           sbi_check(A:x"2A", x"06")=> OK, read data = x"6". ' 'Checking data that was just written via I2C'  [65]'
%%     1510412.5 ns  Log    ID_BFM              SBI_VVC,0           sbi_check(A:x"78", x"5D")=> OK, read data = x"5D". ' 'Checking data that was just written via I2C'  [66]'
%%     1510422.5 ns  Log    ID_BFM              SBI_VVC,0           sbi_check(A:x"00", x"56")=> OK, read data = x"56". ' 'Checking data that was just written via I2C'  [67]'
%%     1510432.5 ns  Log    ID_BFM              SBI_VVC,0           sbi_check(A:x"7F", x"65")=> OK, read data = x"65". ' 'Checking data that was just written via I2C'  [68]'
%%     1510432.5 ns  Log    ID_UVVM_SEND_CMD    TB seq.(uvvm)       i2c_master_transmit(I2C_VVC,3): 'Transmit data to I2C slave'. [70]
%%     1510432.5 ns  Log    ID_UVVM_SEND_CMD    TB seq.(uvvm)       i2c_master_transmit(I2C_VVC,3): 'Transmit data to I2C slave'. [71]
%%     1510432.5 ns  Log    ID_UVVM_SEND_CMD    TB seq.(uvvm)       i2c_master_transmit(I2C_VVC,3): 'Transmit data to I2C slave'. [72]
%%     1510432.5 ns  Log    ID_UVVM_SEND_CMD    TB seq.(uvvm)       i2c_master_transmit(I2C_VVC,3): 'Transmit data to I2C slave'. [73]
%%     1531687.5 ns  Log    ID_BFM              I2C_VVC,3           i2c_master_transmit(A:x"02A", (x"6B"))=> (x"6B"). ' 'Transmit data to I2C slave'  [70]'
%%     1531687.5 ns  Alert  WARNING             I2C_VVC,3: i2c_check_slave_addr()  This address is reserved for 10-bit-addressing. Only use this address if you are certain
%%:                                                                                that the address is never going to be used for its intended purpose. See I2C-bus
%%:                                                                                specification Rev. 6 for more information.
%%     1552942.5 ns  Log    ID_BFM              I2C_VVC,3           i2c_master_transmit(A:x"078", (x"1C"))=> (x"1C"). ' 'Transmit data to I2C slave'  [71]'
%%     1552942.5 ns  Alert  WARNING             I2C_VVC,3: i2c_check_slave_addr()  This address is reserved for general call and START byte. Only use this address if you are
%%:                                                                                certain that the address is never going to be used for its intended purpose. See I2C-bus
%%:                                                                                specification Rev. 6 for more information.
%%     1574197.5 ns  Log    ID_BFM              I2C_VVC,3           i2c_master_transmit(A:x"000", (x"1F"))=> (x"1F"). ' 'Transmit data to I2C slave'  [72]'
%%     1574197.5 ns  Alert  WARNING             I2C_VVC,3: i2c_check_slave_addr()  This address is reserved for device ID. Only use this address if you are certain that the
%%:                                                                                address is never going to be used for its intended purpose. See I2C-bus specification Rev. 6
%%:                                                                                for more information.
%%     1595452.5 ns  Log    ID_BFM              I2C_VVC,3           i2c_master_transmit(A:x"07F", (x"12"))=> (x"12"). ' 'Transmit data to I2C slave'  [73]'
%%     1595452.5 ns  Log    ID_UVVM_SEND_CMD    TB seq.(uvvm)       sbi_check(SBI_VVC,0, x"2A", x"6B"): 'Checking data that was just written via I2C'. [75]
%%     1595452.5 ns  Log    ID_UVVM_SEND_CMD    TB seq.(uvvm)       sbi_check(SBI_VVC,0, x"78", x"1C"): 'Checking data that was just written via I2C'. [76]
%%     1595452.5 ns  Log    ID_UVVM_SEND_CMD    TB seq.(uvvm)       sbi_check(SBI_VVC,0, x"00", x"1F"): 'Checking data that was just written via I2C'. [77]
%%     1595452.5 ns  Log    ID_UVVM_SEND_CMD    TB seq.(uvvm)       sbi_check(SBI_VVC,0, x"7F", x"12"): 'Checking data that was just written via I2C'. [78]
%%     1595462.5 ns  Log    ID_BFM              SBI_VVC,0           sbi_check(A:x"2A", x"6B")=> OK, read data = x"6B". ' 'Checking data that was just written via I2C'  [75]'
%%     1595472.5 ns  Log    ID_BFM              SBI_VVC,0           sbi_check(A:x"78", x"1C")=> OK, read data = x"1C". ' 'Checking data that was just written via I2C'  [76]'
%%     1595482.5 ns  Log    ID_BFM              SBI_VVC,0           sbi_check(A:x"00", x"1F")=> OK, read data = x"1F". ' 'Checking data that was just written via I2C'  [77]'
%%     1595492.5 ns  Log    ID_BFM              SBI_VVC,0           sbi_check(A:x"7F", x"12")=> OK, read data = x"12". ' 'Checking data that was just written via I2C'  [78]'
%%     1595492.5 ns  Log    ID_UVVM_SEND_CMD    TB seq.(uvvm)       i2c_master_transmit(I2C_VVC,3): 'Transmit data to I2C slave'. [80]
%%     1595492.5 ns  Log    ID_UVVM_SEND_CMD    TB seq.(uvvm)       i2c_master_transmit(I2C_VVC,3): 'Transmit data to I2C slave'. [81]
%%     1595492.5 ns  Log    ID_UVVM_SEND_CMD    TB seq.(uvvm)       i2c_master_transmit(I2C_VVC,3): 'Transmit data to I2C slave'. [82]
%%     1595492.5 ns  Log    ID_UVVM_SEND_CMD    TB seq.(uvvm)       i2c_master_transmit(I2C_VVC,3): 'Transmit data to I2C slave'. [83]
%%     1616747.5 ns  Log    ID_BFM              I2C_VVC,3           i2c_master_transmit(A:x"02A", (x"B1"))=> (x"B1"). ' 'Transmit data to I2C slave'  [80]'
%%     1616747.5 ns  Alert  WARNING             I2C_VVC,3: i2c_check_slave_addr()  This address is reserved for 10-bit-addressing. Only use this address if you are certain
%%:                                                                                that the address is never going to be used for its intended purpose. See I2C-bus
%%:                                                                                specification Rev. 6 for more information.
%%     1638002.5 ns  Log    ID_BFM              I2C_VVC,3           i2c_master_transmit(A:x"078", (x"B6"))=> (x"B6"). ' 'Transmit data to I2C slave'  [81]'
%%     1638002.5 ns  Alert  WARNING             I2C_VVC,3: i2c_check_slave_addr()  This address is reserved for general call and START byte. Only use this address if you are
%%:                                                                                certain that the address is never going to be used for its intended purpose. See I2C-bus
%%:                                                                                specification Rev. 6 for more information.
%%     1659257.5 ns  Log    ID_BFM              I2C_VVC,3           i2c_master_transmit(A:x"000", (x"8B"))=> (x"8B"). ' 'Transmit data to I2C slave'  [82]'
%%     1659257.5 ns  Alert  WARNING             I2C_VVC,3: i2c_check_slave_addr()  This address is reserved for device ID. Only use this address if you are certain that the
%%:                                                                                address is never going to be used for its intended purpose. See I2C-bus specification Rev. 6
%%:                                                                                for more information.
%%     1680512.5 ns  Log    ID_BFM              I2C_VVC,3           i2c_master_transmit(A:x"07F", (x"BB"))=> (x"BB"). ' 'Transmit data to I2C slave'  [83]'
%%     1680512.5 ns  Log    ID_UVVM_SEND_CMD    TB seq.(uvvm)       sbi_check(SBI_VVC,0, x"2A", x"B1"): 'Checking data that was just written via I2C'. [85]
%%     1680512.5 ns  Log    ID_UVVM_SEND_CMD    TB seq.(uvvm)       sbi_check(SBI_VVC,0, x"78", x"B6"): 'Checking data that was just written via I2C'. [86]
%%     1680512.5 ns  Log    ID_UVVM_SEND_CMD    TB seq.(uvvm)       sbi_check(SBI_VVC,0, x"00", x"8B"): 'Checking data that was just written via I2C'. [87]
%%     1680512.5 ns  Log    ID_UVVM_SEND_CMD    TB seq.(uvvm)       sbi_check(SBI_VVC,0, x"7F", x"BB"): 'Checking data that was just written via I2C'. [88]
%%     1680522.5 ns  Log    ID_BFM              SBI_VVC,0           sbi_check(A:x"2A", x"B1")=> OK, read data = x"B1". ' 'Checking data that was just written via I2C'  [85]'
%%     1680532.5 ns  Log    ID_BFM              SBI_VVC,0           sbi_check(A:x"78", x"B6")=> OK, read data = x"B6". ' 'Checking data that was just written via I2C'  [86]'
%%     1680542.5 ns  Log    ID_BFM              SBI_VVC,0           sbi_check(A:x"00", x"8B")=> OK, read data = x"8B". ' 'Checking data that was just written via I2C'  [87]'
%%     1680552.5 ns  Log    ID_BFM              SBI_VVC,0           sbi_check(A:x"7F", x"BB")=> OK, read data = x"BB". ' 'Checking data that was just written via I2C'  [88]'
%%     1680552.5 ns  Log    ID_UVVM_SEND_CMD    TB seq.(uvvm)       i2c_master_transmit(I2C_VVC,3): 'Transmit data to I2C slave'. [90]
%%     1680552.5 ns  Log    ID_UVVM_SEND_CMD    TB seq.(uvvm)       i2c_master_transmit(I2C_VVC,3): 'Transmit data to I2C slave'. [91]
%%     1680552.5 ns  Log    ID_UVVM_SEND_CMD    TB seq.(uvvm)       i2c_master_transmit(I2C_VVC,3): 'Transmit data to I2C slave'. [92]
%%     1680552.5 ns  Log    ID_UVVM_SEND_CMD    TB seq.(uvvm)       i2c_master_transmit(I2C_VVC,3): 'Transmit data to I2C slave'. [93]
%%     1701807.5 ns  Log    ID_BFM              I2C_VVC,3           i2c_master_transmit(A:x"02A", (x"8E"))=> (x"8E"). ' 'Transmit data to I2C slave'  [90]'
%%     1701807.5 ns  Alert  WARNING             I2C_VVC,3: i2c_check_slave_addr()  This address is reserved for 10-bit-addressing. Only use this address if you are certain
%%:                                                                                that the address is never going to be used for its intended purpose. See I2C-bus
%%:                                                                                specification Rev. 6 for more information.
%%     1723062.5 ns  Log    ID_BFM              I2C_VVC,3           i2c_master_transmit(A:x"078", (x"71"))=> (x"71"). ' 'Transmit data to I2C slave'  [91]'
%%     1723062.5 ns  Alert  WARNING             I2C_VVC,3: i2c_check_slave_addr()  This address is reserved for general call and START byte. Only use this address if you are
%%:                                                                                certain that the address is never going to be used for its intended purpose. See I2C-bus
%%:                                                                                specification Rev. 6 for more information.
%%     1744317.5 ns  Log    ID_BFM              I2C_VVC,3           i2c_master_transmit(A:x"000", (x"A2"))=> (x"A2"). ' 'Transmit data to I2C slave'  [92]'
%%     1744317.5 ns  Alert  WARNING             I2C_VVC,3: i2c_check_slave_addr()  This address is reserved for device ID. Only use this address if you are certain that the
%%:                                                                                address is never going to be used for its intended purpose. See I2C-bus specification Rev. 6
%%:                                                                                for more information.
%%     1765572.5 ns  Log    ID_BFM              I2C_VVC,3           i2c_master_transmit(A:x"07F", (x"EE"))=> (x"EE"). ' 'Transmit data to I2C slave'  [93]'
%%     1765572.5 ns  Log    ID_UVVM_SEND_CMD    TB seq.(uvvm)       sbi_check(SBI_VVC,0, x"2A", x"8E"): 'Checking data that was just written via I2C'. [95]
%%     1765572.5 ns  Log    ID_UVVM_SEND_CMD    TB seq.(uvvm)       sbi_check(SBI_VVC,0, x"78", x"71"): 'Checking data that was just written via I2C'. [96]
%%     1765572.5 ns  Log    ID_UVVM_SEND_CMD    TB seq.(uvvm)       sbi_check(SBI_VVC,0, x"00", x"A2"): 'Checking data that was just written via I2C'. [97]
%%     1765572.5 ns  Log    ID_UVVM_SEND_CMD    TB seq.(uvvm)       sbi_check(SBI_VVC,0, x"7F", x"EE"): 'Checking data that was just written via I2C'. [98]
%%     1765582.5 ns  Log    ID_BFM              SBI_VVC,0           sbi_check(A:x"2A", x"8E")=> OK, read data = x"8E". ' 'Checking data that was just written via I2C'  [95]'
%%     1765592.5 ns  Log    ID_BFM              SBI_VVC,0           sbi_check(A:x"78", x"71")=> OK, read data = x"71". ' 'Checking data that was just written via I2C'  [96]'
%%     1765602.5 ns  Log    ID_BFM              SBI_VVC,0           sbi_check(A:x"00", x"A2")=> OK, read data = x"A2". ' 'Checking data that was just written via I2C'  [97]'
%%     1765612.5 ns  Log    ID_BFM              SBI_VVC,0           sbi_check(A:x"7F", x"EE")=> OK, read data = x"EE". ' 'Checking data that was just written via I2C'  [98]'
%%     1765612.5 ns  Log    ID_UVVM_SEND_CMD    TB seq.(uvvm)       i2c_master_transmit(I2C_VVC,3): 'Transmit data to I2C slave'. [100]
%%     1765612.5 ns  Log    ID_UVVM_SEND_CMD    TB seq.(uvvm)       i2c_master_transmit(I2C_VVC,3): 'Transmit data to I2C slave'. [101]
%%     1765612.5 ns  Log    ID_UVVM_SEND_CMD    TB seq.(uvvm)       i2c_master_transmit(I2C_VVC,3): 'Transmit data to I2C slave'. [102]
%%     1765612.5 ns  Log    ID_UVVM_SEND_CMD    TB seq.(uvvm)       i2c_master_transmit(I2C_VVC,3): 'Transmit data to I2C slave'. [103]
%%     1786867.5 ns  Log    ID_BFM              I2C_VVC,3           i2c_master_transmit(A:x"02A", (x"50"))=> (x"50"). ' 'Transmit data to I2C slave'  [100]'
%%     1786867.5 ns  Alert  WARNING             I2C_VVC,3: i2c_check_slave_addr()  This address is reserved for 10-bit-addressing. Only use this address if you are certain
%%:                                                                                that the address is never going to be used for its intended purpose. See I2C-bus
%%:                                                                                specification Rev. 6 for more information.
%%     1808122.5 ns  Log    ID_BFM              I2C_VVC,3           i2c_master_transmit(A:x"078", (x"FF"))=> (x"FF"). ' 'Transmit data to I2C slave'  [101]'
%%     1808122.5 ns  Alert  WARNING             I2C_VVC,3: i2c_check_slave_addr()  This address is reserved for general call and START byte. Only use this address if you are
%%:                                                                                certain that the address is never going to be used for its intended purpose. See I2C-bus
%%:                                                                                specification Rev. 6 for more information.
%%     1829377.5 ns  Log    ID_BFM              I2C_VVC,3           i2c_master_transmit(A:x"000", (x"B7"))=> (x"B7"). ' 'Transmit data to I2C slave'  [102]'
%%     1829377.5 ns  Alert  WARNING             I2C_VVC,3: i2c_check_slave_addr()  This address is reserved for device ID. Only use this address if you are certain that the
%%:                                                                                address is never going to be used for its intended purpose. See I2C-bus specification Rev. 6
%%:                                                                                for more information.
%%     1851137.5 ns  Log    ID_BFM              I2C_VVC,3           i2c_master_transmit(A:x"07F", (x"51"))=> (x"51"). ' 'Transmit data to I2C slave'  [103]'
%%     1851137.5 ns  Log    ID_UVVM_SEND_CMD    TB seq.(uvvm)       sbi_check(SBI_VVC,0, x"2A", x"50"): 'Checking data that was just written via I2C'. [105]
%%     1851137.5 ns  Log    ID_UVVM_SEND_CMD    TB seq.(uvvm)       sbi_check(SBI_VVC,0, x"78", x"FF"): 'Checking data that was just written via I2C'. [106]
%%     1851137.5 ns  Log    ID_UVVM_SEND_CMD    TB seq.(uvvm)       sbi_check(SBI_VVC,0, x"00", x"B7"): 'Checking data that was just written via I2C'. [107]
%%     1851137.5 ns  Log    ID_UVVM_SEND_CMD    TB seq.(uvvm)       sbi_check(SBI_VVC,0, x"7F", x"51"): 'Checking data that was just written via I2C'. [108]
%%     1851152.5 ns  Log    ID_BFM              SBI_VVC,0           sbi_check(A:x"2A", x"50")=> OK, read data = x"50". ' 'Checking data that was just written via I2C'  [105]'
%%     1851162.5 ns  Log    ID_BFM              SBI_VVC,0           sbi_check(A:x"78", x"FF")=> OK, read data = x"FF". ' 'Checking data that was just written via I2C'  [106]'
%%     1851172.5 ns  Log    ID_BFM              SBI_VVC,0           sbi_check(A:x"00", x"B7")=> OK, read data = x"B7". ' 'Checking data that was just written via I2C'  [107]'
%%     1851182.5 ns  Log    ID_BFM              SBI_VVC,0           sbi_check(A:x"7F", x"51")=> OK, read data = x"51". ' 'Checking data that was just written via I2C'  [108]'
%%     1851182.5 ns  Log    ID_UVVM_SEND_CMD    TB seq.(uvvm)       i2c_master_transmit(I2C_VVC,3): 'Transmit virtual memory address to I2C slave'. [110]
%%     1872437.5 ns  Log    ID_BFM              I2C_VVC,3           i2c_master_transmit(A:x"02A", (x"55"))=> (x"55"). ' 'Transmit virtual memory address to I2C slave'  [110]'
%%     1872437.5 ns  Log    ID_UVVM_SEND_CMD    TB seq.(uvvm)       sbi_check(SBI_VVC,0, x"2A", x"55"): 'Checking virtual memory address received on I2C'. [112]
%%     1872437.5 ns  Log    ID_UVVM_SEND_CMD    TB seq.(uvvm)       sbi_write(SBI_VVC,0, x"2A", x"47"): 'Write virtual memory data that shall be transmitted via I2C'. [113]
%%     1872437.5 ns  Log    ID_UVVM_SEND_CMD    TB seq.(uvvm)       sbi_write(SBI_VVC,0, x"2A", x"14"): 'Write virtual memory data that shall be transmitted via I2C'. [114]
%%     1872437.5 ns  Log    ID_UVVM_SEND_CMD    TB seq.(uvvm)       sbi_write(SBI_VVC,0, x"2A", x"3B"): 'Write virtual memory data that shall be transmitted via I2C'. [115]
%%     1872437.5 ns  Log    ID_UVVM_SEND_CMD    TB seq.(uvvm)       sbi_write(SBI_VVC,0, x"2A", x"25"): 'Write virtual memory data that shall be transmitted via I2C'. [116]
%%     1872437.5 ns  Log    ID_UVVM_SEND_CMD    TB seq.(uvvm)       sbi_write(SBI_VVC,0, x"2A", x"93"): 'Write virtual memory data that shall be transmitted via I2C'. [117]
%%     1872437.5 ns  Log    ID_UVVM_SEND_CMD    TB seq.(uvvm)       i2c_master_check(I2C_VVC,3): 'Check virtual memory data from I2C slave.'. [118]
%%     1872452.5 ns  Log    ID_BFM              SBI_VVC,0           sbi_check(A:x"2A", x"55")=> OK, read data = x"55". ' 'Checking virtual memory address received on I2C'  [112]'
%%     1872460.0 ns  Log    ID_BFM_WAIT         SBI_VVC,0           sbi_write(A:x"2A", x"47") waiting for response (sbi ready=0) ' 'Write virtual memory data that shall be
%%:                                                                 transmitted via I2C'  [113]'
%%     1872472.5 ns  Log    ID_BFM              SBI_VVC,0           sbi_write(A:x"2A", x"47") completed. ' 'Write virtual memory data that shall be transmitted via I2C'  [113]'
%%     1872480.0 ns  Log    ID_BFM_WAIT         SBI_VVC,0           sbi_write(A:x"2A", x"14") waiting for response (sbi ready=0) ' 'Write virtual memory data that shall be
%%:                                                                 transmitted via I2C'  [114]'
%%     1881692.5 ns  Log    ID_BFM              SBI_VVC,0           sbi_write(A:x"2A", x"14") completed. ' 'Write virtual memory data that shall be transmitted via I2C'  [114]'
%%     1881700.0 ns  Log    ID_BFM_WAIT         SBI_VVC,0           sbi_write(A:x"2A", x"3B") waiting for response (sbi ready=0) ' 'Write virtual memory data that shall be
%%:                                                                 transmitted via I2C'  [115]'
%%     1892142.5 ns  Log    ID_BFM              SBI_VVC,0           sbi_write(A:x"2A", x"3B") completed. ' 'Write virtual memory data that shall be transmitted via I2C'  [115]'
%%     1892150.0 ns  Log    ID_BFM_WAIT         SBI_VVC,0           sbi_write(A:x"2A", x"25") waiting for response (sbi ready=0) ' 'Write virtual memory data that shall be
%%:                                                                 transmitted via I2C'  [116]'
%%     1902322.5 ns  Log    ID_BFM              SBI_VVC,0           sbi_write(A:x"2A", x"25") completed. ' 'Write virtual memory data that shall be transmitted via I2C'  [116]'
%%     1902330.0 ns  Log    ID_BFM_WAIT         SBI_VVC,0           sbi_write(A:x"2A", x"93") waiting for response (sbi ready=0) ' 'Write virtual memory data that shall be
%%:                                                                 transmitted via I2C'  [117]'
%%     1912492.5 ns  Log    ID_BFM              SBI_VVC,0           sbi_write(A:x"2A", x"93") completed. ' 'Write virtual memory data that shall be transmitted via I2C'  [117]'
%%     1934392.5 ns  Log    ID_BFM              I2C_VVC,3           i2c_master_check(A:x"02A", (x"47", x"14", x"3B", x"25", x"93"))=> OK, read data = (x"47", x"14", x"3B",
%%:                                                                 x"25", x"93"). ' 'Check virtual memory data from I2C slave.'  [118]'
%%     1934392.5 ns  Log    ID_UVVM_SEND_CMD    TB seq.(uvvm)       i2c_master_transmit(I2C_VVC,3): 'Transmit virtual memory address to I2C slave'. [120]
%%     1934392.5 ns  Alert  WARNING             I2C_VVC,3: i2c_check_slave_addr()  This address is reserved for 10-bit-addressing. Only use this address if you are certain
%%:                                                                                that the address is never going to be used for its intended purpose. See I2C-bus
%%:                                                                                specification Rev. 6 for more information.
%%     1955647.5 ns  Log    ID_BFM              I2C_VVC,3           i2c_master_transmit(A:x"078", (x"AA"))=> (x"AA"). ' 'Transmit virtual memory address to I2C slave'  [120]'
%%     1955647.5 ns  Log    ID_UVVM_SEND_CMD    TB seq.(uvvm)       sbi_check(SBI_VVC,0, x"78", x"AA"): 'Checking virtual memory address received on I2C'. [122]
%%     1955647.5 ns  Log    ID_UVVM_SEND_CMD    TB seq.(uvvm)       sbi_write(SBI_VVC,0, x"78", x"47"): 'Write virtual memory data that shall be transmitted via I2C'. [123]
%%     1955647.5 ns  Log    ID_UVVM_SEND_CMD    TB seq.(uvvm)       sbi_write(SBI_VVC,0, x"78", x"14"): 'Write virtual memory data that shall be transmitted via I2C'. [124]
%%     1955647.5 ns  Log    ID_UVVM_SEND_CMD    TB seq.(uvvm)       sbi_write(SBI_VVC,0, x"78", x"3B"): 'Write virtual memory data that shall be transmitted via I2C'. [125]
%%     1955647.5 ns  Log    ID_UVVM_SEND_CMD    TB seq.(uvvm)       sbi_write(SBI_VVC,0, x"78", x"25"): 'Write virtual memory data that shall be transmitted via I2C'. [126]
%%     1955647.5 ns  Log    ID_UVVM_SEND_CMD    TB seq.(uvvm)       sbi_write(SBI_VVC,0, x"78", x"93"): 'Write virtual memory data that shall be transmitted via I2C'. [127]
%%     1955647.5 ns  Log    ID_UVVM_SEND_CMD    TB seq.(uvvm)       i2c_master_check(I2C_VVC,3): 'Check virtual memory data from I2C slave.'. [128]
%%     1955647.5 ns  Alert  WARNING             I2C_VVC,3: i2c_check_slave_addr()  This address is reserved for 10-bit-addressing. Only use this address if you are certain
%%:                                                                                that the address is never going to be used for its intended purpose. See I2C-bus
%%:                                                                                specification Rev. 6 for more information.
%%     1955662.5 ns  Log    ID_BFM              SBI_VVC,0           sbi_check(A:x"78", x"AA")=> OK, read data = x"AA". ' 'Checking virtual memory address received on I2C'  [122]'
%%     1955670.0 ns  Log    ID_BFM_WAIT         SBI_VVC,0           sbi_write(A:x"78", x"47") waiting for response (sbi ready=0) ' 'Write virtual memory data that shall be
%%:                                                                 transmitted via I2C'  [123]'
%%     1955682.5 ns  Log    ID_BFM              SBI_VVC,0           sbi_write(A:x"78", x"47") completed. ' 'Write virtual memory data that shall be transmitted via I2C'  [123]'
%%     1955690.0 ns  Log    ID_BFM_WAIT         SBI_VVC,0           sbi_write(A:x"78", x"14") waiting for response (sbi ready=0) ' 'Write virtual memory data that shall be
%%:                                                                 transmitted via I2C'  [124]'
%%     1964902.5 ns  Log    ID_BFM              SBI_VVC,0           sbi_write(A:x"78", x"14") completed. ' 'Write virtual memory data that shall be transmitted via I2C'  [124]'
%%     1964910.0 ns  Log    ID_BFM_WAIT         SBI_VVC,0           sbi_write(A:x"78", x"3B") waiting for response (sbi ready=0) ' 'Write virtual memory data that shall be
%%:                                                                 transmitted via I2C'  [125]'
%%     1975352.5 ns  Log    ID_BFM              SBI_VVC,0           sbi_write(A:x"78", x"3B") completed. ' 'Write virtual memory data that shall be transmitted via I2C'  [125]'
%%     1975360.0 ns  Log    ID_BFM_WAIT         SBI_VVC,0           sbi_write(A:x"78", x"25") waiting for response (sbi ready=0) ' 'Write virtual memory data that shall be
%%:                                                                 transmitted via I2C'  [126]'
%%     1985532.5 ns  Log    ID_BFM              SBI_VVC,0           sbi_write(A:x"78", x"25") completed. ' 'Write virtual memory data that shall be transmitted via I2C'  [126]'
%%     1985540.0 ns  Log    ID_BFM_WAIT         SBI_VVC,0           sbi_write(A:x"78", x"93") waiting for response (sbi ready=0) ' 'Write virtual memory data that shall be
%%:                                                                 transmitted via I2C'  [127]'
%%     1995702.5 ns  Log    ID_BFM              SBI_VVC,0           sbi_write(A:x"78", x"93") completed. ' 'Write virtual memory data that shall be transmitted via I2C'  [127]'
%%     2018107.5 ns  Log    ID_BFM              I2C_VVC,3           i2c_master_check(A:x"078", (x"47", x"14", x"3B", x"25", x"93"))=> OK, read data = (x"47", x"14", x"3B",
%%:                                                                 x"25", x"93"). ' 'Check virtual memory data from I2C slave.'  [128]'
%%     2018107.5 ns  Log    ID_UVVM_SEND_CMD    TB seq.(uvvm)       i2c_master_transmit(I2C_VVC,3): 'Transmit virtual memory address to I2C slave'. [130]
%%     2018107.5 ns  Alert  WARNING             I2C_VVC,3: i2c_check_slave_addr()  This address is reserved for general call and START byte. Only use this address if you are
%%:                                                                                certain that the address is never going to be used for its intended purpose. See I2C-bus
%%:                                                                                specification Rev. 6 for more information.
%%     2039362.5 ns  Log    ID_BFM              I2C_VVC,3           i2c_master_transmit(A:x"000", (x"55"))=> (x"55"). ' 'Transmit virtual memory address to I2C slave'  [130]'
%%     2039362.5 ns  Log    ID_UVVM_SEND_CMD    TB seq.(uvvm)       sbi_check(SBI_VVC,0, x"00", x"55"): 'Checking virtual memory address received on I2C'. [132]
%%     2039362.5 ns  Log    ID_UVVM_SEND_CMD    TB seq.(uvvm)       sbi_write(SBI_VVC,0, x"00", x"47"): 'Write virtual memory data that shall be transmitted via I2C'. [133]
%%     2039362.5 ns  Log    ID_UVVM_SEND_CMD    TB seq.(uvvm)       sbi_write(SBI_VVC,0, x"00", x"14"): 'Write virtual memory data that shall be transmitted via I2C'. [134]
%%     2039362.5 ns  Log    ID_UVVM_SEND_CMD    TB seq.(uvvm)       sbi_write(SBI_VVC,0, x"00", x"3B"): 'Write virtual memory data that shall be transmitted via I2C'. [135]
%%     2039362.5 ns  Log    ID_UVVM_SEND_CMD    TB seq.(uvvm)       sbi_write(SBI_VVC,0, x"00", x"25"): 'Write virtual memory data that shall be transmitted via I2C'. [136]
%%     2039362.5 ns  Log    ID_UVVM_SEND_CMD    TB seq.(uvvm)       sbi_write(SBI_VVC,0, x"00", x"93"): 'Write virtual memory data that shall be transmitted via I2C'. [137]
%%     2039362.5 ns  Log    ID_UVVM_SEND_CMD    TB seq.(uvvm)       i2c_master_check(I2C_VVC,3): 'Check virtual memory data from I2C slave.'. [138]
%%     2039362.5 ns  Alert  WARNING             I2C_VVC,3: i2c_check_slave_addr()  This address is reserved for general call and START byte. Only use this address if you are
%%:                                                                                certain that the address is never going to be used for its intended purpose. See I2C-bus
%%:                                                                                specification Rev. 6 for more information.
%%     2039372.5 ns  Log    ID_BFM              SBI_VVC,0           sbi_check(A:x"00", x"55")=> OK, read data = x"55". ' 'Checking virtual memory address received on I2C'  [132]'
%%     2039380.0 ns  Log    ID_BFM_WAIT         SBI_VVC,0           sbi_write(A:x"00", x"47") waiting for response (sbi ready=0) ' 'Write virtual memory data that shall be
%%:                                                                 transmitted via I2C'  [133]'
%%     2039392.5 ns  Log    ID_BFM              SBI_VVC,0           sbi_write(A:x"00", x"47") completed. ' 'Write virtual memory data that shall be transmitted via I2C'  [133]'
%%     2039400.0 ns  Log    ID_BFM_WAIT         SBI_VVC,0           sbi_write(A:x"00", x"14") waiting for response (sbi ready=0) ' 'Write virtual memory data that shall be
%%:                                                                 transmitted via I2C'  [134]'
%%     2048622.5 ns  Log    ID_BFM              SBI_VVC,0           sbi_write(A:x"00", x"14") completed. ' 'Write virtual memory data that shall be transmitted via I2C'  [134]'
%%     2048630.0 ns  Log    ID_BFM_WAIT         SBI_VVC,0           sbi_write(A:x"00", x"3B") waiting for response (sbi ready=0) ' 'Write virtual memory data that shall be
%%:                                                                 transmitted via I2C'  [135]'
%%     2059072.5 ns  Log    ID_BFM              SBI_VVC,0           sbi_write(A:x"00", x"3B") completed. ' 'Write virtual memory data that shall be transmitted via I2C'  [135]'
%%     2059080.0 ns  Log    ID_BFM_WAIT         SBI_VVC,0           sbi_write(A:x"00", x"25") waiting for response (sbi ready=0) ' 'Write virtual memory data that shall be
%%:                                                                 transmitted via I2C'  [136]'
%%     2069242.5 ns  Log    ID_BFM              SBI_VVC,0           sbi_write(A:x"00", x"25") completed. ' 'Write virtual memory data that shall be transmitted via I2C'  [136]'
%%     2069250.0 ns  Log    ID_BFM_WAIT         SBI_VVC,0           sbi_write(A:x"00", x"93") waiting for response (sbi ready=0) ' 'Write virtual memory data that shall be
%%:                                                                 transmitted via I2C'  [137]'
%%     2079422.5 ns  Log    ID_BFM              SBI_VVC,0           sbi_write(A:x"00", x"93") completed. ' 'Write virtual memory data that shall be transmitted via I2C'  [137]'
%%     2101317.5 ns  Log    ID_BFM              I2C_VVC,3           i2c_master_check(A:x"000", (x"47", x"14", x"3B", x"25", x"93"))=> OK, read data = (x"47", x"14", x"3B",
%%:                                                                 x"25", x"93"). ' 'Check virtual memory data from I2C slave.'  [138]'
%%     2101317.5 ns  Log    ID_UVVM_SEND_CMD    TB seq.(uvvm)       i2c_master_transmit(I2C_VVC,3): 'Transmit virtual memory address to I2C slave'. [140]
%%     2101317.5 ns  Alert  WARNING             I2C_VVC,3: i2c_check_slave_addr()  This address is reserved for device ID. Only use this address if you are certain that the
%%:                                                                                address is never going to be used for its intended purpose. See I2C-bus specification Rev. 6
%%:                                                                                for more information.
%%     2122572.5 ns  Log    ID_BFM              I2C_VVC,3           i2c_master_transmit(A:x"07F", (x"AA"))=> (x"AA"). ' 'Transmit virtual memory address to I2C slave'  [140]'
%%     2122572.5 ns  Log    ID_UVVM_SEND_CMD    TB seq.(uvvm)       sbi_check(SBI_VVC,0, x"7F", x"AA"): 'Checking virtual memory address received on I2C'. [142]
%%     2122572.5 ns  Log    ID_UVVM_SEND_CMD    TB seq.(uvvm)       sbi_write(SBI_VVC,0, x"7F", x"47"): 'Write virtual memory data that shall be transmitted via I2C'. [143]
%%     2122572.5 ns  Log    ID_UVVM_SEND_CMD    TB seq.(uvvm)       sbi_write(SBI_VVC,0, x"7F", x"14"): 'Write virtual memory data that shall be transmitted via I2C'. [144]
%%     2122572.5 ns  Log    ID_UVVM_SEND_CMD    TB seq.(uvvm)       sbi_write(SBI_VVC,0, x"7F", x"3B"): 'Write virtual memory data that shall be transmitted via I2C'. [145]
%%     2122572.5 ns  Log    ID_UVVM_SEND_CMD    TB seq.(uvvm)       sbi_write(SBI_VVC,0, x"7F", x"25"): 'Write virtual memory data that shall be transmitted via I2C'. [146]
%%     2122572.5 ns  Log    ID_UVVM_SEND_CMD    TB seq.(uvvm)       sbi_write(SBI_VVC,0, x"7F", x"93"): 'Write virtual memory data that shall be transmitted via I2C'. [147]
%%     2122572.5 ns  Log    ID_UVVM_SEND_CMD    TB seq.(uvvm)       i2c_master_check(I2C_VVC,3): 'Check virtual memory data from I2C slave.'. [148]
%%     2122572.5 ns  Alert  WARNING             I2C_VVC,3: i2c_check_slave_addr()  This address is reserved for device ID. Only use this address if you are certain that the
%%:                                                                                address is never going to be used for its intended purpose. See I2C-bus specification Rev. 6
%%:                                                                                for more information.
%%     2122582.5 ns  Log    ID_BFM              SBI_VVC,0           sbi_check(A:x"7F", x"AA")=> OK, read data = x"AA". ' 'Checking virtual memory address received on I2C'  [142]'
%%     2122590.0 ns  Log    ID_BFM_WAIT         SBI_VVC,0           sbi_write(A:x"7F", x"47") waiting for response (sbi ready=0) ' 'Write virtual memory data that shall be
%%:                                                                 transmitted via I2C'  [143]'
%%     2122602.5 ns  Log    ID_BFM              SBI_VVC,0           sbi_write(A:x"7F", x"47") completed. ' 'Write virtual memory data that shall be transmitted via I2C'  [143]'
%%     2122610.0 ns  Log    ID_BFM_WAIT         SBI_VVC,0           sbi_write(A:x"7F", x"14") waiting for response (sbi ready=0) ' 'Write virtual memory data that shall be
%%:                                                                 transmitted via I2C'  [144]'
%%     2131832.5 ns  Log    ID_BFM              SBI_VVC,0           sbi_write(A:x"7F", x"14") completed. ' 'Write virtual memory data that shall be transmitted via I2C'  [144]'
%%     2131840.0 ns  Log    ID_BFM_WAIT         SBI_VVC,0           sbi_write(A:x"7F", x"3B") waiting for response (sbi ready=0) ' 'Write virtual memory data that shall be
%%:                                                                 transmitted via I2C'  [145]'
%%     2142282.5 ns  Log    ID_BFM              SBI_VVC,0           sbi_write(A:x"7F", x"3B") completed. ' 'Write virtual memory data that shall be transmitted via I2C'  [145]'
%%     2142290.0 ns  Log    ID_BFM_WAIT         SBI_VVC,0           sbi_write(A:x"7F", x"25") waiting for response (sbi ready=0) ' 'Write virtual memory data that shall be
%%:                                                                 transmitted via I2C'  [146]'
%%     2152452.5 ns  Log    ID_BFM              SBI_VVC,0           sbi_write(A:x"7F", x"25") completed. ' 'Write virtual memory data that shall be transmitted via I2C'  [146]'
%%     2152460.0 ns  Log    ID_BFM_WAIT         SBI_VVC,0           sbi_write(A:x"7F", x"93") waiting for response (sbi ready=0) ' 'Write virtual memory data that shall be
%%:                                                                 transmitted via I2C'  [147]'
%%     2162632.5 ns  Log    ID_BFM              SBI_VVC,0           sbi_write(A:x"7F", x"93") completed. ' 'Write virtual memory data that shall be transmitted via I2C'  [147]'
%%     2185032.5 ns  Log    ID_BFM              I2C_VVC,3           i2c_master_check(A:x"07F", (x"47", x"14", x"3B", x"25", x"93"))=> OK, read data = (x"47", x"14", x"3B",
%%:                                                                 x"25", x"93"). ' 'Check virtual memory data from I2C slave.'  [148]'
%%     2185033.5 ns  Log    ID_AWAIT_UVVM_COMP  I2C_VVC_TB          await_uvvm_completion() => OK. All VVCs are inactive. Condition occurred after 1 ns
%%     2185033.5 ns  Log    ID_AWAIT_UVVM_COMP  I2C_VVC_TB          await_uvvm_completion()() => OK. All UVVM scoreboards are empty. Condition occurred after 0 ns
%% 
%% ============================================================================================================================================================================
%%  *** INTERMEDIATE SUMMARY OF ALL ALERTS ***
%% ============================================================================================================================================================================
%%     2185033.5 ns  DONE   NOCHECKS  single-byte_communication_with_multiple_slave_duts_without_stop_condition_in_between  Passed: 0
%%    Expected      Failures: 0  Errors: 0  Warnings: -36  Passed: 0
%%    VHDL Asserts  Failures: 0  Errors: 0  Warnings: 0  Passed: 0
%%    Default       Failures: 0  Errors: 0  Warnings: 36  Passed: 0
%%    OSVVM         Failures: 0  Errors: 0  Warnings: 0  Passed: 0
%% ============================================================================================================================================================================
%% 
%% 
%% 
%%     2185033.5 ns  Log    ID_LOG_HDR          I2C_VVC_TB          SIMULATION COMPLETED
%% ----------------------------------------------------------------------------------------------------------------------------------------------------------------------------
