%%           0.0 ns  Log    ID_CONSTRUCTOR      I2C_VVC,0           VVC instantiated.
%%           0.0 ns  Log    ID_CONSTRUCTOR_SUB  I2C_VVC,0           Command queue instantiated and will give a warning when reaching 1000 elements in queue.
%%           0.0 ns  Log    ID_CONSTRUCTOR_SUB  I2C_VVC,0           Result queue instantiated and will give a warning when reaching 1000 elements in queue.
%%           0.0 ns  Log    ID_CONSTRUCTOR      I2C_VVC,1           VVC instantiated.
%%           0.0 ns  Log    ID_CONSTRUCTOR_SUB  I2C_VVC,1           Command queue instantiated and will give a warning when reaching 1000 elements in queue.
%%           0.0 ns  Log    ID_CONSTRUCTOR_SUB  I2C_VVC,1           Result queue instantiated and will give a warning when reaching 1000 elements in queue.
%%           0.0 ns  Log    ID_CONSTRUCTOR      WISHBONE_VVC,0      VVC instantiated.
%%           0.0 ns  Log    ID_CONSTRUCTOR_SUB  WISHBONE_VVC,0      Command queue instantiated and will give a warning when reaching 1000 elements in queue.
%%           0.0 ns  Log    ID_CONSTRUCTOR_SUB  WISHBONE_VVC,0      Result queue instantiated and will give a warning when reaching 1000 elements in queue.
%%           0.0 ns  Log    ID_CONSTRUCTOR      I2C_VVC,2           VVC instantiated.
%%           0.0 ns  Log    ID_CONSTRUCTOR_SUB  I2C_VVC,2           Command queue instantiated and will give a warning when reaching 1000 elements in queue.
%%           0.0 ns  Log    ID_CONSTRUCTOR_SUB  I2C_VVC,2           Result queue instantiated and will give a warning when reaching 1000 elements in queue.
%%           0.0 ns  Log    ID_CONSTRUCTOR      I2C_VVC,5           VVC instantiated.
%%           0.0 ns  Log    ID_CONSTRUCTOR_SUB  I2C_VVC,5           Command queue instantiated and will give a warning when reaching 1000 elements in queue.
%%           0.0 ns  Log    ID_CONSTRUCTOR_SUB  I2C_VVC,5           Result queue instantiated and will give a warning when reaching 1000 elements in queue.
%%           0.0 ns  Log    ID_CONSTRUCTOR      I2C_VVC,4           VVC instantiated.
%%           0.0 ns  Log    ID_CONSTRUCTOR_SUB  I2C_VVC,4           Command queue instantiated and will give a warning when reaching 1000 elements in queue.
%%           0.0 ns  Log    ID_CONSTRUCTOR_SUB  I2C_VVC,4           Result queue instantiated and will give a warning when reaching 1000 elements in queue.
%%           0.0 ns  Log    ID_CONSTRUCTOR      I2C_VVC,6           VVC instantiated.
%%           0.0 ns  Log    ID_CONSTRUCTOR_SUB  I2C_VVC,6           Command queue instantiated and will give a warning when reaching 1000 elements in queue.
%%           0.0 ns  Log    ID_CONSTRUCTOR_SUB  I2C_VVC,6           Result queue instantiated and will give a warning when reaching 1000 elements in queue.
%%           0.0 ns  Log    ID_CONSTRUCTOR      I2C_VVC,3           VVC instantiated.
%%           0.0 ns  Log    ID_CONSTRUCTOR_SUB  I2C_VVC,3           Command queue instantiated and will give a warning when reaching 1000 elements in queue.
%%           0.0 ns  Log    ID_CONSTRUCTOR_SUB  I2C_VVC,3           Result queue instantiated and will give a warning when reaching 1000 elements in queue.
%%           0.0 ns  Log    ID_CONSTRUCTOR      SBI_VVC,0           VVC instantiated.
%%           0.0 ns  Log    ID_CONSTRUCTOR_SUB  SBI_VVC,0           Command queue instantiated and will give a warning when reaching 1000 elements in queue.
%%           0.0 ns  Log    ID_CONSTRUCTOR_SUB  SBI_VVC,0           Result queue instantiated and will give a warning when reaching 1000 elements in queue.
%%           0.0 ns  Log    ID_CMD_INTERPRETER  I2C_VVC,0           Interpreter: Waiting for command
%%           0.0 ns  Log    ID_CMD_INTERPRETER  I2C_VVC,1           Interpreter: Waiting for command
%%           0.0 ns  Log    ID_CMD_INTERPRETER  WISHBONE_VVC,0      Interpreter: Waiting for command
%%           0.0 ns  Log    ID_CMD_INTERPRETER  I2C_VVC,2           Interpreter: Waiting for command
%%           0.0 ns  Log    ID_CMD_INTERPRETER  I2C_VVC,5           Interpreter: Waiting for command
%%           0.0 ns  Log    ID_CMD_INTERPRETER  I2C_VVC,4           Interpreter: Waiting for command
%%           0.0 ns  Log    ID_CMD_INTERPRETER  I2C_VVC,6           Interpreter: Waiting for command
%%           0.0 ns  Log    ID_CMD_INTERPRETER  I2C_VVC,3           Interpreter: Waiting for command
%%           0.0 ns  Log    ID_CMD_INTERPRETER  SBI_VVC,0           Interpreter: Waiting for command
%%           0.0 ns  Log    ID_CTRL             I2C_VVC_SB,0        enable() => SB enabled. 'I2C VVC SB Enabled'
%%           0.0 ns  Log    ID_CTRL             I2C_VVC_SB,0        config() => config applied to SB.
%%           0.0 ns  Log    ID_CTRL             I2C_VVC_SB,0        enable_log_msg() => message id id_data enabled.
%%           0.0 ns  Log    ID_CTRL             I2C_VVC_SB,1        enable() => SB enabled. 'I2C VVC SB Enabled'
%%           0.0 ns  Log    ID_CTRL             I2C_VVC_SB,1        config() => config applied to SB.
%%           0.0 ns  Log    ID_CTRL             I2C_VVC_SB,1        enable_log_msg() => message id id_data enabled.
%%           0.0 ns  Log    ID_CTRL             WISHBONE_VVC_SB,0   enable() => SB enabled. 'WISHBONE VVC SB Enabled'
%%           0.0 ns  Log    ID_CTRL             WISHBONE_VVC_SB,0   config() => config applied to SB.
%%           0.0 ns  Log    ID_CTRL             WISHBONE_VVC_SB,0   enable_log_msg() => message id id_data enabled.
%%           0.0 ns  Log    ID_CTRL             I2C_VVC_SB,2        enable() => SB enabled. 'I2C VVC SB Enabled'
%%           0.0 ns  Log    ID_CTRL             I2C_VVC_SB,2        config() => config applied to SB.
%%           0.0 ns  Log    ID_CTRL             I2C_VVC_SB,2        enable_log_msg() => message id id_data enabled.
%%           0.0 ns  Log    ID_CTRL             I2C_VVC_SB,5        enable() => SB enabled. 'I2C VVC SB Enabled'
%%           0.0 ns  Log    ID_CTRL             I2C_VVC_SB,5        config() => config applied to SB.
%%           0.0 ns  Log    ID_CTRL             I2C_VVC_SB,5        enable_log_msg() => message id id_data enabled.
%%           0.0 ns  Log    ID_CTRL             I2C_VVC_SB,4        enable() => SB enabled. 'I2C VVC SB Enabled'
%%           0.0 ns  Log    ID_CTRL             I2C_VVC_SB,4        config() => config applied to SB.
%%           0.0 ns  Log    ID_CTRL             I2C_VVC_SB,4        enable_log_msg() => message id id_data enabled.
%%           0.0 ns  Log    ID_CTRL             I2C_VVC_SB,6        enable() => SB enabled. 'I2C VVC SB Enabled'
%%           0.0 ns  Log    ID_CTRL             I2C_VVC_SB,6        config() => config applied to SB.
%%           0.0 ns  Log    ID_CTRL             I2C_VVC_SB,6        enable_log_msg() => message id id_data enabled.
%%           0.0 ns  Log    ID_CTRL             I2C_VVC_SB,3        enable() => SB enabled. 'I2C VVC SB Enabled'
%%           0.0 ns  Log    ID_CTRL             I2C_VVC_SB,3        config() => config applied to SB.
%%           0.0 ns  Log    ID_CTRL             I2C_VVC_SB,3        enable_log_msg() => message id id_data enabled.
%%           0.0 ns  Log    ID_CTRL             SBI_VVC_SB,0        enable() => SB enabled. 'SBI VVC SB Enabled'
%%           0.0 ns  Log    ID_CTRL             SBI_VVC_SB,0        config() => config applied to SB.
%%           0.0 ns  Log    ID_CTRL             SBI_VVC_SB,0        enable_log_msg() => message id id_data enabled.
%%           0.0 ns  Log    ID_LOG_MSG_CTRL     TB seq.             disable_log_msg(ID_AWAIT_COMPLETION).
%%           0.0 ns  Log    ID_LOG_MSG_CTRL     TB seq.             disable_log_msg(ID_AWAIT_COMPLETION_LIST).
%%           0.0 ns  Log    ID_LOG_MSG_CTRL     TB seq.             disable_log_msg(ID_AWAIT_COMPLETION_WAIT).
%%           0.0 ns  Log    ID_LOG_MSG_CTRL     TB seq.             disable_log_msg(ID_AWAIT_COMPLETION_END).
%%           0.0 ns  Log    ID_LOG_MSG_CTRL     TB seq.             disable_log_msg(ID_UVVM_CMD_ACK).
%%           0.0 ns  Log    ID_LOG_MSG_CTRL     TB seq.             disable_log_msg(ID_POS_ACK).
%%           0.0 ns  Log    ID_LOG_MSG_CTRL     TB seq.             disable_log_msg(ID_UVVM_CMD_RESULT).
%%           0.0 ns  Log    ID_UVVM_SEND_CMD    TB seq.(uvvm)       disable_log_msg(VVC_BROADCAST, ID_CMD_EXECUTOR): [1]
%%           0.0 ns  Log    ID_CMD_EXECUTOR_WA  I2C_VVC,0           Executor: Waiting for command
%%           0.0 ns  Log    ID_CMD_EXECUTOR_WA  I2C_VVC,1           Executor: Waiting for command
%%           0.0 ns  Log    ID_CMD_EXECUTOR_WA  WISHBONE_VVC,0      Executor: Waiting for command
%%           0.0 ns  Log    ID_CMD_EXECUTOR_WA  I2C_VVC,2           Executor: Waiting for command
%%           0.0 ns  Log    ID_CMD_EXECUTOR_WA  I2C_VVC,5           Executor: Waiting for command
%%           0.0 ns  Log    ID_CMD_EXECUTOR_WA  I2C_VVC,4           Executor: Waiting for command
%%           0.0 ns  Log    ID_CMD_EXECUTOR_WA  I2C_VVC,6           Executor: Waiting for command
%%           0.0 ns  Log    ID_CMD_EXECUTOR_WA  I2C_VVC,3           Executor: Waiting for command
%%           0.0 ns  Log    ID_CMD_EXECUTOR_WA  SBI_VVC,0           Executor: Waiting for command
%%           0.0 ns  Log    ID_UVVM_SEND_CMD    I2C_VVC,0           disable_log_msg(VVC_BROADCAST, ID_CMD_EXECUTOR): [1]
%%           0.0 ns  Log    ID_UVVM_SEND_CMD    I2C_VVC,1           disable_log_msg(VVC_BROADCAST, ID_CMD_EXECUTOR): [1]
%%           0.0 ns  Log    ID_UVVM_SEND_CMD    WISHBONE_VVC,0      disable_log_msg(VVC_BROADCAST, ID_CMD_EXECUTOR): [1]
%%           0.0 ns  Log    ID_UVVM_SEND_CMD    I2C_VVC,2           disable_log_msg(VVC_BROADCAST, ID_CMD_EXECUTOR): [1]
%%           0.0 ns  Log    ID_UVVM_SEND_CMD    I2C_VVC,5           disable_log_msg(VVC_BROADCAST, ID_CMD_EXECUTOR): [1]
%%           0.0 ns  Log    ID_UVVM_SEND_CMD    I2C_VVC,4           disable_log_msg(VVC_BROADCAST, ID_CMD_EXECUTOR): [1]
%%           0.0 ns  Log    ID_UVVM_SEND_CMD    I2C_VVC,6           disable_log_msg(VVC_BROADCAST, ID_CMD_EXECUTOR): [1]
%%           0.0 ns  Log    ID_UVVM_SEND_CMD    I2C_VVC,3           disable_log_msg(VVC_BROADCAST, ID_CMD_EXECUTOR): [1]
%%           0.0 ns  Log    ID_UVVM_SEND_CMD    SBI_VVC,0           disable_log_msg(VVC_BROADCAST, ID_CMD_EXECUTOR): [1]
%%           0.0 ns  Log    ID_CMD_INTERPRETER  I2C_VVC,0           disable_log_msg(VVC_BROADCAST, ID_CMD_EXECUTOR). Command received  [1]
%%           0.0 ns  Log    ID_LOG_MSG_CTRL     I2C_VVC,0           disable_log_msg(ID_CMD_EXECUTOR). ' [1]'
%%           0.0 ns  Log    ID_CMD_INTERPRETER  I2C_VVC,1           disable_log_msg(VVC_BROADCAST, ID_CMD_EXECUTOR). Command received  [1]
%%           0.0 ns  Log    ID_LOG_MSG_CTRL     I2C_VVC,1           disable_log_msg(ID_CMD_EXECUTOR). ' [1]'
%%           0.0 ns  Log    ID_CMD_INTERPRETER  WISHBONE_VVC,0      disable_log_msg(VVC_BROADCAST, ID_CMD_EXECUTOR). Command received  [1]
%%           0.0 ns  Log    ID_LOG_MSG_CTRL     WISHBONE_VVC,0      disable_log_msg(ID_CMD_EXECUTOR). ' [1]'
%%           0.0 ns  Log    ID_CMD_INTERPRETER  I2C_VVC,2           disable_log_msg(VVC_BROADCAST, ID_CMD_EXECUTOR). Command received  [1]
%%           0.0 ns  Log    ID_LOG_MSG_CTRL     I2C_VVC,2           disable_log_msg(ID_CMD_EXECUTOR). ' [1]'
%%           0.0 ns  Log    ID_CMD_INTERPRETER  I2C_VVC,5           disable_log_msg(VVC_BROADCAST, ID_CMD_EXECUTOR). Command received  [1]
%%           0.0 ns  Log    ID_LOG_MSG_CTRL     I2C_VVC,5           disable_log_msg(ID_CMD_EXECUTOR). ' [1]'
%%           0.0 ns  Log    ID_CMD_INTERPRETER  I2C_VVC,4           disable_log_msg(VVC_BROADCAST, ID_CMD_EXECUTOR). Command received  [1]
%%           0.0 ns  Log    ID_LOG_MSG_CTRL     I2C_VVC,4           disable_log_msg(ID_CMD_EXECUTOR). ' [1]'
%%           0.0 ns  Log    ID_CMD_INTERPRETER  I2C_VVC,6           disable_log_msg(VVC_BROADCAST, ID_CMD_EXECUTOR). Command received  [1]
%%           0.0 ns  Log    ID_LOG_MSG_CTRL     I2C_VVC,6           disable_log_msg(ID_CMD_EXECUTOR). ' [1]'
%%           0.0 ns  Log    ID_CMD_INTERPRETER  I2C_VVC,3           disable_log_msg(VVC_BROADCAST, ID_CMD_EXECUTOR). Command received  [1]
%%           0.0 ns  Log    ID_LOG_MSG_CTRL     I2C_VVC,3           disable_log_msg(ID_CMD_EXECUTOR). ' [1]'
%%           0.0 ns  Log    ID_CMD_INTERPRETER  SBI_VVC,0           disable_log_msg(VVC_BROADCAST, ID_CMD_EXECUTOR). Command received  [1]
%%           0.0 ns  Log    ID_LOG_MSG_CTRL     SBI_VVC,0           disable_log_msg(ID_CMD_EXECUTOR). ' [1]'
%%           0.0 ns  Log    ID_CMD_INTERPRETER  SBI_VVC,0           Interpreter: Waiting for command
%%           0.0 ns  Log    ID_CMD_INTERPRETER  WISHBONE_VVC,0      Interpreter: Waiting for command
%%           0.0 ns  Log    ID_CMD_INTERPRETER  I2C_VVC,0           Interpreter: Waiting for command
%%           0.0 ns  Log    ID_CMD_INTERPRETER  I2C_VVC,1           Interpreter: Waiting for command
%%           0.0 ns  Log    ID_CMD_INTERPRETER  I2C_VVC,2           Interpreter: Waiting for command
%%           0.0 ns  Log    ID_CMD_INTERPRETER  I2C_VVC,5           Interpreter: Waiting for command
%%           0.0 ns  Log    ID_CMD_INTERPRETER  I2C_VVC,4           Interpreter: Waiting for command
%%           0.0 ns  Log    ID_CMD_INTERPRETER  I2C_VVC,6           Interpreter: Waiting for command
%%           0.0 ns  Log    ID_CMD_INTERPRETER  I2C_VVC,3           Interpreter: Waiting for command
%%           0.0 ns  Log    ID_UVVM_SEND_CMD    TB seq.(uvvm)       disable_log_msg(VVC_BROADCAST, ID_CMD_EXECUTOR_WAIT): [2]
%%           0.0 ns  Log    ID_UVVM_SEND_CMD    SBI_VVC,0           disable_log_msg(VVC_BROADCAST, ID_CMD_EXECUTOR_WAIT): [2]
%%           0.0 ns  Log    ID_UVVM_SEND_CMD    WISHBONE_VVC,0      disable_log_msg(VVC_BROADCAST, ID_CMD_EXECUTOR_WAIT): [2]
%%           0.0 ns  Log    ID_UVVM_SEND_CMD    I2C_VVC,0           disable_log_msg(VVC_BROADCAST, ID_CMD_EXECUTOR_WAIT): [2]
%%           0.0 ns  Log    ID_UVVM_SEND_CMD    I2C_VVC,1           disable_log_msg(VVC_BROADCAST, ID_CMD_EXECUTOR_WAIT): [2]
%%           0.0 ns  Log    ID_UVVM_SEND_CMD    I2C_VVC,2           disable_log_msg(VVC_BROADCAST, ID_CMD_EXECUTOR_WAIT): [2]
%%           0.0 ns  Log    ID_UVVM_SEND_CMD    I2C_VVC,5           disable_log_msg(VVC_BROADCAST, ID_CMD_EXECUTOR_WAIT): [2]
%%           0.0 ns  Log    ID_UVVM_SEND_CMD    I2C_VVC,4           disable_log_msg(VVC_BROADCAST, ID_CMD_EXECUTOR_WAIT): [2]
%%           0.0 ns  Log    ID_UVVM_SEND_CMD    I2C_VVC,6           disable_log_msg(VVC_BROADCAST, ID_CMD_EXECUTOR_WAIT): [2]
%%           0.0 ns  Log    ID_UVVM_SEND_CMD    I2C_VVC,3           disable_log_msg(VVC_BROADCAST, ID_CMD_EXECUTOR_WAIT): [2]
%%           0.0 ns  Log    ID_CMD_INTERPRETER  SBI_VVC,0           disable_log_msg(VVC_BROADCAST, ID_CMD_EXECUTOR_WAIT). Command received  [2]
%%           0.0 ns  Log    ID_LOG_MSG_CTRL     SBI_VVC,0           disable_log_msg(ID_CMD_EXECUTOR_WAIT). ' [2]'
%%           0.0 ns  Log    ID_CMD_INTERPRETER  WISHBONE_VVC,0      disable_log_msg(VVC_BROADCAST, ID_CMD_EXECUTOR_WAIT). Command received  [2]
%%           0.0 ns  Log    ID_LOG_MSG_CTRL     WISHBONE_VVC,0      disable_log_msg(ID_CMD_EXECUTOR_WAIT). ' [2]'
%%           0.0 ns  Log    ID_CMD_INTERPRETER  I2C_VVC,0           disable_log_msg(VVC_BROADCAST, ID_CMD_EXECUTOR_WAIT). Command received  [2]
%%           0.0 ns  Log    ID_LOG_MSG_CTRL     I2C_VVC,0           disable_log_msg(ID_CMD_EXECUTOR_WAIT). ' [2]'
%%           0.0 ns  Log    ID_CMD_INTERPRETER  I2C_VVC,1           disable_log_msg(VVC_BROADCAST, ID_CMD_EXECUTOR_WAIT). Command received  [2]
%%           0.0 ns  Log    ID_LOG_MSG_CTRL     I2C_VVC,1           disable_log_msg(ID_CMD_EXECUTOR_WAIT). ' [2]'
%%           0.0 ns  Log    ID_CMD_INTERPRETER  I2C_VVC,2           disable_log_msg(VVC_BROADCAST, ID_CMD_EXECUTOR_WAIT). Command received  [2]
%%           0.0 ns  Log    ID_LOG_MSG_CTRL     I2C_VVC,2           disable_log_msg(ID_CMD_EXECUTOR_WAIT). ' [2]'
%%           0.0 ns  Log    ID_CMD_INTERPRETER  I2C_VVC,5           disable_log_msg(VVC_BROADCAST, ID_CMD_EXECUTOR_WAIT). Command received  [2]
%%           0.0 ns  Log    ID_LOG_MSG_CTRL     I2C_VVC,5           disable_log_msg(ID_CMD_EXECUTOR_WAIT). ' [2]'
%%           0.0 ns  Log    ID_CMD_INTERPRETER  I2C_VVC,4           disable_log_msg(VVC_BROADCAST, ID_CMD_EXECUTOR_WAIT). Command received  [2]
%%           0.0 ns  Log    ID_LOG_MSG_CTRL     I2C_VVC,4           disable_log_msg(ID_CMD_EXECUTOR_WAIT). ' [2]'
%%           0.0 ns  Log    ID_CMD_INTERPRETER  I2C_VVC,6           disable_log_msg(VVC_BROADCAST, ID_CMD_EXECUTOR_WAIT). Command received  [2]
%%           0.0 ns  Log    ID_LOG_MSG_CTRL     I2C_VVC,6           disable_log_msg(ID_CMD_EXECUTOR_WAIT). ' [2]'
%%           0.0 ns  Log    ID_CMD_INTERPRETER  I2C_VVC,3           disable_log_msg(VVC_BROADCAST, ID_CMD_EXECUTOR_WAIT). Command received  [2]
%%           0.0 ns  Log    ID_LOG_MSG_CTRL     I2C_VVC,3           disable_log_msg(ID_CMD_EXECUTOR_WAIT). ' [2]'
%%           0.0 ns  Log    ID_CMD_INTERPRETER  WISHBONE_VVC,0      Interpreter: Waiting for command
%%           0.0 ns  Log    ID_CMD_INTERPRETER  SBI_VVC,0           Interpreter: Waiting for command
%%           0.0 ns  Log    ID_CMD_INTERPRETER  I2C_VVC,0           Interpreter: Waiting for command
%%           0.0 ns  Log    ID_CMD_INTERPRETER  I2C_VVC,1           Interpreter: Waiting for command
%%           0.0 ns  Log    ID_CMD_INTERPRETER  I2C_VVC,2           Interpreter: Waiting for command
%%           0.0 ns  Log    ID_CMD_INTERPRETER  I2C_VVC,5           Interpreter: Waiting for command
%%           0.0 ns  Log    ID_CMD_INTERPRETER  I2C_VVC,4           Interpreter: Waiting for command
%%           0.0 ns  Log    ID_CMD_INTERPRETER  I2C_VVC,6           Interpreter: Waiting for command
%%           0.0 ns  Log    ID_CMD_INTERPRETER  I2C_VVC,3           Interpreter: Waiting for command
%%           0.0 ns  Log    ID_UVVM_SEND_CMD    TB seq.(uvvm)       disable_log_msg(VVC_BROADCAST, ID_CMD_INTERPRETER): [3]
%%           0.0 ns  Log    ID_UVVM_SEND_CMD    WISHBONE_VVC,0      disable_log_msg(VVC_BROADCAST, ID_CMD_INTERPRETER): [3]
%%           0.0 ns  Log    ID_UVVM_SEND_CMD    SBI_VVC,0           disable_log_msg(VVC_BROADCAST, ID_CMD_INTERPRETER): [3]
%%           0.0 ns  Log    ID_UVVM_SEND_CMD    I2C_VVC,0           disable_log_msg(VVC_BROADCAST, ID_CMD_INTERPRETER): [3]
%%           0.0 ns  Log    ID_UVVM_SEND_CMD    I2C_VVC,1           disable_log_msg(VVC_BROADCAST, ID_CMD_INTERPRETER): [3]
%%           0.0 ns  Log    ID_UVVM_SEND_CMD    I2C_VVC,2           disable_log_msg(VVC_BROADCAST, ID_CMD_INTERPRETER): [3]
%%           0.0 ns  Log    ID_UVVM_SEND_CMD    I2C_VVC,5           disable_log_msg(VVC_BROADCAST, ID_CMD_INTERPRETER): [3]
%%           0.0 ns  Log    ID_UVVM_SEND_CMD    I2C_VVC,4           disable_log_msg(VVC_BROADCAST, ID_CMD_INTERPRETER): [3]
%%           0.0 ns  Log    ID_UVVM_SEND_CMD    I2C_VVC,6           disable_log_msg(VVC_BROADCAST, ID_CMD_INTERPRETER): [3]
%%           0.0 ns  Log    ID_UVVM_SEND_CMD    I2C_VVC,3           disable_log_msg(VVC_BROADCAST, ID_CMD_INTERPRETER): [3]
%%           0.0 ns  Log    ID_CMD_INTERPRETER  WISHBONE_VVC,0      disable_log_msg(VVC_BROADCAST, ID_CMD_INTERPRETER). Command received  [3]
%%           0.0 ns  Log    ID_LOG_MSG_CTRL     WISHBONE_VVC,0      disable_log_msg(ID_CMD_INTERPRETER). ' [3]'
%%           0.0 ns  Log    ID_CMD_INTERPRETER  SBI_VVC,0           disable_log_msg(VVC_BROADCAST, ID_CMD_INTERPRETER). Command received  [3]
%%           0.0 ns  Log    ID_LOG_MSG_CTRL     SBI_VVC,0           disable_log_msg(ID_CMD_INTERPRETER). ' [3]'
%%           0.0 ns  Log    ID_CMD_INTERPRETER  I2C_VVC,0           disable_log_msg(VVC_BROADCAST, ID_CMD_INTERPRETER). Command received  [3]
%%           0.0 ns  Log    ID_LOG_MSG_CTRL     I2C_VVC,0           disable_log_msg(ID_CMD_INTERPRETER). ' [3]'
%%           0.0 ns  Log    ID_CMD_INTERPRETER  I2C_VVC,1           disable_log_msg(VVC_BROADCAST, ID_CMD_INTERPRETER). Command received  [3]
%%           0.0 ns  Log    ID_LOG_MSG_CTRL     I2C_VVC,1           disable_log_msg(ID_CMD_INTERPRETER). ' [3]'
%%           0.0 ns  Log    ID_CMD_INTERPRETER  I2C_VVC,2           disable_log_msg(VVC_BROADCAST, ID_CMD_INTERPRETER). Command received  [3]
%%           0.0 ns  Log    ID_LOG_MSG_CTRL     I2C_VVC,2           disable_log_msg(ID_CMD_INTERPRETER). ' [3]'
%%           0.0 ns  Log    ID_CMD_INTERPRETER  I2C_VVC,5           disable_log_msg(VVC_BROADCAST, ID_CMD_INTERPRETER). Command received  [3]
%%           0.0 ns  Log    ID_LOG_MSG_CTRL     I2C_VVC,5           disable_log_msg(ID_CMD_INTERPRETER). ' [3]'
%%           0.0 ns  Log    ID_CMD_INTERPRETER  I2C_VVC,4           disable_log_msg(VVC_BROADCAST, ID_CMD_INTERPRETER). Command received  [3]
%%           0.0 ns  Log    ID_LOG_MSG_CTRL     I2C_VVC,4           disable_log_msg(ID_CMD_INTERPRETER). ' [3]'
%%           0.0 ns  Log    ID_CMD_INTERPRETER  I2C_VVC,6           disable_log_msg(VVC_BROADCAST, ID_CMD_INTERPRETER). Command received  [3]
%%           0.0 ns  Log    ID_LOG_MSG_CTRL     I2C_VVC,6           disable_log_msg(ID_CMD_INTERPRETER). ' [3]'
%%           0.0 ns  Log    ID_CMD_INTERPRETER  I2C_VVC,3           disable_log_msg(VVC_BROADCAST, ID_CMD_INTERPRETER). Command received  [3]
%%           0.0 ns  Log    ID_LOG_MSG_CTRL     I2C_VVC,3           disable_log_msg(ID_CMD_INTERPRETER). ' [3]'
%%           0.0 ns  Log    ID_CMD_INTERPRETER  SBI_VVC,0           Interpreter: Waiting for command
%%           0.0 ns  Log    ID_CMD_INTERPRETER  WISHBONE_VVC,0      Interpreter: Waiting for command
%%           0.0 ns  Log    ID_CMD_INTERPRETER  I2C_VVC,0           Interpreter: Waiting for command
%%           0.0 ns  Log    ID_CMD_INTERPRETER  I2C_VVC,1           Interpreter: Waiting for command
%%           0.0 ns  Log    ID_CMD_INTERPRETER  I2C_VVC,2           Interpreter: Waiting for command
%%           0.0 ns  Log    ID_CMD_INTERPRETER  I2C_VVC,5           Interpreter: Waiting for command
%%           0.0 ns  Log    ID_CMD_INTERPRETER  I2C_VVC,4           Interpreter: Waiting for command
%%           0.0 ns  Log    ID_CMD_INTERPRETER  I2C_VVC,6           Interpreter: Waiting for command
%%           0.0 ns  Log    ID_CMD_INTERPRETER  I2C_VVC,3           Interpreter: Waiting for command
%%           0.0 ns  Log    ID_UVVM_SEND_CMD    TB seq.(uvvm)       disable_log_msg(VVC_BROADCAST, ID_CMD_INTERPRETER_WAIT): [4]
%%           0.0 ns  Log    ID_UVVM_SEND_CMD    SBI_VVC,0           disable_log_msg(VVC_BROADCAST, ID_CMD_INTERPRETER_WAIT): [4]
%%           0.0 ns  Log    ID_UVVM_SEND_CMD    WISHBONE_VVC,0      disable_log_msg(VVC_BROADCAST, ID_CMD_INTERPRETER_WAIT): [4]
%%           0.0 ns  Log    ID_UVVM_SEND_CMD    I2C_VVC,0           disable_log_msg(VVC_BROADCAST, ID_CMD_INTERPRETER_WAIT): [4]
%%           0.0 ns  Log    ID_UVVM_SEND_CMD    I2C_VVC,1           disable_log_msg(VVC_BROADCAST, ID_CMD_INTERPRETER_WAIT): [4]
%%           0.0 ns  Log    ID_UVVM_SEND_CMD    I2C_VVC,2           disable_log_msg(VVC_BROADCAST, ID_CMD_INTERPRETER_WAIT): [4]
%%           0.0 ns  Log    ID_UVVM_SEND_CMD    I2C_VVC,5           disable_log_msg(VVC_BROADCAST, ID_CMD_INTERPRETER_WAIT): [4]
%%           0.0 ns  Log    ID_UVVM_SEND_CMD    I2C_VVC,4           disable_log_msg(VVC_BROADCAST, ID_CMD_INTERPRETER_WAIT): [4]
%%           0.0 ns  Log    ID_UVVM_SEND_CMD    I2C_VVC,6           disable_log_msg(VVC_BROADCAST, ID_CMD_INTERPRETER_WAIT): [4]
%%           0.0 ns  Log    ID_UVVM_SEND_CMD    I2C_VVC,3           disable_log_msg(VVC_BROADCAST, ID_CMD_INTERPRETER_WAIT): [4]
%%           0.0 ns  Log    ID_LOG_MSG_CTRL     SBI_VVC,0           disable_log_msg(ID_CMD_INTERPRETER_WAIT). ' [4]'
%%           0.0 ns  Log    ID_LOG_MSG_CTRL     WISHBONE_VVC,0      disable_log_msg(ID_CMD_INTERPRETER_WAIT). ' [4]'
%%           0.0 ns  Log    ID_LOG_MSG_CTRL     I2C_VVC,0           disable_log_msg(ID_CMD_INTERPRETER_WAIT). ' [4]'
%%           0.0 ns  Log    ID_LOG_MSG_CTRL     I2C_VVC,1           disable_log_msg(ID_CMD_INTERPRETER_WAIT). ' [4]'
%%           0.0 ns  Log    ID_LOG_MSG_CTRL     I2C_VVC,2           disable_log_msg(ID_CMD_INTERPRETER_WAIT). ' [4]'
%%           0.0 ns  Log    ID_LOG_MSG_CTRL     I2C_VVC,5           disable_log_msg(ID_CMD_INTERPRETER_WAIT). ' [4]'
%%           0.0 ns  Log    ID_LOG_MSG_CTRL     I2C_VVC,4           disable_log_msg(ID_CMD_INTERPRETER_WAIT). ' [4]'
%%           0.0 ns  Log    ID_LOG_MSG_CTRL     I2C_VVC,6           disable_log_msg(ID_CMD_INTERPRETER_WAIT). ' [4]'
%%           0.0 ns  Log    ID_LOG_MSG_CTRL     I2C_VVC,3           disable_log_msg(ID_CMD_INTERPRETER_WAIT). ' [4]'
%%           0.0 ns  Log    ID_UVVM_SEND_CMD    TB seq.(uvvm)       disable_log_msg(VVC_BROADCAST, ID_IMMEDIATE_CMD): [5]
%%           0.0 ns  Log    ID_UVVM_SEND_CMD    WISHBONE_VVC,0      disable_log_msg(VVC_BROADCAST, ID_IMMEDIATE_CMD): [5]
%%           0.0 ns  Log    ID_UVVM_SEND_CMD    SBI_VVC,0           disable_log_msg(VVC_BROADCAST, ID_IMMEDIATE_CMD): [5]
%%           0.0 ns  Log    ID_UVVM_SEND_CMD    I2C_VVC,0           disable_log_msg(VVC_BROADCAST, ID_IMMEDIATE_CMD): [5]
%%           0.0 ns  Log    ID_UVVM_SEND_CMD    I2C_VVC,1           disable_log_msg(VVC_BROADCAST, ID_IMMEDIATE_CMD): [5]
%%           0.0 ns  Log    ID_UVVM_SEND_CMD    I2C_VVC,2           disable_log_msg(VVC_BROADCAST, ID_IMMEDIATE_CMD): [5]
%%           0.0 ns  Log    ID_UVVM_SEND_CMD    I2C_VVC,5           disable_log_msg(VVC_BROADCAST, ID_IMMEDIATE_CMD): [5]
%%           0.0 ns  Log    ID_UVVM_SEND_CMD    I2C_VVC,4           disable_log_msg(VVC_BROADCAST, ID_IMMEDIATE_CMD): [5]
%%           0.0 ns  Log    ID_UVVM_SEND_CMD    I2C_VVC,6           disable_log_msg(VVC_BROADCAST, ID_IMMEDIATE_CMD): [5]
%%           0.0 ns  Log    ID_UVVM_SEND_CMD    I2C_VVC,3           disable_log_msg(VVC_BROADCAST, ID_IMMEDIATE_CMD): [5]
%%           0.0 ns  Log    ID_LOG_MSG_CTRL     WISHBONE_VVC,0      disable_log_msg(ID_IMMEDIATE_CMD). ' [5]'
%%           0.0 ns  Log    ID_LOG_MSG_CTRL     SBI_VVC,0           disable_log_msg(ID_IMMEDIATE_CMD). ' [5]'
%%           0.0 ns  Log    ID_LOG_MSG_CTRL     I2C_VVC,0           disable_log_msg(ID_IMMEDIATE_CMD). ' [5]'
%%           0.0 ns  Log    ID_LOG_MSG_CTRL     I2C_VVC,1           disable_log_msg(ID_IMMEDIATE_CMD). ' [5]'
%%           0.0 ns  Log    ID_LOG_MSG_CTRL     I2C_VVC,2           disable_log_msg(ID_IMMEDIATE_CMD). ' [5]'
%%           0.0 ns  Log    ID_LOG_MSG_CTRL     I2C_VVC,5           disable_log_msg(ID_IMMEDIATE_CMD). ' [5]'
%%           0.0 ns  Log    ID_LOG_MSG_CTRL     I2C_VVC,4           disable_log_msg(ID_IMMEDIATE_CMD). ' [5]'
%%           0.0 ns  Log    ID_LOG_MSG_CTRL     I2C_VVC,6           disable_log_msg(ID_IMMEDIATE_CMD). ' [5]'
%%           0.0 ns  Log    ID_LOG_MSG_CTRL     I2C_VVC,3           disable_log_msg(ID_IMMEDIATE_CMD). ' [5]'
%%      
%%      -----------------------------------------------------------------------------------------------------------------------------------------------------------------------
%%      ***  REPORT OF GLOBAL CTRL ***
%%      -----------------------------------------------------------------------------------------------------------------------------------------------------------------------
%%                                IGNORE    STOP_LIMIT
%%                NOTE         :  REGARD         0
%%                TB_NOTE      :  REGARD         0
%%                WARNING      :  REGARD         0
%%                TB_WARNING   :  REGARD         0
%%                MANUAL_CHECK :  REGARD         0
%%                ERROR        :  REGARD         0
%%                TB_ERROR     :  REGARD         0
%%                FAILURE      :  REGARD         1
%%                TB_FAILURE   :  REGARD         1
%%      -----------------------------------------------------------------------------------------------------------------------------------------------------------------------
%%      
%%      
%%      -----------------------------------------------------------------------------------------------------------------------------------------------------------------------
%%      ***  REPORT OF MSG ID PANEL ***
%%      -----------------------------------------------------------------------------------------------------------------------------------------------------------------------
%%                ID                             Status
%%                ------------------------       ------
%%                ID_UTIL_BURIED               : DISABLED
%%                ID_BITVIS_DEBUG              : DISABLED
%%                ID_UTIL_SETUP                : ENABLED
%%                ID_LOG_MSG_CTRL              : ENABLED
%%                ID_ALERT_CTRL                : ENABLED
%%                ID_FINISH_OR_STOP            : ENABLED
%%                ID_CLOCK_GEN                 : ENABLED
%%                ID_GEN_PULSE                 : ENABLED
%%                ID_BLOCKING                  : ENABLED
%%                ID_WATCHDOG                  : ENABLED
%%                ID_RAND_GEN                  : DISABLED
%%                ID_RAND_CONF                 : DISABLED
%%                ID_FUNC_COV_BINS             : DISABLED
%%                ID_FUNC_COV_BINS_INFO        : DISABLED
%%                ID_FUNC_COV_RAND             : DISABLED
%%                ID_FUNC_COV_SAMPLE           : DISABLED
%%                ID_FUNC_COV_CONFIG           : DISABLED
%%                ID_POS_ACK                   : DISABLED
%%                ID_UVVM_ASSERTION            : ENABLED
%%                ID_LOG_HDR                   : ENABLED
%%                ID_LOG_HDR_LARGE             : ENABLED
%%                ID_LOG_HDR_XL                : ENABLED
%%                ID_SEQUENCER                 : ENABLED
%%                ID_SEQUENCER_SUB             : ENABLED
%%                ID_BFM                       : ENABLED
%%                ID_BFM_WAIT                  : ENABLED
%%                ID_BFM_POLL                  : ENABLED
%%                ID_BFM_POLL_SUMMARY          : ENABLED
%%                ID_CHANNEL_BFM               : ENABLED
%%                ID_TERMINATE_CMD             : ENABLED
%%                ID_SEGMENT_INITIATE          : ENABLED
%%                ID_SEGMENT_COMPLETE          : ENABLED
%%                ID_SEGMENT_HDR               : ENABLED
%%                ID_SEGMENT_DATA              : ENABLED
%%                ID_PACKET_INITIATE           : ENABLED
%%                ID_PACKET_PREAMBLE           : ENABLED
%%                ID_PACKET_COMPLETE           : ENABLED
%%                ID_PACKET_HDR                : ENABLED
%%                ID_PACKET_DATA               : ENABLED
%%                ID_PACKET_CHECKSUM           : ENABLED
%%                ID_PACKET_GAP                : ENABLED
%%                ID_PACKET_PAYLOAD            : ENABLED
%%                ID_FRAME_INITIATE            : ENABLED
%%                ID_FRAME_COMPLETE            : ENABLED
%%                ID_FRAME_HDR                 : ENABLED
%%                ID_FRAME_DATA                : ENABLED
%%                ID_COVERAGE_MAKEBIN          : DISABLED
%%                ID_COVERAGE_ADDBIN           : DISABLED
%%                ID_COVERAGE_ICOVER           : DISABLED
%%                ID_COVERAGE_CONFIG           : ENABLED
%%                ID_COVERAGE_SUMMARY          : ENABLED
%%                ID_COVERAGE_HOLES            : ENABLED
%%                ID_UVVM_SEND_CMD             : ENABLED
%%                ID_UVVM_CMD_ACK              : DISABLED
%%                ID_UVVM_CMD_RESULT           : DISABLED
%%                ID_CMD_INTERPRETER           : ENABLED
%%                ID_CMD_INTERPRETER_WAIT      : ENABLED
%%                ID_IMMEDIATE_CMD             : ENABLED
%%                ID_IMMEDIATE_CMD_WAIT        : ENABLED
%%                ID_CMD_EXECUTOR              : ENABLED
%%                ID_CMD_EXECUTOR_WAIT         : ENABLED
%%                ID_CHANNEL_EXECUTOR          : ENABLED
%%                ID_CHANNEL_EXECUTOR_WAIT     : ENABLED
%%                ID_NEW_HVVC_CMD_SEQ          : ENABLED
%%                ID_INSERTED_DELAY            : ENABLED
%%                ID_OLD_AWAIT_COMPLETION      : ENABLED
%%                ID_AWAIT_COMPLETION          : DISABLED
%%                ID_AWAIT_COMPLETION_LIST     : DISABLED
%%                ID_AWAIT_COMPLETION_WAIT     : DISABLED
%%                ID_AWAIT_COMPLETION_END      : DISABLED
%%                ID_AWAIT_UVVM_COMPLETION     : ENABLED
%%                ID_UVVM_DATA_QUEUE           : ENABLED
%%                ID_CONSTRUCTOR               : ENABLED
%%                ID_CONSTRUCTOR_SUB           : ENABLED
%%                ID_VVC_ACTIVITY              : ENABLED
%%                ID_MONITOR                   : ENABLED
%%                ID_MONITOR_ERROR             : ENABLED
%%                ID_DATA                      : ENABLED
%%                ID_CTRL                      : ENABLED
%%                ID_SPEC_COV_INIT             : ENABLED
%%                ID_SPEC_COV_REQS             : ENABLED
%%                ID_SPEC_COV                  : ENABLED
%%                ID_FILE_OPEN_CLOSE           : ENABLED
%%                ID_FILE_PARSER               : ENABLED
%%      -----------------------------------------------------------------------------------------------------------------------------------------------------------------------
%%      
%% 
%%           0.0 ns  Log    ID_SEQUENCER        TB seq.             Setting inter-bfm delay
%%          12.5 ns  Log    ID_GEN_PULSE        TB seq.             Pulsed to 1 for 12500 ps. 'Trigger DUT reset'
%%     1000012.5 ns  Log    ID_UVVM_SEND_CMD    TB seq.(uvvm)       wishbone_write(WISHBONE_VVC,0, x"0", x"13"): 'Set SCL prescaler LSB'. [6]
%%     1000012.5 ns  Log    ID_UVVM_SEND_CMD    TB seq.(uvvm)       wishbone_write(WISHBONE_VVC,0, x"1", x"00"): 'Set SCL prescaler MSB'. [7]
%%     1000012.5 ns  Log    ID_UVVM_SEND_CMD    TB seq.(uvvm)       wishbone_write(WISHBONE_VVC,0, x"2", x"80"): 'Enable DUT'. [8]
%%     1000032.5 ns  Log    ID_BFM              WISHBONE_VVC,0      wishbone_write(A:x"0", x"13") completed. ' 'Set SCL prescaler LSB'  [6]'
%%     1000052.5 ns  Log    ID_BFM              WISHBONE_VVC,0      wishbone_write(A:x"1", x"00") completed. ' 'Set SCL prescaler MSB'  [7]'
%%     1000072.5 ns  Log    ID_BFM              WISHBONE_VVC,0      wishbone_write(A:x"2", x"80") completed. ' 'Enable DUT'  [8]'
%%     1000072.5 ns  Log    ID_UVVM_SEND_CMD    TB seq.(uvvm)       sbi_write(SBI_VVC,0, x"2A", x"55"): 'Writing data that shall be transmitted via I2C.'. [10]
%%     1000080.0 ns  Log    ID_BFM_WAIT         SBI_VVC,0           sbi_write(A:x"2A", x"55") waiting for response (sbi ready=0) ' 'Writing data that shall be transmitted via I2C.'  [10]'
%%     1000092.5 ns  Log    ID_BFM              SBI_VVC,0           sbi_write(A:x"2A", x"55") completed. ' 'Writing data that shall be transmitted via I2C.'  [10]'
%%     1000092.5 ns  Log    ID_UVVM_SEND_CMD    TB seq.(uvvm)       i2c_master_check(I2C_VVC,3): 'Check data from I2C slave'. [12]
%%     1021852.5 ns  Log    ID_BFM              I2C_VVC,3           i2c_master_check(A:x"02A", (x"55"))=> OK, read data = (x"55"). ' 'Check data from I2C slave'  [12]'
%%     1021852.5 ns  Log    ID_UVVM_SEND_CMD    TB seq.(uvvm)       sbi_write(SBI_VVC,0, x"2A", x"AA"): 'Writing data that shall be transmitted via I2C.'. [14]
%%     1021860.0 ns  Log    ID_BFM_WAIT         SBI_VVC,0           sbi_write(A:x"2A", x"AA") waiting for response (sbi ready=0) ' 'Writing data that shall be transmitted via I2C.'  [14]'
%%     1021872.5 ns  Log    ID_BFM              SBI_VVC,0           sbi_write(A:x"2A", x"AA") completed. ' 'Writing data that shall be transmitted via I2C.'  [14]'
%%     1021872.5 ns  Log    ID_UVVM_SEND_CMD    TB seq.(uvvm)       i2c_master_check(I2C_VVC,3): 'Check data from I2C slave'. [16]
%%     1043632.5 ns  Log    ID_BFM              I2C_VVC,3           i2c_master_check(A:x"02A", (x"AA"))=> OK, read data = (x"AA"). ' 'Check data from I2C slave'  [16]'
%%     1043642.5 ns  Log    ID_UVVM_SEND_CMD    TB seq.(uvvm)       i2c_master_transmit(I2C_VVC,3): 'Transmit data to I2C slave'. [18]
%%     1065402.5 ns  Log    ID_BFM              I2C_VVC,3           i2c_master_transmit(A:x"02A", (x"55"))=> (x"55"). ' 'Transmit data to I2C slave'  [18]'
%%     1065402.5 ns  Log    ID_UVVM_SEND_CMD    TB seq.(uvvm)       sbi_check(SBI_VVC,0, x"2A", x"55"): 'Checking data that was just written via I2C'. [20]
%%     1065412.5 ns  Log    ID_BFM              SBI_VVC,0           sbi_check(A:x"2A", x"55")=> OK, read data = x"55". ' 'Checking data that was just written via I2C'  [20]'
%%     1065412.5 ns  Log    ID_UVVM_SEND_CMD    TB seq.(uvvm)       i2c_master_transmit(I2C_VVC,3): 'Transmit data to I2C slave'. [22]
%%     1087172.5 ns  Log    ID_BFM              I2C_VVC,3           i2c_master_transmit(A:x"02A", (x"AA"))=> (x"AA"). ' 'Transmit data to I2C slave'  [22]'
%%     1087172.5 ns  Log    ID_UVVM_SEND_CMD    TB seq.(uvvm)       sbi_check(SBI_VVC,0, x"2A", x"AA"): 'Checking data that was just written via I2C'. [24]
%%     1087182.5 ns  Log    ID_BFM              SBI_VVC,0           sbi_check(A:x"2A", x"AA")=> OK, read data = x"AA". ' 'Checking data that was just written via I2C'  [24]'
%%     1087182.5 ns  Log    ID_UVVM_SEND_CMD    TB seq.(uvvm)       sbi_write(SBI_VVC,0, x"2A", x"22"): 'Writing data that shall be transmitted via I2C.'. [26]
%%     1087190.0 ns  Log    ID_BFM_WAIT         SBI_VVC,0           sbi_write(A:x"2A", x"22") waiting for response (sbi ready=0) ' 'Writing data that shall be transmitted via I2C.'  [26]'
%%     1087202.5 ns  Log    ID_BFM              SBI_VVC,0           sbi_write(A:x"2A", x"22") completed. ' 'Writing data that shall be transmitted via I2C.'  [26]'
%%     1087202.5 ns  Log    ID_UVVM_SEND_CMD    TB seq.(uvvm)       i2c_master_check(I2C_VVC,3): 'Check data from I2C slave'. [28]
%%     1108962.5 ns  Log    ID_BFM              I2C_VVC,3           i2c_master_check(A:x"02A", (x"22"))=> OK, read data = (x"22"). ' 'Check data from I2C slave'  [28]'
%%     1108962.5 ns  Log    ID_UVVM_SEND_CMD    TB seq.(uvvm)       sbi_write(SBI_VVC,0, x"2A", x"E3"): 'Writing data that shall be transmitted via I2C.'. [30]
%%     1108970.0 ns  Log    ID_BFM_WAIT         SBI_VVC,0           sbi_write(A:x"2A", x"E3") waiting for response (sbi ready=0) ' 'Writing data that shall be transmitted via I2C.'  [30]'
%%     1108982.5 ns  Log    ID_BFM              SBI_VVC,0           sbi_write(A:x"2A", x"E3") completed. ' 'Writing data that shall be transmitted via I2C.'  [30]'
%%     1108982.5 ns  Log    ID_UVVM_SEND_CMD    TB seq.(uvvm)       i2c_master_check(I2C_VVC,3): 'Check data from I2C slave'. [32]
%%     1130742.5 ns  Log    ID_BFM              I2C_VVC,3           i2c_master_check(A:x"02A", (x"E3"))=> OK, read data = (x"E3"). ' 'Check data from I2C slave'  [32]'
%%     1130742.5 ns  Log    ID_UVVM_SEND_CMD    TB seq.(uvvm)       sbi_write(SBI_VVC,0, x"2A", x"70"): 'Writing data that shall be transmitted via I2C.'. [34]
%%     1130750.0 ns  Log    ID_BFM_WAIT         SBI_VVC,0           sbi_write(A:x"2A", x"70") waiting for response (sbi ready=0) ' 'Writing data that shall be transmitted via I2C.'  [34]'
%%     1130762.5 ns  Log    ID_BFM              SBI_VVC,0           sbi_write(A:x"2A", x"70") completed. ' 'Writing data that shall be transmitted via I2C.'  [34]'
%%     1130762.5 ns  Log    ID_UVVM_SEND_CMD    TB seq.(uvvm)       i2c_master_check(I2C_VVC,3): 'Check data from I2C slave'. [36]
%%     1152522.5 ns  Log    ID_BFM              I2C_VVC,3           i2c_master_check(A:x"02A", (x"70"))=> OK, read data = (x"70"). ' 'Check data from I2C slave'  [36]'
%%     1152522.5 ns  Log    ID_UVVM_SEND_CMD    TB seq.(uvvm)       sbi_write(SBI_VVC,0, x"2A", x"99"): 'Writing data that shall be transmitted via I2C.'. [38]
%%     1152530.0 ns  Log    ID_BFM_WAIT         SBI_VVC,0           sbi_write(A:x"2A", x"99") waiting for response (sbi ready=0) ' 'Writing data that shall be transmitted via I2C.'  [38]'
%%     1152542.5 ns  Log    ID_BFM              SBI_VVC,0           sbi_write(A:x"2A", x"99") completed. ' 'Writing data that shall be transmitted via I2C.'  [38]'
%%     1152542.5 ns  Log    ID_UVVM_SEND_CMD    TB seq.(uvvm)       i2c_master_check(I2C_VVC,3): 'Check data from I2C slave'. [40]
%%     1174302.5 ns  Log    ID_BFM              I2C_VVC,3           i2c_master_check(A:x"02A", (x"99"))=> OK, read data = (x"99"). ' 'Check data from I2C slave'  [40]'
%%     1174302.5 ns  Log    ID_UVVM_SEND_CMD    TB seq.(uvvm)       sbi_write(SBI_VVC,0, x"2A", x"2B"): 'Writing data that shall be transmitted via I2C.'. [42]
%%     1174310.0 ns  Log    ID_BFM_WAIT         SBI_VVC,0           sbi_write(A:x"2A", x"2B") waiting for response (sbi ready=0) ' 'Writing data that shall be transmitted via I2C.'  [42]'
%%     1174322.5 ns  Log    ID_BFM              SBI_VVC,0           sbi_write(A:x"2A", x"2B") completed. ' 'Writing data that shall be transmitted via I2C.'  [42]'
%%     1174322.5 ns  Log    ID_UVVM_SEND_CMD    TB seq.(uvvm)       i2c_master_check(I2C_VVC,3): 'Check data from I2C slave'. [44]
%%     1196082.5 ns  Log    ID_BFM              I2C_VVC,3           i2c_master_check(A:x"02A", (x"2B"))=> OK, read data = (x"2B"). ' 'Check data from I2C slave'  [44]'
%%     1196082.5 ns  Log    ID_UVVM_SEND_CMD    TB seq.(uvvm)       sbi_write(SBI_VVC,0, x"2A", x"11"): 'Writing data that shall be transmitted via I2C.'. [46]
%%     1196090.0 ns  Log    ID_BFM_WAIT         SBI_VVC,0           sbi_write(A:x"2A", x"11") waiting for response (sbi ready=0) ' 'Writing data that shall be transmitted via I2C.'  [46]'
%%     1196102.5 ns  Log    ID_BFM              SBI_VVC,0           sbi_write(A:x"2A", x"11") completed. ' 'Writing data that shall be transmitted via I2C.'  [46]'
%%     1196102.5 ns  Log    ID_UVVM_SEND_CMD    TB seq.(uvvm)       i2c_master_check(I2C_VVC,3): 'Check data from I2C slave'. [48]
%%     1217862.5 ns  Log    ID_BFM              I2C_VVC,3           i2c_master_check(A:x"02A", (x"11"))=> OK, read data = (x"11"). ' 'Check data from I2C slave'  [48]'
%%     1217862.5 ns  Log    ID_UVVM_SEND_CMD    TB seq.(uvvm)       sbi_write(SBI_VVC,0, x"2A", x"2C"): 'Writing data that shall be transmitted via I2C.'. [50]
%%     1217870.0 ns  Log    ID_BFM_WAIT         SBI_VVC,0           sbi_write(A:x"2A", x"2C") waiting for response (sbi ready=0) ' 'Writing data that shall be transmitted via I2C.'  [50]'
%%     1217882.5 ns  Log    ID_BFM              SBI_VVC,0           sbi_write(A:x"2A", x"2C") completed. ' 'Writing data that shall be transmitted via I2C.'  [50]'
%%     1217882.5 ns  Log    ID_UVVM_SEND_CMD    TB seq.(uvvm)       i2c_master_check(I2C_VVC,3): 'Check data from I2C slave'. [52]
%%     1239642.5 ns  Log    ID_BFM              I2C_VVC,3           i2c_master_check(A:x"02A", (x"2C"))=> OK, read data = (x"2C"). ' 'Check data from I2C slave'  [52]'
%%     1239642.5 ns  Log    ID_UVVM_SEND_CMD    TB seq.(uvvm)       sbi_write(SBI_VVC,0, x"2A", x"9C"): 'Writing data that shall be transmitted via I2C.'. [54]
%%     1239650.0 ns  Log    ID_BFM_WAIT         SBI_VVC,0           sbi_write(A:x"2A", x"9C") waiting for response (sbi ready=0) ' 'Writing data that shall be transmitted via I2C.'  [54]'
%%     1239662.5 ns  Log    ID_BFM              SBI_VVC,0           sbi_write(A:x"2A", x"9C") completed. ' 'Writing data that shall be transmitted via I2C.'  [54]'
%%     1239662.5 ns  Log    ID_UVVM_SEND_CMD    TB seq.(uvvm)       i2c_master_check(I2C_VVC,3): 'Check data from I2C slave'. [56]
%%     1261422.5 ns  Log    ID_BFM              I2C_VVC,3           i2c_master_check(A:x"02A", (x"9C"))=> OK, read data = (x"9C"). ' 'Check data from I2C slave'  [56]'
%%     1261422.5 ns  Log    ID_UVVM_SEND_CMD    TB seq.(uvvm)       sbi_write(SBI_VVC,0, x"2A", x"80"): 'Writing data that shall be transmitted via I2C.'. [58]
%%     1261430.0 ns  Log    ID_BFM_WAIT         SBI_VVC,0           sbi_write(A:x"2A", x"80") waiting for response (sbi ready=0) ' 'Writing data that shall be transmitted via I2C.'  [58]'
%%     1261442.5 ns  Log    ID_BFM              SBI_VVC,0           sbi_write(A:x"2A", x"80") completed. ' 'Writing data that shall be transmitted via I2C.'  [58]'
%%     1261442.5 ns  Log    ID_UVVM_SEND_CMD    TB seq.(uvvm)       i2c_master_check(I2C_VVC,3): 'Check data from I2C slave'. [60]
%%     1283202.5 ns  Log    ID_BFM              I2C_VVC,3           i2c_master_check(A:x"02A", (x"80"))=> OK, read data = (x"80"). ' 'Check data from I2C slave'  [60]'
%%     1283202.5 ns  Log    ID_UVVM_SEND_CMD    TB seq.(uvvm)       sbi_write(SBI_VVC,0, x"2A", x"CB"): 'Writing data that shall be transmitted via I2C.'. [62]
%%     1283210.0 ns  Log    ID_BFM_WAIT         SBI_VVC,0           sbi_write(A:x"2A", x"CB") waiting for response (sbi ready=0) ' 'Writing data that shall be transmitted via I2C.'  [62]'
%%     1283222.5 ns  Log    ID_BFM              SBI_VVC,0           sbi_write(A:x"2A", x"CB") completed. ' 'Writing data that shall be transmitted via I2C.'  [62]'
%%     1283222.5 ns  Log    ID_UVVM_SEND_CMD    TB seq.(uvvm)       i2c_master_check(I2C_VVC,3): 'Check data from I2C slave'. [64]
%%     1304982.5 ns  Log    ID_BFM              I2C_VVC,3           i2c_master_check(A:x"02A", (x"CB"))=> OK, read data = (x"CB"). ' 'Check data from I2C slave'  [64]'
%%     1304982.5 ns  Log    ID_UVVM_SEND_CMD    TB seq.(uvvm)       sbi_write(SBI_VVC,0, x"2A", x"64"): 'Writing data that shall be transmitted via I2C.'. [66]
%%     1304990.0 ns  Log    ID_BFM_WAIT         SBI_VVC,0           sbi_write(A:x"2A", x"64") waiting for response (sbi ready=0) ' 'Writing data that shall be transmitted via I2C.'  [66]'
%%     1305002.5 ns  Log    ID_BFM              SBI_VVC,0           sbi_write(A:x"2A", x"64") completed. ' 'Writing data that shall be transmitted via I2C.'  [66]'
%%     1305002.5 ns  Log    ID_UVVM_SEND_CMD    TB seq.(uvvm)       i2c_master_check(I2C_VVC,3): 'Check data from I2C slave'. [68]
%%     1326762.5 ns  Log    ID_BFM              I2C_VVC,3           i2c_master_check(A:x"02A", (x"64"))=> OK, read data = (x"64"). ' 'Check data from I2C slave'  [68]'
%%     1326772.5 ns  Log    ID_UVVM_SEND_CMD    TB seq.(uvvm)       i2c_master_transmit(I2C_VVC,3): 'Transmit data to I2C slave'. [70]
%%     1348532.5 ns  Log    ID_BFM              I2C_VVC,3           i2c_master_transmit(A:x"02A", (x"4F"))=> (x"4F"). ' 'Transmit data to I2C slave'  [70]'
%%     1348532.5 ns  Log    ID_UVVM_SEND_CMD    TB seq.(uvvm)       sbi_check(SBI_VVC,0, x"2A", x"4F"): 'Checking data that was just written via I2C'. [72]
%%     1348542.5 ns  Log    ID_BFM              SBI_VVC,0           sbi_check(A:x"2A", x"4F")=> OK, read data = x"4F". ' 'Checking data that was just written via I2C'  [72]'
%%     1348542.5 ns  Log    ID_UVVM_SEND_CMD    TB seq.(uvvm)       i2c_master_transmit(I2C_VVC,3): 'Transmit data to I2C slave'. [74]
%%     1370302.5 ns  Log    ID_BFM              I2C_VVC,3           i2c_master_transmit(A:x"02A", (x"21"))=> (x"21"). ' 'Transmit data to I2C slave'  [74]'
%%     1370302.5 ns  Log    ID_UVVM_SEND_CMD    TB seq.(uvvm)       sbi_check(SBI_VVC,0, x"2A", x"21"): 'Checking data that was just written via I2C'. [76]
%%     1370312.5 ns  Log    ID_BFM              SBI_VVC,0           sbi_check(A:x"2A", x"21")=> OK, read data = x"21". ' 'Checking data that was just written via I2C'  [76]'
%%     1370312.5 ns  Log    ID_UVVM_SEND_CMD    TB seq.(uvvm)       i2c_master_transmit(I2C_VVC,3): 'Transmit data to I2C slave'. [78]
%%     1392072.5 ns  Log    ID_BFM              I2C_VVC,3           i2c_master_transmit(A:x"02A", (x"92"))=> (x"92"). ' 'Transmit data to I2C slave'  [78]'
%%     1392072.5 ns  Log    ID_UVVM_SEND_CMD    TB seq.(uvvm)       sbi_check(SBI_VVC,0, x"2A", x"92"): 'Checking data that was just written via I2C'. [80]
%%     1392082.5 ns  Log    ID_BFM              SBI_VVC,0           sbi_check(A:x"2A", x"92")=> OK, read data = x"92". ' 'Checking data that was just written via I2C'  [80]'
%%     1392082.5 ns  Log    ID_UVVM_SEND_CMD    TB seq.(uvvm)       i2c_master_transmit(I2C_VVC,3): 'Transmit data to I2C slave'. [82]
%%     1413842.5 ns  Log    ID_BFM              I2C_VVC,3           i2c_master_transmit(A:x"02A", (x"60"))=> (x"60"). ' 'Transmit data to I2C slave'  [82]'
%%     1413842.5 ns  Log    ID_UVVM_SEND_CMD    TB seq.(uvvm)       sbi_check(SBI_VVC,0, x"2A", x"60"): 'Checking data that was just written via I2C'. [84]
%%     1413852.5 ns  Log    ID_BFM              SBI_VVC,0           sbi_check(A:x"2A", x"60")=> OK, read data = x"60". ' 'Checking data that was just written via I2C'  [84]'
%%     1413852.5 ns  Log    ID_UVVM_SEND_CMD    TB seq.(uvvm)       i2c_master_transmit(I2C_VVC,3): 'Transmit data to I2C slave'. [86]
%%     1435612.5 ns  Log    ID_BFM              I2C_VVC,3           i2c_master_transmit(A:x"02A", (x"7B"))=> (x"7B"). ' 'Transmit data to I2C slave'  [86]'
%%     1435612.5 ns  Log    ID_UVVM_SEND_CMD    TB seq.(uvvm)       sbi_check(SBI_VVC,0, x"2A", x"7B"): 'Checking data that was just written via I2C'. [88]
%%     1435622.5 ns  Log    ID_BFM              SBI_VVC,0           sbi_check(A:x"2A", x"7B")=> OK, read data = x"7B". ' 'Checking data that was just written via I2C'  [88]'
%%     1435622.5 ns  Log    ID_UVVM_SEND_CMD    TB seq.(uvvm)       i2c_master_transmit(I2C_VVC,3): 'Transmit data to I2C slave'. [90]
%%     1457382.5 ns  Log    ID_BFM              I2C_VVC,3           i2c_master_transmit(A:x"02A", (x"60"))=> (x"60"). ' 'Transmit data to I2C slave'  [90]'
%%     1457382.5 ns  Log    ID_UVVM_SEND_CMD    TB seq.(uvvm)       sbi_check(SBI_VVC,0, x"2A", x"60"): 'Checking data that was just written via I2C'. [92]
%%     1457392.5 ns  Log    ID_BFM              SBI_VVC,0           sbi_check(A:x"2A", x"60")=> OK, read data = x"60". ' 'Checking data that was just written via I2C'  [92]'
%%     1457392.5 ns  Log    ID_UVVM_SEND_CMD    TB seq.(uvvm)       i2c_master_transmit(I2C_VVC,3): 'Transmit data to I2C slave'. [94]
%%     1479152.5 ns  Log    ID_BFM              I2C_VVC,3           i2c_master_transmit(A:x"02A", (x"8B"))=> (x"8B"). ' 'Transmit data to I2C slave'  [94]'
%%     1479152.5 ns  Log    ID_UVVM_SEND_CMD    TB seq.(uvvm)       sbi_check(SBI_VVC,0, x"2A", x"8B"): 'Checking data that was just written via I2C'. [96]
%%     1479162.5 ns  Log    ID_BFM              SBI_VVC,0           sbi_check(A:x"2A", x"8B")=> OK, read data = x"8B". ' 'Checking data that was just written via I2C'  [96]'
%%     1479162.5 ns  Log    ID_UVVM_SEND_CMD    TB seq.(uvvm)       i2c_master_transmit(I2C_VVC,3): 'Transmit data to I2C slave'. [98]
%%     1500922.5 ns  Log    ID_BFM              I2C_VVC,3           i2c_master_transmit(A:x"02A", (x"C5"))=> (x"C5"). ' 'Transmit data to I2C slave'  [98]'
%%     1500922.5 ns  Log    ID_UVVM_SEND_CMD    TB seq.(uvvm)       sbi_check(SBI_VVC,0, x"2A", x"C5"): 'Checking data that was just written via I2C'. [100]
%%     1500932.5 ns  Log    ID_BFM              SBI_VVC,0           sbi_check(A:x"2A", x"C5")=> OK, read data = x"C5". ' 'Checking data that was just written via I2C'  [100]'
%%     1500932.5 ns  Log    ID_UVVM_SEND_CMD    TB seq.(uvvm)       i2c_master_transmit(I2C_VVC,3): 'Transmit data to I2C slave'. [102]
%%     1522692.5 ns  Log    ID_BFM              I2C_VVC,3           i2c_master_transmit(A:x"02A", (x"88"))=> (x"88"). ' 'Transmit data to I2C slave'  [102]'
%%     1522692.5 ns  Log    ID_UVVM_SEND_CMD    TB seq.(uvvm)       sbi_check(SBI_VVC,0, x"2A", x"88"): 'Checking data that was just written via I2C'. [104]
%%     1522702.5 ns  Log    ID_BFM              SBI_VVC,0           sbi_check(A:x"2A", x"88")=> OK, read data = x"88". ' 'Checking data that was just written via I2C'  [104]'
%%     1522702.5 ns  Log    ID_UVVM_SEND_CMD    TB seq.(uvvm)       i2c_master_transmit(I2C_VVC,3): 'Transmit data to I2C slave'. [106]
%%     1544462.5 ns  Log    ID_BFM              I2C_VVC,3           i2c_master_transmit(A:x"02A", (x"06"))=> (x"6"). ' 'Transmit data to I2C slave'  [106]'
%%     1544462.5 ns  Log    ID_UVVM_SEND_CMD    TB seq.(uvvm)       sbi_check(SBI_VVC,0, x"2A", x"06"): 'Checking data that was just written via I2C'. [108]
%%     1544472.5 ns  Log    ID_BFM              SBI_VVC,0           sbi_check(A:x"2A", x"06")=> OK, read data = x"6". ' 'Checking data that was just written via I2C'  [108]'
%%     1544472.5 ns  Log    ID_UVVM_SEND_CMD    TB seq.(uvvm)       i2c_master_transmit(I2C_VVC,3): 'Transmit data to I2C slave'. [110]
%%     1566232.5 ns  Log    ID_BFM              I2C_VVC,3           i2c_master_transmit(A:x"02A", (x"5D"))=> (x"5D"). ' 'Transmit data to I2C slave'  [110]'
%%     1566232.5 ns  Log    ID_UVVM_SEND_CMD    TB seq.(uvvm)       sbi_check(SBI_VVC,0, x"2A", x"5D"): 'Checking data that was just written via I2C'. [112]
%%     1566242.5 ns  Log    ID_BFM              SBI_VVC,0           sbi_check(A:x"2A", x"5D")=> OK, read data = x"5D". ' 'Checking data that was just written via I2C'  [112]'
%%     1566243.5 ns  Log    ID_AWAIT_UVVM_COMP  I2C_VVC_TB          await_uvvm_completion() => OK. All VVCs are inactive. Condition occurred after 1 ns
%%     1566243.5 ns  Log    ID_AWAIT_UVVM_COMP  I2C_VVC_TB          await_uvvm_completion()() => OK. All UVVM scoreboards are empty. Condition occurred after 0 ns
%% 
%% ============================================================================================================================================================================
%%  *** INTERMEDIATE SUMMARY OF ALL ALERTS ***
%% ============================================================================================================================================================================
%%     1566243.5 ns  DONE   NOCHECKS  single-byte_communication_with_single_slave_dut  Passed: 0
%%    Expected      Failures: 0  Errors: 0  Warnings: 0  Passed: 0
%%    VHDL Asserts  Failures: 0  Errors: 0  Warnings: 0  Passed: 0
%%    Default       Failures: 0  Errors: 0  Warnings: 0  Passed: 0
%%    OSVVM         Failures: 0  Errors: 0  Warnings: 0  Passed: 0
%% ============================================================================================================================================================================
%% 
%% 
%% 
%%     1566243.5 ns  Log    ID_LOG_HDR          I2C_VVC_TB          SIMULATION COMPLETED
%% ----------------------------------------------------------------------------------------------------------------------------------------------------------------------------
