%%      
%%      -----------------------------------------------------------------------------------------------------------------------------------------------------------------------
%%      ***  REPORT OF GLOBAL CTRL ***
%%      -----------------------------------------------------------------------------------------------------------------------------------------------------------------------
%%                                IGNORE    STOP_LIMIT
%%                NOTE         :  REGARD         0
%%                TB_NOTE      :  REGARD         0
%%                WARNING      :  REGARD         0
%%                TB_WARNING   :  REGARD         0
%%                MANUAL_CHECK :  REGARD         0
%%                ERROR        :  REGARD         0
%%                TB_ERROR     :  REGARD         0
%%                FAILURE      :  REGARD         1
%%                TB_FAILURE   :  REGARD         1
%%      -----------------------------------------------------------------------------------------------------------------------------------------------------------------------
%%      
%%      
%%      -----------------------------------------------------------------------------------------------------------------------------------------------------------------------
%%      ***  REPORT OF MSG ID PANEL ***
%%      -----------------------------------------------------------------------------------------------------------------------------------------------------------------------
%%                ID                             Status
%%                ------------------------       ------
%%                ID_UTIL_BURIED               : DISABLED
%%                ID_BITVIS_DEBUG              : DISABLED
%%                ID_UTIL_SETUP                : ENABLED
%%                ID_LOG_MSG_CTRL              : ENABLED
%%                ID_ALERT_CTRL                : ENABLED
%%                ID_FINISH_OR_STOP            : ENABLED
%%                ID_CLOCK_GEN                 : ENABLED
%%                ID_GEN_PULSE                 : ENABLED
%%                ID_BLOCKING                  : ENABLED
%%                ID_WATCHDOG                  : ENABLED
%%                ID_RAND_GEN                  : DISABLED
%%                ID_RAND_CONF                 : DISABLED
%%                ID_FUNC_COV_BINS             : DISABLED
%%                ID_FUNC_COV_BINS_INFO        : DISABLED
%%                ID_FUNC_COV_RAND             : DISABLED
%%                ID_FUNC_COV_SAMPLE           : DISABLED
%%                ID_FUNC_COV_CONFIG           : DISABLED
%%                ID_POS_ACK                   : ENABLED
%%                ID_UVVM_ASSERTION            : ENABLED
%%                ID_LOG_HDR                   : ENABLED
%%                ID_LOG_HDR_LARGE             : ENABLED
%%                ID_LOG_HDR_XL                : ENABLED
%%                ID_SEQUENCER                 : ENABLED
%%                ID_SEQUENCER_SUB             : ENABLED
%%                ID_BFM                       : ENABLED
%%                ID_BFM_WAIT                  : ENABLED
%%                ID_BFM_POLL                  : ENABLED
%%                ID_BFM_POLL_SUMMARY          : ENABLED
%%                ID_CHANNEL_BFM               : ENABLED
%%                ID_TERMINATE_CMD             : ENABLED
%%                ID_SEGMENT_INITIATE          : ENABLED
%%                ID_SEGMENT_COMPLETE          : ENABLED
%%                ID_SEGMENT_HDR               : ENABLED
%%                ID_SEGMENT_DATA              : ENABLED
%%                ID_PACKET_INITIATE           : ENABLED
%%                ID_PACKET_PREAMBLE           : ENABLED
%%                ID_PACKET_COMPLETE           : ENABLED
%%                ID_PACKET_HDR                : ENABLED
%%                ID_PACKET_DATA               : ENABLED
%%                ID_PACKET_CHECKSUM           : ENABLED
%%                ID_PACKET_GAP                : ENABLED
%%                ID_PACKET_PAYLOAD            : ENABLED
%%                ID_FRAME_INITIATE            : ENABLED
%%                ID_FRAME_COMPLETE            : ENABLED
%%                ID_FRAME_HDR                 : ENABLED
%%                ID_FRAME_DATA                : ENABLED
%%                ID_COVERAGE_MAKEBIN          : DISABLED
%%                ID_COVERAGE_ADDBIN           : DISABLED
%%                ID_COVERAGE_ICOVER           : DISABLED
%%                ID_COVERAGE_CONFIG           : ENABLED
%%                ID_COVERAGE_SUMMARY          : ENABLED
%%                ID_COVERAGE_HOLES            : ENABLED
%%                ID_UVVM_SEND_CMD             : ENABLED
%%                ID_UVVM_CMD_ACK              : ENABLED
%%                ID_UVVM_CMD_RESULT           : ENABLED
%%                ID_CMD_INTERPRETER           : ENABLED
%%                ID_CMD_INTERPRETER_WAIT      : ENABLED
%%                ID_IMMEDIATE_CMD             : ENABLED
%%                ID_IMMEDIATE_CMD_WAIT        : ENABLED
%%                ID_CMD_EXECUTOR              : ENABLED
%%                ID_CMD_EXECUTOR_WAIT         : ENABLED
%%                ID_CHANNEL_EXECUTOR          : ENABLED
%%                ID_CHANNEL_EXECUTOR_WAIT     : ENABLED
%%                ID_NEW_HVVC_CMD_SEQ          : ENABLED
%%                ID_INSERTED_DELAY            : ENABLED
%%                ID_OLD_AWAIT_COMPLETION      : ENABLED
%%                ID_AWAIT_COMPLETION          : ENABLED
%%                ID_AWAIT_COMPLETION_LIST     : ENABLED
%%                ID_AWAIT_COMPLETION_WAIT     : ENABLED
%%                ID_AWAIT_COMPLETION_END      : ENABLED
%%                ID_AWAIT_UVVM_COMPLETION     : ENABLED
%%                ID_UVVM_DATA_QUEUE           : ENABLED
%%                ID_CONSTRUCTOR               : ENABLED
%%                ID_CONSTRUCTOR_SUB           : ENABLED
%%                ID_VVC_ACTIVITY              : ENABLED
%%                ID_MONITOR                   : ENABLED
%%                ID_MONITOR_ERROR             : ENABLED
%%                ID_DATA                      : ENABLED
%%                ID_CTRL                      : ENABLED
%%                ID_SPEC_COV_INIT             : ENABLED
%%                ID_SPEC_COV_REQS             : ENABLED
%%                ID_SPEC_COV                  : ENABLED
%%                ID_FILE_OPEN_CLOSE           : ENABLED
%%                ID_FILE_PARSER               : ENABLED
%%      -----------------------------------------------------------------------------------------------------------------------------------------------------------------------
%%      
%%           0.0 ns  Log    ID_LOG_MSG_CTRL     TB seq.             disable_log_msg(ALL_MESSAGES).
%%           0.0 ns  Log    ID_LOG_MSG_CTRL     TB seq.             enable_log_msg(ID_SEQUENCER).
%%           0.0 ns  Log    ID_LOG_MSG_CTRL     TB seq.             enable_log_msg(ID_LOG_HDR).
%%           0.0 ns  Log    ID_LOG_MSG_CTRL     TB seq.             enable_log_msg(ID_LOG_HDR_XL).
%%           0.0 ns  Log    ID_LOG_MSG_CTRL     TB seq.             enable_log_msg(ID_SEQUENCER_SUB).
%% 
%% 
%%           0.0 ns  Log    ID_LOG_HDR          EI_DEMO_TB          Starting simulation of Error Injection VIP TB.
%% ----------------------------------------------------------------------------------------------------------------------------------------------------------------------------
%% 
%% 
%% ############################################################################################################################################################################
%% 
%%           0.0 ns  Log    ID_LOG_HDR_XL       TB seq.             Delay error injection tests
%% 
%% ############################################################################################################################################################################
%% 
%% 
%% 
%% 
%%           0.0 ns  Log    ID_LOG_HDR          EI_DEMO_TB          Delay test with delay = 7 ns and interval = 1.
%% ----------------------------------------------------------------------------------------------------------------------------------------------------------------------------
%%           0.0 ns  Log    ID_SEQUENCER_SUB    EI_DEMO_TB          Setting EI VIPs input signal
%%           7.0 ns  Log    ID_SEQUENCER        EI_DEMO_TB          Verify delayed initial edge 1.
%%          27.0 ns  Log    ID_SEQUENCER        EI_DEMO_TB          Verify delayed final edge 1.
%%:                                                                 
%%          40.0 ns  Log    ID_SEQUENCER_SUB    EI_DEMO_TB          Setting EI VIPs input signal
%%          47.0 ns  Log    ID_SEQUENCER        EI_DEMO_TB          Verify delayed initial edge 2.
%%          67.0 ns  Log    ID_SEQUENCER        EI_DEMO_TB          Verify delayed final edge 2.
%%:                                                                 
%% 
%% 
%%          80.0 ns  Log    ID_LOG_HDR          EI_DEMO_TB          Delay test with delay = 7 ns and interval = 2.
%% ----------------------------------------------------------------------------------------------------------------------------------------------------------------------------
%%          80.0 ns  Log    ID_SEQUENCER_SUB    EI_DEMO_TB          Setting EI VIPs input signal
%%          87.0 ns  Log    ID_SEQUENCER        EI_DEMO_TB          Verify delayed initial edge 1.
%%         107.0 ns  Log    ID_SEQUENCER        EI_DEMO_TB          Verify delayed final edge 1.
%%:                                                                 
%%         120.0 ns  Log    ID_SEQUENCER_SUB    EI_DEMO_TB          Setting EI VIPs input signal
%%         120.0 ns  Log    ID_SEQUENCER        EI_DEMO_TB          Verify non delayed initial edge 2.
%%         140.0 ns  Log    ID_SEQUENCER        EI_DEMO_TB          Verify non delayed final edge 2.
%%:                                                                 
%%         160.0 ns  Log    ID_SEQUENCER_SUB    EI_DEMO_TB          Setting EI VIPs input signal
%%         167.0 ns  Log    ID_SEQUENCER        EI_DEMO_TB          Verify delayed initial edge 3.
%%         187.0 ns  Log    ID_SEQUENCER        EI_DEMO_TB          Verify delayed final edge 3.
%%:                                                                 
%%         200.0 ns  Log    ID_SEQUENCER_SUB    EI_DEMO_TB          Setting EI VIPs input signal
%%         200.0 ns  Log    ID_SEQUENCER        EI_DEMO_TB          Verify non delayed initial edge 4.
%%         220.0 ns  Log    ID_SEQUENCER        EI_DEMO_TB          Verify non delayed final edge 4.
%%:                                                                 
%%         240.0 ns  Log    ID_SEQUENCER_SUB    EI_DEMO_TB          Setting EI VIPs input signal
%%         247.0 ns  Log    ID_SEQUENCER        EI_DEMO_TB          Verify delayed initial edge 5.
%%         267.0 ns  Log    ID_SEQUENCER        EI_DEMO_TB          Verify delayed final edge 5.
%%:                                                                 
%%         280.0 ns  Log    ID_SEQUENCER_SUB    EI_DEMO_TB          Setting EI VIPs input signal
%%         280.0 ns  Log    ID_SEQUENCER        EI_DEMO_TB          Verify non delayed initial edge 6.
%%         300.0 ns  Log    ID_SEQUENCER        EI_DEMO_TB          Verify non delayed final edge 6.
%%:                                                                 
%%         320.0 ns  Log    ID_SEQUENCER_SUB    EI_DEMO_TB          Resetting EI VIP inputs
%% 
%% 
%%         420.0 ns  Log    ID_LOG_HDR          EI_DEMO_TB          Delay test with randomised delay = 1-10 ns and interval = 1.
%% ----------------------------------------------------------------------------------------------------------------------------------------------------------------------------
%%         420.0 ns  Log    ID_SEQUENCER_SUB    EI_DEMO_TB          Setting EI VIPs input signal
%%         427.0 ns  Log    ID_SEQUENCER        EI_DEMO_TB          Verify delayed initial edge 1.
%%         447.0 ns  Log    ID_SEQUENCER        EI_DEMO_TB          Verify delayed final edge 1.
%%:                                                                 
%%         467.0 ns  Log    ID_SEQUENCER_SUB    EI_DEMO_TB          Setting EI VIPs input signal
%%         473.0 ns  Log    ID_SEQUENCER        EI_DEMO_TB          Verify delayed initial edge 2.
%%         493.0 ns  Log    ID_SEQUENCER        EI_DEMO_TB          Verify delayed final edge 2.
%%:                                                                 
%%         513.0 ns  Log    ID_SEQUENCER_SUB    EI_DEMO_TB          Resetting EI VIP inputs
%% 
%% 
%% ############################################################################################################################################################################
%% 
%%         613.0 ns  Log    ID_LOG_HDR_XL       TB seq.             Jitter error injection tests
%% 
%% ############################################################################################################################################################################
%% 
%% 
%% 
%% 
%%         613.0 ns  Log    ID_LOG_HDR          EI_DEMO_TB          Jitter test with jitter = 7 ns - 3 ns and interval = 1.
%% ----------------------------------------------------------------------------------------------------------------------------------------------------------------------------
%%         613.0 ns  Log    ID_SEQUENCER_SUB    EI_DEMO_TB          Setting EI VIPs input signal
%%         620.0 ns  Log    ID_SEQUENCER        EI_DEMO_TB          Verify jittered initial edge 1.
%%         636.0 ns  Log    ID_SEQUENCER        EI_DEMO_TB          Verify jittered final edge 1.
%%:                                                                 
%%         656.0 ns  Log    ID_SEQUENCER_SUB    EI_DEMO_TB          Setting EI VIPs input signal
%%         663.0 ns  Log    ID_SEQUENCER        EI_DEMO_TB          Verify jittered initial edge 2.
%%         679.0 ns  Log    ID_SEQUENCER        EI_DEMO_TB          Verify jittered final edge 2.
%%:                                                                 
%% 
%% 
%%         699.0 ns  Log    ID_LOG_HDR          EI_DEMO_TB          Jitter test with delay = 7 ns and interval = 2.
%% ----------------------------------------------------------------------------------------------------------------------------------------------------------------------------
%%         699.0 ns  Log    ID_SEQUENCER_SUB    EI_DEMO_TB          Setting EI VIPs input signal
%%         706.0 ns  Log    ID_SEQUENCER        EI_DEMO_TB          Verify jittered initial edge 1.
%%         722.0 ns  Log    ID_SEQUENCER        EI_DEMO_TB          Verify jittered final edge 1.
%%:                                                                 
%%         739.0 ns  Log    ID_SEQUENCER_SUB    EI_DEMO_TB          Setting EI VIPs input signal
%%         739.0 ns  Log    ID_SEQUENCER        EI_DEMO_TB          Verify non jittered initial edge 2.
%%         759.0 ns  Log    ID_SEQUENCER        EI_DEMO_TB          Verify non jittered final edge 2.
%%:                                                                 
%%         779.0 ns  Log    ID_SEQUENCER_SUB    EI_DEMO_TB          Setting EI VIPs input signal
%%         786.0 ns  Log    ID_SEQUENCER        EI_DEMO_TB          Verify jittered initial edge 3.
%%         802.0 ns  Log    ID_SEQUENCER        EI_DEMO_TB          Verify jittered final edge 3.
%%:                                                                 
%%         819.0 ns  Log    ID_SEQUENCER_SUB    EI_DEMO_TB          Setting EI VIPs input signal
%%         819.0 ns  Log    ID_SEQUENCER        EI_DEMO_TB          Verify non jittered initial edge 4.
%%         839.0 ns  Log    ID_SEQUENCER        EI_DEMO_TB          Verify non jittered final edge 4.
%%:                                                                 
%%         859.0 ns  Log    ID_SEQUENCER_SUB    EI_DEMO_TB          Setting EI VIPs input signal
%%         866.0 ns  Log    ID_SEQUENCER        EI_DEMO_TB          Verify jittered initial edge 5.
%%         882.0 ns  Log    ID_SEQUENCER        EI_DEMO_TB          Verify jittered final edge 5.
%%:                                                                 
%%         899.0 ns  Log    ID_SEQUENCER_SUB    EI_DEMO_TB          Setting EI VIPs input signal
%%         899.0 ns  Log    ID_SEQUENCER        EI_DEMO_TB          Verify non jittered initial edge 6.
%%         919.0 ns  Log    ID_SEQUENCER        EI_DEMO_TB          Verify non jittered final edge 6.
%%:                                                                 
%%         939.0 ns  Log    ID_SEQUENCER_SUB    EI_DEMO_TB          Resetting EI VIP inputs
%% 
%% 
%% ############################################################################################################################################################################
%% 
%%        1039.0 ns  Log    ID_LOG_HDR_XL       TB seq.             Invert error injection tests
%% 
%% ############################################################################################################################################################################
%% 
%% 
%% 
%% 
%%        1039.0 ns  Log    ID_LOG_HDR          EI_DEMO_TB          Invert test with interval = 1.
%% ----------------------------------------------------------------------------------------------------------------------------------------------------------------------------
%%        1039.0 ns  Log    ID_SEQUENCER_SUB    EI_DEMO_TB          Setting EI VIPs input signal
%%        1059.0 ns  Log    ID_SEQUENCER        EI_DEMO_TB          Verify inverted signal -1.
%%:                                                                 
%%        1079.0 ns  Log    ID_SEQUENCER_SUB    EI_DEMO_TB          Setting EI VIPs input signal
%%        1079.0 ns  Log    ID_SEQUENCER        EI_DEMO_TB          Verify inverted signal 0.
%%:                                                                 
%% 
%% 
%%        1099.0 ns  Log    ID_LOG_HDR          EI_DEMO_TB          Invert test with interval = 2.
%% ----------------------------------------------------------------------------------------------------------------------------------------------------------------------------
%%        1099.0 ns  Log    ID_SEQUENCER_SUB    EI_DEMO_TB          Setting EI VIPs input signal
%%        1099.0 ns  Log    ID_SEQUENCER        EI_DEMO_TB          Verify inverted signal 1.
%%        1119.0 ns  Log    ID_SEQUENCER        EI_DEMO_TB          Verify inverted signal 1.
%%:                                                                 
%%        1139.0 ns  Log    ID_SEQUENCER_SUB    EI_DEMO_TB          Setting EI VIPs input signal
%%        1139.0 ns  Log    ID_SEQUENCER        EI_DEMO_TB          Verify non inverted signal 2.
%%        1159.0 ns  Log    ID_SEQUENCER        EI_DEMO_TB          Verify non inverted signal 2.
%%:                                                                 
%%        1179.0 ns  Log    ID_SEQUENCER_SUB    EI_DEMO_TB          Setting EI VIPs input signal
%%        1179.0 ns  Log    ID_SEQUENCER        EI_DEMO_TB          Verify inverted signal 3.
%%        1199.0 ns  Log    ID_SEQUENCER        EI_DEMO_TB          Verify inverted signal 3.
%%:                                                                 
%%        1219.0 ns  Log    ID_SEQUENCER_SUB    EI_DEMO_TB          Setting EI VIPs input signal
%%        1219.0 ns  Log    ID_SEQUENCER        EI_DEMO_TB          Verify non inverted signal 4.
%%        1239.0 ns  Log    ID_SEQUENCER        EI_DEMO_TB          Verify non inverted signal 4.
%%:                                                                 
%%        1259.0 ns  Log    ID_SEQUENCER_SUB    EI_DEMO_TB          Setting EI VIPs input signal
%%        1259.0 ns  Log    ID_SEQUENCER        EI_DEMO_TB          Verify inverted signal 5.
%%        1279.0 ns  Log    ID_SEQUENCER        EI_DEMO_TB          Verify inverted signal 5.
%%:                                                                 
%%        1299.0 ns  Log    ID_SEQUENCER_SUB    EI_DEMO_TB          Setting EI VIPs input signal
%%        1299.0 ns  Log    ID_SEQUENCER        EI_DEMO_TB          Verify non inverted signal 6.
%%        1319.0 ns  Log    ID_SEQUENCER        EI_DEMO_TB          Verify non inverted signal 6.
%%:                                                                 
%%        1339.0 ns  Log    ID_SEQUENCER_SUB    EI_DEMO_TB          Resetting EI VIP inputs
%% 
%% 
%% ############################################################################################################################################################################
%% 
%%        1439.0 ns  Log    ID_LOG_HDR_XL       TB seq.             Pulse error injection tests
%% 
%% ############################################################################################################################################################################
%% 
%% 
%% 
%% 
%%        1439.0 ns  Log    ID_LOG_HDR          EI_DEMO_TB          Pulse test with pulse start = 7 ns, pulse width = 6 ns, and interval = 1.
%% ----------------------------------------------------------------------------------------------------------------------------------------------------------------------------
%%        1439.0 ns  Log    ID_SEQUENCER_SUB    EI_DEMO_TB          Setting EI VIPs input signal
%%        1439.0 ns  Log    ID_SEQUENCER        EI_DEMO_TB          Verify normal signal start 1.
%%        1446.0 ns  Log    ID_SEQUENCER        EI_DEMO_TB          Verify pulse start 1.
%%        1452.0 ns  Log    ID_SEQUENCER        EI_DEMO_TB          Verify pulse end 1.
%%        1459.0 ns  Log    ID_SEQUENCER        EI_DEMO_TB          Verify signal end 1.
%%:                                                                 
%%        1479.0 ns  Log    ID_SEQUENCER_SUB    EI_DEMO_TB          Setting EI VIPs input signal
%%        1479.0 ns  Log    ID_SEQUENCER        EI_DEMO_TB          Verify normal signal start 2.
%%        1486.0 ns  Log    ID_SEQUENCER        EI_DEMO_TB          Verify pulse start 2.
%%        1492.0 ns  Log    ID_SEQUENCER        EI_DEMO_TB          Verify pulse end 2.
%%        1499.0 ns  Log    ID_SEQUENCER        EI_DEMO_TB          Verify signal end 2.
%%:                                                                 
%% 
%% 
%%        1519.0 ns  Log    ID_LOG_HDR          EI_DEMO_TB          Pulse test with interval = 2.
%% ----------------------------------------------------------------------------------------------------------------------------------------------------------------------------
%%        1519.0 ns  Log    ID_SEQUENCER_SUB    EI_DEMO_TB          Setting EI VIPs input signal
%%        1519.0 ns  Log    ID_SEQUENCER        EI_DEMO_TB          Verify normal signal start 1.
%%        1526.0 ns  Log    ID_SEQUENCER        EI_DEMO_TB          Verify pulse start 1.
%%        1532.0 ns  Log    ID_SEQUENCER        EI_DEMO_TB          Verify pulse end 1.
%%        1539.0 ns  Log    ID_SEQUENCER        EI_DEMO_TB          Verify signal end 1.
%%:                                                                 
%%        1559.0 ns  Log    ID_SEQUENCER_SUB    EI_DEMO_TB          Setting EI VIPs input signal
%%        1559.0 ns  Log    ID_SEQUENCER        EI_DEMO_TB          Verify normal signal start 2.
%%        1559.0 ns  Log    ID_SEQUENCER        EI_DEMO_TB          Verify non pulsed signal 2.
%%        1579.0 ns  Log    ID_SEQUENCER        EI_DEMO_TB          Verify signal end 2.
%%:                                                                 
%%        1599.0 ns  Log    ID_SEQUENCER_SUB    EI_DEMO_TB          Setting EI VIPs input signal
%%        1599.0 ns  Log    ID_SEQUENCER        EI_DEMO_TB          Verify normal signal start 3.
%%        1606.0 ns  Log    ID_SEQUENCER        EI_DEMO_TB          Verify pulse start 3.
%%        1612.0 ns  Log    ID_SEQUENCER        EI_DEMO_TB          Verify pulse end 3.
%%        1619.0 ns  Log    ID_SEQUENCER        EI_DEMO_TB          Verify signal end 3.
%%:                                                                 
%%        1639.0 ns  Log    ID_SEQUENCER_SUB    EI_DEMO_TB          Setting EI VIPs input signal
%%        1639.0 ns  Log    ID_SEQUENCER        EI_DEMO_TB          Verify normal signal start 4.
%%        1639.0 ns  Log    ID_SEQUENCER        EI_DEMO_TB          Verify non pulsed signal 4.
%%        1659.0 ns  Log    ID_SEQUENCER        EI_DEMO_TB          Verify signal end 4.
%%:                                                                 
%%        1679.0 ns  Log    ID_SEQUENCER_SUB    EI_DEMO_TB          Setting EI VIPs input signal
%%        1679.0 ns  Log    ID_SEQUENCER        EI_DEMO_TB          Verify normal signal start 5.
%%        1686.0 ns  Log    ID_SEQUENCER        EI_DEMO_TB          Verify pulse start 5.
%%        1692.0 ns  Log    ID_SEQUENCER        EI_DEMO_TB          Verify pulse end 5.
%%        1699.0 ns  Log    ID_SEQUENCER        EI_DEMO_TB          Verify signal end 5.
%%:                                                                 
%%        1719.0 ns  Log    ID_SEQUENCER_SUB    EI_DEMO_TB          Setting EI VIPs input signal
%%        1719.0 ns  Log    ID_SEQUENCER        EI_DEMO_TB          Verify normal signal start 6.
%%        1719.0 ns  Log    ID_SEQUENCER        EI_DEMO_TB          Verify non pulsed signal 6.
%%        1739.0 ns  Log    ID_SEQUENCER        EI_DEMO_TB          Verify signal end 6.
%%:                                                                 
%%        1759.0 ns  Log    ID_SEQUENCER_SUB    EI_DEMO_TB          Resetting EI VIP inputs
%% 
%% 
%% ############################################################################################################################################################################
%% 
%%        1859.0 ns  Log    ID_LOG_HDR_XL       EI_DEMO_TB          Stuck at old error injection test.
%% 
%% ############################################################################################################################################################################
%% 
%% 
%% 
%% 
%%        1859.0 ns  Log    ID_LOG_HDR          EI_DEMO_TB          Stuck at old test with stuck = 13 ns and interval = 1.
%% ----------------------------------------------------------------------------------------------------------------------------------------------------------------------------
%%        1859.0 ns  Log    ID_SEQUENCER_SUB    EI_DEMO_TB          Setting EI VIPs input signal
%%        1872.0 ns  Log    ID_SEQUENCER        EI_DEMO_TB          Verify stuck period 1.
%%:                                                                 
%%        1879.0 ns  Log    ID_SEQUENCER        EI_DEMO_TB          Verify signal duration 1.
%%:                                                                 
%%        1899.0 ns  Log    ID_SEQUENCER_SUB    EI_DEMO_TB          Setting EI VIPs input signal
%%        1912.0 ns  Log    ID_SEQUENCER        EI_DEMO_TB          Verify stuck period 2.
%%:                                                                 
%%        1919.0 ns  Log    ID_SEQUENCER        EI_DEMO_TB          Verify signal duration 2.
%%:                                                                 
%% 
%% 
%%        1939.0 ns  Log    ID_LOG_HDR          EI_DEMO_TB          Stuck at old test with interval = 2.
%% ----------------------------------------------------------------------------------------------------------------------------------------------------------------------------
%%        1939.0 ns  Log    ID_SEQUENCER_SUB    EI_DEMO_TB          Setting EI VIPs input signal
%%        1952.0 ns  Log    ID_SEQUENCER        EI_DEMO_TB          Verify stuck at old period 1.
%%:                                                                 
%%        1979.0 ns  Log    ID_SEQUENCER_SUB    EI_DEMO_TB          Setting EI VIPs input signal
%%        1979.0 ns  Log    ID_SEQUENCER        EI_DEMO_TB          Verify not stuck at old 2.
%%:                                                                 
%%        2019.0 ns  Log    ID_SEQUENCER_SUB    EI_DEMO_TB          Setting EI VIPs input signal
%%        2032.0 ns  Log    ID_SEQUENCER        EI_DEMO_TB          Verify stuck at old period 3.
%%:                                                                 
%%        2059.0 ns  Log    ID_SEQUENCER_SUB    EI_DEMO_TB          Setting EI VIPs input signal
%%        2059.0 ns  Log    ID_SEQUENCER        EI_DEMO_TB          Verify not stuck at old 4.
%%:                                                                 
%%        2099.0 ns  Log    ID_SEQUENCER_SUB    EI_DEMO_TB          Setting EI VIPs input signal
%%        2112.0 ns  Log    ID_SEQUENCER        EI_DEMO_TB          Verify stuck at old period 5.
%%:                                                                 
%%        2139.0 ns  Log    ID_SEQUENCER_SUB    EI_DEMO_TB          Setting EI VIPs input signal
%%        2139.0 ns  Log    ID_SEQUENCER        EI_DEMO_TB          Verify not stuck at old 6.
%%:                                                                 
%%        2179.0 ns  Log    ID_SEQUENCER_SUB    EI_DEMO_TB          Resetting EI VIP inputs
%% 
%% 
%% ############################################################################################################################################################################
%% 
%%        2279.0 ns  Log    ID_LOG_HDR_XL       TB seq.             Stuck at new error injection tests
%% 
%% ############################################################################################################################################################################
%% 
%% 
%% 
%% 
%%        2279.0 ns  Log    ID_LOG_HDR          EI_DEMO_TB          Stuck at new test with stuck = 35 ns (SL) / 45 ns (SLV) and interval = 1.
%% ----------------------------------------------------------------------------------------------------------------------------------------------------------------------------
%%        2279.0 ns  Log    ID_SEQUENCER_SUB    EI_DEMO_TB          Setting EI VIPs input signal
%%        2279.0 ns  Log    ID_SEQUENCER        EI_DEMO_TB          Verify stuck periods, valid interval for SL and SLV 1.
%%:                                                                 
%%        2319.0 ns  Log    ID_SEQUENCER_SUB    EI_DEMO_TB          Setting EI VIPs input signal
%%        2319.0 ns  Log    ID_SEQUENCER        EI_DEMO_TB          Verify stuck periods, valid interval for SL 2.
%%:                                                                 
%% 
%% 
%%        2354.0 ns  Log    ID_LOG_HDR          EI_DEMO_TB          Stuck at new test with interval = 2.
%% ----------------------------------------------------------------------------------------------------------------------------------------------------------------------------
%%        2359.0 ns  Log    ID_SEQUENCER_SUB    EI_DEMO_TB          Setting EI VIPs input signal
%%        2359.0 ns  Log    ID_SEQUENCER        EI_DEMO_TB          Verify stuck periods, valid interval for SL and SLV 3.
%%:                                                                 
%%        2399.0 ns  Log    ID_SEQUENCER_SUB    EI_DEMO_TB          Setting EI VIPs input signal
%%        2399.0 ns  Log    ID_SEQUENCER        EI_DEMO_TB          Verify stuck periods, valid interval for SL 4.
%%:                                                                 
%%        2439.0 ns  Log    ID_SEQUENCER_SUB    EI_DEMO_TB          Setting EI VIPs input signal
%%        2439.0 ns  Log    ID_SEQUENCER        EI_DEMO_TB          Verify stuck periods, valid interval for SL 5.
%%:                                                                 
%%        2479.0 ns  Log    ID_SEQUENCER_SUB    EI_DEMO_TB          Setting EI VIPs input signal
%%        2479.0 ns  Log    ID_SEQUENCER        EI_DEMO_TB          Verify stuck periods, valid interval for SLV 6.
%%:                                                                 
%%        2519.0 ns  Log    ID_SEQUENCER_SUB    EI_DEMO_TB          Setting EI VIPs input signal
%%        2519.0 ns  Log    ID_SEQUENCER        EI_DEMO_TB          Verify stuck periods, valid interval for SL 7.
%%:                                                                 
%%        2559.0 ns  Log    ID_SEQUENCER_SUB    EI_DEMO_TB          Resetting EI VIP inputs
%% 
%% 
%% ############################################################################################################################################################################
%% 
%%        2659.0 ns  Log    ID_LOG_HDR_XL       TB seq.             Bypass error injection tests
%% 
%% ############################################################################################################################################################################
%% 
%% 
%% 
%% 
%%        2659.0 ns  Log    ID_LOG_HDR          EI_DEMO_TB          Bypass test and interval = 1.
%% ----------------------------------------------------------------------------------------------------------------------------------------------------------------------------
%%        2659.0 ns  Log    ID_SEQUENCER_SUB    EI_DEMO_TB          Setting EI VIPs input signal
%%        2659.0 ns  Log    ID_SEQUENCER        EI_DEMO_TB          Verify SLV on SL high period 1.
%%:                                                                 
%%        2679.0 ns  Log    ID_SEQUENCER        EI_DEMO_TB          Verify SLV on SL low period and width 1.
%%:                                                                 
%%        2699.0 ns  Log    ID_SEQUENCER_SUB    EI_DEMO_TB          Setting EI VIPs input signal
%%        2699.0 ns  Log    ID_SEQUENCER        EI_DEMO_TB          Verify SLV on SL high period 2.
%%:                                                                 
%%        2719.0 ns  Log    ID_SEQUENCER        EI_DEMO_TB          Verify SLV on SL low period and width 2.
%%:                                                                 
%%        2739.0 ns  Log    ID_SEQUENCER_SUB    EI_DEMO_TB          Setting EI VIPs input signal
%%        2739.0 ns  Log    ID_SEQUENCER        EI_DEMO_TB          Verify SLV on SL high period 3.
%%:                                                                 
%%        2759.0 ns  Log    ID_SEQUENCER        EI_DEMO_TB          Verify SLV on SL low period and width 3.
%%:                                                                 
%%        2779.0 ns  Log    ID_SEQUENCER_SUB    EI_DEMO_TB          Setting EI VIPs input signal
%%        2779.0 ns  Log    ID_SEQUENCER        EI_DEMO_TB          Verify SLV on SL high period 4.
%%:                                                                 
%%        2799.0 ns  Log    ID_SEQUENCER        EI_DEMO_TB          Verify SLV on SL low period and width 4.
%%:                                                                 
%%        2819.0 ns  Log    ID_SEQUENCER_SUB    EI_DEMO_TB          Setting EI VIPs input signal
%%        2819.0 ns  Log    ID_SEQUENCER        EI_DEMO_TB          Verify SLV on SL high period 5.
%%:                                                                 
%%        2839.0 ns  Log    ID_SEQUENCER        EI_DEMO_TB          Verify SLV on SL low period and width 5.
%%:                                                                 
%%        2859.0 ns  Log    ID_SEQUENCER_SUB    EI_DEMO_TB          Setting EI VIPs input signal
%%        2859.0 ns  Log    ID_SEQUENCER        EI_DEMO_TB          Verify SLV on SL high period 6.
%%:                                                                 
%%        2879.0 ns  Log    ID_SEQUENCER        EI_DEMO_TB          Verify SLV on SL low period and width 6.
%%:                                                                 
%%        2899.0 ns  Log    ID_SEQUENCER_SUB    EI_DEMO_TB          Setting EI VIPs input signal
%%        2899.0 ns  Log    ID_SEQUENCER        EI_DEMO_TB          Verify SLV on SL high period 7.
%%:                                                                 
%%        2919.0 ns  Log    ID_SEQUENCER        EI_DEMO_TB          Verify SLV on SL low period and width 7.
%%:                                                                 
%%        2939.0 ns  Log    ID_SEQUENCER_SUB    EI_DEMO_TB          Setting EI VIPs input signal
%%        2939.0 ns  Log    ID_SEQUENCER        EI_DEMO_TB          Verify SLV on SL high period 8.
%%:                                                                 
%%        2959.0 ns  Log    ID_SEQUENCER        EI_DEMO_TB          Verify SLV on SL low period and width 8.
%%:                                                                 
%%        2979.0 ns  Log    ID_SEQUENCER_SUB    EI_DEMO_TB          Resetting EI VIP inputs
%% 
%% ============================================================================================================================================================================
%%  *** INTERMEDIATE SUMMARY OF ALL ALERTS ***
%% ============================================================================================================================================================================
%%        4079.0 ns  DONE   PASSED  ei_vip_tb  Passed: 295  Affirmations Checked: 295
%%    Expected      Failures: 0  Errors: 0  Warnings: 0  Passed: 0
%%    VHDL Asserts  Failures: 0  Errors: 0  Warnings: 0  Passed: 0
%%    Default       Failures: 0  Errors: 0  Warnings: 0  Passed: 0
%%    OSVVM         Failures: 0  Errors: 0  Warnings: 0  Passed: 0
%% ============================================================================================================================================================================
%% 
%% 
%% 
%%        4079.0 ns  Log    ID_LOG_HDR          EI_DEMO_TB          SIMULATION COMPLETED
%% ----------------------------------------------------------------------------------------------------------------------------------------------------------------------------
