%%           0.0 ns  Log    ID_CONSTRUCTOR      SBI_VVC,1           VVC instantiated.
%%           0.0 ns  Log    ID_CONSTRUCTOR_SUB  SBI_VVC,1           Command queue instantiated and will give a warning when reaching 1000 elements in queue.
%%           0.0 ns  Log    ID_CONSTRUCTOR_SUB  SBI_VVC,1           Result queue instantiated and will give a warning when reaching 1000 elements in queue.
%%           0.0 ns  Log    ID_CMD_INTERPRETER  SBI_VVC,1           Interpreter: Waiting for command
%%           0.0 ns  Log    ID_CTRL             SBI_VVC_SB,1        enable() => SB enabled. 'SBI VVC SB Enabled'
%%           0.0 ns  Log    ID_CTRL             SBI_VVC_SB,1        config() => config applied to SB.
%%           0.0 ns  Log    ID_CTRL             SBI_VVC_SB,1        enable_log_msg() => message id id_data enabled.
%%           0.0 ns  Log    ID_LOG_MSG_CTRL     TB seq.             disable_log_msg(ALL_MESSAGES).
%%           0.0 ns  Log    ID_LOG_MSG_CTRL     TB seq.             enable_log_msg(ID_SEQUENCER).
%%           0.0 ns  Log    ID_LOG_MSG_CTRL     TB seq.             enable_log_msg(ID_LOG_HDR).
%%           0.0 ns  Log    ID_LOG_MSG_CTRL     TB seq.             enable_log_msg(ID_BFM).
%%           0.0 ns  Log    ID_LOG_MSG_CTRL     TB seq.             enable_log_msg(ID_BFM_POLL).
%%           0.0 ns  Log    ID_CMD_EXECUTOR_WA  SBI_VVC,1           Executor: Waiting for command
%%           0.0 ns  Log    ID_CMD_INTERPRETER  SBI_VVC,1           disable_log_msg(VVC_BROADCAST, ALL_MESSAGES). Command received  [1]
%%           0.0 ns  Log    ID_LOG_MSG_CTRL     SBI_VVC,1           disable_log_msg(ALL_MESSAGES). ' [1]'
%%           0.0 ns  Log    ID_LOG_MSG_CTRL     SBI_VVC,1           enable_log_msg(ID_BFM). ' [2]'
%%           0.0 ns  Log    ID_LOG_MSG_CTRL     SBI_VVC,1           enable_log_msg(ID_BFM_POLL). ' [3]'
%%      
%%      -----------------------------------------------------------------------------------------------------------------------------------------------------------------------
%%      ***  REPORT OF GLOBAL CTRL ***
%%      -----------------------------------------------------------------------------------------------------------------------------------------------------------------------
%%                                IGNORE    STOP_LIMIT
%%                NOTE         :  REGARD         0
%%                TB_NOTE      :  REGARD         0
%%                WARNING      :  REGARD         0
%%                TB_WARNING   :  REGARD         0
%%                MANUAL_CHECK :  REGARD         0
%%                ERROR        :  REGARD         4
%%                TB_ERROR     :  REGARD         4
%%                FAILURE      :  REGARD         1
%%                TB_FAILURE   :  REGARD         1
%%      -----------------------------------------------------------------------------------------------------------------------------------------------------------------------
%%      
%%      
%%      -----------------------------------------------------------------------------------------------------------------------------------------------------------------------
%%      ***  REPORT OF MSG ID PANEL ***
%%      -----------------------------------------------------------------------------------------------------------------------------------------------------------------------
%%                ID                             Status
%%                ------------------------       ------
%%                ID_UTIL_BURIED               : DISABLED
%%                ID_BITVIS_DEBUG              : DISABLED
%%                ID_UTIL_SETUP                : DISABLED
%%                ID_LOG_MSG_CTRL              : ENABLED
%%                ID_ALERT_CTRL                : DISABLED
%%                ID_FINISH_OR_STOP            : DISABLED
%%                ID_CLOCK_GEN                 : DISABLED
%%                ID_GEN_PULSE                 : DISABLED
%%                ID_BLOCKING                  : DISABLED
%%                ID_WATCHDOG                  : DISABLED
%%                ID_RAND_GEN                  : DISABLED
%%                ID_RAND_CONF                 : DISABLED
%%                ID_FUNC_COV_BINS             : DISABLED
%%                ID_FUNC_COV_BINS_INFO        : DISABLED
%%                ID_FUNC_COV_RAND             : DISABLED
%%                ID_FUNC_COV_SAMPLE           : DISABLED
%%                ID_FUNC_COV_CONFIG           : DISABLED
%%                ID_POS_ACK                   : DISABLED
%%                ID_UVVM_ASSERTION            : DISABLED
%%                ID_LOG_HDR                   : ENABLED
%%                ID_LOG_HDR_LARGE             : DISABLED
%%                ID_LOG_HDR_XL                : DISABLED
%%                ID_SEQUENCER                 : ENABLED
%%                ID_SEQUENCER_SUB             : DISABLED
%%                ID_BFM                       : ENABLED
%%                ID_BFM_WAIT                  : DISABLED
%%                ID_BFM_POLL                  : ENABLED
%%                ID_BFM_POLL_SUMMARY          : DISABLED
%%                ID_CHANNEL_BFM               : DISABLED
%%                ID_TERMINATE_CMD             : DISABLED
%%                ID_SEGMENT_INITIATE          : DISABLED
%%                ID_SEGMENT_COMPLETE          : DISABLED
%%                ID_SEGMENT_HDR               : DISABLED
%%                ID_SEGMENT_DATA              : DISABLED
%%                ID_PACKET_INITIATE           : DISABLED
%%                ID_PACKET_PREAMBLE           : DISABLED
%%                ID_PACKET_COMPLETE           : DISABLED
%%                ID_PACKET_HDR                : DISABLED
%%                ID_PACKET_DATA               : DISABLED
%%                ID_PACKET_CHECKSUM           : DISABLED
%%                ID_PACKET_GAP                : DISABLED
%%                ID_PACKET_PAYLOAD            : DISABLED
%%                ID_FRAME_INITIATE            : DISABLED
%%                ID_FRAME_COMPLETE            : DISABLED
%%                ID_FRAME_HDR                 : DISABLED
%%                ID_FRAME_DATA                : DISABLED
%%                ID_COVERAGE_MAKEBIN          : DISABLED
%%                ID_COVERAGE_ADDBIN           : DISABLED
%%                ID_COVERAGE_ICOVER           : DISABLED
%%                ID_COVERAGE_CONFIG           : DISABLED
%%                ID_COVERAGE_SUMMARY          : DISABLED
%%                ID_COVERAGE_HOLES            : DISABLED
%%                ID_UVVM_SEND_CMD             : DISABLED
%%                ID_UVVM_CMD_ACK              : DISABLED
%%                ID_UVVM_CMD_RESULT           : DISABLED
%%                ID_CMD_INTERPRETER           : DISABLED
%%                ID_CMD_INTERPRETER_WAIT      : DISABLED
%%                ID_IMMEDIATE_CMD             : DISABLED
%%                ID_IMMEDIATE_CMD_WAIT        : DISABLED
%%                ID_CMD_EXECUTOR              : DISABLED
%%                ID_CMD_EXECUTOR_WAIT         : DISABLED
%%                ID_CHANNEL_EXECUTOR          : DISABLED
%%                ID_CHANNEL_EXECUTOR_WAIT     : DISABLED
%%                ID_NEW_HVVC_CMD_SEQ          : DISABLED
%%                ID_INSERTED_DELAY            : DISABLED
%%                ID_OLD_AWAIT_COMPLETION      : DISABLED
%%                ID_AWAIT_COMPLETION          : DISABLED
%%                ID_AWAIT_COMPLETION_LIST     : DISABLED
%%                ID_AWAIT_COMPLETION_WAIT     : DISABLED
%%                ID_AWAIT_COMPLETION_END      : DISABLED
%%                ID_AWAIT_UVVM_COMPLETION     : DISABLED
%%                ID_UVVM_DATA_QUEUE           : DISABLED
%%                ID_CONSTRUCTOR               : DISABLED
%%                ID_CONSTRUCTOR_SUB           : DISABLED
%%                ID_VVC_ACTIVITY              : DISABLED
%%                ID_MONITOR                   : DISABLED
%%                ID_MONITOR_ERROR             : DISABLED
%%                ID_DATA                      : DISABLED
%%                ID_CTRL                      : DISABLED
%%                ID_SPEC_COV_INIT             : DISABLED
%%                ID_SPEC_COV_REQS             : DISABLED
%%                ID_SPEC_COV                  : DISABLED
%%                ID_FILE_OPEN_CLOSE           : DISABLED
%%                ID_FILE_PARSER               : DISABLED
%%      -----------------------------------------------------------------------------------------------------------------------------------------------------------------------
%%      
%% 
%% 
%%          30.0 ns  Log    ID_LOG_HDR          TB seq.             Check that the fixed wait cycles are working correct
%% ----------------------------------------------------------------------------------------------------------------------------------------------------------------------------
%%          30.0 ns  Log    ID_LOG_MSG_CTRL     SBI_VVC,1           enable_log_msg(ALL_MESSAGES). ' [4]'
%%          30.0 ns  Log    ID_CMD_INTERPRETER  SBI_VVC,1           Interpreter: Waiting for command
%%          30.0 ns  Log    ID_CMD_INTERPRETER  SBI_VVC,1           sbi_write(SBI_VVC,1, x"00", x"01"). Command received  [5]
%%          30.0 ns  Log    ID_CMD_EXECUTOR     SBI_VVC,1           sbi_write(SBI_VVC,1, x"00", x"01") - Will be executed  [5]
%%          30.0 ns  Log    ID_CMD_INTERPRETER  SBI_VVC,1           Interpreter: Waiting for command
%%          42.5 ns  Log    ID_BFM              SBI_VVC,1           sbi_write(A:x"00", x"01") completed. ' 'Set Register 0'  [5]'
%%          42.5 ns  Log    ID_CMD_EXECUTOR_WA  SBI_VVC,1           Executor: Waiting for command
%%          50.0 ns  Log    ID_CMD_INTERPRETER  SBI_VVC,1           sbi_read(SBI_VVC,1, x"00"). Command received  [7]
%%          50.0 ns  Log    ID_CMD_EXECUTOR     SBI_VVC,1           sbi_read(SBI_VVC,1, x"00") - Will be executed  [7]
%%          50.0 ns  Log    ID_CMD_INTERPRETER  SBI_VVC,1           Interpreter: Waiting for command
%%          82.5 ns  Log    ID_BFM              SBI_VVC,1           sbi_read(A:x"00")=> x"1". ' 'Reading from Register 0'  [7]'
%%          82.5 ns  Log    ID_CMD_EXECUTOR_WA  SBI_VVC,1           Executor: Waiting for command
%%          82.5 ns  Log    ID_CMD_INTERPRETER  SBI_VVC,1           fetch_result(SBI_VVC,1, 7). Command received  [9]
%%          82.5 ns  Log    ID_IMMEDIATE_CMD    SBI_VVC,1           fetch_result(SBI_VVC,1, 7) Requested result is found. Fetch result using the simple fetch_result overload  [9]
%%          82.5 ns  Log    ID_CMD_INTERPRETER  SBI_VVC,1           Interpreter: Waiting for command
%%          82.5 ns  Log    ID_CMD_INTERPRETER  SBI_VVC,1           sbi_write(SBI_VVC,1, x"00", x"55"). Command received  [10]
%%          82.5 ns  Log    ID_CMD_EXECUTOR     SBI_VVC,1           sbi_write(SBI_VVC,1, x"00", x"55") - Will be executed  [10]
%%          82.5 ns  Log    ID_CMD_INTERPRETER  SBI_VVC,1           Interpreter: Waiting for command
%%          92.5 ns  Log    ID_BFM              SBI_VVC,1           sbi_write(A:x"00", x"55") completed. ' 'Set Register 0 to a new value'  [10]'
%%          92.5 ns  Log    ID_CMD_EXECUTOR_WA  SBI_VVC,1           Executor: Waiting for command
%%         100.0 ns  Log    ID_CMD_INTERPRETER  SBI_VVC,1           sbi_read(SBI_VVC,1, x"00"). Command received  [12]
%%         100.0 ns  Log    ID_CMD_EXECUTOR     SBI_VVC,1           sbi_read(SBI_VVC,1, x"00") - Will be executed  [12]
%%         100.0 ns  Log    ID_CMD_INTERPRETER  SBI_VVC,1           Interpreter: Waiting for command
%%         122.5 ns  Log    ID_BFM              SBI_VVC,1           sbi_read(A:x"00")=> x"00". ' 'Reading from Register 0'  [12]'
%%         122.5 ns  Log    ID_CMD_EXECUTOR_WA  SBI_VVC,1           Executor: Waiting for command
%%         122.5 ns  Log    ID_CMD_INTERPRETER  SBI_VVC,1           fetch_result(SBI_VVC,1, 12). Command received  [14]
%%         122.5 ns  Log    ID_IMMEDIATE_CMD    SBI_VVC,1           fetch_result(SBI_VVC,1, 12) Requested result is found. Fetch result using the simple fetch_result overload  [14]
%%         122.5 ns  Alert  WARNING             TB seq.             check_value(bool, true) => Failed. Value was false. Expected true. 'The read should only take 2.25
%%:                                                                 clk_periods and therefore throw a warning'
%%         122.5 ns  Alert  WARNING             TB seq.             check_value(slv, x"55") => Failed. Value was x"00". Expected x"55". 'checking read value should lead to a warning'
%%         122.5 ns  Log    ID_CMD_INTERPRETER  SBI_VVC,1           Interpreter: Waiting for command
%% 
%% ============================================================================================================================================================================
%%  *** INTERMEDIATE SUMMARY OF ALL ALERTS ***
%% ============================================================================================================================================================================
%%         123.5 ns  DONE   PASSED  sbi_vvc_multi_cycle_read_tb  Passed: 4  Affirmations Checked: 6
%%    Expected      Failures: 0  Errors: 0  Warnings: -2  Passed: 0
%%    VHDL Asserts  Failures: 0  Errors: 0  Warnings: 0  Passed: 0
%%    Default       Failures: 0  Errors: 0  Warnings: 2  Passed: 0
%%    OSVVM         Failures: 0  Errors: 0  Warnings: 0  Passed: 0
%% ============================================================================================================================================================================
%% 
%% 
%% 
%%         123.5 ns  Log    ID_LOG_HDR          SBI_VVC_TB          SIMULATION COMPLETED
%% ----------------------------------------------------------------------------------------------------------------------------------------------------------------------------
