%%      0 ns    Log    ID_CONSTRUCTOR      I2C_VVC,0           VVC instantiated.
%%      0 ns    Log    ID_CONSTRUCTOR_SUB  I2C_VVC,0           Command queue instantiated and will give a warning when reaching 1000 elements in queue.
%%      0 ns    Log    ID_CONSTRUCTOR_SUB  I2C_VVC,0           Result queue instantiated and will give a warning when reaching 1000 elements in queue.
%%      0 ns    Log    ID_CONSTRUCTOR      I2C_VVC,1           VVC instantiated.
%%      0 ns    Log    ID_CONSTRUCTOR_SUB  I2C_VVC,1           Command queue instantiated and will give a warning when reaching 1000 elements in queue.
%%      0 ns    Log    ID_CONSTRUCTOR_SUB  I2C_VVC,1           Result queue instantiated and will give a warning when reaching 1000 elements in queue.
%%      0 ns    Log    ID_CONSTRUCTOR      WISHBONE_VVC,0      VVC instantiated.
%%      0 ns    Log    ID_CONSTRUCTOR_SUB  WISHBONE_VVC,0      Command queue instantiated and will give a warning when reaching 1000 elements in queue.
%%      0 ns    Log    ID_CONSTRUCTOR_SUB  WISHBONE_VVC,0      Result queue instantiated and will give a warning when reaching 1000 elements in queue.
%%      0 ns    Log    ID_CONSTRUCTOR      I2C_VVC,2           VVC instantiated.
%%      0 ns    Log    ID_CONSTRUCTOR_SUB  I2C_VVC,2           Command queue instantiated and will give a warning when reaching 1000 elements in queue.
%%      0 ns    Log    ID_CONSTRUCTOR_SUB  I2C_VVC,2           Result queue instantiated and will give a warning when reaching 1000 elements in queue.
%%      0 ns    Log    ID_CONSTRUCTOR      I2C_VVC,5           VVC instantiated.
%%      0 ns    Log    ID_CONSTRUCTOR_SUB  I2C_VVC,5           Command queue instantiated and will give a warning when reaching 1000 elements in queue.
%%      0 ns    Log    ID_CONSTRUCTOR_SUB  I2C_VVC,5           Result queue instantiated and will give a warning when reaching 1000 elements in queue.
%%      0 ns    Log    ID_CONSTRUCTOR      I2C_VVC,4           VVC instantiated.
%%      0 ns    Log    ID_CONSTRUCTOR_SUB  I2C_VVC,4           Command queue instantiated and will give a warning when reaching 1000 elements in queue.
%%      0 ns    Log    ID_CONSTRUCTOR_SUB  I2C_VVC,4           Result queue instantiated and will give a warning when reaching 1000 elements in queue.
%%      0 ns    Log    ID_CONSTRUCTOR      I2C_VVC,6           VVC instantiated.
%%      0 ns    Log    ID_CONSTRUCTOR_SUB  I2C_VVC,6           Command queue instantiated and will give a warning when reaching 1000 elements in queue.
%%      0 ns    Log    ID_CONSTRUCTOR_SUB  I2C_VVC,6           Result queue instantiated and will give a warning when reaching 1000 elements in queue.
%%      0 ns    Log    ID_CONSTRUCTOR      I2C_VVC,3           VVC instantiated.
%%      0 ns    Log    ID_CONSTRUCTOR_SUB  I2C_VVC,3           Command queue instantiated and will give a warning when reaching 1000 elements in queue.
%%      0 ns    Log    ID_CONSTRUCTOR_SUB  I2C_VVC,3           Result queue instantiated and will give a warning when reaching 1000 elements in queue.
%%      0 ns    Log    ID_CONSTRUCTOR      SBI_VVC,0           VVC instantiated.
%%      0 ns    Log    ID_CONSTRUCTOR_SUB  SBI_VVC,0           Command queue instantiated and will give a warning when reaching 1000 elements in queue.
%%      0 ns    Log    ID_CONSTRUCTOR_SUB  SBI_VVC,0           Result queue instantiated and will give a warning when reaching 1000 elements in queue.
%%      0 ns    Log    ID_CMD_INTERPRETER  I2C_VVC,0           Interpreter: Waiting for command
%%      0 ns    Log    ID_CMD_INTERPRETER  I2C_VVC,1           Interpreter: Waiting for command
%%      0 ns    Log    ID_CMD_INTERPRETER  WISHBONE_VVC,0      Interpreter: Waiting for command
%%      0 ns    Log    ID_CMD_INTERPRETER  I2C_VVC,2           Interpreter: Waiting for command
%%      0 ns    Log    ID_CMD_INTERPRETER  I2C_VVC,5           Interpreter: Waiting for command
%%      0 ns    Log    ID_CMD_INTERPRETER  I2C_VVC,4           Interpreter: Waiting for command
%%      0 ns    Log    ID_CMD_INTERPRETER  I2C_VVC,6           Interpreter: Waiting for command
%%      0 ns    Log    ID_CMD_INTERPRETER  I2C_VVC,3           Interpreter: Waiting for command
%%      0 ns    Log    ID_CMD_INTERPRETER  SBI_VVC,0           Interpreter: Waiting for command
%%      0 ns    Log    ID_CTRL             I2C_VVC_SB,0        enable() => SB enabled. 'I2C VVC SB Enabled'
%%      0 ns    Log    ID_CTRL             I2C_VVC_SB,0        config() => config applied to SB.
%%      0 ns    Log    ID_CTRL             I2C_VVC_SB,0        enable_log_msg() => message id id_data enabled.
%%      0 ns    Log    ID_CTRL             I2C_VVC_SB,1        enable() => SB enabled. 'I2C VVC SB Enabled'
%%      0 ns    Log    ID_CTRL             I2C_VVC_SB,1        config() => config applied to SB.
%%      0 ns    Log    ID_CTRL             I2C_VVC_SB,1        enable_log_msg() => message id id_data enabled.
%%      0 ns    Log    ID_CTRL             WISHBONE_VVC_SB,0   enable() => SB enabled. 'WISHBONE VVC SB Enabled'
%%      0 ns    Log    ID_CTRL             WISHBONE_VVC_SB,0   config() => config applied to SB.
%%      0 ns    Log    ID_CTRL             WISHBONE_VVC_SB,0   enable_log_msg() => message id id_data enabled.
%%      0 ns    Log    ID_CTRL             I2C_VVC_SB,2        enable() => SB enabled. 'I2C VVC SB Enabled'
%%      0 ns    Log    ID_CTRL             I2C_VVC_SB,2        config() => config applied to SB.
%%      0 ns    Log    ID_CTRL             I2C_VVC_SB,2        enable_log_msg() => message id id_data enabled.
%%      0 ns    Log    ID_CTRL             I2C_VVC_SB,5        enable() => SB enabled. 'I2C VVC SB Enabled'
%%      0 ns    Log    ID_CTRL             I2C_VVC_SB,5        config() => config applied to SB.
%%      0 ns    Log    ID_CTRL             I2C_VVC_SB,5        enable_log_msg() => message id id_data enabled.
%%      0 ns    Log    ID_CTRL             I2C_VVC_SB,4        enable() => SB enabled. 'I2C VVC SB Enabled'
%%      0 ns    Log    ID_CTRL             I2C_VVC_SB,4        config() => config applied to SB.
%%      0 ns    Log    ID_CTRL             I2C_VVC_SB,4        enable_log_msg() => message id id_data enabled.
%%      0 ns    Log    ID_CTRL             I2C_VVC_SB,6        enable() => SB enabled. 'I2C VVC SB Enabled'
%%      0 ns    Log    ID_CTRL             I2C_VVC_SB,6        config() => config applied to SB.
%%      0 ns    Log    ID_CTRL             I2C_VVC_SB,6        enable_log_msg() => message id id_data enabled.
%%      0 ns    Log    ID_CTRL             I2C_VVC_SB,3        enable() => SB enabled. 'I2C VVC SB Enabled'
%%      0 ns    Log    ID_CTRL             I2C_VVC_SB,3        config() => config applied to SB.
%%      0 ns    Log    ID_CTRL             I2C_VVC_SB,3        enable_log_msg() => message id id_data enabled.
%%      0 ns    Log    ID_CTRL             SBI_VVC_SB,0        enable() => SB enabled. 'SBI VVC SB Enabled'
%%      0 ns    Log    ID_CTRL             SBI_VVC_SB,0        config() => config applied to SB.
%%      0 ns    Log    ID_CTRL             SBI_VVC_SB,0        enable_log_msg() => message id id_data enabled.
%%      0 ns    Log    ID_LOG_MSG_CTRL     TB seq.             disable_log_msg(ID_AWAIT_COMPLETION).
%%      0 ns    Log    ID_LOG_MSG_CTRL     TB seq.             disable_log_msg(ID_AWAIT_COMPLETION_LIST).
%%      0 ns    Log    ID_LOG_MSG_CTRL     TB seq.             disable_log_msg(ID_AWAIT_COMPLETION_WAIT).
%%      0 ns    Log    ID_LOG_MSG_CTRL     TB seq.             disable_log_msg(ID_AWAIT_COMPLETION_END).
%%      0 ns    Log    ID_LOG_MSG_CTRL     TB seq.             disable_log_msg(ID_UVVM_CMD_ACK).
%%      0 ns    Log    ID_LOG_MSG_CTRL     TB seq.             disable_log_msg(ID_POS_ACK).
%%      0 ns    Log    ID_LOG_MSG_CTRL     TB seq.             disable_log_msg(ID_UVVM_CMD_RESULT).
%%      0 ns    Log    ID_UVVM_SEND_CMD    TB seq.(uvvm)       disable_log_msg(VVC_BROADCAST, ID_CMD_EXECUTOR): [1]
%%      0 ns    Log    ID_CMD_EXECUTOR_WA  I2C_VVC,0           Executor: Waiting for command
%%      0 ns    Log    ID_CMD_EXECUTOR_WA  I2C_VVC,1           Executor: Waiting for command
%%      0 ns    Log    ID_CMD_EXECUTOR_WA  WISHBONE_VVC,0      Executor: Waiting for command
%%      0 ns    Log    ID_CMD_EXECUTOR_WA  I2C_VVC,2           Executor: Waiting for command
%%      0 ns    Log    ID_CMD_EXECUTOR_WA  I2C_VVC,5           Executor: Waiting for command
%%      0 ns    Log    ID_CMD_EXECUTOR_WA  I2C_VVC,4           Executor: Waiting for command
%%      0 ns    Log    ID_CMD_EXECUTOR_WA  I2C_VVC,6           Executor: Waiting for command
%%      0 ns    Log    ID_CMD_EXECUTOR_WA  I2C_VVC,3           Executor: Waiting for command
%%      0 ns    Log    ID_CMD_EXECUTOR_WA  SBI_VVC,0           Executor: Waiting for command
%%      0 ns    Log    ID_UVVM_SEND_CMD    I2C_VVC,0           disable_log_msg(VVC_BROADCAST, ID_CMD_EXECUTOR): [1]
%%      0 ns    Log    ID_UVVM_SEND_CMD    I2C_VVC,1           disable_log_msg(VVC_BROADCAST, ID_CMD_EXECUTOR): [1]
%%      0 ns    Log    ID_UVVM_SEND_CMD    WISHBONE_VVC,0      disable_log_msg(VVC_BROADCAST, ID_CMD_EXECUTOR): [1]
%%      0 ns    Log    ID_UVVM_SEND_CMD    I2C_VVC,2           disable_log_msg(VVC_BROADCAST, ID_CMD_EXECUTOR): [1]
%%      0 ns    Log    ID_UVVM_SEND_CMD    I2C_VVC,5           disable_log_msg(VVC_BROADCAST, ID_CMD_EXECUTOR): [1]
%%      0 ns    Log    ID_UVVM_SEND_CMD    I2C_VVC,4           disable_log_msg(VVC_BROADCAST, ID_CMD_EXECUTOR): [1]
%%      0 ns    Log    ID_UVVM_SEND_CMD    I2C_VVC,6           disable_log_msg(VVC_BROADCAST, ID_CMD_EXECUTOR): [1]
%%      0 ns    Log    ID_UVVM_SEND_CMD    I2C_VVC,3           disable_log_msg(VVC_BROADCAST, ID_CMD_EXECUTOR): [1]
%%      0 ns    Log    ID_UVVM_SEND_CMD    SBI_VVC,0           disable_log_msg(VVC_BROADCAST, ID_CMD_EXECUTOR): [1]
%%      0 ns    Log    ID_CMD_INTERPRETER  I2C_VVC,0           disable_log_msg(VVC_BROADCAST, ID_CMD_EXECUTOR). Command received  [1]
%%      0 ns    Log    ID_LOG_MSG_CTRL     I2C_VVC,0           disable_log_msg(ID_CMD_EXECUTOR). ' [1]'
%%      0 ns    Log    ID_CMD_INTERPRETER  I2C_VVC,1           disable_log_msg(VVC_BROADCAST, ID_CMD_EXECUTOR). Command received  [1]
%%      0 ns    Log    ID_LOG_MSG_CTRL     I2C_VVC,1           disable_log_msg(ID_CMD_EXECUTOR). ' [1]'
%%      0 ns    Log    ID_CMD_INTERPRETER  WISHBONE_VVC,0      disable_log_msg(VVC_BROADCAST, ID_CMD_EXECUTOR). Command received  [1]
%%      0 ns    Log    ID_LOG_MSG_CTRL     WISHBONE_VVC,0      disable_log_msg(ID_CMD_EXECUTOR). ' [1]'
%%      0 ns    Log    ID_CMD_INTERPRETER  I2C_VVC,2           disable_log_msg(VVC_BROADCAST, ID_CMD_EXECUTOR). Command received  [1]
%%      0 ns    Log    ID_LOG_MSG_CTRL     I2C_VVC,2           disable_log_msg(ID_CMD_EXECUTOR). ' [1]'
%%      0 ns    Log    ID_CMD_INTERPRETER  I2C_VVC,5           disable_log_msg(VVC_BROADCAST, ID_CMD_EXECUTOR). Command received  [1]
%%      0 ns    Log    ID_LOG_MSG_CTRL     I2C_VVC,5           disable_log_msg(ID_CMD_EXECUTOR). ' [1]'
%%      0 ns    Log    ID_CMD_INTERPRETER  I2C_VVC,4           disable_log_msg(VVC_BROADCAST, ID_CMD_EXECUTOR). Command received  [1]
%%      0 ns    Log    ID_LOG_MSG_CTRL     I2C_VVC,4           disable_log_msg(ID_CMD_EXECUTOR). ' [1]'
%%      0 ns    Log    ID_CMD_INTERPRETER  I2C_VVC,6           disable_log_msg(VVC_BROADCAST, ID_CMD_EXECUTOR). Command received  [1]
%%      0 ns    Log    ID_LOG_MSG_CTRL     I2C_VVC,6           disable_log_msg(ID_CMD_EXECUTOR). ' [1]'
%%      0 ns    Log    ID_CMD_INTERPRETER  I2C_VVC,3           disable_log_msg(VVC_BROADCAST, ID_CMD_EXECUTOR). Command received  [1]
%%      0 ns    Log    ID_LOG_MSG_CTRL     I2C_VVC,3           disable_log_msg(ID_CMD_EXECUTOR). ' [1]'
%%      0 ns    Log    ID_CMD_INTERPRETER  SBI_VVC,0           disable_log_msg(VVC_BROADCAST, ID_CMD_EXECUTOR). Command received  [1]
%%      0 ns    Log    ID_LOG_MSG_CTRL     SBI_VVC,0           disable_log_msg(ID_CMD_EXECUTOR). ' [1]'
%%      0 ns    Log    ID_CMD_INTERPRETER  SBI_VVC,0           Interpreter: Waiting for command
%%      0 ns    Log    ID_CMD_INTERPRETER  WISHBONE_VVC,0      Interpreter: Waiting for command
%%      0 ns    Log    ID_CMD_INTERPRETER  I2C_VVC,0           Interpreter: Waiting for command
%%      0 ns    Log    ID_CMD_INTERPRETER  I2C_VVC,1           Interpreter: Waiting for command
%%      0 ns    Log    ID_CMD_INTERPRETER  I2C_VVC,2           Interpreter: Waiting for command
%%      0 ns    Log    ID_CMD_INTERPRETER  I2C_VVC,5           Interpreter: Waiting for command
%%      0 ns    Log    ID_CMD_INTERPRETER  I2C_VVC,4           Interpreter: Waiting for command
%%      0 ns    Log    ID_CMD_INTERPRETER  I2C_VVC,6           Interpreter: Waiting for command
%%      0 ns    Log    ID_CMD_INTERPRETER  I2C_VVC,3           Interpreter: Waiting for command
%%      0 ns    Log    ID_UVVM_SEND_CMD    TB seq.(uvvm)       disable_log_msg(VVC_BROADCAST, ID_CMD_EXECUTOR_WAIT): [2]
%%      0 ns    Log    ID_UVVM_SEND_CMD    SBI_VVC,0           disable_log_msg(VVC_BROADCAST, ID_CMD_EXECUTOR_WAIT): [2]
%%      0 ns    Log    ID_UVVM_SEND_CMD    WISHBONE_VVC,0      disable_log_msg(VVC_BROADCAST, ID_CMD_EXECUTOR_WAIT): [2]
%%      0 ns    Log    ID_UVVM_SEND_CMD    I2C_VVC,0           disable_log_msg(VVC_BROADCAST, ID_CMD_EXECUTOR_WAIT): [2]
%%      0 ns    Log    ID_UVVM_SEND_CMD    I2C_VVC,1           disable_log_msg(VVC_BROADCAST, ID_CMD_EXECUTOR_WAIT): [2]
%%      0 ns    Log    ID_UVVM_SEND_CMD    I2C_VVC,2           disable_log_msg(VVC_BROADCAST, ID_CMD_EXECUTOR_WAIT): [2]
%%      0 ns    Log    ID_UVVM_SEND_CMD    I2C_VVC,5           disable_log_msg(VVC_BROADCAST, ID_CMD_EXECUTOR_WAIT): [2]
%%      0 ns    Log    ID_UVVM_SEND_CMD    I2C_VVC,4           disable_log_msg(VVC_BROADCAST, ID_CMD_EXECUTOR_WAIT): [2]
%%      0 ns    Log    ID_UVVM_SEND_CMD    I2C_VVC,6           disable_log_msg(VVC_BROADCAST, ID_CMD_EXECUTOR_WAIT): [2]
%%      0 ns    Log    ID_UVVM_SEND_CMD    I2C_VVC,3           disable_log_msg(VVC_BROADCAST, ID_CMD_EXECUTOR_WAIT): [2]
%%      0 ns    Log    ID_CMD_INTERPRETER  SBI_VVC,0           disable_log_msg(VVC_BROADCAST, ID_CMD_EXECUTOR_WAIT). Command received  [2]
%%      0 ns    Log    ID_LOG_MSG_CTRL     SBI_VVC,0           disable_log_msg(ID_CMD_EXECUTOR_WAIT). ' [2]'
%%      0 ns    Log    ID_CMD_INTERPRETER  WISHBONE_VVC,0      disable_log_msg(VVC_BROADCAST, ID_CMD_EXECUTOR_WAIT). Command received  [2]
%%      0 ns    Log    ID_LOG_MSG_CTRL     WISHBONE_VVC,0      disable_log_msg(ID_CMD_EXECUTOR_WAIT). ' [2]'
%%      0 ns    Log    ID_CMD_INTERPRETER  I2C_VVC,0           disable_log_msg(VVC_BROADCAST, ID_CMD_EXECUTOR_WAIT). Command received  [2]
%%      0 ns    Log    ID_LOG_MSG_CTRL     I2C_VVC,0           disable_log_msg(ID_CMD_EXECUTOR_WAIT). ' [2]'
%%      0 ns    Log    ID_CMD_INTERPRETER  I2C_VVC,1           disable_log_msg(VVC_BROADCAST, ID_CMD_EXECUTOR_WAIT). Command received  [2]
%%      0 ns    Log    ID_LOG_MSG_CTRL     I2C_VVC,1           disable_log_msg(ID_CMD_EXECUTOR_WAIT). ' [2]'
%%      0 ns    Log    ID_CMD_INTERPRETER  I2C_VVC,2           disable_log_msg(VVC_BROADCAST, ID_CMD_EXECUTOR_WAIT). Command received  [2]
%%      0 ns    Log    ID_LOG_MSG_CTRL     I2C_VVC,2           disable_log_msg(ID_CMD_EXECUTOR_WAIT). ' [2]'
%%      0 ns    Log    ID_CMD_INTERPRETER  I2C_VVC,5           disable_log_msg(VVC_BROADCAST, ID_CMD_EXECUTOR_WAIT). Command received  [2]
%%      0 ns    Log    ID_LOG_MSG_CTRL     I2C_VVC,5           disable_log_msg(ID_CMD_EXECUTOR_WAIT). ' [2]'
%%      0 ns    Log    ID_CMD_INTERPRETER  I2C_VVC,4           disable_log_msg(VVC_BROADCAST, ID_CMD_EXECUTOR_WAIT). Command received  [2]
%%      0 ns    Log    ID_LOG_MSG_CTRL     I2C_VVC,4           disable_log_msg(ID_CMD_EXECUTOR_WAIT). ' [2]'
%%      0 ns    Log    ID_CMD_INTERPRETER  I2C_VVC,6           disable_log_msg(VVC_BROADCAST, ID_CMD_EXECUTOR_WAIT). Command received  [2]
%%      0 ns    Log    ID_LOG_MSG_CTRL     I2C_VVC,6           disable_log_msg(ID_CMD_EXECUTOR_WAIT). ' [2]'
%%      0 ns    Log    ID_CMD_INTERPRETER  I2C_VVC,3           disable_log_msg(VVC_BROADCAST, ID_CMD_EXECUTOR_WAIT). Command received  [2]
%%      0 ns    Log    ID_LOG_MSG_CTRL     I2C_VVC,3           disable_log_msg(ID_CMD_EXECUTOR_WAIT). ' [2]'
%%      0 ns    Log    ID_CMD_INTERPRETER  WISHBONE_VVC,0      Interpreter: Waiting for command
%%      0 ns    Log    ID_CMD_INTERPRETER  SBI_VVC,0           Interpreter: Waiting for command
%%      0 ns    Log    ID_CMD_INTERPRETER  I2C_VVC,0           Interpreter: Waiting for command
%%      0 ns    Log    ID_CMD_INTERPRETER  I2C_VVC,1           Interpreter: Waiting for command
%%      0 ns    Log    ID_CMD_INTERPRETER  I2C_VVC,2           Interpreter: Waiting for command
%%      0 ns    Log    ID_CMD_INTERPRETER  I2C_VVC,5           Interpreter: Waiting for command
%%      0 ns    Log    ID_CMD_INTERPRETER  I2C_VVC,4           Interpreter: Waiting for command
%%      0 ns    Log    ID_CMD_INTERPRETER  I2C_VVC,6           Interpreter: Waiting for command
%%      0 ns    Log    ID_CMD_INTERPRETER  I2C_VVC,3           Interpreter: Waiting for command
%%      0 ns    Log    ID_UVVM_SEND_CMD    TB seq.(uvvm)       disable_log_msg(VVC_BROADCAST, ID_CMD_INTERPRETER): [3]
%%      0 ns    Log    ID_UVVM_SEND_CMD    WISHBONE_VVC,0      disable_log_msg(VVC_BROADCAST, ID_CMD_INTERPRETER): [3]
%%      0 ns    Log    ID_UVVM_SEND_CMD    SBI_VVC,0           disable_log_msg(VVC_BROADCAST, ID_CMD_INTERPRETER): [3]
%%      0 ns    Log    ID_UVVM_SEND_CMD    I2C_VVC,0           disable_log_msg(VVC_BROADCAST, ID_CMD_INTERPRETER): [3]
%%      0 ns    Log    ID_UVVM_SEND_CMD    I2C_VVC,1           disable_log_msg(VVC_BROADCAST, ID_CMD_INTERPRETER): [3]
%%      0 ns    Log    ID_UVVM_SEND_CMD    I2C_VVC,2           disable_log_msg(VVC_BROADCAST, ID_CMD_INTERPRETER): [3]
%%      0 ns    Log    ID_UVVM_SEND_CMD    I2C_VVC,5           disable_log_msg(VVC_BROADCAST, ID_CMD_INTERPRETER): [3]
%%      0 ns    Log    ID_UVVM_SEND_CMD    I2C_VVC,4           disable_log_msg(VVC_BROADCAST, ID_CMD_INTERPRETER): [3]
%%      0 ns    Log    ID_UVVM_SEND_CMD    I2C_VVC,6           disable_log_msg(VVC_BROADCAST, ID_CMD_INTERPRETER): [3]
%%      0 ns    Log    ID_UVVM_SEND_CMD    I2C_VVC,3           disable_log_msg(VVC_BROADCAST, ID_CMD_INTERPRETER): [3]
%%      0 ns    Log    ID_CMD_INTERPRETER  WISHBONE_VVC,0      disable_log_msg(VVC_BROADCAST, ID_CMD_INTERPRETER). Command received  [3]
%%      0 ns    Log    ID_LOG_MSG_CTRL     WISHBONE_VVC,0      disable_log_msg(ID_CMD_INTERPRETER). ' [3]'
%%      0 ns    Log    ID_CMD_INTERPRETER  SBI_VVC,0           disable_log_msg(VVC_BROADCAST, ID_CMD_INTERPRETER). Command received  [3]
%%      0 ns    Log    ID_LOG_MSG_CTRL     SBI_VVC,0           disable_log_msg(ID_CMD_INTERPRETER). ' [3]'
%%      0 ns    Log    ID_CMD_INTERPRETER  I2C_VVC,0           disable_log_msg(VVC_BROADCAST, ID_CMD_INTERPRETER). Command received  [3]
%%      0 ns    Log    ID_LOG_MSG_CTRL     I2C_VVC,0           disable_log_msg(ID_CMD_INTERPRETER). ' [3]'
%%      0 ns    Log    ID_CMD_INTERPRETER  I2C_VVC,1           disable_log_msg(VVC_BROADCAST, ID_CMD_INTERPRETER). Command received  [3]
%%      0 ns    Log    ID_LOG_MSG_CTRL     I2C_VVC,1           disable_log_msg(ID_CMD_INTERPRETER). ' [3]'
%%      0 ns    Log    ID_CMD_INTERPRETER  I2C_VVC,2           disable_log_msg(VVC_BROADCAST, ID_CMD_INTERPRETER). Command received  [3]
%%      0 ns    Log    ID_LOG_MSG_CTRL     I2C_VVC,2           disable_log_msg(ID_CMD_INTERPRETER). ' [3]'
%%      0 ns    Log    ID_CMD_INTERPRETER  I2C_VVC,5           disable_log_msg(VVC_BROADCAST, ID_CMD_INTERPRETER). Command received  [3]
%%      0 ns    Log    ID_LOG_MSG_CTRL     I2C_VVC,5           disable_log_msg(ID_CMD_INTERPRETER). ' [3]'
%%      0 ns    Log    ID_CMD_INTERPRETER  I2C_VVC,4           disable_log_msg(VVC_BROADCAST, ID_CMD_INTERPRETER). Command received  [3]
%%      0 ns    Log    ID_LOG_MSG_CTRL     I2C_VVC,4           disable_log_msg(ID_CMD_INTERPRETER). ' [3]'
%%      0 ns    Log    ID_CMD_INTERPRETER  I2C_VVC,6           disable_log_msg(VVC_BROADCAST, ID_CMD_INTERPRETER). Command received  [3]
%%      0 ns    Log    ID_LOG_MSG_CTRL     I2C_VVC,6           disable_log_msg(ID_CMD_INTERPRETER). ' [3]'
%%      0 ns    Log    ID_CMD_INTERPRETER  I2C_VVC,3           disable_log_msg(VVC_BROADCAST, ID_CMD_INTERPRETER). Command received  [3]
%%      0 ns    Log    ID_LOG_MSG_CTRL     I2C_VVC,3           disable_log_msg(ID_CMD_INTERPRETER). ' [3]'
%%      0 ns    Log    ID_CMD_INTERPRETER  SBI_VVC,0           Interpreter: Waiting for command
%%      0 ns    Log    ID_CMD_INTERPRETER  WISHBONE_VVC,0      Interpreter: Waiting for command
%%      0 ns    Log    ID_CMD_INTERPRETER  I2C_VVC,0           Interpreter: Waiting for command
%%      0 ns    Log    ID_CMD_INTERPRETER  I2C_VVC,1           Interpreter: Waiting for command
%%      0 ns    Log    ID_CMD_INTERPRETER  I2C_VVC,2           Interpreter: Waiting for command
%%      0 ns    Log    ID_CMD_INTERPRETER  I2C_VVC,5           Interpreter: Waiting for command
%%      0 ns    Log    ID_CMD_INTERPRETER  I2C_VVC,4           Interpreter: Waiting for command
%%      0 ns    Log    ID_CMD_INTERPRETER  I2C_VVC,6           Interpreter: Waiting for command
%%      0 ns    Log    ID_CMD_INTERPRETER  I2C_VVC,3           Interpreter: Waiting for command
%%      0 ns    Log    ID_UVVM_SEND_CMD    TB seq.(uvvm)       disable_log_msg(VVC_BROADCAST, ID_CMD_INTERPRETER_WAIT): [4]
%%      0 ns    Log    ID_UVVM_SEND_CMD    SBI_VVC,0           disable_log_msg(VVC_BROADCAST, ID_CMD_INTERPRETER_WAIT): [4]
%%      0 ns    Log    ID_UVVM_SEND_CMD    WISHBONE_VVC,0      disable_log_msg(VVC_BROADCAST, ID_CMD_INTERPRETER_WAIT): [4]
%%      0 ns    Log    ID_UVVM_SEND_CMD    I2C_VVC,0           disable_log_msg(VVC_BROADCAST, ID_CMD_INTERPRETER_WAIT): [4]
%%      0 ns    Log    ID_UVVM_SEND_CMD    I2C_VVC,1           disable_log_msg(VVC_BROADCAST, ID_CMD_INTERPRETER_WAIT): [4]
%%      0 ns    Log    ID_UVVM_SEND_CMD    I2C_VVC,2           disable_log_msg(VVC_BROADCAST, ID_CMD_INTERPRETER_WAIT): [4]
%%      0 ns    Log    ID_UVVM_SEND_CMD    I2C_VVC,5           disable_log_msg(VVC_BROADCAST, ID_CMD_INTERPRETER_WAIT): [4]
%%      0 ns    Log    ID_UVVM_SEND_CMD    I2C_VVC,4           disable_log_msg(VVC_BROADCAST, ID_CMD_INTERPRETER_WAIT): [4]
%%      0 ns    Log    ID_UVVM_SEND_CMD    I2C_VVC,6           disable_log_msg(VVC_BROADCAST, ID_CMD_INTERPRETER_WAIT): [4]
%%      0 ns    Log    ID_UVVM_SEND_CMD    I2C_VVC,3           disable_log_msg(VVC_BROADCAST, ID_CMD_INTERPRETER_WAIT): [4]
%%      0 ns    Log    ID_LOG_MSG_CTRL     SBI_VVC,0           disable_log_msg(ID_CMD_INTERPRETER_WAIT). ' [4]'
%%      0 ns    Log    ID_LOG_MSG_CTRL     WISHBONE_VVC,0      disable_log_msg(ID_CMD_INTERPRETER_WAIT). ' [4]'
%%      0 ns    Log    ID_LOG_MSG_CTRL     I2C_VVC,0           disable_log_msg(ID_CMD_INTERPRETER_WAIT). ' [4]'
%%      0 ns    Log    ID_LOG_MSG_CTRL     I2C_VVC,1           disable_log_msg(ID_CMD_INTERPRETER_WAIT). ' [4]'
%%      0 ns    Log    ID_LOG_MSG_CTRL     I2C_VVC,2           disable_log_msg(ID_CMD_INTERPRETER_WAIT). ' [4]'
%%      0 ns    Log    ID_LOG_MSG_CTRL     I2C_VVC,5           disable_log_msg(ID_CMD_INTERPRETER_WAIT). ' [4]'
%%      0 ns    Log    ID_LOG_MSG_CTRL     I2C_VVC,4           disable_log_msg(ID_CMD_INTERPRETER_WAIT). ' [4]'
%%      0 ns    Log    ID_LOG_MSG_CTRL     I2C_VVC,6           disable_log_msg(ID_CMD_INTERPRETER_WAIT). ' [4]'
%%      0 ns    Log    ID_LOG_MSG_CTRL     I2C_VVC,3           disable_log_msg(ID_CMD_INTERPRETER_WAIT). ' [4]'
%%      0 ns    Log    ID_UVVM_SEND_CMD    TB seq.(uvvm)       disable_log_msg(VVC_BROADCAST, ID_IMMEDIATE_CMD): [5]
%%      0 ns    Log    ID_UVVM_SEND_CMD    WISHBONE_VVC,0      disable_log_msg(VVC_BROADCAST, ID_IMMEDIATE_CMD): [5]
%%      0 ns    Log    ID_UVVM_SEND_CMD    SBI_VVC,0           disable_log_msg(VVC_BROADCAST, ID_IMMEDIATE_CMD): [5]
%%      0 ns    Log    ID_UVVM_SEND_CMD    I2C_VVC,0           disable_log_msg(VVC_BROADCAST, ID_IMMEDIATE_CMD): [5]
%%      0 ns    Log    ID_UVVM_SEND_CMD    I2C_VVC,1           disable_log_msg(VVC_BROADCAST, ID_IMMEDIATE_CMD): [5]
%%      0 ns    Log    ID_UVVM_SEND_CMD    I2C_VVC,2           disable_log_msg(VVC_BROADCAST, ID_IMMEDIATE_CMD): [5]
%%      0 ns    Log    ID_UVVM_SEND_CMD    I2C_VVC,5           disable_log_msg(VVC_BROADCAST, ID_IMMEDIATE_CMD): [5]
%%      0 ns    Log    ID_UVVM_SEND_CMD    I2C_VVC,4           disable_log_msg(VVC_BROADCAST, ID_IMMEDIATE_CMD): [5]
%%      0 ns    Log    ID_UVVM_SEND_CMD    I2C_VVC,6           disable_log_msg(VVC_BROADCAST, ID_IMMEDIATE_CMD): [5]
%%      0 ns    Log    ID_UVVM_SEND_CMD    I2C_VVC,3           disable_log_msg(VVC_BROADCAST, ID_IMMEDIATE_CMD): [5]
%%      0 ns    Log    ID_LOG_MSG_CTRL     WISHBONE_VVC,0      disable_log_msg(ID_IMMEDIATE_CMD). ' [5]'
%%      0 ns    Log    ID_LOG_MSG_CTRL     SBI_VVC,0           disable_log_msg(ID_IMMEDIATE_CMD). ' [5]'
%%      0 ns    Log    ID_LOG_MSG_CTRL     I2C_VVC,0           disable_log_msg(ID_IMMEDIATE_CMD). ' [5]'
%%      0 ns    Log    ID_LOG_MSG_CTRL     I2C_VVC,1           disable_log_msg(ID_IMMEDIATE_CMD). ' [5]'
%%      0 ns    Log    ID_LOG_MSG_CTRL     I2C_VVC,2           disable_log_msg(ID_IMMEDIATE_CMD). ' [5]'
%%      0 ns    Log    ID_LOG_MSG_CTRL     I2C_VVC,5           disable_log_msg(ID_IMMEDIATE_CMD). ' [5]'
%%      0 ns    Log    ID_LOG_MSG_CTRL     I2C_VVC,4           disable_log_msg(ID_IMMEDIATE_CMD). ' [5]'
%%      0 ns    Log    ID_LOG_MSG_CTRL     I2C_VVC,6           disable_log_msg(ID_IMMEDIATE_CMD). ' [5]'
%%      0 ns    Log    ID_LOG_MSG_CTRL     I2C_VVC,3           disable_log_msg(ID_IMMEDIATE_CMD). ' [5]'
%%      
%%      -----------------------------------------------------------------------------------------------------------------------------------------------------------------------
%%      ***  REPORT OF GLOBAL CTRL ***
%%      -----------------------------------------------------------------------------------------------------------------------------------------------------------------------
%%                                IGNORE    STOP_LIMIT
%%                NOTE         :  REGARD         0
%%                TB_NOTE      :  REGARD         0
%%                WARNING      :  REGARD         0
%%                TB_WARNING   :  REGARD         0
%%                MANUAL_CHECK :  REGARD         0
%%                ERROR        :  REGARD         0
%%                TB_ERROR     :  REGARD         0
%%                FAILURE      :  REGARD         1
%%                TB_FAILURE   :  REGARD         1
%%      -----------------------------------------------------------------------------------------------------------------------------------------------------------------------
%%      
%%      
%%      -----------------------------------------------------------------------------------------------------------------------------------------------------------------------
%%      ***  REPORT OF MSG ID PANEL ***
%%      -----------------------------------------------------------------------------------------------------------------------------------------------------------------------
%%                ID                             Status
%%                ------------------------       ------
%%                ID_UTIL_BURIED               : DISABLED
%%                ID_BITVIS_DEBUG              : DISABLED
%%                ID_UTIL_SETUP                : ENABLED
%%                ID_LOG_MSG_CTRL              : ENABLED
%%                ID_ALERT_CTRL                : ENABLED
%%                ID_FINISH_OR_STOP            : ENABLED
%%                ID_CLOCK_GEN                 : ENABLED
%%                ID_GEN_PULSE                 : ENABLED
%%                ID_BLOCKING                  : ENABLED
%%                ID_WATCHDOG                  : ENABLED
%%                ID_RAND_GEN                  : DISABLED
%%                ID_RAND_CONF                 : DISABLED
%%                ID_FUNC_COV_BINS             : DISABLED
%%                ID_FUNC_COV_BINS_INFO        : DISABLED
%%                ID_FUNC_COV_RAND             : DISABLED
%%                ID_FUNC_COV_SAMPLE           : DISABLED
%%                ID_FUNC_COV_CONFIG           : DISABLED
%%                ID_POS_ACK                   : DISABLED
%%                ID_UVVM_ASSERTION            : ENABLED
%%                ID_LOG_HDR                   : ENABLED
%%                ID_LOG_HDR_LARGE             : ENABLED
%%                ID_LOG_HDR_XL                : ENABLED
%%                ID_SEQUENCER                 : ENABLED
%%                ID_SEQUENCER_SUB             : ENABLED
%%                ID_BFM                       : ENABLED
%%                ID_BFM_WAIT                  : ENABLED
%%                ID_BFM_POLL                  : ENABLED
%%                ID_BFM_POLL_SUMMARY          : ENABLED
%%                ID_CHANNEL_BFM               : ENABLED
%%                ID_TERMINATE_CMD             : ENABLED
%%                ID_SEGMENT_INITIATE          : ENABLED
%%                ID_SEGMENT_COMPLETE          : ENABLED
%%                ID_SEGMENT_HDR               : ENABLED
%%                ID_SEGMENT_DATA              : ENABLED
%%                ID_PACKET_INITIATE           : ENABLED
%%                ID_PACKET_PREAMBLE           : ENABLED
%%                ID_PACKET_COMPLETE           : ENABLED
%%                ID_PACKET_HDR                : ENABLED
%%                ID_PACKET_DATA               : ENABLED
%%                ID_PACKET_CHECKSUM           : ENABLED
%%                ID_PACKET_GAP                : ENABLED
%%                ID_PACKET_PAYLOAD            : ENABLED
%%                ID_FRAME_INITIATE            : ENABLED
%%                ID_FRAME_COMPLETE            : ENABLED
%%                ID_FRAME_HDR                 : ENABLED
%%                ID_FRAME_DATA                : ENABLED
%%                ID_COVERAGE_MAKEBIN          : DISABLED
%%                ID_COVERAGE_ADDBIN           : DISABLED
%%                ID_COVERAGE_ICOVER           : DISABLED
%%                ID_COVERAGE_CONFIG           : ENABLED
%%                ID_COVERAGE_SUMMARY          : ENABLED
%%                ID_COVERAGE_HOLES            : ENABLED
%%                ID_UVVM_SEND_CMD             : ENABLED
%%                ID_UVVM_CMD_ACK              : DISABLED
%%                ID_UVVM_CMD_RESULT           : DISABLED
%%                ID_CMD_INTERPRETER           : ENABLED
%%                ID_CMD_INTERPRETER_WAIT      : ENABLED
%%                ID_IMMEDIATE_CMD             : ENABLED
%%                ID_IMMEDIATE_CMD_WAIT        : ENABLED
%%                ID_CMD_EXECUTOR              : ENABLED
%%                ID_CMD_EXECUTOR_WAIT         : ENABLED
%%                ID_CHANNEL_EXECUTOR          : ENABLED
%%                ID_CHANNEL_EXECUTOR_WAIT     : ENABLED
%%                ID_NEW_HVVC_CMD_SEQ          : ENABLED
%%                ID_INSERTED_DELAY            : ENABLED
%%                ID_OLD_AWAIT_COMPLETION      : ENABLED
%%                ID_AWAIT_COMPLETION          : DISABLED
%%                ID_AWAIT_COMPLETION_LIST     : DISABLED
%%                ID_AWAIT_COMPLETION_WAIT     : DISABLED
%%                ID_AWAIT_COMPLETION_END      : DISABLED
%%                ID_AWAIT_UVVM_COMPLETION     : ENABLED
%%                ID_UVVM_DATA_QUEUE           : ENABLED
%%                ID_CONSTRUCTOR               : ENABLED
%%                ID_CONSTRUCTOR_SUB           : ENABLED
%%                ID_VVC_ACTIVITY              : ENABLED
%%                ID_MONITOR                   : ENABLED
%%                ID_MONITOR_ERROR             : ENABLED
%%                ID_DATA                      : ENABLED
%%                ID_CTRL                      : ENABLED
%%                ID_SPEC_COV_INIT             : ENABLED
%%                ID_SPEC_COV_REQS             : ENABLED
%%                ID_SPEC_COV                  : ENABLED
%%                ID_FILE_OPEN_CLOSE           : ENABLED
%%                ID_FILE_PARSER               : ENABLED
%%      -----------------------------------------------------------------------------------------------------------------------------------------------------------------------
%%      
%%      0 ns    Log    NO_ID               TB seq.             \rSetting inter-bfm delay
%%   12.5 ns    Log    ID_GEN_PULSE        TB seq.             Pulsed to 1 for 12500 ps. 'Trigger DUT reset'
%% 1000012.5 ns    Log    ID_UVVM_SEND_CMD    TB seq.(uvvm)       wishbone_write(WISHBONE_VVC,0, x"0", x"13"): 'Set SCL prescaler LSB'. [6]
%% 1000012.5 ns    Log    ID_UVVM_SEND_CMD    TB seq.(uvvm)       wishbone_write(WISHBONE_VVC,0, x"1", x"00"): 'Set SCL prescaler MSB'. [7]
%% 1000012.5 ns    Log    ID_UVVM_SEND_CMD    TB seq.(uvvm)       wishbone_write(WISHBONE_VVC,0, x"2", x"80"): 'Enable DUT'. [8]
%% 1000032.5 ns    Log    ID_BFM              WISHBONE_VVC,0      wishbone_write(A:x"0", x"13") completed. ' 'Set SCL prescaler LSB'  [6]'
%% 1000052.5 ns    Log    ID_BFM              WISHBONE_VVC,0      wishbone_write(A:x"1", x"00") completed. ' 'Set SCL prescaler MSB'  [7]'
%% 1000072.5 ns    Log    ID_BFM              WISHBONE_VVC,0      wishbone_write(A:x"2", x"80") completed. ' 'Enable DUT'  [8]'
%% 1000073.5 ns    Log    ID_AWAIT_UVVM_COMP  I2C_VVC_TB          await_uvvm_completion() => OK. All VVCs are inactive. Condition occurred after 1 ns
%% 1000073.5 ns    Log    ID_AWAIT_UVVM_COMP  I2C_VVC_TB          await_uvvm_completion()() => OK. All UVVM scoreboards are empty. Condition occurred after 0 ns
%% 
%% ============================================================================================================================================================================
%%  *** INTERMEDIATE SUMMARY OF ALL ALERTS ***
%% ============================================================================================================================================================================
%% 1000073.5 ns    DONE   NOCHECKS   i2c_vvc_tb  Passed: 0
%%    Expected      Failures: 0  Errors: 0  Warnings: 0  Passed: 0
%%    VHDL Asserts  Failures: 0  Errors: 0  Warnings: 0  Passed: 0
%%    Default       Failures: 0  Errors: 0  Warnings: 0  Passed: 0
%%    OSVVM         Failures: 0  Errors: 0  Warnings: 0  Passed: 0
%% ============================================================================================================================================================================
%% 
%% 
%% 
%% 1000073.5 ns    Log    ID_LOG_HDR          I2C_VVC_TB          SIMULATION COMPLETED
%% ----------------------------------------------------------------------------------------------------------------------------------------------------------------------------
