%%      0 ns    Log    ID_CONSTRUCTOR      AXI_VVC,1           VVC instantiated.
%%      0 ns    Log    ID_CONSTRUCTOR_SUB  AXI_VVC,1           Command queue instantiated and will give a warning when reaching 1000 elements in queue.
%%      0 ns    Log    ID_CONSTRUCTOR_SUB  AXI_VVC,1           Result queue instantiated and will give a warning when reaching 1000 elements in queue.
%%      0 ns    Log    ID_CONSTRUCTOR      AXI_VVC,2           VVC instantiated.
%%      0 ns    Log    ID_CONSTRUCTOR_SUB  AXI_VVC,2           Command queue instantiated and will give a warning when reaching 1000 elements in queue.
%%      0 ns    Log    ID_CONSTRUCTOR_SUB  AXI_VVC,2           Result queue instantiated and will give a warning when reaching 1000 elements in queue.
%%      0 ns    Log    ID_CMD_INTERPRETER  AXI_VVC,1           Interpreter: Waiting for command
%%      0 ns    Log    ID_CMD_INTERPRETER  AXI_VVC,2           Interpreter: Waiting for command
%%      0 ns    Log    ID_CTRL             AXI_VVC_SB,1        enable() => SB enabled. 'AXI VVC SB Enabled'
%%      0 ns    Log    ID_CTRL             AXI_VVC_SB,1        config() => config applied to SB.
%%      0 ns    Log    ID_CTRL             AXI_VVC_SB,1        enable_log_msg() => message id id_data enabled.
%%      0 ns    Log    ID_CTRL             AXI_VVC_SB,2        enable() => SB enabled. 'AXI VVC SB Enabled'
%%      0 ns    Log    ID_CTRL             AXI_VVC_SB,2        config() => config applied to SB.
%%      0 ns    Log    ID_CTRL             AXI_VVC_SB,2        enable_log_msg() => message id id_data enabled.
%%      0 ns    Log    ID_LOG_MSG_CTRL     TB seq.             disable_log_msg(ID_POS_ACK).
%%      0 ns    Log    ID_LOG_MSG_CTRL     TB seq.             disable_log_msg(ID_UVVM_SEND_CMD).
%%      0 ns    Log    ID_LOG_MSG_CTRL     TB seq.             disable_log_msg(ID_UVVM_CMD_ACK).
%%      0 ns    Log    ID_LOG_MSG_CTRL     TB seq.             disable_log_msg(ID_UVVM_CMD_RESULT).
%%      0 ns    Log    ID_LOG_MSG_CTRL     TB seq.             disable_log_msg(ID_AWAIT_COMPLETION_WAIT).
%%      0 ns    Log    ID_LOG_MSG_CTRL     TB seq.             disable_log_msg(ID_AWAIT_COMPLETION_END).
%%      0 ns    Log    ID_CMD_EXECUTOR_WA  AXI_VVC,1           Executor: Waiting for command
%%      0 ns    Log    ID_CMD_EXECUTOR_WA  AXI_VVC,2           Executor: Waiting for command
%%      0 ns    Log    ID_CMD_INTERPRETER  AXI_VVC,1           disable_log_msg(AXI_VVC,1, ID_POS_ACK). Command received  [1]
%%      0 ns    Log    ID_LOG_MSG_CTRL     AXI_VVC,1           disable_log_msg(ID_POS_ACK). ' [1]'
%%      0 ns    Log    ID_CMD_INTERPRETER  AXI_VVC,1           Interpreter: Waiting for command
%%      0 ns    Log    ID_CMD_INTERPRETER  AXI_VVC,1           disable_log_msg(AXI_VVC,1, ID_CMD_INTERPRETER). Command received  [2]
%%      0 ns    Log    ID_LOG_MSG_CTRL     AXI_VVC,1           disable_log_msg(ID_CMD_INTERPRETER). ' [2]'
%%      0 ns    Log    ID_CMD_INTERPRETER  AXI_VVC,1           Interpreter: Waiting for command
%%      0 ns    Log    ID_LOG_MSG_CTRL     AXI_VVC,1           disable_log_msg(ID_CMD_INTERPRETER_WAIT). ' [3]'
%%      0 ns    Log    ID_LOG_MSG_CTRL     AXI_VVC,1           disable_log_msg(ID_CMD_EXECUTOR_WAIT). ' [4]'
%%      0 ns    Log    ID_CMD_INTERPRETER  AXI_VVC,2           disable_log_msg(AXI_VVC,2, ID_POS_ACK). Command received  [5]
%%      0 ns    Log    ID_LOG_MSG_CTRL     AXI_VVC,2           disable_log_msg(ID_POS_ACK). ' [5]'
%%      0 ns    Log    ID_CMD_INTERPRETER  AXI_VVC,2           Interpreter: Waiting for command
%%      0 ns    Log    ID_CMD_INTERPRETER  AXI_VVC,2           disable_log_msg(AXI_VVC,2, ID_CMD_INTERPRETER). Command received  [6]
%%      0 ns    Log    ID_LOG_MSG_CTRL     AXI_VVC,2           disable_log_msg(ID_CMD_INTERPRETER). ' [6]'
%%      0 ns    Log    ID_CMD_INTERPRETER  AXI_VVC,2           Interpreter: Waiting for command
%%      0 ns    Log    ID_LOG_MSG_CTRL     AXI_VVC,2           disable_log_msg(ID_CMD_INTERPRETER_WAIT). ' [7]'
%%      0 ns    Log    ID_LOG_MSG_CTRL     AXI_VVC,2           disable_log_msg(ID_CMD_EXECUTOR_WAIT). ' [8]'
%%      
%%      -----------------------------------------------------------------------------------------------------------------------------------------------------------------------
%%      ***  REPORT OF GLOBAL CTRL ***
%%      -----------------------------------------------------------------------------------------------------------------------------------------------------------------------
%%                                IGNORE    STOP_LIMIT
%%                NOTE         :  REGARD         0
%%                TB_NOTE      :  REGARD         0
%%                WARNING      :  REGARD         0
%%                TB_WARNING   :  REGARD         0
%%                MANUAL_CHECK :  REGARD         0
%%                ERROR        :  REGARD         0
%%                TB_ERROR     :  REGARD         0
%%                FAILURE      :  REGARD         1
%%                TB_FAILURE   :  REGARD         1
%%      -----------------------------------------------------------------------------------------------------------------------------------------------------------------------
%%      
%%      
%%      -----------------------------------------------------------------------------------------------------------------------------------------------------------------------
%%      ***  REPORT OF MSG ID PANEL ***
%%      -----------------------------------------------------------------------------------------------------------------------------------------------------------------------
%%                ID                             Status
%%                ------------------------       ------
%%                ID_UTIL_BURIED               : DISABLED
%%                ID_BITVIS_DEBUG              : DISABLED
%%                ID_UTIL_SETUP                : ENABLED
%%                ID_LOG_MSG_CTRL              : ENABLED
%%                ID_ALERT_CTRL                : ENABLED
%%                ID_FINISH_OR_STOP            : ENABLED
%%                ID_CLOCK_GEN                 : ENABLED
%%                ID_GEN_PULSE                 : ENABLED
%%                ID_BLOCKING                  : ENABLED
%%                ID_WATCHDOG                  : ENABLED
%%                ID_RAND_GEN                  : DISABLED
%%                ID_RAND_CONF                 : DISABLED
%%                ID_FUNC_COV_BINS             : DISABLED
%%                ID_FUNC_COV_BINS_INFO        : DISABLED
%%                ID_FUNC_COV_RAND             : DISABLED
%%                ID_FUNC_COV_SAMPLE           : DISABLED
%%                ID_FUNC_COV_CONFIG           : DISABLED
%%                ID_POS_ACK                   : DISABLED
%%                ID_UVVM_ASSERTION            : ENABLED
%%                ID_LOG_HDR                   : ENABLED
%%                ID_LOG_HDR_LARGE             : ENABLED
%%                ID_LOG_HDR_XL                : ENABLED
%%                ID_SEQUENCER                 : ENABLED
%%                ID_SEQUENCER_SUB             : ENABLED
%%                ID_BFM                       : ENABLED
%%                ID_BFM_WAIT                  : ENABLED
%%                ID_BFM_POLL                  : ENABLED
%%                ID_BFM_POLL_SUMMARY          : ENABLED
%%                ID_CHANNEL_BFM               : ENABLED
%%                ID_TERMINATE_CMD             : ENABLED
%%                ID_SEGMENT_INITIATE          : ENABLED
%%                ID_SEGMENT_COMPLETE          : ENABLED
%%                ID_SEGMENT_HDR               : ENABLED
%%                ID_SEGMENT_DATA              : ENABLED
%%                ID_PACKET_INITIATE           : ENABLED
%%                ID_PACKET_PREAMBLE           : ENABLED
%%                ID_PACKET_COMPLETE           : ENABLED
%%                ID_PACKET_HDR                : ENABLED
%%                ID_PACKET_DATA               : ENABLED
%%                ID_PACKET_CHECKSUM           : ENABLED
%%                ID_PACKET_GAP                : ENABLED
%%                ID_PACKET_PAYLOAD            : ENABLED
%%                ID_FRAME_INITIATE            : ENABLED
%%                ID_FRAME_COMPLETE            : ENABLED
%%                ID_FRAME_HDR                 : ENABLED
%%                ID_FRAME_DATA                : ENABLED
%%                ID_COVERAGE_MAKEBIN          : DISABLED
%%                ID_COVERAGE_ADDBIN           : DISABLED
%%                ID_COVERAGE_ICOVER           : DISABLED
%%                ID_COVERAGE_CONFIG           : ENABLED
%%                ID_COVERAGE_SUMMARY          : ENABLED
%%                ID_COVERAGE_HOLES            : ENABLED
%%                ID_UVVM_SEND_CMD             : DISABLED
%%                ID_UVVM_CMD_ACK              : DISABLED
%%                ID_UVVM_CMD_RESULT           : DISABLED
%%                ID_CMD_INTERPRETER           : ENABLED
%%                ID_CMD_INTERPRETER_WAIT      : ENABLED
%%                ID_IMMEDIATE_CMD             : ENABLED
%%                ID_IMMEDIATE_CMD_WAIT        : ENABLED
%%                ID_CMD_EXECUTOR              : ENABLED
%%                ID_CMD_EXECUTOR_WAIT         : ENABLED
%%                ID_CHANNEL_EXECUTOR          : ENABLED
%%                ID_CHANNEL_EXECUTOR_WAIT     : ENABLED
%%                ID_NEW_HVVC_CMD_SEQ          : ENABLED
%%                ID_INSERTED_DELAY            : ENABLED
%%                ID_OLD_AWAIT_COMPLETION      : ENABLED
%%                ID_AWAIT_COMPLETION          : ENABLED
%%                ID_AWAIT_COMPLETION_LIST     : ENABLED
%%                ID_AWAIT_COMPLETION_WAIT     : DISABLED
%%                ID_AWAIT_COMPLETION_END      : DISABLED
%%                ID_AWAIT_UVVM_COMPLETION     : ENABLED
%%                ID_UVVM_DATA_QUEUE           : ENABLED
%%                ID_CONSTRUCTOR               : ENABLED
%%                ID_CONSTRUCTOR_SUB           : ENABLED
%%                ID_VVC_ACTIVITY              : ENABLED
%%                ID_MONITOR                   : ENABLED
%%                ID_MONITOR_ERROR             : ENABLED
%%                ID_DATA                      : ENABLED
%%                ID_CTRL                      : ENABLED
%%                ID_SPEC_COV_INIT             : ENABLED
%%                ID_SPEC_COV_REQS             : ENABLED
%%                ID_SPEC_COV                  : ENABLED
%%                ID_FILE_OPEN_CLOSE           : ENABLED
%%                ID_FILE_PARSER               : ENABLED
%%      -----------------------------------------------------------------------------------------------------------------------------------------------------------------------
%%      
%% 
%% 
%%     40 ns    Log    ID_LOG_HDR          TB seq.             Testing write/read/check procedures
%% ----------------------------------------------------------------------------------------------------------------------------------------------------------------------------
%%     40 ns    Log    ID_CMD_EXECUTOR     AXI_VVC,1           axi_write(AXI_VVC,1, x"00000000") - Will be executed  [9]
%%     40 ns    Log    ID_AWAIT_COMPLETIO  TB seq.(uvvm)       await_completion(AXI_VVC,1, 1000 ns): 'Waiting for commands to finish'. [10]
%%   92.5 ns    Log    ID_BFM              AXI_VVC_B,1         write_response_channel_receive() ' 'Testing AXI write'  [9]'
%%   92.5 ns    Log    ID_CMD_EXECUTOR     AXI_VVC,1           axi_check(AXI_VVC,1, x"00000000") - Will be executed  [11]
%%   92.5 ns    Log    ID_AWAIT_COMPLETIO  TB seq.(uvvm)       await_completion(AXI_VVC,1, 1000 ns): 'Waiting for commands to finish'. [12]
%%  142.5 ns    Log    ID_BFM              AXI_VVC_R,1         read data channel check OK. ' 'Testing AXI check'  [11]'
%%  142.5 ns    Log    ID_CMD_EXECUTOR     AXI_VVC,1           axi_read(AXI_VVC,1, x"00000000", TO_BUFFER) - Will be executed  [13]
%%  142.5 ns    Log    ID_AWAIT_COMPLETIO  TB seq.(uvvm)       await_completion(AXI_VVC,1, 1000 ns): 'Waiting for commands to finish'. [14]
%%  192.5 ns    Log    ID_BFM              AXI_VVC_R,1         read_data_channel_receive() ' 'Testing AXI read'  [13]'
%%  192.5 ns    Log    ID_IMMEDIATE_CMD    AXI_VVC,1           fetch_result(AXI_VVC,1, 13) Requested result is found. Fetching read result  [15]
%% 
%% 
%%  192.5 ns    Log    ID_LOG_HDR          TB seq.             Testing scoreboard
%% ----------------------------------------------------------------------------------------------------------------------------------------------------------------------------
%%  192.5 ns    Log    ID_DATA             AXI_VVC_SB,1        add_expected() => value: 
RID: x"12"
RDATA(0): x"33333333", RRESP(0): okay, RUSER(0): x"00000000000000000000000000000000"
RDATA(1): x"55555555", RRESP(1): okay, RUSER(1): x"00000000000000000000000000000000"
.
%%  192.5 ns    Log    ID_CMD_EXECUTOR     AXI_VVC,1           axi_read(AXI_VVC,1, x"00000004", TO_SB) - Will be executed  [16]
%%  192.5 ns    Log    ID_AWAIT_COMPLETIO  TB seq.(uvvm)       await_completion(AXI_VVC,1, 1000 ns): 'Waiting for commands to finish'. [17]
%%  222.5 ns    Log    ID_BFM              AXI_VVC_R,1         read_data_channel_receive() ' 'Testing AXI read'  [16]'
%%  222.5 ns    Log    ID_DATA             AXI_VVC_SB,1        check_received() => MATCH, for value: 
RID: x"12"
RDATA(0): x"33333333", RRESP(0): okay, RUSER(0): x"00000000000000000000000000000000"
RDATA(1): x"55555555", RRESP(1): okay, RUSER(1): x"00000000000000000000000000000000"
.
%% 
%% 
%%  222.5 ns    Log    ID_LOG_HDR          TB seq.             Testing out-of-order write responses
%% ----------------------------------------------------------------------------------------------------------------------------------------------------------------------------
%%  222.5 ns    Log    ID_CMD_EXECUTOR     AXI_VVC,1           axi_write(AXI_VVC,1, x"00000010") - Will be executed  [18]
%%  222.5 ns    Log    ID_AWAIT_COMPLETIO  TB seq.(uvvm)       await_completion(AXI_VVC,1, 1000 ns): 'Waiting for commands to finish'. [20]
%%  222.5 ns    Log    ID_CMD_EXECUTOR     AXI_VVC,1           axi_write(AXI_VVC,1, x"00000020") - Will be executed  [19]
%%  312.5 ns    Log    ID_BFM              AXI_VVC_B,1         write_response_channel_receive() ' 'Testing AXI write'  [18]'
%%  322.5 ns    Log    ID_BFM              AXI_VVC_B,1         write_response_channel_receive() ' 'Testing AXI write'  [18]'
%% 
%% 
%%  322.5 ns    Log    ID_LOG_HDR          TB seq.             Testing read data response coming out-of-order
%% ----------------------------------------------------------------------------------------------------------------------------------------------------------------------------
%%  322.5 ns    Log    ID_CMD_EXECUTOR     AXI_VVC,1           axi_write(AXI_VVC,1, x"00000030") - Will be executed  [21]
%%  322.5 ns    Log    ID_AWAIT_COMPLETIO  TB seq.(uvvm)       await_completion(AXI_VVC,1, 1000 ns): 'Waiting for commands to finish'. [22]
%%  422.5 ns    Log    ID_BFM              AXI_VVC_B,1         write_response_channel_receive() ' 'Testing AXI write'  [21]'
%%  422.5 ns    Log    ID_CMD_EXECUTOR     AXI_VVC,1           axi_check(AXI_VVC,1, x"00000030") - Will be executed  [23]
%%  422.5 ns    Log    ID_CMD_EXECUTOR     AXI_VVC,1           axi_check(AXI_VVC,1, x"0000003C") - Will be executed  [24]
%%  422.5 ns    Log    ID_AWAIT_COMPLETIO  TB seq.(uvvm)       await_completion(AXI_VVC,1, 1000 ns): 'Waiting for commands to finish'. [26]
%%  422.5 ns    Log    ID_CMD_EXECUTOR     AXI_VVC,1           axi_check(AXI_VVC,1, x"00000048") - Will be executed  [25]
%%  482.5 ns    Log    ID_BFM              AXI_VVC_R,1         read data channel check OK. ' 'Testing AXI check'  [24]'
%%  532.5 ns    Log    ID_BFM              AXI_VVC_R,1         read data channel check OK. ' 'Testing AXI check'  [25]'
%%  542.5 ns    Log    ID_BFM              AXI_VVC_R,1         read data channel check OK. ' 'Testing AXI check'  [23]'
%% 
%% 
%%  542.5 ns    Log    ID_LOG_HDR          TB seq.             Test fetch_result with cmd_idx lower than the last_cmd_idx_executed. Read data response comes out-of-order
%% ----------------------------------------------------------------------------------------------------------------------------------------------------------------------------
%%  542.5 ns    Log    ID_CMD_EXECUTOR     AXI_VVC,1           axi_write(AXI_VVC,1, x"00000030") - Will be executed  [27]
%%  542.5 ns    Log    ID_AWAIT_COMPLETIO  TB seq.(uvvm)       await_completion(AXI_VVC,1, 1000 ns): 'Waiting for commands to finish'. [28]
%%  642.5 ns    Log    ID_BFM              AXI_VVC_B,1         write_response_channel_receive() ' 'Testing AXI write'  [27]'
%%  642.5 ns    Log    ID_CMD_EXECUTOR     AXI_VVC,1           axi_read(AXI_VVC,1, x"00000030", TO_BUFFER) - Will be executed  [29]
%%  642.5 ns    Log    ID_CMD_EXECUTOR     AXI_VVC,1           axi_read(AXI_VVC,1, x"0000003C", TO_BUFFER) - Will be executed  [30]
%%  642.5 ns    Log    ID_AWAIT_COMPLETIO  TB seq.(uvvm)       await_completion(AXI_VVC,1, 29, 1000 ns): 'Waiting for first command to finish'. [32]
%%  642.5 ns    Log    ID_CMD_EXECUTOR     AXI_VVC,1           axi_read(AXI_VVC,1, x"00000048", TO_BUFFER) - Will be executed  [31]
%%  702.5 ns    Log    ID_BFM              AXI_VVC_R,1         read_data_channel_receive() ' 'Testing AXI check'  [29]'
%%  752.5 ns    Log    ID_BFM              AXI_VVC_R,1         read_data_channel_receive() ' 'Testing AXI check'  [29]'
%%  762.5 ns    Log    ID_BFM              AXI_VVC_R,1         read_data_channel_receive() ' 'Testing AXI check'  [29]'
%%  762.5 ns    Log    ID_IMMEDIATE_CMD    AXI_VVC,1           fetch_result(AXI_VVC,1, 29) Requested result is found. Fetching read result  [33]
%%  762.5 ns    Log    ID_AWAIT_COMPLETIO  TB seq.(uvvm)       await_completion(AXI_VVC,1, 1000 ns): 'Waiting for commands to finish'. [34]
%% 
%% 
%%  762.5 ns    Log    ID_LOG_HDR          TB seq.             Testing minimum burst length
%% ----------------------------------------------------------------------------------------------------------------------------------------------------------------------------
%%  762.5 ns    Log    ID_CMD_EXECUTOR     AXI_VVC,1           axi_write(AXI_VVC,1, x"00000060") - Will be executed  [35]
%%  762.5 ns    Log    ID_AWAIT_COMPLETIO  TB seq.(uvvm)       await_completion(AXI_VVC,1, 1000 ns): 'Waiting for commands to finish'. [36]
%%  782.5 ns    Log    ID_BFM              AXI_VVC_B,1         write_response_channel_receive() ' 'Writing with a minimum burst length'  [35]'
%%  782.5 ns    Log    ID_CMD_EXECUTOR     AXI_VVC,1           axi_check(AXI_VVC,1, x"00000060") - Will be executed  [37]
%%  782.5 ns    Log    ID_AWAIT_COMPLETIO  TB seq.(uvvm)       await_completion(AXI_VVC,1, 1000 ns): 'Waiting for commands to finish'. [39]
%%  782.5 ns    Log    ID_CMD_EXECUTOR     AXI_VVC,1           axi_check(AXI_VVC,1, x"00000064") - Will be executed  [38]
%%  802.5 ns    Log    ID_BFM              AXI_VVC_R,1         read data channel check OK. ' 'Reading with a minumum burst length'  [37]'
%%  822.5 ns    Log    ID_BFM              AXI_VVC_R,1         read data channel check OK. ' 'Reading from the next address to see that it hasn't been written to'  [38]'
%% 
%% 
%%  822.5 ns    Log    ID_LOG_HDR          TB seq.             Testing maximum burst length
%% ----------------------------------------------------------------------------------------------------------------------------------------------------------------------------
%%  822.5 ns    Log    ID_CMD_EXECUTOR     AXI_VVC,1           axi_write(AXI_VVC,1, x"00000070") - Will be executed  [40]
%%  822.5 ns    Log    ID_AWAIT_COMPLETIO  TB seq.(uvvm)       await_completion(AXI_VVC,1, 10000 ns): 'Waiting for commands to finish'. [41]
%% 3392.5 ns    Log    ID_BFM              AXI_VVC_B,1         write_response_channel_receive() ' 'Writing with a maximum burst length'  [40]'
%% 3392.5 ns    Log    ID_CMD_EXECUTOR     AXI_VVC,1           axi_read(AXI_VVC,1, x"00000070", TO_BUFFER) - Will be executed  [42]
%% 3392.5 ns    Log    ID_AWAIT_COMPLETIO  TB seq.(uvvm)       await_completion(AXI_VVC,1, 10000 ns): 'Waiting for commands to finish'. [43]
%% 5962.5 ns    Log    ID_BFM              AXI_VVC_R,1         read_data_channel_receive() ' 'Testing AXI read'  [42]'
%% 5962.5 ns    Log    ID_IMMEDIATE_CMD    AXI_VVC,1           fetch_result(AXI_VVC,1, 42) Requested result is found. Fetching read result  [44]
%% 
%% 
%% 5962.5 ns    Log    ID_LOG_HDR          TB seq.             Testing that unconstrained command parameters are normalized correctly
%% ----------------------------------------------------------------------------------------------------------------------------------------------------------------------------
%% 5962.5 ns    Log    ID_CMD_EXECUTOR     AXI_VVC,1           axi_write(AXI_VVC,1, x"500") - Will be executed  [45]
%% 5962.5 ns    Log    ID_AWAIT_COMPLETIO  TB seq.(uvvm)       await_completion(AXI_VVC,1, 1000 ns): 'Waiting for commands to finish'. [46]
%% 5992.5 ns    Log    ID_BFM              AXI_VVC_B,1         write_response_channel_receive() ' 'Testing smaller parameter widths on all unconstrained inputs'  [45]'
%% 5992.5 ns    Log    ID_CMD_EXECUTOR     AXI_VVC,1           axi_check(AXI_VVC,1, x"00000500") - Will be executed  [47]
%% 5992.5 ns    Log    ID_AWAIT_COMPLETIO  TB seq.(uvvm)       await_completion(AXI_VVC,1, 1000 ns): 'Waiting for commands to finish'. [49]
%% 5992.5 ns    Log    ID_CMD_EXECUTOR     AXI_VVC,1           axi_check(AXI_VVC,1, x"500") - Will be executed  [48]
%% 6042.5 ns    Log    ID_BFM              AXI_VVC_R,1         read data channel check OK. ' 'Testing smaller parameter widths on axi_check'  [48]'
%% 6052.5 ns    Log    ID_BFM              AXI_VVC_R,1         read data channel check OK. ' 'Checking that the data was written correctly'  [47]'
%% 6052.5 ns    Log    ID_CMD_EXECUTOR     AXI_VVC,1           axi_read(AXI_VVC,1, x"500", TO_BUFFER) - Will be executed  [50]
%% 6052.5 ns    Log    ID_AWAIT_COMPLETIO  TB seq.(uvvm)       await_completion(AXI_VVC,1, 1000 ns): 'Waiting for commands to finish'. [51]
%% 6082.5 ns    Log    ID_BFM              AXI_VVC_R,1         read_data_channel_receive() ' 'Testing smaller parameter widths on axi_read'  [50]'
%% 6082.5 ns    Log    ID_IMMEDIATE_CMD    AXI_VVC,1           fetch_result(AXI_VVC,1, 50) Requested result is found. Fetching read result  [52]
%% 6082.5 ns    Log    ID_CMD_EXECUTOR     AXI_VVC,1           axi_write(AXI_VVC,1, x"000000510") - Will be executed  [53]
%% 6082.5 ns    Log    ID_AWAIT_COMPLETIO  TB seq.(uvvm)       await_completion(AXI_VVC,1, 1000 ns): 'Waiting for commands to finish'. [54]
%% 6112.5 ns    Log    ID_BFM              AXI_VVC_B,1         write_response_channel_receive() ' 'Testing larger parameter widths on all unconstrained inputs'  [53]'
%% 6112.5 ns    Log    ID_CMD_EXECUTOR     AXI_VVC,1           axi_check(AXI_VVC,1, x"00000510") - Will be executed  [55]
%% 6112.5 ns    Log    ID_AWAIT_COMPLETIO  TB seq.(uvvm)       await_completion(AXI_VVC,1, 1000 ns): 'Waiting for commands to finish'. [57]
%% 6112.5 ns    Log    ID_CMD_EXECUTOR     AXI_VVC,1           axi_check(AXI_VVC,1, x"0000000510") - Will be executed  [56]
%% 6162.5 ns    Log    ID_BFM              AXI_VVC_R,1         read data channel check OK. ' 'Testing larger parameter widths on axi_check'  [56]'
%% 6172.5 ns    Log    ID_BFM              AXI_VVC_R,1         read data channel check OK. ' 'Checking that the data was written correctly'  [55]'
%% 6172.5 ns    Log    ID_CMD_EXECUTOR     AXI_VVC,1           axi_read(AXI_VVC,1, x"0000000510", TO_BUFFER) - Will be executed  [58]
%% 6172.5 ns    Log    ID_AWAIT_COMPLETIO  TB seq.(uvvm)       await_completion(AXI_VVC,1, 1000 ns): 'Waiting for commands to finish'. [59]
%% 6202.5 ns    Log    ID_BFM              AXI_VVC_R,1         read_data_channel_receive() ' 'Testing smaller parameter widths on axi_read'  [58]'
%% 6202.5 ns    Log    ID_IMMEDIATE_CMD    AXI_VVC,1           fetch_result(AXI_VVC,1, 58) Requested result is found. Fetching read result  [60]
%% 
%% 
%% 6202.5 ns    Log    ID_LOG_HDR          TB seq.             Testing that ID and user of size 0 is allowed
%% ----------------------------------------------------------------------------------------------------------------------------------------------------------------------------
%% 6202.5 ns    Log    ID_CMD_EXECUTOR     AXI_VVC,2           axi_write(AXI_VVC,2, x"00000000") - Will be executed  [61]
%% 6202.5 ns    Log    ID_AWAIT_COMPLETIO  TB seq.(uvvm)       await_completion(AXI_VVC,2, 1000 ns): 'Waiting for commands to finish'. [62]
%% 6292.5 ns    Log    ID_BFM              AXI_VVC_B,2         write_response_channel_receive() ' 'Testing AXI write'  [61]'
%% 6292.5 ns    Log    ID_CMD_EXECUTOR     AXI_VVC,2           axi_check(AXI_VVC,2, x"00000000") - Will be executed  [63]
%% 6292.5 ns    Log    ID_AWAIT_COMPLETIO  TB seq.(uvvm)       await_completion(AXI_VVC,2, 1000 ns): 'Waiting for commands to finish'. [64]
%% 6382.5 ns    Log    ID_BFM              AXI_VVC_R,2         read data channel check OK. ' 'Testing AXI check'  [63]'
%% 6382.5 ns    Log    ID_CMD_EXECUTOR     AXI_VVC,2           axi_read(AXI_VVC,2, x"00000000", TO_BUFFER) - Will be executed  [65]
%% 6382.5 ns    Log    ID_AWAIT_COMPLETIO  TB seq.(uvvm)       await_completion(AXI_VVC,2, 1000 ns): 'Waiting for commands to finish'. [66]
%% 6472.5 ns    Log    ID_BFM              AXI_VVC_R,2         read_data_channel_receive() ' 'Testing AXI read'  [65]'
%% 6472.5 ns    Log    ID_IMMEDIATE_CMD    AXI_VVC,2           fetch_result(AXI_VVC,2, 65) Requested result is found. Fetching read result  [67]
%% 
%% 
%% 6472.5 ns    Log    ID_LOG_HDR          TB seq.             Testing TIME_START2START
%% ----------------------------------------------------------------------------------------------------------------------------------------------------------------------------
%% 6472.5 ns    Log    ID_CMD_EXECUTOR     AXI_VVC,1           axi_write(AXI_VVC,1, x"00000000") - Will be executed  [68]
%% 6472.5 ns    Log    ID_AWAIT_COMPLETIO  TB seq.(uvvm)       await_completion(AXI_VVC,1, 1000 ns): 'Waiting for commands to finish'. [69]
%% 6522.5 ns    Log    ID_BFM              AXI_VVC_B,1         write_response_channel_receive() ' 'Testing AXI write'  [68]'
%% 6522.5 ns    Log    ID_CMD_EXECUTOR     AXI_VVC,1           axi_write(AXI_VVC,1, x"00000000") - Will be executed  [70]
%% 6522.5 ns    Log    ID_AWAIT_COMPLETIO  TB seq.(uvvm)       await_completion(AXI_VVC,1, 100000 ns): 'Waiting for commands to finish'. [71]
%% 6522.5 ns    Log    ID_INSERTED_DELAY   AXI_VVC,1           Delaying BFM access until time 16472500 ps.
%% 16472.5 ns    Log    ID_INSERTED_DELAY   AXI_VVC,1           Finished delaying BFM access
%% 16522.5 ns    Log    ID_BFM              AXI_VVC_B,1         write_response_channel_receive() ' 'Testing AXI write'  [70]'
%% 
%% 
%% 16522.5 ns    Log    ID_LOG_HDR          TB seq.             Testing TIME_FINISH2START
%% ----------------------------------------------------------------------------------------------------------------------------------------------------------------------------
%% 16522.5 ns    Log    ID_CMD_EXECUTOR     AXI_VVC,1           axi_write(AXI_VVC,1, x"00000000") - Will be executed  [72]
%% 16522.5 ns    Log    ID_AWAIT_COMPLETIO  TB seq.(uvvm)       await_completion(AXI_VVC,1, 100000 ns): 'Waiting for commands to finish'. [73]
%% 16522.5 ns    Log    ID_INSERTED_DELAY   AXI_VVC,1           Delaying BFM access until time 26472500 ps.
%% 26472.5 ns    Log    ID_INSERTED_DELAY   AXI_VVC,1           Finished delaying BFM access
%% 26472.5 ns    Alert  WARNING             AXI_VVC,1           Delay type TIME_FINISH2START is not supported by this VVC. Waiting according to TIME_START2START
%% 26522.5 ns    Log    ID_BFM              AXI_VVC_B,1         write_response_channel_receive() ' 'Testing AXI write'  [72]'
%% 
%% 
%% 26522.5 ns    Log    ID_LOG_HDR          TB seq.             Testing to force single pending transactions
%% ----------------------------------------------------------------------------------------------------------------------------------------------------------------------------
%% 26522.5 ns    Log    ID_CMD_EXECUTOR     AXI_VVC,1           axi_write(AXI_VVC,1, x"00000000") - Will be executed  [74]
%% 26522.5 ns    Log    ID_AWAIT_COMPLETIO  TB seq.(uvvm)       await_completion(AXI_VVC,1, 100000 ns): 'Waiting for commands to finish'. [76]
%% 26522.5 ns    Log    ID_CMD_EXECUTOR     AXI_VVC,1           axi_read(AXI_VVC,1, x"00000004", TO_BUFFER) - Will be executed  [75]
%% 26572.5 ns    Log    ID_BFM              AXI_VVC_B,1         write_response_channel_receive() ' 'Testing AXI write'  [74]'
%% 26572.5 ns    Log    ID_BFM              AXI_VVC_R,1         read_data_channel_receive() ' 'Testing AXI read'  [75]'
%% 26572.5 ns    Log    ID_CMD_EXECUTOR     AXI_VVC,1           axi_write(AXI_VVC,1, x"00000000") - Will be executed  [77]
%% 26572.5 ns    Log    ID_AWAIT_COMPLETIO  TB seq.(uvvm)       await_completion(AXI_VVC,1, 100000 ns): 'Waiting for commands to finish'. [79]
%% 26622.5 ns    Log    ID_BFM              AXI_VVC_B,1         write_response_channel_receive() ' 'Testing AXI write'  [77]'
%% 26622.5 ns    Log    ID_CMD_EXECUTOR     AXI_VVC,1           axi_read(AXI_VVC,1, x"00000004", TO_BUFFER) - Will be executed  [78]
%% 26672.5 ns    Log    ID_BFM              AXI_VVC_R,1         read_data_channel_receive() ' 'Testing AXI read'  [78]'
%% 
%% 
%% 26672.5 ns    Log    ID_LOG_HDR          TB seq.             Testing severity level configuration
%% ----------------------------------------------------------------------------------------------------------------------------------------------------------------------------
%% 26672.5 ns    Log    ID_CMD_EXECUTOR     AXI_VVC,1           axi_write(AXI_VVC,1, x"000000510") - Will be executed  [80]
%% 26672.5 ns    Log    ID_AWAIT_COMPLETIO  TB seq.(uvvm)       await_completion(AXI_VVC,1, 1000 ns): 'Waiting for commands to finish'. [81]
%% 26702.5 ns    Log    ID_BFM              AXI_VVC_B,1         write_response_channel_receive() ' 'Testing axi_write with unexpected BRESP response value'  [80]'
%% 26702.5 ns    Alert  WARNING             AXI_VVC_B,1         Unexpected BRESP value. Was okay. Expected slverr
%% 26702.5 ns    Log    ID_CMD_EXECUTOR     AXI_VVC,1           axi_write(AXI_VVC,1, x"000000510") - Will be executed  [82]
%% 26702.5 ns    Log    ID_AWAIT_COMPLETIO  TB seq.(uvvm)       await_completion(AXI_VVC,1, 1000 ns): 'Waiting for commands to finish'. [83]
%% 26732.5 ns    Log    ID_BFM              AXI_VVC_B,1         write_response_channel_receive() ' 'Testing axi_write with unexpected BUSER response value'  [82]'
%% 26732.5 ns    Alert  WARNING             AXI_VVC_B,1         check_value(slv, x"10") => Failed. Value was x"00". Expected x"10". 'Checking BUSER value. ' 'Testing axi_write with unexpected BUSER response value'  [82]''
%% 
%% 
%% 26732.5 ns    Log    ID_LOG_HDR          TB seq.             Testing bfm_sync = SYNC_WITH_SETUP_AND_HOLD, setup_time = 2 ns and hold_time = 3 ns
%% ----------------------------------------------------------------------------------------------------------------------------------------------------------------------------
%% 26732.5 ns    Log    ID_CMD_EXECUTOR     AXI_VVC,1           axi_write(AXI_VVC,1, x"00000000") - Will be executed  [84]
%% 26732.5 ns    Log    ID_AWAIT_COMPLETIO  TB seq.(uvvm)       await_completion(AXI_VVC,1, 1000 ns): 'Waiting for commands to finish'. [85]
%%  26783 ns    Log    ID_BFM              AXI_VVC_B,1         write_response_channel_receive() ' 'Testing AXI write'  [84]'
%%  26783 ns    Log    ID_CMD_EXECUTOR     AXI_VVC,1           axi_check(AXI_VVC,1, x"00000000") - Will be executed  [86]
%%  26783 ns    Log    ID_AWAIT_COMPLETIO  TB seq.(uvvm)       await_completion(AXI_VVC,1, 1000 ns): 'Waiting for commands to finish'. [87]
%%  26833 ns    Log    ID_BFM              AXI_VVC_R,1         read data channel check OK. ' 'Testing AXI check'  [86]'
%%  26833 ns    Log    ID_CMD_EXECUTOR     AXI_VVC,1           axi_read(AXI_VVC,1, x"00000000", TO_BUFFER) - Will be executed  [88]
%%  26833 ns    Log    ID_AWAIT_COMPLETIO  TB seq.(uvvm)       await_completion(AXI_VVC,1, 1000 ns): 'Waiting for commands to finish'. [89]
%%  26883 ns    Log    ID_BFM              AXI_VVC_R,1         read_data_channel_receive() ' 'Testing AXI read'  [88]'
%%  26883 ns    Log    ID_IMMEDIATE_CMD    AXI_VVC,1           fetch_result(AXI_VVC,1, 88) Requested result is found. Fetching read result  [90]
%% 
%% 
%%  26883 ns    Log    ID_LOG_HDR          TB seq.             Testing Unwanted Activity Detection in VVC
%% ----------------------------------------------------------------------------------------------------------------------------------------------------------------------------
%%  26883 ns    Log    ID_SEQUENCER        TB seq.             Setting unwanted_activity_severity to ERROR
%%  26883 ns    Log    ID_SEQUENCER        TB seq.             Testing normal data transmission
%%  26883 ns    Log    ID_CMD_EXECUTOR     AXI_VVC,1           axi_write(AXI_VVC,1, x"00000000") - Will be executed  [91]
%%  26883 ns    Log    ID_AWAIT_COMPLETIO  TB seq.(uvvm)       await_completion(AXI_VVC,1, 1000 ns): 'Waiting for commands to finish'. [92]
%%  26933 ns    Log    ID_BFM              AXI_VVC_B,1         write_response_channel_receive() ' 'Testing AXI write'  [91]'
%%  26933 ns    Log    ID_CMD_EXECUTOR     AXI_VVC,1           axi_check(AXI_VVC,1, x"00000000") - Will be executed  [93]
%%  26933 ns    Log    ID_AWAIT_COMPLETIO  TB seq.(uvvm)       await_completion(AXI_VVC,1, 1000 ns): 'Waiting for commands to finish'. [94]
%%  26983 ns    Log    ID_BFM              AXI_VVC_R,1         read data channel check OK. ' 'Testing AXI check'  [93]'
%%  26983 ns    Log    ID_SEQUENCER        TB seq.             Wait 100 ns
%%  27083 ns    Log    ID_SEQUENCER        TB seq.             Testing unexpected data transmission
%%  27083 ns    Alert  ERROR               AXI_VVC,1           Unwanted activity detected. bvalid changed from 0 to 1
%%  27083 ns    Alert  ERROR               AXI_VVC,1           Unwanted activity detected. bid changed from x"00" to x"FF"
%%  27083 ns    Alert  ERROR               AXI_VVC,1           Unwanted activity detected. bresp changed from x"0" to x"3"
%%  27083 ns    Alert  ERROR               AXI_VVC,1           Unwanted activity detected. buser changed from x"00" to x"FF"
%%  27083 ns    Alert  ERROR               AXI_VVC,1           Unwanted activity detected. rvalid changed from 0 to 1
%%  27083 ns    Alert  ERROR               AXI_VVC,1           Unwanted activity detected. rid changed from x"00" to x"FF"
%%  27083 ns    Alert  ERROR               AXI_VVC,1           Unwanted activity detected. rdata changed from x"00000000" to x"FFFFFFFF"
%%  27083 ns    Alert  ERROR               AXI_VVC,1           Unwanted activity detected. rresp changed from x"0" to x"3"
%%  27083 ns    Alert  ERROR               AXI_VVC,1           Unwanted activity detected. rlast changed from 0 to 1
%%  27083 ns    Alert  ERROR               AXI_VVC,1           Unwanted activity detected. ruser changed from x"00" to x"FF"
%%  27093 ns    Alert  ERROR               AXI_VVC,1           Unwanted activity detected. bvalid changed from 1 to 0
%%  27093 ns    Alert  ERROR               AXI_VVC,1           Unwanted activity detected. bid changed from x"FF" to x"00"
%%  27093 ns    Alert  ERROR               AXI_VVC,1           Unwanted activity detected. bresp changed from x"3" to x"0"
%%  27093 ns    Alert  ERROR               AXI_VVC,1           Unwanted activity detected. buser changed from x"FF" to x"00"
%%  27093 ns    Alert  ERROR               AXI_VVC,1           Unwanted activity detected. rvalid changed from 1 to 0
%%  27093 ns    Alert  ERROR               AXI_VVC,1           Unwanted activity detected. rid changed from x"FF" to x"00"
%%  27093 ns    Alert  ERROR               AXI_VVC,1           Unwanted activity detected. rdata changed from x"FFFFFFFF" to x"00000000"
%%  27093 ns    Alert  ERROR               AXI_VVC,1           Unwanted activity detected. rresp changed from x"3" to x"0"
%%  27093 ns    Alert  ERROR               AXI_VVC,1           Unwanted activity detected. rlast changed from 1 to 0
%%  27093 ns    Alert  ERROR               AXI_VVC,1           Unwanted activity detected. ruser changed from x"FF" to x"00"
%%  27093 ns    Alert  ERROR               AXI_VVC,1           Unwanted activity detected. bid changed from x"00" to x"FF"
%%  27098 ns    Alert  ERROR               AXI_VVC,1           Unwanted activity detected. bid changed from x"FF" to x"00"
%%  27098 ns    Alert  ERROR               AXI_VVC,1           Unwanted activity detected. bresp changed from x"0" to x"3"
%%  27099 ns    Alert  ERROR               AXI_VVC,1           Unwanted activity detected. bresp changed from x"3" to x"0"
%%  27099 ns    Alert  ERROR               AXI_VVC,1           Unwanted activity detected. buser changed from x"00" to x"FF"
%%  27109 ns    Alert  ERROR               AXI_VVC,1           Unwanted activity detected. buser changed from x"FF" to x"00"
%%  27109 ns    Alert  ERROR               AXI_VVC,1           Unwanted activity detected. bvalid changed from 0 to 1
%%  27110 ns    Alert  ERROR               AXI_VVC,1           Unwanted activity detected. bvalid changed from 1 to 0
%%  27110 ns    Alert  ERROR               AXI_VVC,1           Unwanted activity detected. rid changed from x"00" to x"FF"
%%  27111 ns    Alert  ERROR               AXI_VVC,1           Unwanted activity detected. rid changed from x"FF" to x"00"
%%  27111 ns    Alert  ERROR               AXI_VVC,1           Unwanted activity detected. rdata changed from x"00000000" to x"FFFFFFFF"
%%  27112 ns    Alert  ERROR               AXI_VVC,1           Unwanted activity detected. rdata changed from x"FFFFFFFF" to x"00000000"
%%  27112 ns    Alert  ERROR               AXI_VVC,1           Unwanted activity detected. rresp changed from x"0" to x"3"
%%  27122 ns    Alert  ERROR               AXI_VVC,1           Unwanted activity detected. rresp changed from x"3" to x"0"
%%  27122 ns    Alert  ERROR               AXI_VVC,1           Unwanted activity detected. rlast changed from 0 to 1
%%  27127 ns    Alert  ERROR               AXI_VVC,1           Unwanted activity detected. rlast changed from 1 to 0
%%  27127 ns    Alert  ERROR               AXI_VVC,1           Unwanted activity detected. ruser changed from x"00" to x"FF"
%%  27132 ns    Alert  ERROR               AXI_VVC,1           Unwanted activity detected. ruser changed from x"FF" to x"00"
%%  27132 ns    Alert  ERROR               AXI_VVC,1           Unwanted activity detected. rvalid changed from 0 to 1
%%  27137 ns    Alert  ERROR               AXI_VVC,1           Unwanted activity detected. rvalid changed from 1 to 0
%%  27137 ns    Log    ID_SEQUENCER        TB seq.             Setting unwanted_activity_severity to FAILURE
%%  27137 ns    Log    ID_SEQUENCER        TB seq.             Testing normal data transmission
%%  27137 ns    Log    ID_CMD_EXECUTOR     AXI_VVC,1           axi_write(AXI_VVC,1, x"00000000") - Will be executed  [95]
%%  27137 ns    Log    ID_AWAIT_COMPLETIO  TB seq.(uvvm)       await_completion(AXI_VVC,1, 1000 ns): 'Waiting for commands to finish'. [96]
%%  27183 ns    Log    ID_BFM              AXI_VVC_B,1         write_response_channel_receive() ' 'Testing AXI write'  [95]'
%%  27183 ns    Log    ID_CMD_EXECUTOR     AXI_VVC,1           axi_check(AXI_VVC,1, x"00000000") - Will be executed  [97]
%%  27183 ns    Log    ID_AWAIT_COMPLETIO  TB seq.(uvvm)       await_completion(AXI_VVC,1, 1000 ns): 'Waiting for commands to finish'. [98]
%%  27233 ns    Log    ID_BFM              AXI_VVC_R,1         read data channel check OK. ' 'Testing AXI check'  [97]'
%%  27233 ns    Log    ID_SEQUENCER        TB seq.             Testing unexpected data transmission
%%  27233 ns    Alert  FAILURE             AXI_VVC,1           Unwanted activity detected. bvalid changed from 0 to 1
%%  27233 ns    Alert  FAILURE             AXI_VVC,1           Unwanted activity detected. bid changed from x"00" to x"FF"
%%  27233 ns    Alert  FAILURE             AXI_VVC,1           Unwanted activity detected. bresp changed from x"0" to x"3"
%%  27233 ns    Alert  FAILURE             AXI_VVC,1           Unwanted activity detected. buser changed from x"00" to x"FF"
%%  27233 ns    Alert  FAILURE             AXI_VVC,1           Unwanted activity detected. rvalid changed from 0 to 1
%%  27233 ns    Alert  FAILURE             AXI_VVC,1           Unwanted activity detected. rid changed from x"00" to x"FF"
%%  27233 ns    Alert  FAILURE             AXI_VVC,1           Unwanted activity detected. rdata changed from x"00000000" to x"FFFFFFFF"
%%  27233 ns    Alert  FAILURE             AXI_VVC,1           Unwanted activity detected. rresp changed from x"0" to x"3"
%%  27233 ns    Alert  FAILURE             AXI_VVC,1           Unwanted activity detected. rlast changed from 0 to 1
%%  27233 ns    Alert  FAILURE             AXI_VVC,1           Unwanted activity detected. ruser changed from x"00" to x"FF"
%%  27243 ns    Alert  FAILURE             AXI_VVC,1           Unwanted activity detected. bvalid changed from 1 to 0
%%  27243 ns    Alert  FAILURE             AXI_VVC,1           Unwanted activity detected. bid changed from x"FF" to x"00"
%%  27243 ns    Alert  FAILURE             AXI_VVC,1           Unwanted activity detected. bresp changed from x"3" to x"0"
%%  27243 ns    Alert  FAILURE             AXI_VVC,1           Unwanted activity detected. buser changed from x"FF" to x"00"
%%  27243 ns    Alert  FAILURE             AXI_VVC,1           Unwanted activity detected. rvalid changed from 1 to 0
%%  27243 ns    Alert  FAILURE             AXI_VVC,1           Unwanted activity detected. rid changed from x"FF" to x"00"
%%  27243 ns    Alert  FAILURE             AXI_VVC,1           Unwanted activity detected. rdata changed from x"FFFFFFFF" to x"00000000"
%%  27243 ns    Alert  FAILURE             AXI_VVC,1           Unwanted activity detected. rresp changed from x"3" to x"0"
%%  27243 ns    Alert  FAILURE             AXI_VVC,1           Unwanted activity detected. rlast changed from 1 to 0
%%  27243 ns    Alert  FAILURE             AXI_VVC,1           Unwanted activity detected. ruser changed from x"FF" to x"00"
%%  27243 ns    Alert  FAILURE             AXI_VVC,1           Unwanted activity detected. bid changed from x"00" to x"FF"
%%  27248 ns    Alert  FAILURE             AXI_VVC,1           Unwanted activity detected. bid changed from x"FF" to x"00"
%%  27248 ns    Alert  FAILURE             AXI_VVC,1           Unwanted activity detected. bresp changed from x"0" to x"3"
%%  27249 ns    Alert  FAILURE             AXI_VVC,1           Unwanted activity detected. bresp changed from x"3" to x"0"
%%  27249 ns    Alert  FAILURE             AXI_VVC,1           Unwanted activity detected. buser changed from x"00" to x"FF"
%%  27259 ns    Alert  FAILURE             AXI_VVC,1           Unwanted activity detected. buser changed from x"FF" to x"00"
%%  27259 ns    Alert  FAILURE             AXI_VVC,1           Unwanted activity detected. bvalid changed from 0 to 1
%%  27260 ns    Alert  FAILURE             AXI_VVC,1           Unwanted activity detected. bvalid changed from 1 to 0
%%  27260 ns    Alert  FAILURE             AXI_VVC,1           Unwanted activity detected. rid changed from x"00" to x"FF"
%%  27261 ns    Alert  FAILURE             AXI_VVC,1           Unwanted activity detected. rid changed from x"FF" to x"00"
%%  27261 ns    Alert  FAILURE             AXI_VVC,1           Unwanted activity detected. rdata changed from x"00000000" to x"FFFFFFFF"
%%  27262 ns    Alert  FAILURE             AXI_VVC,1           Unwanted activity detected. rdata changed from x"FFFFFFFF" to x"00000000"
%%  27262 ns    Alert  FAILURE             AXI_VVC,1           Unwanted activity detected. rresp changed from x"0" to x"3"
%%  27272 ns    Alert  FAILURE             AXI_VVC,1           Unwanted activity detected. rresp changed from x"3" to x"0"
%%  27272 ns    Alert  FAILURE             AXI_VVC,1           Unwanted activity detected. rlast changed from 0 to 1
%%  27277 ns    Alert  FAILURE             AXI_VVC,1           Unwanted activity detected. rlast changed from 1 to 0
%%  27277 ns    Alert  FAILURE             AXI_VVC,1           Unwanted activity detected. ruser changed from x"00" to x"FF"
%%  27282 ns    Alert  FAILURE             AXI_VVC,1           Unwanted activity detected. ruser changed from x"FF" to x"00"
%%  27282 ns    Alert  FAILURE             AXI_VVC,1           Unwanted activity detected. rvalid changed from 0 to 1
%%  27287 ns    Alert  FAILURE             AXI_VVC,1           Unwanted activity detected. rvalid changed from 1 to 0
%%  27287 ns    Log    ID_SEQUENCER        TB seq.             Setting unwanted_activity_severity to NO_ALERT
%%  27287 ns    Log    ID_SEQUENCER        TB seq.             Testing normal data transmission
%%  27287 ns    Log    ID_CMD_EXECUTOR     AXI_VVC,1           axi_write(AXI_VVC,1, x"00000000") - Will be executed  [99]
%%  27287 ns    Log    ID_AWAIT_COMPLETIO  TB seq.(uvvm)       await_completion(AXI_VVC,1, 1000 ns): 'Waiting for commands to finish'. [100]
%%  27333 ns    Log    ID_BFM              AXI_VVC_B,1         write_response_channel_receive() ' 'Testing AXI write'  [99]'
%%  27333 ns    Log    ID_CMD_EXECUTOR     AXI_VVC,1           axi_check(AXI_VVC,1, x"00000000") - Will be executed  [101]
%%  27333 ns    Log    ID_AWAIT_COMPLETIO  TB seq.(uvvm)       await_completion(AXI_VVC,1, 1000 ns): 'Waiting for commands to finish'. [102]
%%  27383 ns    Log    ID_BFM              AXI_VVC_R,1         read data channel check OK. ' 'Testing AXI check'  [101]'
%%  27383 ns    Log    ID_SEQUENCER        TB seq.             Testing unexpected data transmission
%%  27438 ns    Log    ID_AWAIT_UVVM_COMP  TB seq.             await_uvvm_completion() => OK. All VVCs are inactive. Condition occurred after 1 ns
%%  27438 ns    Log    ID_AWAIT_UVVM_COMP  TB seq.             await_uvvm_completion()() => OK. All UVVM scoreboards are empty. Condition occurred after 0 ns
%% 
%% ============================================================================================================================================================================
%%  *** INTERMEDIATE SUMMARY OF ALL ALERTS ***
%% ============================================================================================================================================================================
%%  27438 ns    DONE   PASSED   axi_vvc_tb  Passed: 0  Affirmations Checked: 33
%%    Expected      Failures: -40  Errors: -40  Warnings: -3  Passed: 0
%%    VHDL Asserts  Failures: 0  Errors: 0  Warnings: 0  Passed: 0
%%    Default       Failures: 40  Errors: 40  Warnings: 3  Passed: 0
%%    OSVVM         Failures: 0  Errors: 0  Warnings: 0  Passed: 0
%% ============================================================================================================================================================================
%% 
%% 
%% 
%%  27438 ns    Log    ID_LOG_HDR          TB seq.             SIMULATION COMPLETED
%% ----------------------------------------------------------------------------------------------------------------------------------------------------------------------------
